Build started 04/20/2026 15:16:16.
     1>Project "/home/makani/honua-server/Honua.sln" on node 1 (default targets).
     1>ValidateSolutionConfiguration:
         Building solution configuration "Debug|Any CPU".
     1>Project "/home/makani/honua-server/Honua.sln" (1) is building "/home/makani/honua-server/src/Honua.Core/Honua.Core.csproj" (13) on node 3 (default targets).
    13>GenerateTargetFrameworkMonikerAttribute:
       Skipping target "GenerateTargetFrameworkMonikerAttribute" because all output files are up-to-date with respect to the input files.
       _Protobuf_GatherStaleBatched:
       Skipping target "_Protobuf_GatherStaleBatched" because all output files are up-to-date with respect to the input files.
       _Protobuf_GatherStaleBatched:
       Skipping target "_Protobuf_GatherStaleBatched" because all output files are up-to-date with respect to the input files.
       _Protobuf_GatherStaleBatched:
       Skipping target "_Protobuf_GatherStaleBatched" because all output files are up-to-date with respect to the input files.
       CoreGenerateAssemblyInfo:
       Skipping target "CoreGenerateAssemblyInfo" because all output files are up-to-date with respect to the input files.
       _GenerateSourceLinkFile:
         Source Link file 'obj/Debug/net10.0/Honua.Core.sourcelink.json' is up-to-date.
       CoreCompile:
       Skipping target "CoreCompile" because all output files are up-to-date with respect to the input files.
       GenerateBuildDependencyFile:
       Skipping target "GenerateBuildDependencyFile" because all output files are up-to-date with respect to the input files.
       CopyFilesToOutputDirectory:
         Honua.Core -> /home/makani/honua-server/src/Honua.Core/bin/Debug/net10.0/Honua.Core.dll
    13>Done Building Project "/home/makani/honua-server/src/Honua.Core/Honua.Core.csproj" (default targets).
     1>Project "/home/makani/honua-server/Honua.sln" (1) is building "/home/makani/honua-server/src/Honua.Admin/Honua.Admin.csproj" (18) on node 9 (default targets).
    18>GenerateTargetFrameworkMonikerAttribute:
       Skipping target "GenerateTargetFrameworkMonikerAttribute" because all output files are up-to-date with respect to the input files.
       CoreGenerateAssemblyInfo:
       Skipping target "CoreGenerateAssemblyInfo" because all output files are up-to-date with respect to the input files.
       _DiscoverMvcApplicationParts:
       Skipping target "_DiscoverMvcApplicationParts" because all output files are up-to-date with respect to the input files.
       _GenerateSourceLinkFile:
         Source Link file 'obj/Debug/net10.0/Honua.Admin.sourcelink.json' is up-to-date.
       CoreCompile:
       Skipping target "CoreCompile" because all output files are up-to-date with respect to the input files.
       _ResolveWasmOutputs:
         Task assembly was loaded from '/home/makani/.dotnet/sdk/10.0.103/Microsoft.Build.dll' while the desired location was '/home/makani/.nuget/packages/microsoft.net.sdk.webassembly.pack/10.0.3/tools/net10.0/Microsoft.NET.Sdk.WebAssembly.Pack.Tasks.dll'.
     1>Project "/home/makani/honua-server/Honua.sln" (1) is building "/home/makani/honua-server/src/Honua.Postgres/Honua.Postgres.csproj" (14) on node 17 (default targets).
    14>GenerateTargetFrameworkMonikerAttribute:
       Skipping target "GenerateTargetFrameworkMonikerAttribute" because all output files are up-to-date with respect to the input files.
     1>Project "/home/makani/honua-server/Honua.sln" (1) is building "/home/makani/honua-server/src/Honua.DuckDB/Honua.DuckDB.csproj" (8) on node 2 (default targets).
     8>GenerateTargetFrameworkMonikerAttribute:
       Skipping target "GenerateTargetFrameworkMonikerAttribute" because all output files are up-to-date with respect to the input files.
     1>Project "/home/makani/honua-server/Honua.sln" (1) is building "/home/makani/honua-server/tests/Honua.Core.Security.Tests/Honua.Core.Security.Tests.csproj" (6) on node 4 (default targets).
     6>GenerateTargetFrameworkMonikerAttribute:
       Skipping target "GenerateTargetFrameworkMonikerAttribute" because all output files are up-to-date with respect to the input files.
     1>Project "/home/makani/honua-server/Honua.sln" (1) is building "/home/makani/honua-server/src/Honua.ServiceDefaults/Honua.ServiceDefaults.csproj" (11) on node 14 (default targets).
    11>GenerateTargetFrameworkMonikerAttribute:
       Skipping target "GenerateTargetFrameworkMonikerAttribute" because all output files are up-to-date with respect to the input files.
    14>CoreGenerateAssemblyInfo:
       Skipping target "CoreGenerateAssemblyInfo" because all output files are up-to-date with respect to the input files.
     8>CoreGenerateAssemblyInfo:
       Skipping target "CoreGenerateAssemblyInfo" because all output files are up-to-date with respect to the input files.
     6>CoreGenerateAssemblyInfo:
       Skipping target "CoreGenerateAssemblyInfo" because all output files are up-to-date with respect to the input files.
    11>CoreGenerateAssemblyInfo:
       Skipping target "CoreGenerateAssemblyInfo" because all output files are up-to-date with respect to the input files.
     8>_GenerateSourceLinkFile:
         Source Link file 'obj/Debug/net10.0/Honua.DuckDB.sourcelink.json' is up-to-date.
       CoreCompile:
       Skipping target "CoreCompile" because all output files are up-to-date with respect to the input files.
    14>_GenerateSourceLinkFile:
         Source Link file 'obj/Debug/net10.0/Honua.Postgres.sourcelink.json' is up-to-date.
       CoreCompile:
       Skipping target "CoreCompile" because all output files are up-to-date with respect to the input files.
     6>_GenerateSourceLinkFile:
         Source Link file 'obj/Debug/net10.0/Honua.Core.Security.Tests.sourcelink.json' is up-to-date.
     8>GenerateBuildDependencyFile:
       Skipping target "GenerateBuildDependencyFile" because all output files are up-to-date with respect to the input files.
     6>CoreCompile:
       Skipping target "CoreCompile" because all output files are up-to-date with respect to the input files.
     8>CopyFilesToOutputDirectory:
         Honua.DuckDB -> /home/makani/honua-server/src/Honua.DuckDB/bin/Debug/net10.0/Honua.DuckDB.dll
    11>_GenerateSourceLinkFile:
         Source Link file 'obj/Debug/net10.0/Honua.ServiceDefaults.sourcelink.json' is up-to-date.
       CoreCompile:
       Skipping target "CoreCompile" because all output files are up-to-date with respect to the input files.
     8>Done Building Project "/home/makani/honua-server/src/Honua.DuckDB/Honua.DuckDB.csproj" (default targets).
    14>GenerateBuildDependencyFile:
       Skipping target "GenerateBuildDependencyFile" because all output files are up-to-date with respect to the input files.
     6>_CopyOutOfDateSourceItemsToOutputDirectory:
       Skipping target "_CopyOutOfDateSourceItemsToOutputDirectory" because all output files are up-to-date with respect to the input files.
    14>CopyFilesToOutputDirectory:
         Honua.Postgres -> /home/makani/honua-server/src/Honua.Postgres/bin/Debug/net10.0/Honua.Postgres.dll
     6>GenerateBuildDependencyFile:
       Skipping target "GenerateBuildDependencyFile" because all output files are up-to-date with respect to the input files.
       GenerateBuildRuntimeConfigurationFiles:
       Skipping target "GenerateBuildRuntimeConfigurationFiles" because all output files are up-to-date with respect to the input files.
       CopyFilesToOutputDirectory:
         Honua.Core.Security.Tests -> /home/makani/honua-server/tests/Honua.Core.Security.Tests/bin/Debug/net10.0/Honua.Core.Security.Tests.dll
    14>Done Building Project "/home/makani/honua-server/src/Honua.Postgres/Honua.Postgres.csproj" (default targets).
    11>_ProcessScopedCssFiles:
       Skipping target "_ProcessScopedCssFiles" because it has no outputs.
       _ProcessScopedCssFiles:
       Skipping target "_ProcessScopedCssFiles" because it has no outputs.
     6>Done Building Project "/home/makani/honua-server/tests/Honua.Core.Security.Tests/Honua.Core.Security.Tests.csproj" (default targets).
    11>_BuildCopyStaticWebAssetsPreserveNewest:
       Skipping target "_BuildCopyStaticWebAssetsPreserveNewest" because it has no outputs.
       _CopyOutOfDateSourceItemsToOutputDirectory:
       Skipping target "_CopyOutOfDateSourceItemsToOutputDirectory" because all output files are up-to-date with respect to the input files.
       GenerateBuildDependencyFile:
       Skipping target "GenerateBuildDependencyFile" because all output files are up-to-date with respect to the input files.
     1>Project "/home/makani/honua-server/Honua.sln" (1) is building "/home/makani/honua-server/tests/Honua.DuckDB.Tests/Honua.DuckDB.Tests.csproj" (17) on node 6 (default targets).
    17>GenerateTargetFrameworkMonikerAttribute:
       Skipping target "GenerateTargetFrameworkMonikerAttribute" because all output files are up-to-date with respect to the input files.
    11>CopyFilesToOutputDirectory:
         Honua.ServiceDefaults -> /home/makani/honua-server/src/Honua.ServiceDefaults/bin/Debug/net10.0/Honua.ServiceDefaults.dll
     1>Project "/home/makani/honua-server/Honua.sln" (1) is building "/home/makani/honua-server/tests/Honua.Postgres.Security.Tests/Honua.Postgres.Security.Tests.csproj" (15) on node 15 (default targets).
    15>GenerateTargetFrameworkMonikerAttribute:
       Skipping target "GenerateTargetFrameworkMonikerAttribute" because all output files are up-to-date with respect to the input files.
    11>Done Building Project "/home/makani/honua-server/src/Honua.ServiceDefaults/Honua.ServiceDefaults.csproj" (default targets).
    17>CoreGenerateAssemblyInfo:
       Skipping target "CoreGenerateAssemblyInfo" because all output files are up-to-date with respect to the input files.
    15>CoreGenerateAssemblyInfo:
       Skipping target "CoreGenerateAssemblyInfo" because all output files are up-to-date with respect to the input files.
    17>_GenerateSourceLinkFile:
         Source Link file 'obj/Debug/net10.0/Honua.DuckDB.Tests.sourcelink.json' is up-to-date.
       CoreCompile:
       Skipping target "CoreCompile" because all output files are up-to-date with respect to the input files.
       _CopyOutOfDateSourceItemsToOutputDirectory:
       Skipping target "_CopyOutOfDateSourceItemsToOutputDirectory" because all output files are up-to-date with respect to the input files.
    15>_GenerateSourceLinkFile:
         Source Link file 'obj/Debug/net10.0/Honua.Postgres.Security.Tests.sourcelink.json' is up-to-date.
       CoreCompile:
       Skipping target "CoreCompile" because all output files are up-to-date with respect to the input files.
    17>GenerateBuildDependencyFile:
       Skipping target "GenerateBuildDependencyFile" because all output files are up-to-date with respect to the input files.
       GenerateBuildRuntimeConfigurationFiles:
       Skipping target "GenerateBuildRuntimeConfigurationFiles" because all output files are up-to-date with respect to the input files.
       CopyFilesToOutputDirectory:
         Honua.DuckDB.Tests -> /home/makani/honua-server/tests/Honua.DuckDB.Tests/bin/Debug/net10.0/Honua.DuckDB.Tests.dll
    15>_CopyOutOfDateSourceItemsToOutputDirectory:
       Skipping target "_CopyOutOfDateSourceItemsToOutputDirectory" because all output files are up-to-date with respect to the input files.
    17>Done Building Project "/home/makani/honua-server/tests/Honua.DuckDB.Tests/Honua.DuckDB.Tests.csproj" (default targets).
    15>GenerateBuildDependencyFile:
       Skipping target "GenerateBuildDependencyFile" because all output files are up-to-date with respect to the input files.
       GenerateBuildRuntimeConfigurationFiles:
       Skipping target "GenerateBuildRuntimeConfigurationFiles" because all output files are up-to-date with respect to the input files.
       CopyFilesToOutputDirectory:
         Honua.Postgres.Security.Tests -> /home/makani/honua-server/tests/Honua.Postgres.Security.Tests/bin/Debug/net10.0/Honua.Postgres.Security.Tests.dll
    15>Done Building Project "/home/makani/honua-server/tests/Honua.Postgres.Security.Tests/Honua.Postgres.Security.Tests.csproj" (default targets).
     1>Project "/home/makani/honua-server/Honua.sln" (1) is building "/home/makani/honua-server/src/Honua.AppHost/Honua.AppHost.csproj" (3) on node 7 (default targets).
     3>GenerateTargetFrameworkMonikerAttribute:
       Skipping target "GenerateTargetFrameworkMonikerAttribute" because all output files are up-to-date with respect to the input files.
       CoreGenerateAssemblyInfo:
       Skipping target "CoreGenerateAssemblyInfo" because all output files are up-to-date with respect to the input files.
       _GenerateSourceLinkFile:
         Source Link file 'obj/Debug/net10.0/Honua.AppHost.sourcelink.json' is up-to-date.
       CoreCompile:
       Skipping target "CoreCompile" because all output files are up-to-date with respect to the input files.
       _CreateAppHost:
       Skipping target "_CreateAppHost" because all output files are up-to-date with respect to the input files.
       _CopyOutOfDateSourceItemsToOutputDirectory:
       Skipping target "_CopyOutOfDateSourceItemsToOutputDirectory" because all output files are up-to-date with respect to the input files.
       GenerateBuildDependencyFile:
       Skipping target "GenerateBuildDependencyFile" because all output files are up-to-date with respect to the input files.
       GenerateBuildRuntimeConfigurationFiles:
       Skipping target "GenerateBuildRuntimeConfigurationFiles" because all output files are up-to-date with respect to the input files.
       CopyFilesToOutputDirectory:
         Honua.AppHost -> /home/makani/honua-server/src/Honua.AppHost/bin/Debug/net10.0/Honua.AppHost.dll
     3>Done Building Project "/home/makani/honua-server/src/Honua.AppHost/Honua.AppHost.csproj" (default targets).
    18>_ResolveWasmOutputs:
         Task assembly was loaded from '/home/makani/.dotnet/sdk/10.0.103/Microsoft.Build.dll' while the desired location was '/home/makani/.nuget/packages/microsoft.net.sdk.webassembly.pack/10.0.3/tools/net10.0/Microsoft.NET.Sdk.WebAssembly.Pack.Tasks.dll'.
       _ProcessScopedCssFiles:
       Skipping target "_ProcessScopedCssFiles" because it has no outputs.
       _ProcessScopedCssFiles:
       Skipping target "_ProcessScopedCssFiles" because it has no outputs.
       GenerateBuildRuntimeConfigurationFiles:
       Skipping target "GenerateBuildRuntimeConfigurationFiles" because all output files are up-to-date with respect to the input files.
       _GenerateBuildWasmBootJson:
         Task assembly was loaded from '/home/makani/.dotnet/sdk/10.0.103/Microsoft.Build.dll' while the desired location was '/home/makani/.nuget/packages/microsoft.net.sdk.webassembly.pack/10.0.3/tools/net10.0/Microsoft.NET.Sdk.WebAssembly.Pack.Tasks.dll'.
         Write config in format '.js'
       ResolveBuildCompressedStaticWebAssetsConfiguration:
         Accepted compressed asset '/home/makani/honua-server/src/Honua.Admin/obj/Debug/net10.0/compressed/f9o902iofb-{0}-99zm1jdh75-99zm1jdh75.gz' for '/home/makani/.nuget/packages/microsoft.dotnet.hotreload.webassembly.browser/10.0.103/staticwebassets/Microsoft.DotNet.HotReload.WebAssembly.Browser.99zm1jdh75.lib.module.js'.
         Accepted compressed asset '/home/makani/honua-server/src/Honua.Admin/obj/Debug/net10.0/compressed/f32kn295nz-{0}-gcvjxldlff-gcvjxldlff.gz' for '/home/makani/.nuget/packages/microsoft.aspnetcore.components.webassembly.authentication/10.0.5/staticwebassets/AuthenticationService.js'.
         Accepted compressed asset '/home/makani/honua-server/src/Honua.Admin/obj/Debug/net10.0/compressed/yi163b9uds-{0}-q40j97ywe2-q40j97ywe2.gz' for '/home/makani/honua-server/src/Honua.Admin/wwwroot/index.html'.
         Accepted compressed asset '/home/makani/honua-server/src/Honua.Admin/obj/Debug/net10.0/compressed/72f2nfdm1b-{0}-66stpp682q-66stpp682q.gz' for '/home/makani/honua-server/src/Honua.Admin/bin/Debug/net10.0/wwwroot/_framework/blazor.webassembly.js'.
         Accepted compressed asset '/home/makani/honua-server/src/Honua.Admin/obj/Debug/net10.0/compressed/642825ta7h-{0}-roqc1km2rj-roqc1km2rj.gz' for '/home/makani/honua-server/src/Honua.Admin/bin/Debug/net10.0/wwwroot/_framework/Microsoft.AspNetCore.Authorization.roqc1km2rj.wasm'.
         Accepted compressed asset '/home/makani/honua-server/src/Honua.Admin/obj/Debug/net10.0/compressed/4qtryupyoh-{0}-uddsvpv1sv-uddsvpv1sv.gz' for '/home/makani/honua-server/src/Honua.Admin/bin/Debug/net10.0/wwwroot/_framework/Microsoft.AspNetCore.Components.uddsvpv1sv.wasm'.
         Accepted compressed asset '/home/makani/honua-server/src/Honua.Admin/obj/Debug/net10.0/compressed/v2j0q63p4f-{0}-uo1a6owr17-uo1a6owr17.gz' for '/home/makani/honua-server/src/Honua.Admin/bin/Debug/net10.0/wwwroot/_framework/Microsoft.AspNetCore.Components.Authorization.uo1a6owr17.wasm'.
         Accepted compressed asset '/home/makani/honua-server/src/Honua.Admin/obj/Debug/net10.0/compressed/prf3yz1ahb-{0}-zrueb40r85-zrueb40r85.gz' for '/home/makani/honua-server/src/Honua.Admin/bin/Debug/net10.0/wwwroot/_framework/Microsoft.AspNetCore.Components.Forms.zrueb40r85.wasm'.
         Accepted compressed asset '/home/makani/honua-server/src/Honua.Admin/obj/Debug/net10.0/compressed/bggugofjl0-{0}-g5qdp1mxha-g5qdp1mxha.gz' for '/home/makani/honua-server/src/Honua.Admin/bin/Debug/net10.0/wwwroot/_framework/Microsoft.AspNetCore.Components.Web.g5qdp1mxha.wasm'.
         Accepted compressed asset '/home/makani/honua-server/src/Honua.Admin/obj/Debug/net10.0/compressed/tigip55y7z-{0}-9mjwvs1qyp-9mjwvs1qyp.gz' for '/home/makani/honua-server/src/Honua.Admin/bin/Debug/net10.0/wwwroot/_framework/Microsoft.AspNetCore.Components.WebAssembly.9mjwvs1qyp.wasm'.
         Accepted compressed asset '/home/makani/honua-server/src/Honua.Admin/obj/Debug/net10.0/compressed/z2aqiy2hv6-{0}-myqc2w9pi0-myqc2w9pi0.gz' for '/home/makani/honua-server/src/Honua.Admin/bin/Debug/net10.0/wwwroot/_framework/Microsoft.AspNetCore.Components.WebAssembly.Authentication.myqc2w9pi0.wasm'.
         Accepted compressed asset '/home/makani/honua-server/src/Honua.Admin/obj/Debug/net10.0/compressed/ghpbv6rne4-{0}-m3mxap0jif-m3mxap0jif.gz' for '/home/makani/honua-server/src/Honua.Admin/bin/Debug/net10.0/wwwroot/_framework/Microsoft.AspNetCore.Metadata.m3mxap0jif.wasm'.
         Accepted compressed asset '/home/makani/honua-server/src/Honua.Admin/obj/Debug/net10.0/compressed/yadragayzs-{0}-9sdmuz89zv-9sdmuz89zv.gz' for '/home/makani/honua-server/src/Honua.Admin/bin/Debug/net10.0/wwwroot/_framework/Microsoft.DotNet.HotReload.WebAssembly.Browser.9sdmuz89zv.wasm'.
         Accepted compressed asset '/home/makani/honua-server/src/Honua.Admin/obj/Debug/net10.0/compressed/3zp83ypxq1-{0}-fgwnqtu7qk-fgwnqtu7qk.gz' for '/home/makani/honua-server/src/Honua.Admin/bin/Debug/net10.0/wwwroot/_framework/Microsoft.Extensions.Configuration.fgwnqtu7qk.wasm'.
         Accepted compressed asset '/home/makani/honua-server/src/Honua.Admin/obj/Debug/net10.0/compressed/x879ihfa4m-{0}-thew1o6jcx-thew1o6jcx.gz' for '/home/makani/honua-server/src/Honua.Admin/bin/Debug/net10.0/wwwroot/_framework/Microsoft.Extensions.Configuration.Abstractions.thew1o6jcx.wasm'.
         Accepted compressed asset '/home/makani/honua-server/src/Honua.Admin/obj/Debug/net10.0/compressed/jgblf0gwrr-{0}-7o70008j8o-7o70008j8o.gz' for '/home/makani/honua-server/src/Honua.Admin/bin/Debug/net10.0/wwwroot/_framework/Microsoft.Extensions.Configuration.Binder.7o70008j8o.wasm'.
         Accepted compressed asset '/home/makani/honua-server/src/Honua.Admin/obj/Debug/net10.0/compressed/h1d33x7ry9-{0}-ouivavlhyy-ouivavlhyy.gz' for '/home/makani/honua-server/src/Honua.Admin/bin/Debug/net10.0/wwwroot/_framework/Microsoft.Extensions.Configuration.FileExtensions.ouivavlhyy.wasm'.
         Accepted compressed asset '/home/makani/honua-server/src/Honua.Admin/obj/Debug/net10.0/compressed/ogix29uuvd-{0}-giv4t23za9-giv4t23za9.gz' for '/home/makani/honua-server/src/Honua.Admin/bin/Debug/net10.0/wwwroot/_framework/Microsoft.Extensions.Configuration.Json.giv4t23za9.wasm'.
         Accepted compressed asset '/home/makani/honua-server/src/Honua.Admin/obj/Debug/net10.0/compressed/u7ejpbs6vo-{0}-vs620n44bv-vs620n44bv.gz' for '/home/makani/honua-server/src/Honua.Admin/bin/Debug/net10.0/wwwroot/_framework/Microsoft.Extensions.DependencyInjection.vs620n44bv.wasm'.
         Accepted compressed asset '/home/makani/honua-server/src/Honua.Admin/obj/Debug/net10.0/compressed/f6wwetojip-{0}-ud13mwbta3-ud13mwbta3.gz' for '/home/makani/honua-server/src/Honua.Admin/bin/Debug/net10.0/wwwroot/_framework/Microsoft.Extensions.DependencyInjection.Abstractions.ud13mwbta3.wasm'.
         Accepted compressed asset '/home/makani/honua-server/src/Honua.Admin/obj/Debug/net10.0/compressed/se8x4jw4k2-{0}-jnogfbng3i-jnogfbng3i.gz' for '/home/makani/honua-server/src/Honua.Admin/bin/Debug/net10.0/wwwroot/_framework/Microsoft.Extensions.Diagnostics.jnogfbng3i.wasm'.
         Accepted compressed asset '/home/makani/honua-server/src/Honua.Admin/obj/Debug/net10.0/compressed/iv6hzvp9vg-{0}-v59ymogeuz-v59ymogeuz.gz' for '/home/makani/honua-server/src/Honua.Admin/bin/Debug/net10.0/wwwroot/_framework/Microsoft.Extensions.Diagnostics.Abstractions.v59ymogeuz.wasm'.
         Accepted compressed asset '/home/makani/honua-server/src/Honua.Admin/obj/Debug/net10.0/compressed/y26vfr81gz-{0}-ssv83rveyv-ssv83rveyv.gz' for '/home/makani/honua-server/src/Honua.Admin/bin/Debug/net10.0/wwwroot/_framework/Microsoft.Extensions.FileProviders.Abstractions.ssv83rveyv.wasm'.
         Accepted compressed asset '/home/makani/honua-server/src/Honua.Admin/obj/Debug/net10.0/compressed/l3sm73p9va-{0}-8gz29xpyh3-8gz29xpyh3.gz' for '/home/makani/honua-server/src/Honua.Admin/bin/Debug/net10.0/wwwroot/_framework/Microsoft.Extensions.FileProviders.Physical.8gz29xpyh3.wasm'.
         Accepted compressed asset '/home/makani/honua-server/src/Honua.Admin/obj/Debug/net10.0/compressed/9886wihbjc-{0}-ozuva4e3vv-ozuva4e3vv.gz' for '/home/makani/honua-server/src/Honua.Admin/bin/Debug/net10.0/wwwroot/_framework/Microsoft.Extensions.FileSystemGlobbing.ozuva4e3vv.wasm'.
         Accepted compressed asset '/home/makani/honua-server/src/Honua.Admin/obj/Debug/net10.0/compressed/7c20obm8kc-{0}-y4ydx3rk2c-y4ydx3rk2c.gz' for '/home/makani/honua-server/src/Honua.Admin/bin/Debug/net10.0/wwwroot/_framework/Microsoft.Extensions.Logging.y4ydx3rk2c.wasm'.
         Accepted compressed asset '/home/makani/honua-server/src/Honua.Admin/obj/Debug/net10.0/compressed/4t4r8iwqud-{0}-1q3x7vre4l-1q3x7vre4l.gz' for '/home/makani/honua-server/src/Honua.Admin/bin/Debug/net10.0/wwwroot/_framework/Microsoft.Extensions.Logging.Abstractions.1q3x7vre4l.wasm'.
         Accepted compressed asset '/home/makani/honua-server/src/Honua.Admin/obj/Debug/net10.0/compressed/ikcusu9zlz-{0}-2rz5zbidnd-2rz5zbidnd.gz' for '/home/makani/honua-server/src/Honua.Admin/bin/Debug/net10.0/wwwroot/_framework/Microsoft.Extensions.Options.2rz5zbidnd.wasm'.
         Accepted compressed asset '/home/makani/honua-server/src/Honua.Admin/obj/Debug/net10.0/compressed/uf5jn0nd37-{0}-zmb03w0weu-zmb03w0weu.gz' for '/home/makani/honua-server/src/Honua.Admin/bin/Debug/net10.0/wwwroot/_framework/Microsoft.Extensions.Options.ConfigurationExtensions.zmb03w0weu.wasm'.
         Accepted compressed asset '/home/makani/honua-server/src/Honua.Admin/obj/Debug/net10.0/compressed/xk5azz09xn-{0}-bd164v6l3f-bd164v6l3f.gz' for '/home/makani/honua-server/src/Honua.Admin/bin/Debug/net10.0/wwwroot/_framework/Microsoft.Extensions.Primitives.bd164v6l3f.wasm'.
         Accepted compressed asset '/home/makani/honua-server/src/Honua.Admin/obj/Debug/net10.0/compressed/aavv5ygxij-{0}-r1sv3m5lsf-r1sv3m5lsf.gz' for '/home/makani/honua-server/src/Honua.Admin/bin/Debug/net10.0/wwwroot/_framework/Microsoft.Extensions.Validation.r1sv3m5lsf.wasm'.
         Accepted compressed asset '/home/makani/honua-server/src/Honua.Admin/obj/Debug/net10.0/compressed/84pyhvin4o-{0}-9879a4r091-9879a4r091.gz' for '/home/makani/honua-server/src/Honua.Admin/bin/Debug/net10.0/wwwroot/_framework/Microsoft.IdentityModel.Abstractions.9879a4r091.wasm'.
         Accepted compressed asset '/home/makani/honua-server/src/Honua.Admin/obj/Debug/net10.0/compressed/kdsxoy7k8e-{0}-s4ohxb2h4q-s4ohxb2h4q.gz' for '/home/makani/honua-server/src/Honua.Admin/bin/Debug/net10.0/wwwroot/_framework/Microsoft.IdentityModel.JsonWebTokens.s4ohxb2h4q.wasm'.
         Accepted compressed asset '/home/makani/honua-server/src/Honua.Admin/obj/Debug/net10.0/compressed/872lmymhnb-{0}-7n3xep0vjm-7n3xep0vjm.gz' for '/home/makani/honua-server/src/Honua.Admin/bin/Debug/net10.0/wwwroot/_framework/Microsoft.IdentityModel.Logging.7n3xep0vjm.wasm'.
         Accepted compressed asset '/home/makani/honua-server/src/Honua.Admin/obj/Debug/net10.0/compressed/ey0749ifm1-{0}-ca1aw83mja-ca1aw83mja.gz' for '/home/makani/honua-server/src/Honua.Admin/bin/Debug/net10.0/wwwroot/_framework/Microsoft.IdentityModel.Tokens.ca1aw83mja.wasm'.
         Accepted compressed asset '/home/makani/honua-server/src/Honua.Admin/obj/Debug/net10.0/compressed/eewbdr5ell-{0}-1r0ampr2q1-1r0ampr2q1.gz' for '/home/makani/honua-server/src/Honua.Admin/bin/Debug/net10.0/wwwroot/_framework/Microsoft.JSInterop.1r0ampr2q1.wasm'.
         Accepted compressed asset '/home/makani/honua-server/src/Honua.Admin/obj/Debug/net10.0/compressed/a4qi14r49k-{0}-oz8fkrrrd6-oz8fkrrrd6.gz' for '/home/makani/honua-server/src/Honua.Admin/bin/Debug/net10.0/wwwroot/_framework/Microsoft.JSInterop.WebAssembly.oz8fkrrrd6.wasm'.
         Accepted compressed asset '/home/makani/honua-server/src/Honua.Admin/obj/Debug/net10.0/compressed/gx1uly9vw3-{0}-w9ixzkjjki-w9ixzkjjki.gz' for '/home/makani/honua-server/src/Honua.Admin/bin/Debug/net10.0/wwwroot/_framework/System.IdentityModel.Tokens.Jwt.w9ixzkjjki.wasm'.
         Accepted compressed asset '/home/makani/honua-server/src/Honua.Admin/obj/Debug/net10.0/compressed/6qs3ig3xiw-{0}-gijew29e7v-gijew29e7v.gz' for '/home/makani/honua-server/src/Honua.Admin/bin/Debug/net10.0/wwwroot/_framework/Microsoft.CSharp.gijew29e7v.wasm'.
         Accepted compressed asset '/home/makani/honua-server/src/Honua.Admin/obj/Debug/net10.0/compressed/cbw502r1bp-{0}-5wrvi89jl9-5wrvi89jl9.gz' for '/home/makani/honua-server/src/Honua.Admin/bin/Debug/net10.0/wwwroot/_framework/Microsoft.VisualBasic.Core.5wrvi89jl9.wasm'.
         Accepted compressed asset '/home/makani/honua-server/src/Honua.Admin/obj/Debug/net10.0/compressed/lk0th1c74a-{0}-ohmdjdo4x8-ohmdjdo4x8.gz' for '/home/makani/honua-server/src/Honua.Admin/bin/Debug/net10.0/wwwroot/_framework/Microsoft.VisualBasic.ohmdjdo4x8.wasm'.
         Accepted compressed asset '/home/makani/honua-server/src/Honua.Admin/obj/Debug/net10.0/compressed/857m84uq02-{0}-54qaw3y2l7-54qaw3y2l7.gz' for '/home/makani/honua-server/src/Honua.Admin/bin/Debug/net10.0/wwwroot/_framework/Microsoft.Win32.Primitives.54qaw3y2l7.wasm'.
         Accepted compressed asset '/home/makani/honua-server/src/Honua.Admin/obj/Debug/net10.0/compressed/vpwpzjry0t-{0}-5zehcbadkc-5zehcbadkc.gz' for '/home/makani/honua-server/src/Honua.Admin/bin/Debug/net10.0/wwwroot/_framework/Microsoft.Win32.Registry.5zehcbadkc.wasm'.
         Accepted compressed asset '/home/makani/honua-server/src/Honua.Admin/obj/Debug/net10.0/compressed/ld3he1hiah-{0}-hb972rswn2-hb972rswn2.gz' for '/home/makani/honua-server/src/Honua.Admin/bin/Debug/net10.0/wwwroot/_framework/System.AppContext.hb972rswn2.wasm'.
         Accepted compressed asset '/home/makani/honua-server/src/Honua.Admin/obj/Debug/net10.0/compressed/4meyyw21mk-{0}-fmh1lqxxe8-fmh1lqxxe8.gz' for '/home/makani/honua-server/src/Honua.Admin/bin/Debug/net10.0/wwwroot/_framework/System.Buffers.fmh1lqxxe8.wasm'.
         Accepted compressed asset '/home/makani/honua-server/src/Honua.Admin/obj/Debug/net10.0/compressed/zirdd8i1ci-{0}-wrpunq2dmd-wrpunq2dmd.gz' for '/home/makani/honua-server/src/Honua.Admin/bin/Debug/net10.0/wwwroot/_framework/System.Collections.Concurrent.wrpunq2dmd.wasm'.
         Accepted compressed asset '/home/makani/honua-server/src/Honua.Admin/obj/Debug/net10.0/compressed/1tbpw5os2p-{0}-dm08vuov01-dm08vuov01.gz' for '/home/makani/honua-server/src/Honua.Admin/bin/Debug/net10.0/wwwroot/_framework/System.Collections.Immutable.dm08vuov01.wasm'.
         Accepted compressed asset '/home/makani/honua-server/src/Honua.Admin/obj/Debug/net10.0/compressed/exrazhyu4z-{0}-ucr2s1rjr8-ucr2s1rjr8.gz' for '/home/makani/honua-server/src/Honua.Admin/bin/Debug/net10.0/wwwroot/_framework/System.Collections.NonGeneric.ucr2s1rjr8.wasm'.
         Accepted compressed asset '/home/makani/honua-server/src/Honua.Admin/obj/Debug/net10.0/compressed/cyz80r1c1e-{0}-788c2vii7r-788c2vii7r.gz' for '/home/makani/honua-server/src/Honua.Admin/bin/Debug/net10.0/wwwroot/_framework/System.Collections.Specialized.788c2vii7r.wasm'.
         Accepted compressed asset '/home/makani/honua-server/src/Honua.Admin/obj/Debug/net10.0/compressed/3h6sc7ovrt-{0}-oyg9o5jzra-oyg9o5jzra.gz' for '/home/makani/honua-server/src/Honua.Admin/bin/Debug/net10.0/wwwroot/_framework/System.Collections.oyg9o5jzra.wasm'.
         Accepted compressed asset '/home/makani/honua-server/src/Honua.Admin/obj/Debug/net10.0/compressed/ay251yds4i-{0}-kzcs3roxpa-kzcs3roxpa.gz' for '/home/makani/honua-server/src/Honua.Admin/bin/Debug/net10.0/wwwroot/_framework/System.ComponentModel.Annotations.kzcs3roxpa.wasm'.
         Accepted compressed asset '/home/makani/honua-server/src/Honua.Admin/obj/Debug/net10.0/compressed/b0kdl3lo9r-{0}-uujisxprk9-uujisxprk9.gz' for '/home/makani/honua-server/src/Honua.Admin/bin/Debug/net10.0/wwwroot/_framework/System.ComponentModel.DataAnnotations.uujisxprk9.wasm'.
         Accepted compressed asset '/home/makani/honua-server/src/Honua.Admin/obj/Debug/net10.0/compressed/s2vtxrum7a-{0}-v1qxqe5fpe-v1qxqe5fpe.gz' for '/home/makani/honua-server/src/Honua.Admin/bin/Debug/net10.0/wwwroot/_framework/System.ComponentModel.EventBasedAsync.v1qxqe5fpe.wasm'.
         Accepted compressed asset '/home/makani/honua-server/src/Honua.Admin/obj/Debug/net10.0/compressed/n2ttw928pm-{0}-ftz81jso1j-ftz81jso1j.gz' for '/home/makani/honua-server/src/Honua.Admin/bin/Debug/net10.0/wwwroot/_framework/System.ComponentModel.Primitives.ftz81jso1j.wasm'.
         Accepted compressed asset '/home/makani/honua-server/src/Honua.Admin/obj/Debug/net10.0/compressed/40vnjmxalx-{0}-w7xhoe08t4-w7xhoe08t4.gz' for '/home/makani/honua-server/src/Honua.Admin/bin/Debug/net10.0/wwwroot/_framework/System.ComponentModel.TypeConverter.w7xhoe08t4.wasm'.
         Accepted compressed asset '/home/makani/honua-server/src/Honua.Admin/obj/Debug/net10.0/compressed/mb6cfqna1i-{0}-k940vnf7b8-k940vnf7b8.gz' for '/home/makani/honua-server/src/Honua.Admin/bin/Debug/net10.0/wwwroot/_framework/System.ComponentModel.k940vnf7b8.wasm'.
         Accepted compressed asset '/home/makani/honua-server/src/Honua.Admin/obj/Debug/net10.0/compressed/b3236459dp-{0}-w3ntl07ypg-w3ntl07ypg.gz' for '/home/makani/honua-server/src/Honua.Admin/bin/Debug/net10.0/wwwroot/_framework/System.Configuration.w3ntl07ypg.wasm'.
         Accepted compressed asset '/home/makani/honua-server/src/Honua.Admin/obj/Debug/net10.0/compressed/ngipj7bbe6-{0}-439r3pkwc4-439r3pkwc4.gz' for '/home/makani/honua-server/src/Honua.Admin/bin/Debug/net10.0/wwwroot/_framework/System.Console.439r3pkwc4.wasm'.
         Accepted compressed asset '/home/makani/honua-server/src/Honua.Admin/obj/Debug/net10.0/compressed/z9emantb66-{0}-3okiiotm1r-3okiiotm1r.gz' for '/home/makani/honua-server/src/Honua.Admin/bin/Debug/net10.0/wwwroot/_framework/System.Core.3okiiotm1r.wasm'.
         Accepted compressed asset '/home/makani/honua-server/src/Honua.Admin/obj/Debug/net10.0/compressed/wu0vmk40fo-{0}-u1paws2ie5-u1paws2ie5.gz' for '/home/makani/honua-server/src/Honua.Admin/bin/Debug/net10.0/wwwroot/_framework/System.Data.Common.u1paws2ie5.wasm'.
         Accepted compressed asset '/home/makani/honua-server/src/Honua.Admin/obj/Debug/net10.0/compressed/o1bttp113s-{0}-k7l9fdomp8-k7l9fdomp8.gz' for '/home/makani/honua-server/src/Honua.Admin/bin/Debug/net10.0/wwwroot/_framework/System.Data.DataSetExtensions.k7l9fdomp8.wasm'.
         Accepted compressed asset '/home/makani/honua-server/src/Honua.Admin/obj/Debug/net10.0/compressed/e1u6li820v-{0}-0xkcfajxb8-0xkcfajxb8.gz' for '/home/makani/honua-server/src/Honua.Admin/bin/Debug/net10.0/wwwroot/_framework/System.Data.0xkcfajxb8.wasm'.
         Accepted compressed asset '/home/makani/honua-server/src/Honua.Admin/obj/Debug/net10.0/compressed/hz6oycvuad-{0}-zgl132fygk-zgl132fygk.gz' for '/home/makani/honua-server/src/Honua.Admin/bin/Debug/net10.0/wwwroot/_framework/System.Diagnostics.Contracts.zgl132fygk.wasm'.
         Accepted compressed asset '/home/makani/honua-server/src/Honua.Admin/obj/Debug/net10.0/compressed/vllzzd5mrk-{0}-6kui682x9y-6kui682x9y.gz' for '/home/makani/honua-server/src/Honua.Admin/bin/Debug/net10.0/wwwroot/_framework/System.Diagnostics.Debug.6kui682x9y.wasm'.
         Accepted compressed asset '/home/makani/honua-server/src/Honua.Admin/obj/Debug/net10.0/compressed/ezdy4nyhjf-{0}-bkk6sbg16x-bkk6sbg16x.gz' for '/home/makani/honua-server/src/Honua.Admin/bin/Debug/net10.0/wwwroot/_framework/System.Diagnostics.DiagnosticSource.bkk6sbg16x.wasm'.
         Accepted compressed asset '/home/makani/honua-server/src/Honua.Admin/obj/Debug/net10.0/compressed/3uidx6d10l-{0}-3alwgrae57-3alwgrae57.gz' for '/home/makani/honua-server/src/Honua.Admin/bin/Debug/net10.0/wwwroot/_framework/System.Diagnostics.FileVersionInfo.3alwgrae57.wasm'.
         Accepted compressed asset '/home/makani/honua-server/src/Honua.Admin/obj/Debug/net10.0/compressed/tvwytybqto-{0}-06srtm7zqs-06srtm7zqs.gz' for '/home/makani/honua-server/src/Honua.Admin/bin/Debug/net10.0/wwwroot/_framework/System.Diagnostics.Process.06srtm7zqs.wasm'.
         Accepted compressed asset '/home/makani/honua-server/src/Honua.Admin/obj/Debug/net10.0/compressed/gq43k2790k-{0}-un2pf554tb-un2pf554tb.gz' for '/home/makani/honua-server/src/Honua.Admin/bin/Debug/net10.0/wwwroot/_framework/System.Diagnostics.StackTrace.un2pf554tb.wasm'.
         Accepted compressed asset '/home/makani/honua-server/src/Honua.Admin/obj/Debug/net10.0/compressed/qh8ntwm5e6-{0}-ida6tfw92t-ida6tfw92t.gz' for '/home/makani/honua-server/src/Honua.Admin/bin/Debug/net10.0/wwwroot/_framework/System.Diagnostics.TextWriterTraceListener.ida6tfw92t.wasm'.
         Accepted compressed asset '/home/makani/honua-server/src/Honua.Admin/obj/Debug/net10.0/compressed/mt10dz4bei-{0}-shey8i22c8-shey8i22c8.gz' for '/home/makani/honua-server/src/Honua.Admin/bin/Debug/net10.0/wwwroot/_framework/System.Diagnostics.Tools.shey8i22c8.wasm'.
         Accepted compressed asset '/home/makani/honua-server/src/Honua.Admin/obj/Debug/net10.0/compressed/1l29gwzkah-{0}-clw8b0o34g-clw8b0o34g.gz' for '/home/makani/honua-server/src/Honua.Admin/bin/Debug/net10.0/wwwroot/_framework/System.Diagnostics.TraceSource.clw8b0o34g.wasm'.
         Accepted compressed asset '/home/makani/honua-server/src/Honua.Admin/obj/Debug/net10.0/compressed/mkx58t6rk9-{0}-w23ofaxx35-w23ofaxx35.gz' for '/home/makani/honua-server/src/Honua.Admin/bin/Debug/net10.0/wwwroot/_framework/System.Diagnostics.Tracing.w23ofaxx35.wasm'.
         Accepted compressed asset '/home/makani/honua-server/src/Honua.Admin/obj/Debug/net10.0/compressed/uxwcgkli1h-{0}-fzsvb9tweu-fzsvb9tweu.gz' for '/home/makani/honua-server/src/Honua.Admin/bin/Debug/net10.0/wwwroot/_framework/System.Drawing.Primitives.fzsvb9tweu.wasm'.
         Accepted compressed asset '/home/makani/honua-server/src/Honua.Admin/obj/Debug/net10.0/compressed/azl762edvm-{0}-crwi1p34or-crwi1p34or.gz' for '/home/makani/honua-server/src/Honua.Admin/bin/Debug/net10.0/wwwroot/_framework/System.Drawing.crwi1p34or.wasm'.
         Accepted compressed asset '/home/makani/honua-server/src/Honua.Admin/obj/Debug/net10.0/compressed/96f9hlfb7x-{0}-9fcftni5l9-9fcftni5l9.gz' for '/home/makani/honua-server/src/Honua.Admin/bin/Debug/net10.0/wwwroot/_framework/System.Dynamic.Runtime.9fcftni5l9.wasm'.
         Accepted compressed asset '/home/makani/honua-server/src/Honua.Admin/obj/Debug/net10.0/compressed/7kq7hrdaxz-{0}-3i8640auxn-3i8640auxn.gz' for '/home/makani/honua-server/src/Honua.Admin/bin/Debug/net10.0/wwwroot/_framework/System.Formats.Asn1.3i8640auxn.wasm'.
         Accepted compressed asset '/home/makani/honua-server/src/Honua.Admin/obj/Debug/net10.0/compressed/hwolw995u1-{0}-6thvjqqi69-6thvjqqi69.gz' for '/home/makani/honua-server/src/Honua.Admin/bin/Debug/net10.0/wwwroot/_framework/System.Formats.Tar.6thvjqqi69.wasm'.
         Accepted compressed asset '/home/makani/honua-server/src/Honua.Admin/obj/Debug/net10.0/compressed/ccr8wm8bt6-{0}-b34zv6t8w8-b34zv6t8w8.gz' for '/home/makani/honua-server/src/Honua.Admin/bin/Debug/net10.0/wwwroot/_framework/System.Globalization.Calendars.b34zv6t8w8.wasm'.
         Accepted compressed asset '/home/makani/honua-server/src/Honua.Admin/obj/Debug/net10.0/compressed/63hdoyrjyc-{0}-t9z23vywoa-t9z23vywoa.gz' for '/home/makani/honua-server/src/Honua.Admin/bin/Debug/net10.0/wwwroot/_framework/System.Globalization.Extensions.t9z23vywoa.wasm'.
         Accepted compressed asset '/home/makani/honua-server/src/Honua.Admin/obj/Debug/net10.0/compressed/p0zs5a31dl-{0}-kzypximfjj-kzypximfjj.gz' for '/home/makani/honua-server/src/Honua.Admin/bin/Debug/net10.0/wwwroot/_framework/System.Globalization.kzypximfjj.wasm'.
         Accepted compressed asset '/home/makani/honua-server/src/Honua.Admin/obj/Debug/net10.0/compressed/uo1tq602ee-{0}-16ihu4aum0-16ihu4aum0.gz' for '/home/makani/honua-server/src/Honua.Admin/bin/Debug/net10.0/wwwroot/_framework/System.IO.Compression.Brotli.16ihu4aum0.wasm'.
         Accepted compressed asset '/home/makani/honua-server/src/Honua.Admin/obj/Debug/net10.0/compressed/07k547stg4-{0}-98t41ls3w6-98t41ls3w6.gz' for '/home/makani/honua-server/src/Honua.Admin/bin/Debug/net10.0/wwwroot/_framework/System.IO.Compression.FileSystem.98t41ls3w6.wasm'.
         Accepted compressed asset '/home/makani/honua-server/src/Honua.Admin/obj/Debug/net10.0/compressed/pd6er2g2fs-{0}-0imvrnvy4f-0imvrnvy4f.gz' for '/home/makani/honua-server/src/Honua.Admin/bin/Debug/net10.0/wwwroot/_framework/System.IO.Compression.ZipFile.0imvrnvy4f.wasm'.
         Accepted compressed asset '/home/makani/honua-server/src/Honua.Admin/obj/Debug/net10.0/compressed/py260713vl-{0}-ne60qfmijm-ne60qfmijm.gz' for '/home/makani/honua-server/src/Honua.Admin/bin/Debug/net10.0/wwwroot/_framework/System.IO.Compression.ne60qfmijm.wasm'.
         Accepted compressed asset '/home/makani/honua-server/src/Honua.Admin/obj/Debug/net10.0/compressed/0qi5fnan1t-{0}-8nsm8mjj5e-8nsm8mjj5e.gz' for '/home/makani/honua-server/src/Honua.Admin/bin/Debug/net10.0/wwwroot/_framework/System.IO.FileSystem.AccessControl.8nsm8mjj5e.wasm'.
         Accepted compressed asset '/home/makani/honua-server/src/Honua.Admin/obj/Debug/net10.0/compressed/je3tfxnmse-{0}-zemo9xngn2-zemo9xngn2.gz' for '/home/makani/honua-server/src/Honua.Admin/bin/Debug/net10.0/wwwroot/_framework/System.IO.FileSystem.DriveInfo.zemo9xngn2.wasm'.
         Accepted compressed asset '/home/makani/honua-server/src/Honua.Admin/obj/Debug/net10.0/compressed/t2fjmzu7e8-{0}-kybpzn2oos-kybpzn2oos.gz' for '/home/makani/honua-server/src/Honua.Admin/bin/Debug/net10.0/wwwroot/_framework/System.IO.FileSystem.Primitives.kybpzn2oos.wasm'.
         Accepted compressed asset '/home/makani/honua-server/src/Honua.Admin/obj/Debug/net10.0/compressed/oji7ts3al0-{0}-ontoty1fxn-ontoty1fxn.gz' for '/home/makani/honua-server/src/Honua.Admin/bin/Debug/net10.0/wwwroot/_framework/System.IO.FileSystem.Watcher.ontoty1fxn.wasm'.
         Accepted compressed asset '/home/makani/honua-server/src/Honua.Admin/obj/Debug/net10.0/compressed/bp37f3e3st-{0}-cfijc526tp-cfijc526tp.gz' for '/home/makani/honua-server/src/Honua.Admin/bin/Debug/net10.0/wwwroot/_framework/System.IO.FileSystem.cfijc526tp.wasm'.
         Accepted compressed asset '/home/makani/honua-server/src/Honua.Admin/obj/Debug/net10.0/compressed/iv268427aa-{0}-us5380okmk-us5380okmk.gz' for '/home/makani/honua-server/src/Honua.Admin/bin/Debug/net10.0/wwwroot/_framework/System.IO.IsolatedStorage.us5380okmk.wasm'.
         Accepted compressed asset '/home/makani/honua-server/src/Honua.Admin/obj/Debug/net10.0/compressed/21io7wcyat-{0}-v5uya98rfp-v5uya98rfp.gz' for '/home/makani/honua-server/src/Honua.Admin/bin/Debug/net10.0/wwwroot/_framework/System.IO.MemoryMappedFiles.v5uya98rfp.wasm'.
         Accepted compressed asset '/home/makani/honua-server/src/Honua.Admin/obj/Debug/net10.0/compressed/g1ny1dr1ns-{0}-9dgkwpzi1d-9dgkwpzi1d.gz' for '/home/makani/honua-server/src/Honua.Admin/bin/Debug/net10.0/wwwroot/_framework/System.IO.Pipelines.9dgkwpzi1d.wasm'.
         Accepted compressed asset '/home/makani/honua-server/src/Honua.Admin/obj/Debug/net10.0/compressed/1c2t8xhnqy-{0}-rihuiw07yu-rihuiw07yu.gz' for '/home/makani/honua-server/src/Honua.Admin/bin/Debug/net10.0/wwwroot/_framework/System.IO.Pipes.AccessControl.rihuiw07yu.wasm'.
         Accepted compressed asset '/home/makani/honua-server/src/Honua.Admin/obj/Debug/net10.0/compressed/w09w0wb0nb-{0}-f4dn7kellq-f4dn7kellq.gz' for '/home/makani/honua-server/src/Honua.Admin/bin/Debug/net10.0/wwwroot/_framework/System.IO.Pipes.f4dn7kellq.wasm'.
         Accepted compressed asset '/home/makani/honua-server/src/Honua.Admin/obj/Debug/net10.0/compressed/gf6snu4tu6-{0}-e6eipiyt6q-e6eipiyt6q.gz' for '/home/makani/honua-server/src/Honua.Admin/bin/Debug/net10.0/wwwroot/_framework/System.IO.UnmanagedMemoryStream.e6eipiyt6q.wasm'.
         Accepted compressed asset '/home/makani/honua-server/src/Honua.Admin/obj/Debug/net10.0/compressed/n2xp6a23nz-{0}-ziabf8ylan-ziabf8ylan.gz' for '/home/makani/honua-server/src/Honua.Admin/bin/Debug/net10.0/wwwroot/_framework/System.IO.ziabf8ylan.wasm'.
         Accepted compressed asset '/home/makani/honua-server/src/Honua.Admin/obj/Debug/net10.0/compressed/vk3s196q5o-{0}-fm8vwphpb6-fm8vwphpb6.gz' for '/home/makani/honua-server/src/Honua.Admin/bin/Debug/net10.0/wwwroot/_framework/System.Linq.AsyncEnumerable.fm8vwphpb6.wasm'.
         Accepted compressed asset '/home/makani/honua-server/src/Honua.Admin/obj/Debug/net10.0/compressed/ecw09skmmg-{0}-uudylx04pc-uudylx04pc.gz' for '/home/makani/honua-server/src/Honua.Admin/bin/Debug/net10.0/wwwroot/_framework/System.Linq.Expressions.uudylx04pc.wasm'.
         Accepted compressed asset '/home/makani/honua-server/src/Honua.Admin/obj/Debug/net10.0/compressed/4mxjzalapy-{0}-lbbvcapr26-lbbvcapr26.gz' for '/home/makani/honua-server/src/Honua.Admin/bin/Debug/net10.0/wwwroot/_framework/System.Linq.Parallel.lbbvcapr26.wasm'.
         Accepted compressed asset '/home/makani/honua-server/src/Honua.Admin/obj/Debug/net10.0/compressed/v9925uh68k-{0}-hq9iyymx2n-hq9iyymx2n.gz' for '/home/makani/honua-server/src/Honua.Admin/bin/Debug/net10.0/wwwroot/_framework/System.Linq.Queryable.hq9iyymx2n.wasm'.
         Accepted compressed asset '/home/makani/honua-server/src/Honua.Admin/obj/Debug/net10.0/compressed/y7py8epn2i-{0}-ome0590huq-ome0590huq.gz' for '/home/makani/honua-server/src/Honua.Admin/bin/Debug/net10.0/wwwroot/_framework/System.Linq.ome0590huq.wasm'.
         Accepted compressed asset '/home/makani/honua-server/src/Honua.Admin/obj/Debug/net10.0/compressed/11ca25rhdm-{0}-oikctzq2yk-oikctzq2yk.gz' for '/home/makani/honua-server/src/Honua.Admin/bin/Debug/net10.0/wwwroot/_framework/System.Memory.oikctzq2yk.wasm'.
         Accepted compressed asset '/home/makani/honua-server/src/Honua.Admin/obj/Debug/net10.0/compressed/eqf8flrsqw-{0}-19ykf2ghfc-19ykf2ghfc.gz' for '/home/makani/honua-server/src/Honua.Admin/bin/Debug/net10.0/wwwroot/_framework/System.Net.Http.Json.19ykf2ghfc.wasm'.
         Accepted compressed asset '/home/makani/honua-server/src/Honua.Admin/obj/Debug/net10.0/compressed/6oxg2o5nub-{0}-5kege8iwcx-5kege8iwcx.gz' for '/home/makani/honua-server/src/Honua.Admin/bin/Debug/net10.0/wwwroot/_framework/System.Net.Http.5kege8iwcx.wasm'.
         Accepted compressed asset '/home/makani/honua-server/src/Honua.Admin/obj/Debug/net10.0/compressed/6126il3dl6-{0}-govomr6pnd-govomr6pnd.gz' for '/home/makani/honua-server/src/Honua.Admin/bin/Debug/net10.0/wwwroot/_framework/System.Net.HttpListener.govomr6pnd.wasm'.
         Accepted compressed asset '/home/makani/honua-server/src/Honua.Admin/obj/Debug/net10.0/compressed/02co718fh7-{0}-kpjpkrf00f-kpjpkrf00f.gz' for '/home/makani/honua-server/src/Honua.Admin/bin/Debug/net10.0/wwwroot/_framework/System.Net.Mail.kpjpkrf00f.wasm'.
         Accepted compressed asset '/home/makani/honua-server/src/Honua.Admin/obj/Debug/net10.0/compressed/86u1pngs6l-{0}-dxybkhgvzf-dxybkhgvzf.gz' for '/home/makani/honua-server/src/Honua.Admin/bin/Debug/net10.0/wwwroot/_framework/System.Net.NameResolution.dxybkhgvzf.wasm'.
         Accepted compressed asset '/home/makani/honua-server/src/Honua.Admin/obj/Debug/net10.0/compressed/593d0fkarm-{0}-vqv9utc4ui-vqv9utc4ui.gz' for '/home/makani/honua-server/src/Honua.Admin/bin/Debug/net10.0/wwwroot/_framework/System.Net.NetworkInformation.vqv9utc4ui.wasm'.
         Accepted compressed asset '/home/makani/honua-server/src/Honua.Admin/obj/Debug/net10.0/compressed/gamlm5b7si-{0}-783n01f2ja-783n01f2ja.gz' for '/home/makani/honua-server/src/Honua.Admin/bin/Debug/net10.0/wwwroot/_framework/System.Net.Ping.783n01f2ja.wasm'.
         Accepted compressed asset '/home/makani/honua-server/src/Honua.Admin/obj/Debug/net10.0/compressed/7n5dsbabgm-{0}-pstx0jw374-pstx0jw374.gz' for '/home/makani/honua-server/src/Honua.Admin/bin/Debug/net10.0/wwwroot/_framework/System.Net.Primitives.pstx0jw374.wasm'.
         Accepted compressed asset '/home/makani/honua-server/src/Honua.Admin/obj/Debug/net10.0/compressed/src3ewwhx1-{0}-dj8trc6yee-dj8trc6yee.gz' for '/home/makani/honua-server/src/Honua.Admin/bin/Debug/net10.0/wwwroot/_framework/System.Net.Quic.dj8trc6yee.wasm'.
         Accepted compressed asset '/home/makani/honua-server/src/Honua.Admin/obj/Debug/net10.0/compressed/ubnw1ww905-{0}-l70yyhjzub-l70yyhjzub.gz' for '/home/makani/honua-server/src/Honua.Admin/bin/Debug/net10.0/wwwroot/_framework/System.Net.Requests.l70yyhjzub.wasm'.
         Accepted compressed asset '/home/makani/honua-server/src/Honua.Admin/obj/Debug/net10.0/compressed/7vwevyjcf9-{0}-r7o76f3x7n-r7o76f3x7n.gz' for '/home/makani/honua-server/src/Honua.Admin/bin/Debug/net10.0/wwwroot/_framework/System.Net.Security.r7o76f3x7n.wasm'.
         Accepted compressed asset '/home/makani/honua-server/src/Honua.Admin/obj/Debug/net10.0/compressed/rk57p038x6-{0}-tgl8yc4d2m-tgl8yc4d2m.gz' for '/home/makani/honua-server/src/Honua.Admin/bin/Debug/net10.0/wwwroot/_framework/System.Net.ServerSentEvents.tgl8yc4d2m.wasm'.
         Accepted compressed asset '/home/makani/honua-server/src/Honua.Admin/obj/Debug/net10.0/compressed/rqu0g7n6yy-{0}-052trdlw01-052trdlw01.gz' for '/home/makani/honua-server/src/Honua.Admin/bin/Debug/net10.0/wwwroot/_framework/System.Net.ServicePoint.052trdlw01.wasm'.
         Accepted compressed asset '/home/makani/honua-server/src/Honua.Admin/obj/Debug/net10.0/compressed/x91wgvz8k1-{0}-u3mk3ahtq5-u3mk3ahtq5.gz' for '/home/makani/honua-server/src/Honua.Admin/bin/Debug/net10.0/wwwroot/_framework/System.Net.Sockets.u3mk3ahtq5.wasm'.
         Accepted compressed asset '/home/makani/honua-server/src/Honua.Admin/obj/Debug/net10.0/compressed/0urqhyhq8o-{0}-qqvr2j3pvg-qqvr2j3pvg.gz' for '/home/makani/honua-server/src/Honua.Admin/bin/Debug/net10.0/wwwroot/_framework/System.Net.WebClient.qqvr2j3pvg.wasm'.
         Accepted compressed asset '/home/makani/honua-server/src/Honua.Admin/obj/Debug/net10.0/compressed/rdw1y84ay8-{0}-5uas6gg592-5uas6gg592.gz' for '/home/makani/honua-server/src/Honua.Admin/bin/Debug/net10.0/wwwroot/_framework/System.Net.WebHeaderCollection.5uas6gg592.wasm'.
         Accepted compressed asset '/home/makani/honua-server/src/Honua.Admin/obj/Debug/net10.0/compressed/n1nwu86sir-{0}-navlngkykk-navlngkykk.gz' for '/home/makani/honua-server/src/Honua.Admin/bin/Debug/net10.0/wwwroot/_framework/System.Net.WebProxy.navlngkykk.wasm'.
         Accepted compressed asset '/home/makani/honua-server/src/Honua.Admin/obj/Debug/net10.0/compressed/h2am7vkjii-{0}-7xkgcbvoi2-7xkgcbvoi2.gz' for '/home/makani/honua-server/src/Honua.Admin/bin/Debug/net10.0/wwwroot/_framework/System.Net.WebSockets.Client.7xkgcbvoi2.wasm'.
         Accepted compressed asset '/home/makani/honua-server/src/Honua.Admin/obj/Debug/net10.0/compressed/z26u95fvaz-{0}-hmm17lo1vo-hmm17lo1vo.gz' for '/home/makani/honua-server/src/Honua.Admin/bin/Debug/net10.0/wwwroot/_framework/System.Net.WebSockets.hmm17lo1vo.wasm'.
         Accepted compressed asset '/home/makani/honua-server/src/Honua.Admin/obj/Debug/net10.0/compressed/9m0sx9nx8o-{0}-gmaqhpvzve-gmaqhpvzve.gz' for '/home/makani/honua-server/src/Honua.Admin/bin/Debug/net10.0/wwwroot/_framework/System.Net.gmaqhpvzve.wasm'.
         Accepted compressed asset '/home/makani/honua-server/src/Honua.Admin/obj/Debug/net10.0/compressed/lya007rfos-{0}-ih9man0xaa-ih9man0xaa.gz' for '/home/makani/honua-server/src/Honua.Admin/bin/Debug/net10.0/wwwroot/_framework/System.Numerics.Vectors.ih9man0xaa.wasm'.
         Accepted compressed asset '/home/makani/honua-server/src/Honua.Admin/obj/Debug/net10.0/compressed/eud8zls7fr-{0}-w9v15jg7wg-w9v15jg7wg.gz' for '/home/makani/honua-server/src/Honua.Admin/bin/Debug/net10.0/wwwroot/_framework/System.Numerics.w9v15jg7wg.wasm'.
         Accepted compressed asset '/home/makani/honua-server/src/Honua.Admin/obj/Debug/net10.0/compressed/vybcchzaj5-{0}-pwzbf3ywqb-pwzbf3ywqb.gz' for '/home/makani/honua-server/src/Honua.Admin/bin/Debug/net10.0/wwwroot/_framework/System.ObjectModel.pwzbf3ywqb.wasm'.
         Accepted compressed asset '/home/makani/honua-server/src/Honua.Admin/obj/Debug/net10.0/compressed/0ia3wjl57o-{0}-ya7w2p8he6-ya7w2p8he6.gz' for '/home/makani/honua-server/src/Honua.Admin/bin/Debug/net10.0/wwwroot/_framework/System.Private.DataContractSerialization.ya7w2p8he6.wasm'.
         Accepted compressed asset '/home/makani/honua-server/src/Honua.Admin/obj/Debug/net10.0/compressed/p26dk1j669-{0}-ebclw1ctlb-ebclw1ctlb.gz' for '/home/makani/honua-server/src/Honua.Admin/bin/Debug/net10.0/wwwroot/_framework/System.Private.Uri.ebclw1ctlb.wasm'.
         Accepted compressed asset '/home/makani/honua-server/src/Honua.Admin/obj/Debug/net10.0/compressed/v4ryazcmg4-{0}-esrdiz7prm-esrdiz7prm.gz' for '/home/makani/honua-server/src/Honua.Admin/bin/Debug/net10.0/wwwroot/_framework/System.Private.Xml.Linq.esrdiz7prm.wasm'.
         Accepted compressed asset '/home/makani/honua-server/src/Honua.Admin/obj/Debug/net10.0/compressed/s82ud1y52o-{0}-zese355etl-zese355etl.gz' for '/home/makani/honua-server/src/Honua.Admin/bin/Debug/net10.0/wwwroot/_framework/System.Private.Xml.zese355etl.wasm'.
         Accepted compressed asset '/home/makani/honua-server/src/Honua.Admin/obj/Debug/net10.0/compressed/fxtss1vq17-{0}-db8njzbm5e-db8njzbm5e.gz' for '/home/makani/honua-server/src/Honua.Admin/bin/Debug/net10.0/wwwroot/_framework/System.Reflection.DispatchProxy.db8njzbm5e.wasm'.
         Accepted compressed asset '/home/makani/honua-server/src/Honua.Admin/obj/Debug/net10.0/compressed/7e5bddrfmc-{0}-5li0z45f7b-5li0z45f7b.gz' for '/home/makani/honua-server/src/Honua.Admin/bin/Debug/net10.0/wwwroot/_framework/System.Reflection.Emit.ILGeneration.5li0z45f7b.wasm'.
         Accepted compressed asset '/home/makani/honua-server/src/Honua.Admin/obj/Debug/net10.0/compressed/vnw80b2csy-{0}-qjvufgr3wc-qjvufgr3wc.gz' for '/home/makani/honua-server/src/Honua.Admin/bin/Debug/net10.0/wwwroot/_framework/System.Reflection.Emit.Lightweight.qjvufgr3wc.wasm'.
         Accepted compressed asset '/home/makani/honua-server/src/Honua.Admin/obj/Debug/net10.0/compressed/56td9emw55-{0}-wyf2c3g3ob-wyf2c3g3ob.gz' for '/home/makani/honua-server/src/Honua.Admin/bin/Debug/net10.0/wwwroot/_framework/System.Reflection.Emit.wyf2c3g3ob.wasm'.
         Accepted compressed asset '/home/makani/honua-server/src/Honua.Admin/obj/Debug/net10.0/compressed/rc0usjn2uj-{0}-5423st4px4-5423st4px4.gz' for '/home/makani/honua-server/src/Honua.Admin/bin/Debug/net10.0/wwwroot/_framework/System.Reflection.Extensions.5423st4px4.wasm'.
         Accepted compressed asset '/home/makani/honua-server/src/Honua.Admin/obj/Debug/net10.0/compressed/groexnyu0u-{0}-9jlh4rmm5n-9jlh4rmm5n.gz' for '/home/makani/honua-server/src/Honua.Admin/bin/Debug/net10.0/wwwroot/_framework/System.Reflection.Metadata.9jlh4rmm5n.wasm'.
         Accepted compressed asset '/home/makani/honua-server/src/Honua.Admin/obj/Debug/net10.0/compressed/rfh8xw2bgq-{0}-yippb5hjvi-yippb5hjvi.gz' for '/home/makani/honua-server/src/Honua.Admin/bin/Debug/net10.0/wwwroot/_framework/System.Reflection.Primitives.yippb5hjvi.wasm'.
         Accepted compressed asset '/home/makani/honua-server/src/Honua.Admin/obj/Debug/net10.0/compressed/2fisahvmle-{0}-j1u7dn4u7m-j1u7dn4u7m.gz' for '/home/makani/honua-server/src/Honua.Admin/bin/Debug/net10.0/wwwroot/_framework/System.Reflection.TypeExtensions.j1u7dn4u7m.wasm'.
         Accepted compressed asset '/home/makani/honua-server/src/Honua.Admin/obj/Debug/net10.0/compressed/aza8go154e-{0}-e4ad5khic1-e4ad5khic1.gz' for '/home/makani/honua-server/src/Honua.Admin/bin/Debug/net10.0/wwwroot/_framework/System.Reflection.e4ad5khic1.wasm'.
         Accepted compressed asset '/home/makani/honua-server/src/Honua.Admin/obj/Debug/net10.0/compressed/w0r30xvrde-{0}-xlkk3ynoru-xlkk3ynoru.gz' for '/home/makani/honua-server/src/Honua.Admin/bin/Debug/net10.0/wwwroot/_framework/System.Resources.Reader.xlkk3ynoru.wasm'.
         Accepted compressed asset '/home/makani/honua-server/src/Honua.Admin/obj/Debug/net10.0/compressed/3sm2ls4r0x-{0}-eugtqi7331-eugtqi7331.gz' for '/home/makani/honua-server/src/Honua.Admin/bin/Debug/net10.0/wwwroot/_framework/System.Resources.ResourceManager.eugtqi7331.wasm'.
         Accepted compressed asset '/home/makani/honua-server/src/Honua.Admin/obj/Debug/net10.0/compressed/noipyy5ogd-{0}-depxp3za4f-depxp3za4f.gz' for '/home/makani/honua-server/src/Honua.Admin/bin/Debug/net10.0/wwwroot/_framework/System.Resources.Writer.depxp3za4f.wasm'.
         Accepted compressed asset '/home/makani/honua-server/src/Honua.Admin/obj/Debug/net10.0/compressed/p8y1d4agzx-{0}-qm5biyh995-qm5biyh995.gz' for '/home/makani/honua-server/src/Honua.Admin/bin/Debug/net10.0/wwwroot/_framework/System.Runtime.CompilerServices.Unsafe.qm5biyh995.wasm'.
         Accepted compressed asset '/home/makani/honua-server/src/Honua.Admin/obj/Debug/net10.0/compressed/5twqyrugpg-{0}-vjh10io2ol-vjh10io2ol.gz' for '/home/makani/honua-server/src/Honua.Admin/bin/Debug/net10.0/wwwroot/_framework/System.Runtime.CompilerServices.VisualC.vjh10io2ol.wasm'.
         Accepted compressed asset '/home/makani/honua-server/src/Honua.Admin/obj/Debug/net10.0/compressed/46b3n4fwpf-{0}-gm74y2bo0g-gm74y2bo0g.gz' for '/home/makani/honua-server/src/Honua.Admin/bin/Debug/net10.0/wwwroot/_framework/System.Runtime.Extensions.gm74y2bo0g.wasm'.
         Accepted compressed asset '/home/makani/honua-server/src/Honua.Admin/obj/Debug/net10.0/compressed/zbj3wb3p43-{0}-ujbtg86el3-ujbtg86el3.gz' for '/home/makani/honua-server/src/Honua.Admin/bin/Debug/net10.0/wwwroot/_framework/System.Runtime.Handles.ujbtg86el3.wasm'.
         Accepted compressed asset '/home/makani/honua-server/src/Honua.Admin/obj/Debug/net10.0/compressed/oh3t8c42ao-{0}-e22nl7riy4-e22nl7riy4.gz' for '/home/makani/honua-server/src/Honua.Admin/bin/Debug/net10.0/wwwroot/_framework/System.Runtime.InteropServices.JavaScript.e22nl7riy4.wasm'.
         Accepted compressed asset '/home/makani/honua-server/src/Honua.Admin/obj/Debug/net10.0/compressed/p07fnf53zh-{0}-ha950r0i18-ha950r0i18.gz' for '/home/makani/honua-server/src/Honua.Admin/bin/Debug/net10.0/wwwroot/_framework/System.Runtime.InteropServices.RuntimeInformation.ha950r0i18.wasm'.
         Accepted compressed asset '/home/makani/honua-server/src/Honua.Admin/obj/Debug/net10.0/compressed/gm3l4li02j-{0}-g1w1fits1p-g1w1fits1p.gz' for '/home/makani/honua-server/src/Honua.Admin/bin/Debug/net10.0/wwwroot/_framework/System.Runtime.InteropServices.g1w1fits1p.wasm'.
         Accepted compressed asset '/home/makani/honua-server/src/Honua.Admin/obj/Debug/net10.0/compressed/ydpb7u5zzu-{0}-7n7jt1ms3p-7n7jt1ms3p.gz' for '/home/makani/honua-server/src/Honua.Admin/bin/Debug/net10.0/wwwroot/_framework/System.Runtime.Intrinsics.7n7jt1ms3p.wasm'.
         Accepted compressed asset '/home/makani/honua-server/src/Honua.Admin/obj/Debug/net10.0/compressed/hpoev31m2g-{0}-13t1lxa6p2-13t1lxa6p2.gz' for '/home/makani/honua-server/src/Honua.Admin/bin/Debug/net10.0/wwwroot/_framework/System.Runtime.Loader.13t1lxa6p2.wasm'.
         Accepted compressed asset '/home/makani/honua-server/src/Honua.Admin/obj/Debug/net10.0/compressed/wt077rv3vk-{0}-bcciqwoqxp-bcciqwoqxp.gz' for '/home/makani/honua-server/src/Honua.Admin/bin/Debug/net10.0/wwwroot/_framework/System.Runtime.Numerics.bcciqwoqxp.wasm'.
         Accepted compressed asset '/home/makani/honua-server/src/Honua.Admin/obj/Debug/net10.0/compressed/9enbh8a8du-{0}-wecoe44nmz-wecoe44nmz.gz' for '/home/makani/honua-server/src/Honua.Admin/bin/Debug/net10.0/wwwroot/_framework/System.Runtime.Serialization.Formatters.wecoe44nmz.wasm'.
         Accepted compressed asset '/home/makani/honua-server/src/Honua.Admin/obj/Debug/net10.0/compressed/1862qpbs1e-{0}-8dz8w33dsz-8dz8w33dsz.gz' for '/home/makani/honua-server/src/Honua.Admin/bin/Debug/net10.0/wwwroot/_framework/System.Runtime.Serialization.Json.8dz8w33dsz.wasm'.
         Accepted compressed asset '/home/makani/honua-server/src/Honua.Admin/obj/Debug/net10.0/compressed/7a7553mf2e-{0}-m05m0pm5oq-m05m0pm5oq.gz' for '/home/makani/honua-server/src/Honua.Admin/bin/Debug/net10.0/wwwroot/_framework/System.Runtime.Serialization.Primitives.m05m0pm5oq.wasm'.
         Accepted compressed asset '/home/makani/honua-server/src/Honua.Admin/obj/Debug/net10.0/compressed/d8lr5yil1b-{0}-79xb2e70lp-79xb2e70lp.gz' for '/home/makani/honua-server/src/Honua.Admin/bin/Debug/net10.0/wwwroot/_framework/System.Runtime.Serialization.Xml.79xb2e70lp.wasm'.
         Accepted compressed asset '/home/makani/honua-server/src/Honua.Admin/obj/Debug/net10.0/compressed/r9ctbrouv9-{0}-uyi2fb0103-uyi2fb0103.gz' for '/home/makani/honua-server/src/Honua.Admin/bin/Debug/net10.0/wwwroot/_framework/System.Runtime.Serialization.uyi2fb0103.wasm'.
         Accepted compressed asset '/home/makani/honua-server/src/Honua.Admin/obj/Debug/net10.0/compressed/3st8gsxuwz-{0}-69m00wu7n6-69m00wu7n6.gz' for '/home/makani/honua-server/src/Honua.Admin/bin/Debug/net10.0/wwwroot/_framework/System.Runtime.69m00wu7n6.wasm'.
         Accepted compressed asset '/home/makani/honua-server/src/Honua.Admin/obj/Debug/net10.0/compressed/w59hy6k69x-{0}-rv6iq87t46-rv6iq87t46.gz' for '/home/makani/honua-server/src/Honua.Admin/bin/Debug/net10.0/wwwroot/_framework/System.Security.AccessControl.rv6iq87t46.wasm'.
         Accepted compressed asset '/home/makani/honua-server/src/Honua.Admin/obj/Debug/net10.0/compressed/81ck1ko8xi-{0}-2pchagji9k-2pchagji9k.gz' for '/home/makani/honua-server/src/Honua.Admin/bin/Debug/net10.0/wwwroot/_framework/System.Security.Claims.2pchagji9k.wasm'.
         Accepted compressed asset '/home/makani/honua-server/src/Honua.Admin/obj/Debug/net10.0/compressed/ngad18nzhr-{0}-tba5tu29wv-tba5tu29wv.gz' for '/home/makani/honua-server/src/Honua.Admin/bin/Debug/net10.0/wwwroot/_framework/System.Security.Cryptography.Algorithms.tba5tu29wv.wasm'.
         Accepted compressed asset '/home/makani/honua-server/src/Honua.Admin/obj/Debug/net10.0/compressed/tcmbai76nn-{0}-q19w88bn7l-q19w88bn7l.gz' for '/home/makani/honua-server/src/Honua.Admin/bin/Debug/net10.0/wwwroot/_framework/System.Security.Cryptography.Cng.q19w88bn7l.wasm'.
         Accepted compressed asset '/home/makani/honua-server/src/Honua.Admin/obj/Debug/net10.0/compressed/qpkika68s1-{0}-lmdq3p0hzc-lmdq3p0hzc.gz' for '/home/makani/honua-server/src/Honua.Admin/bin/Debug/net10.0/wwwroot/_framework/System.Security.Cryptography.Csp.lmdq3p0hzc.wasm'.
         Accepted compressed asset '/home/makani/honua-server/src/Honua.Admin/obj/Debug/net10.0/compressed/deeu5u9ewf-{0}-irtnamfpwo-irtnamfpwo.gz' for '/home/makani/honua-server/src/Honua.Admin/bin/Debug/net10.0/wwwroot/_framework/System.Security.Cryptography.Encoding.irtnamfpwo.wasm'.
         Accepted compressed asset '/home/makani/honua-server/src/Honua.Admin/obj/Debug/net10.0/compressed/lyv4fpch1t-{0}-ctfxrq7l33-ctfxrq7l33.gz' for '/home/makani/honua-server/src/Honua.Admin/bin/Debug/net10.0/wwwroot/_framework/System.Security.Cryptography.OpenSsl.ctfxrq7l33.wasm'.
         Accepted compressed asset '/home/makani/honua-server/src/Honua.Admin/obj/Debug/net10.0/compressed/uqjx6qz6ll-{0}-wfl2haanmw-wfl2haanmw.gz' for '/home/makani/honua-server/src/Honua.Admin/bin/Debug/net10.0/wwwroot/_framework/System.Security.Cryptography.Primitives.wfl2haanmw.wasm'.
         Accepted compressed asset '/home/makani/honua-server/src/Honua.Admin/obj/Debug/net10.0/compressed/wrcnq8ql4d-{0}-jk1euj9vu9-jk1euj9vu9.gz' for '/home/makani/honua-server/src/Honua.Admin/bin/Debug/net10.0/wwwroot/_framework/System.Security.Cryptography.X509Certificates.jk1euj9vu9.wasm'.
         Accepted compressed asset '/home/makani/honua-server/src/Honua.Admin/obj/Debug/net10.0/compressed/fmz0b6nidd-{0}-s9jclef89k-s9jclef89k.gz' for '/home/makani/honua-server/src/Honua.Admin/bin/Debug/net10.0/wwwroot/_framework/System.Security.Cryptography.s9jclef89k.wasm'.
         Accepted compressed asset '/home/makani/honua-server/src/Honua.Admin/obj/Debug/net10.0/compressed/1s0idyqgk6-{0}-s3g4fx319q-s3g4fx319q.gz' for '/home/makani/honua-server/src/Honua.Admin/bin/Debug/net10.0/wwwroot/_framework/System.Security.Principal.Windows.s3g4fx319q.wasm'.
         Accepted compressed asset '/home/makani/honua-server/src/Honua.Admin/obj/Debug/net10.0/compressed/bn3rqg4vvh-{0}-5ic1w2xffg-5ic1w2xffg.gz' for '/home/makani/honua-server/src/Honua.Admin/bin/Debug/net10.0/wwwroot/_framework/System.Security.Principal.5ic1w2xffg.wasm'.
         Accepted compressed asset '/home/makani/honua-server/src/Honua.Admin/obj/Debug/net10.0/compressed/uf6ndq1ndw-{0}-akn0vk63vp-akn0vk63vp.gz' for '/home/makani/honua-server/src/Honua.Admin/bin/Debug/net10.0/wwwroot/_framework/System.Security.SecureString.akn0vk63vp.wasm'.
         Accepted compressed asset '/home/makani/honua-server/src/Honua.Admin/obj/Debug/net10.0/compressed/l8wnkxp897-{0}-hy6omngq8z-hy6omngq8z.gz' for '/home/makani/honua-server/src/Honua.Admin/bin/Debug/net10.0/wwwroot/_framework/System.Security.hy6omngq8z.wasm'.
         Accepted compressed asset '/home/makani/honua-server/src/Honua.Admin/obj/Debug/net10.0/compressed/pupp5qp11k-{0}-c7chznvmm3-c7chznvmm3.gz' for '/home/makani/honua-server/src/Honua.Admin/bin/Debug/net10.0/wwwroot/_framework/System.ServiceModel.Web.c7chznvmm3.wasm'.
         Accepted compressed asset '/home/makani/honua-server/src/Honua.Admin/obj/Debug/net10.0/compressed/pcnne6rnf0-{0}-mfsa3z03lw-mfsa3z03lw.gz' for '/home/makani/honua-server/src/Honua.Admin/bin/Debug/net10.0/wwwroot/_framework/System.ServiceProcess.mfsa3z03lw.wasm'.
         Accepted compressed asset '/home/makani/honua-server/src/Honua.Admin/obj/Debug/net10.0/compressed/g6xfvmrk2b-{0}-apclussnua-apclussnua.gz' for '/home/makani/honua-server/src/Honua.Admin/bin/Debug/net10.0/wwwroot/_framework/System.Text.Encoding.CodePages.apclussnua.wasm'.
         Accepted compressed asset '/home/makani/honua-server/src/Honua.Admin/obj/Debug/net10.0/compressed/ew1x7sulou-{0}-kny0la5npq-kny0la5npq.gz' for '/home/makani/honua-server/src/Honua.Admin/bin/Debug/net10.0/wwwroot/_framework/System.Text.Encoding.Extensions.kny0la5npq.wasm'.
         Accepted compressed asset '/home/makani/honua-server/src/Honua.Admin/obj/Debug/net10.0/compressed/souptefk29-{0}-4bprmgilq2-4bprmgilq2.gz' for '/home/makani/honua-server/src/Honua.Admin/bin/Debug/net10.0/wwwroot/_framework/System.Text.Encoding.4bprmgilq2.wasm'.
         Accepted compressed asset '/home/makani/honua-server/src/Honua.Admin/obj/Debug/net10.0/compressed/8hgd8ysk7o-{0}-z4o1x288hz-z4o1x288hz.gz' for '/home/makani/honua-server/src/Honua.Admin/bin/Debug/net10.0/wwwroot/_framework/System.Text.Encodings.Web.z4o1x288hz.wasm'.
         Accepted compressed asset '/home/makani/honua-server/src/Honua.Admin/obj/Debug/net10.0/compressed/mnh2rmrxul-{0}-ytv8luxawq-ytv8luxawq.gz' for '/home/makani/honua-server/src/Honua.Admin/bin/Debug/net10.0/wwwroot/_framework/System.Text.Json.ytv8luxawq.wasm'.
         Accepted compressed asset '/home/makani/honua-server/src/Honua.Admin/obj/Debug/net10.0/compressed/6pwxzc4tfl-{0}-i57ntutovo-i57ntutovo.gz' for '/home/makani/honua-server/src/Honua.Admin/bin/Debug/net10.0/wwwroot/_framework/System.Text.RegularExpressions.i57ntutovo.wasm'.
         Accepted compressed asset '/home/makani/honua-server/src/Honua.Admin/obj/Debug/net10.0/compressed/gc6l0sy8yk-{0}-vkhht9s4s0-vkhht9s4s0.gz' for '/home/makani/honua-server/src/Honua.Admin/bin/Debug/net10.0/wwwroot/_framework/System.Threading.AccessControl.vkhht9s4s0.wasm'.
         Accepted compressed asset '/home/makani/honua-server/src/Honua.Admin/obj/Debug/net10.0/compressed/hbtrx93d5k-{0}-ici4sc8c5d-ici4sc8c5d.gz' for '/home/makani/honua-server/src/Honua.Admin/bin/Debug/net10.0/wwwroot/_framework/System.Threading.Channels.ici4sc8c5d.wasm'.
         Accepted compressed asset '/home/makani/honua-server/src/Honua.Admin/obj/Debug/net10.0/compressed/etpc89w39z-{0}-gbkwu8tis9-gbkwu8tis9.gz' for '/home/makani/honua-server/src/Honua.Admin/bin/Debug/net10.0/wwwroot/_framework/System.Threading.Overlapped.gbkwu8tis9.wasm'.
         Accepted compressed asset '/home/makani/honua-server/src/Honua.Admin/obj/Debug/net10.0/compressed/cwwdj5ssx7-{0}-5hsbzkigfv-5hsbzkigfv.gz' for '/home/makani/honua-server/src/Honua.Admin/bin/Debug/net10.0/wwwroot/_framework/System.Threading.Tasks.Dataflow.5hsbzkigfv.wasm'.
         Accepted compressed asset '/home/makani/honua-server/src/Honua.Admin/obj/Debug/net10.0/compressed/lm0ub70p87-{0}-nc1yghpvaj-nc1yghpvaj.gz' for '/home/makani/honua-server/src/Honua.Admin/bin/Debug/net10.0/wwwroot/_framework/System.Threading.Tasks.Extensions.nc1yghpvaj.wasm'.
         Accepted compressed asset '/home/makani/honua-server/src/Honua.Admin/obj/Debug/net10.0/compressed/c60hep0xr3-{0}-4n1o4dxc9j-4n1o4dxc9j.gz' for '/home/makani/honua-server/src/Honua.Admin/bin/Debug/net10.0/wwwroot/_framework/System.Threading.Tasks.Parallel.4n1o4dxc9j.wasm'.
         Accepted compressed asset '/home/makani/honua-server/src/Honua.Admin/obj/Debug/net10.0/compressed/yxpzm8b79i-{0}-rx5istkt3h-rx5istkt3h.gz' for '/home/makani/honua-server/src/Honua.Admin/bin/Debug/net10.0/wwwroot/_framework/System.Threading.Tasks.rx5istkt3h.wasm'.
         Accepted compressed asset '/home/makani/honua-server/src/Honua.Admin/obj/Debug/net10.0/compressed/smp2c8r5g6-{0}-43ap29e3sq-43ap29e3sq.gz' for '/home/makani/honua-server/src/Honua.Admin/bin/Debug/net10.0/wwwroot/_framework/System.Threading.Thread.43ap29e3sq.wasm'.
         Accepted compressed asset '/home/makani/honua-server/src/Honua.Admin/obj/Debug/net10.0/compressed/48cvsm4go7-{0}-7gbfkrjizt-7gbfkrjizt.gz' for '/home/makani/honua-server/src/Honua.Admin/bin/Debug/net10.0/wwwroot/_framework/System.Threading.ThreadPool.7gbfkrjizt.wasm'.
         Accepted compressed asset '/home/makani/honua-server/src/Honua.Admin/obj/Debug/net10.0/compressed/klthenajox-{0}-kkeuksfj0m-kkeuksfj0m.gz' for '/home/makani/honua-server/src/Honua.Admin/bin/Debug/net10.0/wwwroot/_framework/System.Threading.Timer.kkeuksfj0m.wasm'.
         Accepted compressed asset '/home/makani/honua-server/src/Honua.Admin/obj/Debug/net10.0/compressed/ion8hv8o8h-{0}-57sxvma12c-57sxvma12c.gz' for '/home/makani/honua-server/src/Honua.Admin/bin/Debug/net10.0/wwwroot/_framework/System.Threading.57sxvma12c.wasm'.
         Accepted compressed asset '/home/makani/honua-server/src/Honua.Admin/obj/Debug/net10.0/compressed/bjxrog1fyj-{0}-kjba88uqo5-kjba88uqo5.gz' for '/home/makani/honua-server/src/Honua.Admin/bin/Debug/net10.0/wwwroot/_framework/System.Transactions.Local.kjba88uqo5.wasm'.
         Accepted compressed asset '/home/makani/honua-server/src/Honua.Admin/obj/Debug/net10.0/compressed/ugk6frngq3-{0}-yd5orfj1dk-yd5orfj1dk.gz' for '/home/makani/honua-server/src/Honua.Admin/bin/Debug/net10.0/wwwroot/_framework/System.Transactions.yd5orfj1dk.wasm'.
         Accepted compressed asset '/home/makani/honua-server/src/Honua.Admin/obj/Debug/net10.0/compressed/8o0jotqanb-{0}-x5xctdxzrq-x5xctdxzrq.gz' for '/home/makani/honua-server/src/Honua.Admin/bin/Debug/net10.0/wwwroot/_framework/System.ValueTuple.x5xctdxzrq.wasm'.
         Accepted compressed asset '/home/makani/honua-server/src/Honua.Admin/obj/Debug/net10.0/compressed/dv5w3b5lzq-{0}-1a72cmhu6i-1a72cmhu6i.gz' for '/home/makani/honua-server/src/Honua.Admin/bin/Debug/net10.0/wwwroot/_framework/System.Web.HttpUtility.1a72cmhu6i.wasm'.
         Accepted compressed asset '/home/makani/honua-server/src/Honua.Admin/obj/Debug/net10.0/compressed/wupz04ysbq-{0}-ilju54fcp2-ilju54fcp2.gz' for '/home/makani/honua-server/src/Honua.Admin/bin/Debug/net10.0/wwwroot/_framework/System.Web.ilju54fcp2.wasm'.
         Accepted compressed asset '/home/makani/honua-server/src/Honua.Admin/obj/Debug/net10.0/compressed/msh72gz566-{0}-gr5k60s0oe-gr5k60s0oe.gz' for '/home/makani/honua-server/src/Honua.Admin/bin/Debug/net10.0/wwwroot/_framework/System.Windows.gr5k60s0oe.wasm'.
         Accepted compressed asset '/home/makani/honua-server/src/Honua.Admin/obj/Debug/net10.0/compressed/03luphkphz-{0}-plyvi1r5s9-plyvi1r5s9.gz' for '/home/makani/honua-server/src/Honua.Admin/bin/Debug/net10.0/wwwroot/_framework/System.Xml.Linq.plyvi1r5s9.wasm'.
         Accepted compressed asset '/home/makani/honua-server/src/Honua.Admin/obj/Debug/net10.0/compressed/q5i2ywwv6n-{0}-pt2dqzuhaf-pt2dqzuhaf.gz' for '/home/makani/honua-server/src/Honua.Admin/bin/Debug/net10.0/wwwroot/_framework/System.Xml.ReaderWriter.pt2dqzuhaf.wasm'.
         Accepted compressed asset '/home/makani/honua-server/src/Honua.Admin/obj/Debug/net10.0/compressed/vhjggso6fu-{0}-ygdmhmuqdp-ygdmhmuqdp.gz' for '/home/makani/honua-server/src/Honua.Admin/bin/Debug/net10.0/wwwroot/_framework/System.Xml.Serialization.ygdmhmuqdp.wasm'.
         Accepted compressed asset '/home/makani/honua-server/src/Honua.Admin/obj/Debug/net10.0/compressed/u7j3w6tn0b-{0}-olv3u76k95-olv3u76k95.gz' for '/home/makani/honua-server/src/Honua.Admin/bin/Debug/net10.0/wwwroot/_framework/System.Xml.XDocument.olv3u76k95.wasm'.
         Accepted compressed asset '/home/makani/honua-server/src/Honua.Admin/obj/Debug/net10.0/compressed/5dybcwr71i-{0}-m5wc9z7e1k-m5wc9z7e1k.gz' for '/home/makani/honua-server/src/Honua.Admin/bin/Debug/net10.0/wwwroot/_framework/System.Xml.XPath.XDocument.m5wc9z7e1k.wasm'.
         Accepted compressed asset '/home/makani/honua-server/src/Honua.Admin/obj/Debug/net10.0/compressed/5bxtsz0zg8-{0}-dd748ds2m7-dd748ds2m7.gz' for '/home/makani/honua-server/src/Honua.Admin/bin/Debug/net10.0/wwwroot/_framework/System.Xml.XPath.dd748ds2m7.wasm'.
         Accepted compressed asset '/home/makani/honua-server/src/Honua.Admin/obj/Debug/net10.0/compressed/zbx3lpk4ok-{0}-4gwmhmdbax-4gwmhmdbax.gz' for '/home/makani/honua-server/src/Honua.Admin/bin/Debug/net10.0/wwwroot/_framework/System.Xml.XmlDocument.4gwmhmdbax.wasm'.
         Accepted compressed asset '/home/makani/honua-server/src/Honua.Admin/obj/Debug/net10.0/compressed/gtw8rafkqq-{0}-v02wvgnobf-v02wvgnobf.gz' for '/home/makani/honua-server/src/Honua.Admin/bin/Debug/net10.0/wwwroot/_framework/System.Xml.XmlSerializer.v02wvgnobf.wasm'.
         Accepted compressed asset '/home/makani/honua-server/src/Honua.Admin/obj/Debug/net10.0/compressed/fbrfjeyzj7-{0}-o33u56xp8u-o33u56xp8u.gz' for '/home/makani/honua-server/src/Honua.Admin/bin/Debug/net10.0/wwwroot/_framework/System.Xml.o33u56xp8u.wasm'.
         Accepted compressed asset '/home/makani/honua-server/src/Honua.Admin/obj/Debug/net10.0/compressed/8dyd2gotfo-{0}-gxdw562h4s-gxdw562h4s.gz' for '/home/makani/honua-server/src/Honua.Admin/bin/Debug/net10.0/wwwroot/_framework/System.gxdw562h4s.wasm'.
         Accepted compressed asset '/home/makani/honua-server/src/Honua.Admin/obj/Debug/net10.0/compressed/zqu3sr5vg5-{0}-itp3e5i1h2-itp3e5i1h2.gz' for '/home/makani/honua-server/src/Honua.Admin/bin/Debug/net10.0/wwwroot/_framework/WindowsBase.itp3e5i1h2.wasm'.
         Accepted compressed asset '/home/makani/honua-server/src/Honua.Admin/obj/Debug/net10.0/compressed/4s3aqlmhvf-{0}-k0eqaq9do2-k0eqaq9do2.gz' for '/home/makani/honua-server/src/Honua.Admin/bin/Debug/net10.0/wwwroot/_framework/mscorlib.k0eqaq9do2.wasm'.
         Accepted compressed asset '/home/makani/honua-server/src/Honua.Admin/obj/Debug/net10.0/compressed/aw56qsa70u-{0}-xl4f7m8snf-xl4f7m8snf.gz' for '/home/makani/honua-server/src/Honua.Admin/bin/Debug/net10.0/wwwroot/_framework/netstandard.xl4f7m8snf.wasm'.
         Accepted compressed asset '/home/makani/honua-server/src/Honua.Admin/obj/Debug/net10.0/compressed/afas6zxnr7-{0}-mwo4f5vsvi-mwo4f5vsvi.gz' for '/home/makani/honua-server/src/Honua.Admin/bin/Debug/net10.0/wwwroot/_framework/System.Private.CoreLib.mwo4f5vsvi.wasm'.
         Accepted compressed asset '/home/makani/honua-server/src/Honua.Admin/obj/Debug/net10.0/compressed/mr84ikvee9-{0}-5y9laxu2f8-5y9laxu2f8.gz' for '/home/makani/honua-server/src/Honua.Admin/bin/Debug/net10.0/wwwroot/_framework/dotnet.js.map'.
         Accepted compressed asset '/home/makani/honua-server/src/Honua.Admin/obj/Debug/net10.0/compressed/4rn155q585-{0}-69poregybn-69poregybn.gz' for '/home/makani/honua-server/src/Honua.Admin/bin/Debug/net10.0/wwwroot/_framework/dotnet.native.69poregybn.js'.
         Accepted compressed asset '/home/makani/honua-server/src/Honua.Admin/obj/Debug/net10.0/compressed/fm1h9a9l8s-{0}-2mv1pqdd2n-2mv1pqdd2n.gz' for '/home/makani/honua-server/src/Honua.Admin/bin/Debug/net10.0/wwwroot/_framework/dotnet.native.2mv1pqdd2n.wasm'.
         Accepted compressed asset '/home/makani/honua-server/src/Honua.Admin/obj/Debug/net10.0/compressed/9a2m2s8nj4-{0}-q5rqv3xrhm-q5rqv3xrhm.gz' for '/home/makani/honua-server/src/Honua.Admin/bin/Debug/net10.0/wwwroot/_framework/dotnet.runtime.q5rqv3xrhm.js'.
         Accepted compressed asset '/home/makani/honua-server/src/Honua.Admin/obj/Debug/net10.0/compressed/mh84rca5xm-{0}-5kqprya74h-5kqprya74h.gz' for '/home/makani/honua-server/src/Honua.Admin/bin/Debug/net10.0/wwwroot/_framework/dotnet.runtime.js.map'.
         Accepted compressed asset '/home/makani/honua-server/src/Honua.Admin/obj/Debug/net10.0/compressed/z93oyzk8ta-{0}-tjcz0u77k5-tjcz0u77k5.gz' for '/home/makani/honua-server/src/Honua.Admin/bin/Debug/net10.0/wwwroot/_framework/icudt_CJK.tjcz0u77k5.dat'.
         Accepted compressed asset '/home/makani/honua-server/src/Honua.Admin/obj/Debug/net10.0/compressed/2w0en8e9sa-{0}-tptq2av103-tptq2av103.gz' for '/home/makani/honua-server/src/Honua.Admin/bin/Debug/net10.0/wwwroot/_framework/icudt_EFIGS.tptq2av103.dat'.
         Accepted compressed asset '/home/makani/honua-server/src/Honua.Admin/obj/Debug/net10.0/compressed/wajxz0vgck-{0}-lfu7j35m59-lfu7j35m59.gz' for '/home/makani/honua-server/src/Honua.Admin/bin/Debug/net10.0/wwwroot/_framework/icudt_no_CJK.lfu7j35m59.dat'.
         Accepted compressed asset '/home/makani/honua-server/src/Honua.Admin/obj/Debug/net10.0/compressed/df37f37wy2-{0}-g4rei679lk-g4rei679lk.gz' for '/home/makani/honua-server/src/Honua.Admin/bin/Debug/net10.0/wwwroot/_framework/Honua.Admin.g4rei679lk.wasm'.
         Accepted compressed asset '/home/makani/honua-server/src/Honua.Admin/obj/Debug/net10.0/compressed/86abawsttw-{0}-f5l7d1m99w-f5l7d1m99w.gz' for '/home/makani/honua-server/src/Honua.Admin/bin/Debug/net10.0/wwwroot/_framework/Honua.Admin.f5l7d1m99w.pdb'.
         Accepted compressed asset '/home/makani/honua-server/src/Honua.Admin/obj/Debug/net10.0/compressed/zmsaotod7k-{0}-hv77dbkyn2-hv77dbkyn2.gz' for '/home/makani/honua-server/src/Honua.Admin/bin/Debug/net10.0/wwwroot/_framework/dotnet.js'.
         Resolved 221 compressed assets for 221 candidate assets.
       ResolveBuildCompressedStaticWebAssets:
         Processing compressed asset: /home/makani/honua-server/src/Honua.Admin/obj/Debug/net10.0/compressed/72f2nfdm1b-{0}-66stpp682q-66stpp682q.gz
         Processing compressed asset: /home/makani/honua-server/src/Honua.Admin/obj/Debug/net10.0/compressed/4qtryupyoh-{0}-uddsvpv1sv-uddsvpv1sv.gz
         Processing compressed asset: /home/makani/honua-server/src/Honua.Admin/obj/Debug/net10.0/compressed/v2j0q63p4f-{0}-uo1a6owr17-uo1a6owr17.gz
         Processing compressed asset: /home/makani/honua-server/src/Honua.Admin/obj/Debug/net10.0/compressed/prf3yz1ahb-{0}-zrueb40r85-zrueb40r85.gz
         Processing compressed asset: /home/makani/honua-server/src/Honua.Admin/obj/Debug/net10.0/compressed/bggugofjl0-{0}-g5qdp1mxha-g5qdp1mxha.gz
         Processing compressed asset: /home/makani/honua-server/src/Honua.Admin/obj/Debug/net10.0/compressed/tigip55y7z-{0}-9mjwvs1qyp-9mjwvs1qyp.gz
         Processing compressed asset: /home/makani/honua-server/src/Honua.Admin/obj/Debug/net10.0/compressed/z2aqiy2hv6-{0}-myqc2w9pi0-myqc2w9pi0.gz
         Processing compressed asset: /home/makani/honua-server/src/Honua.Admin/obj/Debug/net10.0/compressed/ghpbv6rne4-{0}-m3mxap0jif-m3mxap0jif.gz
         Processing compressed asset: /home/makani/honua-server/src/Honua.Admin/obj/Debug/net10.0/compressed/3zp83ypxq1-{0}-fgwnqtu7qk-fgwnqtu7qk.gz
         Processing compressed asset: /home/makani/honua-server/src/Honua.Admin/obj/Debug/net10.0/compressed/x879ihfa4m-{0}-thew1o6jcx-thew1o6jcx.gz
         Processing compressed asset: /home/makani/honua-server/src/Honua.Admin/obj/Debug/net10.0/compressed/jgblf0gwrr-{0}-7o70008j8o-7o70008j8o.gz
         Processing compressed asset: /home/makani/honua-server/src/Honua.Admin/obj/Debug/net10.0/compressed/h1d33x7ry9-{0}-ouivavlhyy-ouivavlhyy.gz
         Processing compressed asset: /home/makani/honua-server/src/Honua.Admin/obj/Debug/net10.0/compressed/ogix29uuvd-{0}-giv4t23za9-giv4t23za9.gz
         Processing compressed asset: /home/makani/honua-server/src/Honua.Admin/obj/Debug/net10.0/compressed/u7ejpbs6vo-{0}-vs620n44bv-vs620n44bv.gz
         Processing compressed asset: /home/makani/honua-server/src/Honua.Admin/obj/Debug/net10.0/compressed/f6wwetojip-{0}-ud13mwbta3-ud13mwbta3.gz
         Processing compressed asset: /home/makani/honua-server/src/Honua.Admin/obj/Debug/net10.0/compressed/se8x4jw4k2-{0}-jnogfbng3i-jnogfbng3i.gz
         Processing compressed asset: /home/makani/honua-server/src/Honua.Admin/obj/Debug/net10.0/compressed/iv6hzvp9vg-{0}-v59ymogeuz-v59ymogeuz.gz
         Processing compressed asset: /home/makani/honua-server/src/Honua.Admin/obj/Debug/net10.0/compressed/y26vfr81gz-{0}-ssv83rveyv-ssv83rveyv.gz
         Processing compressed asset: /home/makani/honua-server/src/Honua.Admin/obj/Debug/net10.0/compressed/l3sm73p9va-{0}-8gz29xpyh3-8gz29xpyh3.gz
         Processing compressed asset: /home/makani/honua-server/src/Honua.Admin/obj/Debug/net10.0/compressed/9886wihbjc-{0}-ozuva4e3vv-ozuva4e3vv.gz
         Processing compressed asset: /home/makani/honua-server/src/Honua.Admin/obj/Debug/net10.0/compressed/7c20obm8kc-{0}-y4ydx3rk2c-y4ydx3rk2c.gz
         Processing compressed asset: /home/makani/honua-server/src/Honua.Admin/obj/Debug/net10.0/compressed/4t4r8iwqud-{0}-1q3x7vre4l-1q3x7vre4l.gz
         Processing compressed asset: /home/makani/honua-server/src/Honua.Admin/obj/Debug/net10.0/compressed/ikcusu9zlz-{0}-2rz5zbidnd-2rz5zbidnd.gz
         Processing compressed asset: /home/makani/honua-server/src/Honua.Admin/obj/Debug/net10.0/compressed/uf5jn0nd37-{0}-zmb03w0weu-zmb03w0weu.gz
         Processing compressed asset: /home/makani/honua-server/src/Honua.Admin/obj/Debug/net10.0/compressed/xk5azz09xn-{0}-bd164v6l3f-bd164v6l3f.gz
         Processing compressed asset: /home/makani/honua-server/src/Honua.Admin/obj/Debug/net10.0/compressed/aavv5ygxij-{0}-r1sv3m5lsf-r1sv3m5lsf.gz
         Processing compressed asset: /home/makani/honua-server/src/Honua.Admin/obj/Debug/net10.0/compressed/84pyhvin4o-{0}-9879a4r091-9879a4r091.gz
         Processing compressed asset: /home/makani/honua-server/src/Honua.Admin/obj/Debug/net10.0/compressed/a4qi14r49k-{0}-oz8fkrrrd6-oz8fkrrrd6.gz
         Processing compressed asset: /home/makani/honua-server/src/Honua.Admin/obj/Debug/net10.0/compressed/gx1uly9vw3-{0}-w9ixzkjjki-w9ixzkjjki.gz
         Processing compressed asset: /home/makani/honua-server/src/Honua.Admin/obj/Debug/net10.0/compressed/6qs3ig3xiw-{0}-gijew29e7v-gijew29e7v.gz
         Processing compressed asset: /home/makani/honua-server/src/Honua.Admin/obj/Debug/net10.0/compressed/cbw502r1bp-{0}-5wrvi89jl9-5wrvi89jl9.gz
         Processing compressed asset: /home/makani/honua-server/src/Honua.Admin/obj/Debug/net10.0/compressed/lk0th1c74a-{0}-ohmdjdo4x8-ohmdjdo4x8.gz
         Processing compressed asset: /home/makani/honua-server/src/Honua.Admin/obj/Debug/net10.0/compressed/857m84uq02-{0}-54qaw3y2l7-54qaw3y2l7.gz
         Processing compressed asset: /home/makani/honua-server/src/Honua.Admin/obj/Debug/net10.0/compressed/vpwpzjry0t-{0}-5zehcbadkc-5zehcbadkc.gz
         Processing compressed asset: /home/makani/honua-server/src/Honua.Admin/obj/Debug/net10.0/compressed/ld3he1hiah-{0}-hb972rswn2-hb972rswn2.gz
         Processing compressed asset: /home/makani/honua-server/src/Honua.Admin/obj/Debug/net10.0/compressed/4meyyw21mk-{0}-fmh1lqxxe8-fmh1lqxxe8.gz
         Processing compressed asset: /home/makani/honua-server/src/Honua.Admin/obj/Debug/net10.0/compressed/zirdd8i1ci-{0}-wrpunq2dmd-wrpunq2dmd.gz
         Processing compressed asset: /home/makani/honua-server/src/Honua.Admin/obj/Debug/net10.0/compressed/1tbpw5os2p-{0}-dm08vuov01-dm08vuov01.gz
         Processing compressed asset: /home/makani/honua-server/src/Honua.Admin/obj/Debug/net10.0/compressed/exrazhyu4z-{0}-ucr2s1rjr8-ucr2s1rjr8.gz
         Processing compressed asset: /home/makani/honua-server/src/Honua.Admin/obj/Debug/net10.0/compressed/cyz80r1c1e-{0}-788c2vii7r-788c2vii7r.gz
         Processing compressed asset: /home/makani/honua-server/src/Honua.Admin/obj/Debug/net10.0/compressed/3h6sc7ovrt-{0}-oyg9o5jzra-oyg9o5jzra.gz
         Processing compressed asset: /home/makani/honua-server/src/Honua.Admin/obj/Debug/net10.0/compressed/ay251yds4i-{0}-kzcs3roxpa-kzcs3roxpa.gz
         Processing compressed asset: /home/makani/honua-server/src/Honua.Admin/obj/Debug/net10.0/compressed/b0kdl3lo9r-{0}-uujisxprk9-uujisxprk9.gz
         Processing compressed asset: /home/makani/honua-server/src/Honua.Admin/obj/Debug/net10.0/compressed/s2vtxrum7a-{0}-v1qxqe5fpe-v1qxqe5fpe.gz
         Processing compressed asset: /home/makani/honua-server/src/Honua.Admin/obj/Debug/net10.0/compressed/n2ttw928pm-{0}-ftz81jso1j-ftz81jso1j.gz
         Processing compressed asset: /home/makani/honua-server/src/Honua.Admin/obj/Debug/net10.0/compressed/40vnjmxalx-{0}-w7xhoe08t4-w7xhoe08t4.gz
         Processing compressed asset: /home/makani/honua-server/src/Honua.Admin/obj/Debug/net10.0/compressed/mb6cfqna1i-{0}-k940vnf7b8-k940vnf7b8.gz
         Processing compressed asset: /home/makani/honua-server/src/Honua.Admin/obj/Debug/net10.0/compressed/b3236459dp-{0}-w3ntl07ypg-w3ntl07ypg.gz
         Processing compressed asset: /home/makani/honua-server/src/Honua.Admin/obj/Debug/net10.0/compressed/ngipj7bbe6-{0}-439r3pkwc4-439r3pkwc4.gz
         Processing compressed asset: /home/makani/honua-server/src/Honua.Admin/obj/Debug/net10.0/compressed/z9emantb66-{0}-3okiiotm1r-3okiiotm1r.gz
         Processing compressed asset: /home/makani/honua-server/src/Honua.Admin/obj/Debug/net10.0/compressed/wu0vmk40fo-{0}-u1paws2ie5-u1paws2ie5.gz
         Processing compressed asset: /home/makani/honua-server/src/Honua.Admin/obj/Debug/net10.0/compressed/o1bttp113s-{0}-k7l9fdomp8-k7l9fdomp8.gz
         Processing compressed asset: /home/makani/honua-server/src/Honua.Admin/obj/Debug/net10.0/compressed/e1u6li820v-{0}-0xkcfajxb8-0xkcfajxb8.gz
         Processing compressed asset: /home/makani/honua-server/src/Honua.Admin/obj/Debug/net10.0/compressed/hz6oycvuad-{0}-zgl132fygk-zgl132fygk.gz
         Processing compressed asset: /home/makani/honua-server/src/Honua.Admin/obj/Debug/net10.0/compressed/vllzzd5mrk-{0}-6kui682x9y-6kui682x9y.gz
         Processing compressed asset: /home/makani/honua-server/src/Honua.Admin/obj/Debug/net10.0/compressed/ezdy4nyhjf-{0}-bkk6sbg16x-bkk6sbg16x.gz
         Processing compressed asset: /home/makani/honua-server/src/Honua.Admin/obj/Debug/net10.0/compressed/3uidx6d10l-{0}-3alwgrae57-3alwgrae57.gz
         Processing compressed asset: /home/makani/honua-server/src/Honua.Admin/obj/Debug/net10.0/compressed/tvwytybqto-{0}-06srtm7zqs-06srtm7zqs.gz
         Processing compressed asset: /home/makani/honua-server/src/Honua.Admin/obj/Debug/net10.0/compressed/gq43k2790k-{0}-un2pf554tb-un2pf554tb.gz
         Processing compressed asset: /home/makani/honua-server/src/Honua.Admin/obj/Debug/net10.0/compressed/qh8ntwm5e6-{0}-ida6tfw92t-ida6tfw92t.gz
         Processing compressed asset: /home/makani/honua-server/src/Honua.Admin/obj/Debug/net10.0/compressed/mt10dz4bei-{0}-shey8i22c8-shey8i22c8.gz
         Processing compressed asset: /home/makani/honua-server/src/Honua.Admin/obj/Debug/net10.0/compressed/1l29gwzkah-{0}-clw8b0o34g-clw8b0o34g.gz
         Processing compressed asset: /home/makani/honua-server/src/Honua.Admin/obj/Debug/net10.0/compressed/mkx58t6rk9-{0}-w23ofaxx35-w23ofaxx35.gz
         Processing compressed asset: /home/makani/honua-server/src/Honua.Admin/obj/Debug/net10.0/compressed/uxwcgkli1h-{0}-fzsvb9tweu-fzsvb9tweu.gz
         Processing compressed asset: /home/makani/honua-server/src/Honua.Admin/obj/Debug/net10.0/compressed/azl762edvm-{0}-crwi1p34or-crwi1p34or.gz
         Processing compressed asset: /home/makani/honua-server/src/Honua.Admin/obj/Debug/net10.0/compressed/96f9hlfb7x-{0}-9fcftni5l9-9fcftni5l9.gz
         Processing compressed asset: /home/makani/honua-server/src/Honua.Admin/obj/Debug/net10.0/compressed/7kq7hrdaxz-{0}-3i8640auxn-3i8640auxn.gz
         Processing compressed asset: /home/makani/honua-server/src/Honua.Admin/obj/Debug/net10.0/compressed/hwolw995u1-{0}-6thvjqqi69-6thvjqqi69.gz
         Processing compressed asset: /home/makani/honua-server/src/Honua.Admin/obj/Debug/net10.0/compressed/ccr8wm8bt6-{0}-b34zv6t8w8-b34zv6t8w8.gz
         Processing compressed asset: /home/makani/honua-server/src/Honua.Admin/obj/Debug/net10.0/compressed/63hdoyrjyc-{0}-t9z23vywoa-t9z23vywoa.gz
         Processing compressed asset: /home/makani/honua-server/src/Honua.Admin/obj/Debug/net10.0/compressed/p0zs5a31dl-{0}-kzypximfjj-kzypximfjj.gz
         Processing compressed asset: /home/makani/honua-server/src/Honua.Admin/obj/Debug/net10.0/compressed/uo1tq602ee-{0}-16ihu4aum0-16ihu4aum0.gz
         Processing compressed asset: /home/makani/honua-server/src/Honua.Admin/obj/Debug/net10.0/compressed/07k547stg4-{0}-98t41ls3w6-98t41ls3w6.gz
         Processing compressed asset: /home/makani/honua-server/src/Honua.Admin/obj/Debug/net10.0/compressed/pd6er2g2fs-{0}-0imvrnvy4f-0imvrnvy4f.gz
         Processing compressed asset: /home/makani/honua-server/src/Honua.Admin/obj/Debug/net10.0/compressed/py260713vl-{0}-ne60qfmijm-ne60qfmijm.gz
         Processing compressed asset: /home/makani/honua-server/src/Honua.Admin/obj/Debug/net10.0/compressed/0qi5fnan1t-{0}-8nsm8mjj5e-8nsm8mjj5e.gz
         Processing compressed asset: /home/makani/honua-server/src/Honua.Admin/obj/Debug/net10.0/compressed/je3tfxnmse-{0}-zemo9xngn2-zemo9xngn2.gz
         Processing compressed asset: /home/makani/honua-server/src/Honua.Admin/obj/Debug/net10.0/compressed/t2fjmzu7e8-{0}-kybpzn2oos-kybpzn2oos.gz
         Processing compressed asset: /home/makani/honua-server/src/Honua.Admin/obj/Debug/net10.0/compressed/oji7ts3al0-{0}-ontoty1fxn-ontoty1fxn.gz
         Processing compressed asset: /home/makani/honua-server/src/Honua.Admin/obj/Debug/net10.0/compressed/bp37f3e3st-{0}-cfijc526tp-cfijc526tp.gz
         Processing compressed asset: /home/makani/honua-server/src/Honua.Admin/obj/Debug/net10.0/compressed/iv268427aa-{0}-us5380okmk-us5380okmk.gz
         Processing compressed asset: /home/makani/honua-server/src/Honua.Admin/obj/Debug/net10.0/compressed/21io7wcyat-{0}-v5uya98rfp-v5uya98rfp.gz
         Processing compressed asset: /home/makani/honua-server/src/Honua.Admin/obj/Debug/net10.0/compressed/g1ny1dr1ns-{0}-9dgkwpzi1d-9dgkwpzi1d.gz
         Processing compressed asset: /home/makani/honua-server/src/Honua.Admin/obj/Debug/net10.0/compressed/1c2t8xhnqy-{0}-rihuiw07yu-rihuiw07yu.gz
         Processing compressed asset: /home/makani/honua-server/src/Honua.Admin/obj/Debug/net10.0/compressed/w09w0wb0nb-{0}-f4dn7kellq-f4dn7kellq.gz
         Processing compressed asset: /home/makani/honua-server/src/Honua.Admin/obj/Debug/net10.0/compressed/gf6snu4tu6-{0}-e6eipiyt6q-e6eipiyt6q.gz
         Processing compressed asset: /home/makani/honua-server/src/Honua.Admin/obj/Debug/net10.0/compressed/n2xp6a23nz-{0}-ziabf8ylan-ziabf8ylan.gz
         Processing compressed asset: /home/makani/honua-server/src/Honua.Admin/obj/Debug/net10.0/compressed/vk3s196q5o-{0}-fm8vwphpb6-fm8vwphpb6.gz
         Processing compressed asset: /home/makani/honua-server/src/Honua.Admin/obj/Debug/net10.0/compressed/ecw09skmmg-{0}-uudylx04pc-uudylx04pc.gz
         Processing compressed asset: /home/makani/honua-server/src/Honua.Admin/obj/Debug/net10.0/compressed/4mxjzalapy-{0}-lbbvcapr26-lbbvcapr26.gz
         Processing compressed asset: /home/makani/honua-server/src/Honua.Admin/obj/Debug/net10.0/compressed/v9925uh68k-{0}-hq9iyymx2n-hq9iyymx2n.gz
         Processing compressed asset: /home/makani/honua-server/src/Honua.Admin/obj/Debug/net10.0/compressed/y7py8epn2i-{0}-ome0590huq-ome0590huq.gz
         Processing compressed asset: /home/makani/honua-server/src/Honua.Admin/obj/Debug/net10.0/compressed/11ca25rhdm-{0}-oikctzq2yk-oikctzq2yk.gz
         Processing compressed asset: /home/makani/honua-server/src/Honua.Admin/obj/Debug/net10.0/compressed/eqf8flrsqw-{0}-19ykf2ghfc-19ykf2ghfc.gz
         Processing compressed asset: /home/makani/honua-server/src/Honua.Admin/obj/Debug/net10.0/compressed/6oxg2o5nub-{0}-5kege8iwcx-5kege8iwcx.gz
         Processing compressed asset: /home/makani/honua-server/src/Honua.Admin/obj/Debug/net10.0/compressed/6126il3dl6-{0}-govomr6pnd-govomr6pnd.gz
         Processing compressed asset: /home/makani/honua-server/src/Honua.Admin/obj/Debug/net10.0/compressed/02co718fh7-{0}-kpjpkrf00f-kpjpkrf00f.gz
         Processing compressed asset: /home/makani/honua-server/src/Honua.Admin/obj/Debug/net10.0/compressed/86u1pngs6l-{0}-dxybkhgvzf-dxybkhgvzf.gz
         Processing compressed asset: /home/makani/honua-server/src/Honua.Admin/obj/Debug/net10.0/compressed/593d0fkarm-{0}-vqv9utc4ui-vqv9utc4ui.gz
         Processing compressed asset: /home/makani/honua-server/src/Honua.Admin/obj/Debug/net10.0/compressed/gamlm5b7si-{0}-783n01f2ja-783n01f2ja.gz
         Processing compressed asset: /home/makani/honua-server/src/Honua.Admin/obj/Debug/net10.0/compressed/7n5dsbabgm-{0}-pstx0jw374-pstx0jw374.gz
         Processing compressed asset: /home/makani/honua-server/src/Honua.Admin/obj/Debug/net10.0/compressed/src3ewwhx1-{0}-dj8trc6yee-dj8trc6yee.gz
         Processing compressed asset: /home/makani/honua-server/src/Honua.Admin/obj/Debug/net10.0/compressed/ubnw1ww905-{0}-l70yyhjzub-l70yyhjzub.gz
         Processing compressed asset: /home/makani/honua-server/src/Honua.Admin/obj/Debug/net10.0/compressed/7vwevyjcf9-{0}-r7o76f3x7n-r7o76f3x7n.gz
         Processing compressed asset: /home/makani/honua-server/src/Honua.Admin/obj/Debug/net10.0/compressed/rk57p038x6-{0}-tgl8yc4d2m-tgl8yc4d2m.gz
         Processing compressed asset: /home/makani/honua-server/src/Honua.Admin/obj/Debug/net10.0/compressed/rqu0g7n6yy-{0}-052trdlw01-052trdlw01.gz
         Processing compressed asset: /home/makani/honua-server/src/Honua.Admin/obj/Debug/net10.0/compressed/x91wgvz8k1-{0}-u3mk3ahtq5-u3mk3ahtq5.gz
         Processing compressed asset: /home/makani/honua-server/src/Honua.Admin/obj/Debug/net10.0/compressed/0urqhyhq8o-{0}-qqvr2j3pvg-qqvr2j3pvg.gz
         Processing compressed asset: /home/makani/honua-server/src/Honua.Admin/obj/Debug/net10.0/compressed/rdw1y84ay8-{0}-5uas6gg592-5uas6gg592.gz
         Processing compressed asset: /home/makani/honua-server/src/Honua.Admin/obj/Debug/net10.0/compressed/n1nwu86sir-{0}-navlngkykk-navlngkykk.gz
         Processing compressed asset: /home/makani/honua-server/src/Honua.Admin/obj/Debug/net10.0/compressed/h2am7vkjii-{0}-7xkgcbvoi2-7xkgcbvoi2.gz
         Processing compressed asset: /home/makani/honua-server/src/Honua.Admin/obj/Debug/net10.0/compressed/z26u95fvaz-{0}-hmm17lo1vo-hmm17lo1vo.gz
         Processing compressed asset: /home/makani/honua-server/src/Honua.Admin/obj/Debug/net10.0/compressed/9m0sx9nx8o-{0}-gmaqhpvzve-gmaqhpvzve.gz
         Processing compressed asset: /home/makani/honua-server/src/Honua.Admin/obj/Debug/net10.0/compressed/lya007rfos-{0}-ih9man0xaa-ih9man0xaa.gz
         Processing compressed asset: /home/makani/honua-server/src/Honua.Admin/obj/Debug/net10.0/compressed/eud8zls7fr-{0}-w9v15jg7wg-w9v15jg7wg.gz
         Processing compressed asset: /home/makani/honua-server/src/Honua.Admin/obj/Debug/net10.0/compressed/vybcchzaj5-{0}-pwzbf3ywqb-pwzbf3ywqb.gz
         Processing compressed asset: /home/makani/honua-server/src/Honua.Admin/obj/Debug/net10.0/compressed/0ia3wjl57o-{0}-ya7w2p8he6-ya7w2p8he6.gz
         Processing compressed asset: /home/makani/honua-server/src/Honua.Admin/obj/Debug/net10.0/compressed/p26dk1j669-{0}-ebclw1ctlb-ebclw1ctlb.gz
         Processing compressed asset: /home/makani/honua-server/src/Honua.Admin/obj/Debug/net10.0/compressed/v4ryazcmg4-{0}-esrdiz7prm-esrdiz7prm.gz
         Processing compressed asset: /home/makani/honua-server/src/Honua.Admin/obj/Debug/net10.0/compressed/s82ud1y52o-{0}-zese355etl-zese355etl.gz
         Processing compressed asset: /home/makani/honua-server/src/Honua.Admin/obj/Debug/net10.0/compressed/fxtss1vq17-{0}-db8njzbm5e-db8njzbm5e.gz
         Processing compressed asset: /home/makani/honua-server/src/Honua.Admin/obj/Debug/net10.0/compressed/7e5bddrfmc-{0}-5li0z45f7b-5li0z45f7b.gz
         Processing compressed asset: /home/makani/honua-server/src/Honua.Admin/obj/Debug/net10.0/compressed/vnw80b2csy-{0}-qjvufgr3wc-qjvufgr3wc.gz
         Processing compressed asset: /home/makani/honua-server/src/Honua.Admin/obj/Debug/net10.0/compressed/56td9emw55-{0}-wyf2c3g3ob-wyf2c3g3ob.gz
         Processing compressed asset: /home/makani/honua-server/src/Honua.Admin/obj/Debug/net10.0/compressed/rc0usjn2uj-{0}-5423st4px4-5423st4px4.gz
         Processing compressed asset: /home/makani/honua-server/src/Honua.Admin/obj/Debug/net10.0/compressed/groexnyu0u-{0}-9jlh4rmm5n-9jlh4rmm5n.gz
         Processing compressed asset: /home/makani/honua-server/src/Honua.Admin/obj/Debug/net10.0/compressed/rfh8xw2bgq-{0}-yippb5hjvi-yippb5hjvi.gz
         Processing compressed asset: /home/makani/honua-server/src/Honua.Admin/obj/Debug/net10.0/compressed/2fisahvmle-{0}-j1u7dn4u7m-j1u7dn4u7m.gz
         Processing compressed asset: /home/makani/honua-server/src/Honua.Admin/obj/Debug/net10.0/compressed/aza8go154e-{0}-e4ad5khic1-e4ad5khic1.gz
         Processing compressed asset: /home/makani/honua-server/src/Honua.Admin/obj/Debug/net10.0/compressed/w0r30xvrde-{0}-xlkk3ynoru-xlkk3ynoru.gz
         Processing compressed asset: /home/makani/honua-server/src/Honua.Admin/obj/Debug/net10.0/compressed/3sm2ls4r0x-{0}-eugtqi7331-eugtqi7331.gz
         Processing compressed asset: /home/makani/honua-server/src/Honua.Admin/obj/Debug/net10.0/compressed/noipyy5ogd-{0}-depxp3za4f-depxp3za4f.gz
         Processing compressed asset: /home/makani/honua-server/src/Honua.Admin/obj/Debug/net10.0/compressed/p8y1d4agzx-{0}-qm5biyh995-qm5biyh995.gz
         Processing compressed asset: /home/makani/honua-server/src/Honua.Admin/obj/Debug/net10.0/compressed/5twqyrugpg-{0}-vjh10io2ol-vjh10io2ol.gz
         Processing compressed asset: /home/makani/honua-server/src/Honua.Admin/obj/Debug/net10.0/compressed/46b3n4fwpf-{0}-gm74y2bo0g-gm74y2bo0g.gz
         Processing compressed asset: /home/makani/honua-server/src/Honua.Admin/obj/Debug/net10.0/compressed/zbj3wb3p43-{0}-ujbtg86el3-ujbtg86el3.gz
         Processing compressed asset: /home/makani/honua-server/src/Honua.Admin/obj/Debug/net10.0/compressed/oh3t8c42ao-{0}-e22nl7riy4-e22nl7riy4.gz
         Processing compressed asset: /home/makani/honua-server/src/Honua.Admin/obj/Debug/net10.0/compressed/p07fnf53zh-{0}-ha950r0i18-ha950r0i18.gz
         Processing compressed asset: /home/makani/honua-server/src/Honua.Admin/obj/Debug/net10.0/compressed/gm3l4li02j-{0}-g1w1fits1p-g1w1fits1p.gz
         Processing compressed asset: /home/makani/honua-server/src/Honua.Admin/obj/Debug/net10.0/compressed/ydpb7u5zzu-{0}-7n7jt1ms3p-7n7jt1ms3p.gz
         Processing compressed asset: /home/makani/honua-server/src/Honua.Admin/obj/Debug/net10.0/compressed/hpoev31m2g-{0}-13t1lxa6p2-13t1lxa6p2.gz
         Processing compressed asset: /home/makani/honua-server/src/Honua.Admin/obj/Debug/net10.0/compressed/wt077rv3vk-{0}-bcciqwoqxp-bcciqwoqxp.gz
         Processing compressed asset: /home/makani/honua-server/src/Honua.Admin/obj/Debug/net10.0/compressed/9enbh8a8du-{0}-wecoe44nmz-wecoe44nmz.gz
         Processing compressed asset: /home/makani/honua-server/src/Honua.Admin/obj/Debug/net10.0/compressed/1862qpbs1e-{0}-8dz8w33dsz-8dz8w33dsz.gz
         Processing compressed asset: /home/makani/honua-server/src/Honua.Admin/obj/Debug/net10.0/compressed/7a7553mf2e-{0}-m05m0pm5oq-m05m0pm5oq.gz
         Processing compressed asset: /home/makani/honua-server/src/Honua.Admin/obj/Debug/net10.0/compressed/d8lr5yil1b-{0}-79xb2e70lp-79xb2e70lp.gz
         Processing compressed asset: /home/makani/honua-server/src/Honua.Admin/obj/Debug/net10.0/compressed/r9ctbrouv9-{0}-uyi2fb0103-uyi2fb0103.gz
         Processing compressed asset: /home/makani/honua-server/src/Honua.Admin/obj/Debug/net10.0/compressed/3st8gsxuwz-{0}-69m00wu7n6-69m00wu7n6.gz
         Processing compressed asset: /home/makani/honua-server/src/Honua.Admin/obj/Debug/net10.0/compressed/w59hy6k69x-{0}-rv6iq87t46-rv6iq87t46.gz
         Processing compressed asset: /home/makani/honua-server/src/Honua.Admin/obj/Debug/net10.0/compressed/81ck1ko8xi-{0}-2pchagji9k-2pchagji9k.gz
         Processing compressed asset: /home/makani/honua-server/src/Honua.Admin/obj/Debug/net10.0/compressed/ngad18nzhr-{0}-tba5tu29wv-tba5tu29wv.gz
         Processing compressed asset: /home/makani/honua-server/src/Honua.Admin/obj/Debug/net10.0/compressed/tcmbai76nn-{0}-q19w88bn7l-q19w88bn7l.gz
         Processing compressed asset: /home/makani/honua-server/src/Honua.Admin/obj/Debug/net10.0/compressed/qpkika68s1-{0}-lmdq3p0hzc-lmdq3p0hzc.gz
         Processing compressed asset: /home/makani/honua-server/src/Honua.Admin/obj/Debug/net10.0/compressed/deeu5u9ewf-{0}-irtnamfpwo-irtnamfpwo.gz
         Processing compressed asset: /home/makani/honua-server/src/Honua.Admin/obj/Debug/net10.0/compressed/lyv4fpch1t-{0}-ctfxrq7l33-ctfxrq7l33.gz
         Processing compressed asset: /home/makani/honua-server/src/Honua.Admin/obj/Debug/net10.0/compressed/uqjx6qz6ll-{0}-wfl2haanmw-wfl2haanmw.gz
         Processing compressed asset: /home/makani/honua-server/src/Honua.Admin/obj/Debug/net10.0/compressed/wrcnq8ql4d-{0}-jk1euj9vu9-jk1euj9vu9.gz
         Processing compressed asset: /home/makani/honua-server/src/Honua.Admin/obj/Debug/net10.0/compressed/fmz0b6nidd-{0}-s9jclef89k-s9jclef89k.gz
         Processing compressed asset: /home/makani/honua-server/src/Honua.Admin/obj/Debug/net10.0/compressed/1s0idyqgk6-{0}-s3g4fx319q-s3g4fx319q.gz
         Processing compressed asset: /home/makani/honua-server/src/Honua.Admin/obj/Debug/net10.0/compressed/bn3rqg4vvh-{0}-5ic1w2xffg-5ic1w2xffg.gz
         Processing compressed asset: /home/makani/honua-server/src/Honua.Admin/obj/Debug/net10.0/compressed/uf6ndq1ndw-{0}-akn0vk63vp-akn0vk63vp.gz
         Processing compressed asset: /home/makani/honua-server/src/Honua.Admin/obj/Debug/net10.0/compressed/l8wnkxp897-{0}-hy6omngq8z-hy6omngq8z.gz
         Processing compressed asset: /home/makani/honua-server/src/Honua.Admin/obj/Debug/net10.0/compressed/pupp5qp11k-{0}-c7chznvmm3-c7chznvmm3.gz
         Processing compressed asset: /home/makani/honua-server/src/Honua.Admin/obj/Debug/net10.0/compressed/pcnne6rnf0-{0}-mfsa3z03lw-mfsa3z03lw.gz
         Processing compressed asset: /home/makani/honua-server/src/Honua.Admin/obj/Debug/net10.0/compressed/g6xfvmrk2b-{0}-apclussnua-apclussnua.gz
         Processing compressed asset: /home/makani/honua-server/src/Honua.Admin/obj/Debug/net10.0/compressed/ew1x7sulou-{0}-kny0la5npq-kny0la5npq.gz
         Processing compressed asset: /home/makani/honua-server/src/Honua.Admin/obj/Debug/net10.0/compressed/souptefk29-{0}-4bprmgilq2-4bprmgilq2.gz
         Processing compressed asset: /home/makani/honua-server/src/Honua.Admin/obj/Debug/net10.0/compressed/8hgd8ysk7o-{0}-z4o1x288hz-z4o1x288hz.gz
         Processing compressed asset: /home/makani/honua-server/src/Honua.Admin/obj/Debug/net10.0/compressed/mnh2rmrxul-{0}-ytv8luxawq-ytv8luxawq.gz
         Processing compressed asset: /home/makani/honua-server/src/Honua.Admin/obj/Debug/net10.0/compressed/6pwxzc4tfl-{0}-i57ntutovo-i57ntutovo.gz
         Processing compressed asset: /home/makani/honua-server/src/Honua.Admin/obj/Debug/net10.0/compressed/gc6l0sy8yk-{0}-vkhht9s4s0-vkhht9s4s0.gz
         Processing compressed asset: /home/makani/honua-server/src/Honua.Admin/obj/Debug/net10.0/compressed/hbtrx93d5k-{0}-ici4sc8c5d-ici4sc8c5d.gz
         Processing compressed asset: /home/makani/honua-server/src/Honua.Admin/obj/Debug/net10.0/compressed/etpc89w39z-{0}-gbkwu8tis9-gbkwu8tis9.gz
         Processing compressed asset: /home/makani/honua-server/src/Honua.Admin/obj/Debug/net10.0/compressed/cwwdj5ssx7-{0}-5hsbzkigfv-5hsbzkigfv.gz
         Processing compressed asset: /home/makani/honua-server/src/Honua.Admin/obj/Debug/net10.0/compressed/lm0ub70p87-{0}-nc1yghpvaj-nc1yghpvaj.gz
         Processing compressed asset: /home/makani/honua-server/src/Honua.Admin/obj/Debug/net10.0/compressed/c60hep0xr3-{0}-4n1o4dxc9j-4n1o4dxc9j.gz
         Processing compressed asset: /home/makani/honua-server/src/Honua.Admin/obj/Debug/net10.0/compressed/yxpzm8b79i-{0}-rx5istkt3h-rx5istkt3h.gz
         Processing compressed asset: /home/makani/honua-server/src/Honua.Admin/obj/Debug/net10.0/compressed/smp2c8r5g6-{0}-43ap29e3sq-43ap29e3sq.gz
         Processing compressed asset: /home/makani/honua-server/src/Honua.Admin/obj/Debug/net10.0/compressed/48cvsm4go7-{0}-7gbfkrjizt-7gbfkrjizt.gz
         Processing compressed asset: /home/makani/honua-server/src/Honua.Admin/obj/Debug/net10.0/compressed/klthenajox-{0}-kkeuksfj0m-kkeuksfj0m.gz
         Processing compressed asset: /home/makani/honua-server/src/Honua.Admin/obj/Debug/net10.0/compressed/ion8hv8o8h-{0}-57sxvma12c-57sxvma12c.gz
         Processing compressed asset: /home/makani/honua-server/src/Honua.Admin/obj/Debug/net10.0/compressed/bjxrog1fyj-{0}-kjba88uqo5-kjba88uqo5.gz
         Processing compressed asset: /home/makani/honua-server/src/Honua.Admin/obj/Debug/net10.0/compressed/ugk6frngq3-{0}-yd5orfj1dk-yd5orfj1dk.gz
         Processing compressed asset: /home/makani/honua-server/src/Honua.Admin/obj/Debug/net10.0/compressed/8o0jotqanb-{0}-x5xctdxzrq-x5xctdxzrq.gz
         Processing compressed asset: /home/makani/honua-server/src/Honua.Admin/obj/Debug/net10.0/compressed/dv5w3b5lzq-{0}-1a72cmhu6i-1a72cmhu6i.gz
         Processing compressed asset: /home/makani/honua-server/src/Honua.Admin/obj/Debug/net10.0/compressed/wupz04ysbq-{0}-ilju54fcp2-ilju54fcp2.gz
         Processing compressed asset: /home/makani/honua-server/src/Honua.Admin/obj/Debug/net10.0/compressed/msh72gz566-{0}-gr5k60s0oe-gr5k60s0oe.gz
         Processing compressed asset: /home/makani/honua-server/src/Honua.Admin/obj/Debug/net10.0/compressed/03luphkphz-{0}-plyvi1r5s9-plyvi1r5s9.gz
         Processing compressed asset: /home/makani/honua-server/src/Honua.Admin/obj/Debug/net10.0/compressed/q5i2ywwv6n-{0}-pt2dqzuhaf-pt2dqzuhaf.gz
         Processing compressed asset: /home/makani/honua-server/src/Honua.Admin/obj/Debug/net10.0/compressed/vhjggso6fu-{0}-ygdmhmuqdp-ygdmhmuqdp.gz
         Processing compressed asset: /home/makani/honua-server/src/Honua.Admin/obj/Debug/net10.0/compressed/u7j3w6tn0b-{0}-olv3u76k95-olv3u76k95.gz
         Processing compressed asset: /home/makani/honua-server/src/Honua.Admin/obj/Debug/net10.0/compressed/5dybcwr71i-{0}-m5wc9z7e1k-m5wc9z7e1k.gz
         Processing compressed asset: /home/makani/honua-server/src/Honua.Admin/obj/Debug/net10.0/compressed/5bxtsz0zg8-{0}-dd748ds2m7-dd748ds2m7.gz
         Processing compressed asset: /home/makani/honua-server/src/Honua.Admin/obj/Debug/net10.0/compressed/zbx3lpk4ok-{0}-4gwmhmdbax-4gwmhmdbax.gz
         Processing compressed asset: /home/makani/honua-server/src/Honua.Admin/obj/Debug/net10.0/compressed/gtw8rafkqq-{0}-v02wvgnobf-v02wvgnobf.gz
         Processing compressed asset: /home/makani/honua-server/src/Honua.Admin/obj/Debug/net10.0/compressed/fbrfjeyzj7-{0}-o33u56xp8u-o33u56xp8u.gz
         Processing compressed asset: /home/makani/honua-server/src/Honua.Admin/obj/Debug/net10.0/compressed/8dyd2gotfo-{0}-gxdw562h4s-gxdw562h4s.gz
         Processing compressed asset: /home/makani/honua-server/src/Honua.Admin/obj/Debug/net10.0/compressed/zqu3sr5vg5-{0}-itp3e5i1h2-itp3e5i1h2.gz
         Processing compressed asset: /home/makani/honua-server/src/Honua.Admin/obj/Debug/net10.0/compressed/4s3aqlmhvf-{0}-k0eqaq9do2-k0eqaq9do2.gz
         Processing compressed asset: /home/makani/honua-server/src/Honua.Admin/obj/Debug/net10.0/compressed/mr84ikvee9-{0}-5y9laxu2f8-5y9laxu2f8.gz
         Processing compressed asset: /home/makani/honua-server/src/Honua.Admin/obj/Debug/net10.0/compressed/4rn155q585-{0}-69poregybn-69poregybn.gz
         Processing compressed asset: /home/makani/honua-server/src/Honua.Admin/obj/Debug/net10.0/compressed/fm1h9a9l8s-{0}-2mv1pqdd2n-2mv1pqdd2n.gz
         Processing compressed asset: /home/makani/honua-server/src/Honua.Admin/obj/Debug/net10.0/compressed/9a2m2s8nj4-{0}-q5rqv3xrhm-q5rqv3xrhm.gz
         Processing compressed asset: /home/makani/honua-server/src/Honua.Admin/obj/Debug/net10.0/compressed/mh84rca5xm-{0}-5kqprya74h-5kqprya74h.gz
         Processing compressed asset: /home/makani/honua-server/src/Honua.Admin/obj/Debug/net10.0/compressed/z93oyzk8ta-{0}-tjcz0u77k5-tjcz0u77k5.gz
         Processing compressed asset: /home/makani/honua-server/src/Honua.Admin/obj/Debug/net10.0/compressed/2w0en8e9sa-{0}-tptq2av103-tptq2av103.gz
         Processing compressed asset: /home/makani/honua-server/src/Honua.Admin/obj/Debug/net10.0/compressed/wajxz0vgck-{0}-lfu7j35m59-lfu7j35m59.gz
         Processing compressed asset: /home/makani/honua-server/src/Honua.Admin/obj/Debug/net10.0/compressed/f9o902iofb-{0}-99zm1jdh75-99zm1jdh75.gz
         Processing compressed asset: /home/makani/honua-server/src/Honua.Admin/obj/Debug/net10.0/compressed/afas6zxnr7-{0}-mwo4f5vsvi-mwo4f5vsvi.gz
         Processing compressed asset: /home/makani/honua-server/src/Honua.Admin/obj/Debug/net10.0/compressed/642825ta7h-{0}-roqc1km2rj-roqc1km2rj.gz
         Processing compressed asset: /home/makani/honua-server/src/Honua.Admin/obj/Debug/net10.0/compressed/kdsxoy7k8e-{0}-s4ohxb2h4q-s4ohxb2h4q.gz
         Processing compressed asset: /home/makani/honua-server/src/Honua.Admin/obj/Debug/net10.0/compressed/872lmymhnb-{0}-7n3xep0vjm-7n3xep0vjm.gz
         Processing compressed asset: /home/makani/honua-server/src/Honua.Admin/obj/Debug/net10.0/compressed/ey0749ifm1-{0}-ca1aw83mja-ca1aw83mja.gz
         Processing compressed asset: /home/makani/honua-server/src/Honua.Admin/obj/Debug/net10.0/compressed/eewbdr5ell-{0}-1r0ampr2q1-1r0ampr2q1.gz
         Processing compressed asset: /home/makani/honua-server/src/Honua.Admin/obj/Debug/net10.0/compressed/yi163b9uds-{0}-q40j97ywe2-q40j97ywe2.gz
         Processing compressed asset: /home/makani/honua-server/src/Honua.Admin/obj/Debug/net10.0/compressed/aw56qsa70u-{0}-xl4f7m8snf-xl4f7m8snf.gz
         Processing compressed asset: /home/makani/honua-server/src/Honua.Admin/obj/Debug/net10.0/compressed/f32kn295nz-{0}-gcvjxldlff-gcvjxldlff.gz
         Processing compressed asset: /home/makani/honua-server/src/Honua.Admin/obj/Debug/net10.0/compressed/yadragayzs-{0}-9sdmuz89zv-9sdmuz89zv.gz
         Processing compressed asset: /home/makani/honua-server/src/Honua.Admin/obj/Debug/net10.0/compressed/df37f37wy2-{0}-g4rei679lk-g4rei679lk.gz
         Processing compressed asset: /home/makani/honua-server/src/Honua.Admin/obj/Debug/net10.0/compressed/86abawsttw-{0}-f5l7d1m99w-f5l7d1m99w.gz
         Processing compressed asset: /home/makani/honua-server/src/Honua.Admin/obj/Debug/net10.0/compressed/zmsaotod7k-{0}-hv77dbkyn2-hv77dbkyn2.gz
       _BuildCopyStaticWebAssetsPreserveNewest:
       Skipping target "_BuildCopyStaticWebAssetsPreserveNewest" because all output files are up-to-date with respect to the input files.
       _CopyOutOfDateSourceItemsToOutputDirectory:
       Skipping target "_CopyOutOfDateSourceItemsToOutputDirectory" because all output files are up-to-date with respect to the input files.
       CopyFilesToOutputDirectory:
         Honua.Admin -> /home/makani/honua-server/src/Honua.Admin/bin/Debug/net10.0/Honua.Admin.dll
       _BlazorCopyFilesToOutputDirectory:
         Honua.Admin (Blazor output) -> /home/makani/honua-server/src/Honua.Admin/bin/Debug/net10.0/wwwroot
    18>Done Building Project "/home/makani/honua-server/src/Honua.Admin/Honua.Admin.csproj" (default targets).
     1>Project "/home/makani/honua-server/Honua.sln" (1) is building "/home/makani/honua-server/src/Honua.Server/Honua.Server.csproj" (2) on node 1 (default targets).
     2>Project "/home/makani/honua-server/src/Honua.Server/Honua.Server.csproj" (2) is building "/home/makani/honua-server/samples/Honua.StacOpsDemo/Honua.StacOpsDemo.csproj" (19:9) on node 1 (default targets).
    19>GenerateTargetFrameworkMonikerAttribute:
       Skipping target "GenerateTargetFrameworkMonikerAttribute" because all output files are up-to-date with respect to the input files.
       CoreGenerateAssemblyInfo:
       Skipping target "CoreGenerateAssemblyInfo" because all output files are up-to-date with respect to the input files.
       _DiscoverMvcApplicationParts:
       Skipping target "_DiscoverMvcApplicationParts" because all output files are up-to-date with respect to the input files.
       _GenerateSourceLinkFile:
         Source Link file 'obj/Debug/net10.0/Honua.StacOpsDemo.sourcelink.json' is up-to-date.
       CoreCompile:
       Skipping target "CoreCompile" because all output files are up-to-date with respect to the input files.
       _ResolveWasmOutputs:
         Task assembly was loaded from '/home/makani/.dotnet/sdk/10.0.103/Microsoft.Build.dll' while the desired location was '/home/makani/.nuget/packages/microsoft.net.sdk.webassembly.pack/10.0.3/tools/net10.0/Microsoft.NET.Sdk.WebAssembly.Pack.Tasks.dll'.
         Task assembly was loaded from '/home/makani/.dotnet/sdk/10.0.103/Microsoft.Build.dll' while the desired location was '/home/makani/.nuget/packages/microsoft.net.sdk.webassembly.pack/10.0.3/tools/net10.0/Microsoft.NET.Sdk.WebAssembly.Pack.Tasks.dll'.
       _ProcessScopedCssFiles:
       Skipping target "_ProcessScopedCssFiles" because all output files are up-to-date with respect to the input files.
       GenerateBuildRuntimeConfigurationFiles:
       Skipping target "GenerateBuildRuntimeConfigurationFiles" because all output files are up-to-date with respect to the input files.
       _GenerateBuildWasmBootJson:
         Task assembly was loaded from '/home/makani/.dotnet/sdk/10.0.103/Microsoft.Build.dll' while the desired location was '/home/makani/.nuget/packages/microsoft.net.sdk.webassembly.pack/10.0.3/tools/net10.0/Microsoft.NET.Sdk.WebAssembly.Pack.Tasks.dll'.
         Write config in format '.js'
       ResolveBuildCompressedStaticWebAssetsConfiguration:
         Accepted compressed asset '/home/makani/honua-server/samples/Honua.StacOpsDemo/obj/Debug/net10.0/compressed/f9o902iofb-{0}-99zm1jdh75-99zm1jdh75.gz' for '/home/makani/.nuget/packages/microsoft.dotnet.hotreload.webassembly.browser/10.0.103/staticwebassets/Microsoft.DotNet.HotReload.WebAssembly.Browser.99zm1jdh75.lib.module.js'.
         Accepted compressed asset '/home/makani/honua-server/samples/Honua.StacOpsDemo/obj/Debug/net10.0/compressed/hrq9b7omeq-{0}-j9hdwbp9t7-j9hdwbp9t7.gz' for '/home/makani/honua-server/samples/Honua.StacOpsDemo/wwwroot/index.html'.
         Accepted compressed asset '/home/makani/honua-server/samples/Honua.StacOpsDemo/obj/Debug/net10.0/compressed/3y9oc65u1f-{0}-66stpp682q-66stpp682q.gz' for '/home/makani/honua-server/samples/Honua.StacOpsDemo/bin/Debug/net10.0/wwwroot/_framework/blazor.webassembly.js'.
         Accepted compressed asset '/home/makani/honua-server/samples/Honua.StacOpsDemo/obj/Debug/net10.0/compressed/k86fv94h2b-{0}-3cq8mgng15-3cq8mgng15.gz' for '/home/makani/honua-server/samples/Honua.StacOpsDemo/obj/Debug/net10.0/scopedcss/bundle/Honua.StacOpsDemo.styles.css'.
         Accepted compressed asset '/home/makani/honua-server/samples/Honua.StacOpsDemo/obj/Debug/net10.0/compressed/bxqe95gepk-{0}-3cq8mgng15-3cq8mgng15.gz' for '/home/makani/honua-server/samples/Honua.StacOpsDemo/obj/Debug/net10.0/scopedcss/projectbundle/Honua.StacOpsDemo.bundle.scp.css'.
         Accepted compressed asset '/home/makani/honua-server/samples/Honua.StacOpsDemo/obj/Debug/net10.0/compressed/52si15e9cq-{0}-roqc1km2rj-roqc1km2rj.gz' for '/home/makani/honua-server/samples/Honua.StacOpsDemo/bin/Debug/net10.0/wwwroot/_framework/Microsoft.AspNetCore.Authorization.roqc1km2rj.wasm'.
         Accepted compressed asset '/home/makani/honua-server/samples/Honua.StacOpsDemo/obj/Debug/net10.0/compressed/vh5m0gbmo8-{0}-uddsvpv1sv-uddsvpv1sv.gz' for '/home/makani/honua-server/samples/Honua.StacOpsDemo/bin/Debug/net10.0/wwwroot/_framework/Microsoft.AspNetCore.Components.uddsvpv1sv.wasm'.
         Accepted compressed asset '/home/makani/honua-server/samples/Honua.StacOpsDemo/obj/Debug/net10.0/compressed/ne2f47armm-{0}-zrueb40r85-zrueb40r85.gz' for '/home/makani/honua-server/samples/Honua.StacOpsDemo/bin/Debug/net10.0/wwwroot/_framework/Microsoft.AspNetCore.Components.Forms.zrueb40r85.wasm'.
         Accepted compressed asset '/home/makani/honua-server/samples/Honua.StacOpsDemo/obj/Debug/net10.0/compressed/w60hgz88id-{0}-g5qdp1mxha-g5qdp1mxha.gz' for '/home/makani/honua-server/samples/Honua.StacOpsDemo/bin/Debug/net10.0/wwwroot/_framework/Microsoft.AspNetCore.Components.Web.g5qdp1mxha.wasm'.
         Accepted compressed asset '/home/makani/honua-server/samples/Honua.StacOpsDemo/obj/Debug/net10.0/compressed/qv15ixdc6c-{0}-9mjwvs1qyp-9mjwvs1qyp.gz' for '/home/makani/honua-server/samples/Honua.StacOpsDemo/bin/Debug/net10.0/wwwroot/_framework/Microsoft.AspNetCore.Components.WebAssembly.9mjwvs1qyp.wasm'.
         Accepted compressed asset '/home/makani/honua-server/samples/Honua.StacOpsDemo/obj/Debug/net10.0/compressed/xaj9gasy5b-{0}-m3mxap0jif-m3mxap0jif.gz' for '/home/makani/honua-server/samples/Honua.StacOpsDemo/bin/Debug/net10.0/wwwroot/_framework/Microsoft.AspNetCore.Metadata.m3mxap0jif.wasm'.
         Accepted compressed asset '/home/makani/honua-server/samples/Honua.StacOpsDemo/obj/Debug/net10.0/compressed/7nn74udwvn-{0}-9sdmuz89zv-9sdmuz89zv.gz' for '/home/makani/honua-server/samples/Honua.StacOpsDemo/bin/Debug/net10.0/wwwroot/_framework/Microsoft.DotNet.HotReload.WebAssembly.Browser.9sdmuz89zv.wasm'.
         Accepted compressed asset '/home/makani/honua-server/samples/Honua.StacOpsDemo/obj/Debug/net10.0/compressed/ey7408sw03-{0}-fgwnqtu7qk-fgwnqtu7qk.gz' for '/home/makani/honua-server/samples/Honua.StacOpsDemo/bin/Debug/net10.0/wwwroot/_framework/Microsoft.Extensions.Configuration.fgwnqtu7qk.wasm'.
         Accepted compressed asset '/home/makani/honua-server/samples/Honua.StacOpsDemo/obj/Debug/net10.0/compressed/eyus47i6ez-{0}-thew1o6jcx-thew1o6jcx.gz' for '/home/makani/honua-server/samples/Honua.StacOpsDemo/bin/Debug/net10.0/wwwroot/_framework/Microsoft.Extensions.Configuration.Abstractions.thew1o6jcx.wasm'.
         Accepted compressed asset '/home/makani/honua-server/samples/Honua.StacOpsDemo/obj/Debug/net10.0/compressed/xkkpx1mvd5-{0}-7o70008j8o-7o70008j8o.gz' for '/home/makani/honua-server/samples/Honua.StacOpsDemo/bin/Debug/net10.0/wwwroot/_framework/Microsoft.Extensions.Configuration.Binder.7o70008j8o.wasm'.
         Accepted compressed asset '/home/makani/honua-server/samples/Honua.StacOpsDemo/obj/Debug/net10.0/compressed/zy9euosnrx-{0}-ouivavlhyy-ouivavlhyy.gz' for '/home/makani/honua-server/samples/Honua.StacOpsDemo/bin/Debug/net10.0/wwwroot/_framework/Microsoft.Extensions.Configuration.FileExtensions.ouivavlhyy.wasm'.
         Accepted compressed asset '/home/makani/honua-server/samples/Honua.StacOpsDemo/obj/Debug/net10.0/compressed/2ksmvkgzrp-{0}-giv4t23za9-giv4t23za9.gz' for '/home/makani/honua-server/samples/Honua.StacOpsDemo/bin/Debug/net10.0/wwwroot/_framework/Microsoft.Extensions.Configuration.Json.giv4t23za9.wasm'.
         Accepted compressed asset '/home/makani/honua-server/samples/Honua.StacOpsDemo/obj/Debug/net10.0/compressed/hko9wb31nf-{0}-vs620n44bv-vs620n44bv.gz' for '/home/makani/honua-server/samples/Honua.StacOpsDemo/bin/Debug/net10.0/wwwroot/_framework/Microsoft.Extensions.DependencyInjection.vs620n44bv.wasm'.
         Accepted compressed asset '/home/makani/honua-server/samples/Honua.StacOpsDemo/obj/Debug/net10.0/compressed/wg3kl7k3ao-{0}-ud13mwbta3-ud13mwbta3.gz' for '/home/makani/honua-server/samples/Honua.StacOpsDemo/bin/Debug/net10.0/wwwroot/_framework/Microsoft.Extensions.DependencyInjection.Abstractions.ud13mwbta3.wasm'.
         Accepted compressed asset '/home/makani/honua-server/samples/Honua.StacOpsDemo/obj/Debug/net10.0/compressed/53x60u2p1h-{0}-jnogfbng3i-jnogfbng3i.gz' for '/home/makani/honua-server/samples/Honua.StacOpsDemo/bin/Debug/net10.0/wwwroot/_framework/Microsoft.Extensions.Diagnostics.jnogfbng3i.wasm'.
         Accepted compressed asset '/home/makani/honua-server/samples/Honua.StacOpsDemo/obj/Debug/net10.0/compressed/avbshgi1a2-{0}-v59ymogeuz-v59ymogeuz.gz' for '/home/makani/honua-server/samples/Honua.StacOpsDemo/bin/Debug/net10.0/wwwroot/_framework/Microsoft.Extensions.Diagnostics.Abstractions.v59ymogeuz.wasm'.
         Accepted compressed asset '/home/makani/honua-server/samples/Honua.StacOpsDemo/obj/Debug/net10.0/compressed/haaup1afwk-{0}-ssv83rveyv-ssv83rveyv.gz' for '/home/makani/honua-server/samples/Honua.StacOpsDemo/bin/Debug/net10.0/wwwroot/_framework/Microsoft.Extensions.FileProviders.Abstractions.ssv83rveyv.wasm'.
         Accepted compressed asset '/home/makani/honua-server/samples/Honua.StacOpsDemo/obj/Debug/net10.0/compressed/ih5s7fkbuj-{0}-8gz29xpyh3-8gz29xpyh3.gz' for '/home/makani/honua-server/samples/Honua.StacOpsDemo/bin/Debug/net10.0/wwwroot/_framework/Microsoft.Extensions.FileProviders.Physical.8gz29xpyh3.wasm'.
         Accepted compressed asset '/home/makani/honua-server/samples/Honua.StacOpsDemo/obj/Debug/net10.0/compressed/2or9xtdx7s-{0}-ozuva4e3vv-ozuva4e3vv.gz' for '/home/makani/honua-server/samples/Honua.StacOpsDemo/bin/Debug/net10.0/wwwroot/_framework/Microsoft.Extensions.FileSystemGlobbing.ozuva4e3vv.wasm'.
         Accepted compressed asset '/home/makani/honua-server/samples/Honua.StacOpsDemo/obj/Debug/net10.0/compressed/w1a0xgq6g7-{0}-y4ydx3rk2c-y4ydx3rk2c.gz' for '/home/makani/honua-server/samples/Honua.StacOpsDemo/bin/Debug/net10.0/wwwroot/_framework/Microsoft.Extensions.Logging.y4ydx3rk2c.wasm'.
         Accepted compressed asset '/home/makani/honua-server/samples/Honua.StacOpsDemo/obj/Debug/net10.0/compressed/edixl02vob-{0}-1q3x7vre4l-1q3x7vre4l.gz' for '/home/makani/honua-server/samples/Honua.StacOpsDemo/bin/Debug/net10.0/wwwroot/_framework/Microsoft.Extensions.Logging.Abstractions.1q3x7vre4l.wasm'.
         Accepted compressed asset '/home/makani/honua-server/samples/Honua.StacOpsDemo/obj/Debug/net10.0/compressed/izxegts4v4-{0}-2rz5zbidnd-2rz5zbidnd.gz' for '/home/makani/honua-server/samples/Honua.StacOpsDemo/bin/Debug/net10.0/wwwroot/_framework/Microsoft.Extensions.Options.2rz5zbidnd.wasm'.
         Accepted compressed asset '/home/makani/honua-server/samples/Honua.StacOpsDemo/obj/Debug/net10.0/compressed/7wzlezmvwh-{0}-zmb03w0weu-zmb03w0weu.gz' for '/home/makani/honua-server/samples/Honua.StacOpsDemo/bin/Debug/net10.0/wwwroot/_framework/Microsoft.Extensions.Options.ConfigurationExtensions.zmb03w0weu.wasm'.
         Accepted compressed asset '/home/makani/honua-server/samples/Honua.StacOpsDemo/obj/Debug/net10.0/compressed/tvuygzzn8h-{0}-bd164v6l3f-bd164v6l3f.gz' for '/home/makani/honua-server/samples/Honua.StacOpsDemo/bin/Debug/net10.0/wwwroot/_framework/Microsoft.Extensions.Primitives.bd164v6l3f.wasm'.
         Accepted compressed asset '/home/makani/honua-server/samples/Honua.StacOpsDemo/obj/Debug/net10.0/compressed/7sou31fa17-{0}-r1sv3m5lsf-r1sv3m5lsf.gz' for '/home/makani/honua-server/samples/Honua.StacOpsDemo/bin/Debug/net10.0/wwwroot/_framework/Microsoft.Extensions.Validation.r1sv3m5lsf.wasm'.
         Accepted compressed asset '/home/makani/honua-server/samples/Honua.StacOpsDemo/obj/Debug/net10.0/compressed/zkui9sqx1d-{0}-1r0ampr2q1-1r0ampr2q1.gz' for '/home/makani/honua-server/samples/Honua.StacOpsDemo/bin/Debug/net10.0/wwwroot/_framework/Microsoft.JSInterop.1r0ampr2q1.wasm'.
         Accepted compressed asset '/home/makani/honua-server/samples/Honua.StacOpsDemo/obj/Debug/net10.0/compressed/8vkskafkxk-{0}-oz8fkrrrd6-oz8fkrrrd6.gz' for '/home/makani/honua-server/samples/Honua.StacOpsDemo/bin/Debug/net10.0/wwwroot/_framework/Microsoft.JSInterop.WebAssembly.oz8fkrrrd6.wasm'.
         Accepted compressed asset '/home/makani/honua-server/samples/Honua.StacOpsDemo/obj/Debug/net10.0/compressed/joyzw8w9x0-{0}-gijew29e7v-gijew29e7v.gz' for '/home/makani/honua-server/samples/Honua.StacOpsDemo/bin/Debug/net10.0/wwwroot/_framework/Microsoft.CSharp.gijew29e7v.wasm'.
         Accepted compressed asset '/home/makani/honua-server/samples/Honua.StacOpsDemo/obj/Debug/net10.0/compressed/m0mwsdn5t1-{0}-5wrvi89jl9-5wrvi89jl9.gz' for '/home/makani/honua-server/samples/Honua.StacOpsDemo/bin/Debug/net10.0/wwwroot/_framework/Microsoft.VisualBasic.Core.5wrvi89jl9.wasm'.
         Accepted compressed asset '/home/makani/honua-server/samples/Honua.StacOpsDemo/obj/Debug/net10.0/compressed/fr4vivi87y-{0}-ohmdjdo4x8-ohmdjdo4x8.gz' for '/home/makani/honua-server/samples/Honua.StacOpsDemo/bin/Debug/net10.0/wwwroot/_framework/Microsoft.VisualBasic.ohmdjdo4x8.wasm'.
         Accepted compressed asset '/home/makani/honua-server/samples/Honua.StacOpsDemo/obj/Debug/net10.0/compressed/i2rco91heg-{0}-54qaw3y2l7-54qaw3y2l7.gz' for '/home/makani/honua-server/samples/Honua.StacOpsDemo/bin/Debug/net10.0/wwwroot/_framework/Microsoft.Win32.Primitives.54qaw3y2l7.wasm'.
         Accepted compressed asset '/home/makani/honua-server/samples/Honua.StacOpsDemo/obj/Debug/net10.0/compressed/p8ns79b4y5-{0}-5zehcbadkc-5zehcbadkc.gz' for '/home/makani/honua-server/samples/Honua.StacOpsDemo/bin/Debug/net10.0/wwwroot/_framework/Microsoft.Win32.Registry.5zehcbadkc.wasm'.
         Accepted compressed asset '/home/makani/honua-server/samples/Honua.StacOpsDemo/obj/Debug/net10.0/compressed/98v9rv43y8-{0}-hb972rswn2-hb972rswn2.gz' for '/home/makani/honua-server/samples/Honua.StacOpsDemo/bin/Debug/net10.0/wwwroot/_framework/System.AppContext.hb972rswn2.wasm'.
         Accepted compressed asset '/home/makani/honua-server/samples/Honua.StacOpsDemo/obj/Debug/net10.0/compressed/g1xqrjg34c-{0}-fmh1lqxxe8-fmh1lqxxe8.gz' for '/home/makani/honua-server/samples/Honua.StacOpsDemo/bin/Debug/net10.0/wwwroot/_framework/System.Buffers.fmh1lqxxe8.wasm'.
         Accepted compressed asset '/home/makani/honua-server/samples/Honua.StacOpsDemo/obj/Debug/net10.0/compressed/a2yjavhopd-{0}-wrpunq2dmd-wrpunq2dmd.gz' for '/home/makani/honua-server/samples/Honua.StacOpsDemo/bin/Debug/net10.0/wwwroot/_framework/System.Collections.Concurrent.wrpunq2dmd.wasm'.
         Accepted compressed asset '/home/makani/honua-server/samples/Honua.StacOpsDemo/obj/Debug/net10.0/compressed/wy6q2yaes3-{0}-dm08vuov01-dm08vuov01.gz' for '/home/makani/honua-server/samples/Honua.StacOpsDemo/bin/Debug/net10.0/wwwroot/_framework/System.Collections.Immutable.dm08vuov01.wasm'.
         Accepted compressed asset '/home/makani/honua-server/samples/Honua.StacOpsDemo/obj/Debug/net10.0/compressed/6kx96d32oz-{0}-ucr2s1rjr8-ucr2s1rjr8.gz' for '/home/makani/honua-server/samples/Honua.StacOpsDemo/bin/Debug/net10.0/wwwroot/_framework/System.Collections.NonGeneric.ucr2s1rjr8.wasm'.
         Accepted compressed asset '/home/makani/honua-server/samples/Honua.StacOpsDemo/obj/Debug/net10.0/compressed/yz7j5ztutj-{0}-788c2vii7r-788c2vii7r.gz' for '/home/makani/honua-server/samples/Honua.StacOpsDemo/bin/Debug/net10.0/wwwroot/_framework/System.Collections.Specialized.788c2vii7r.wasm'.
         Accepted compressed asset '/home/makani/honua-server/samples/Honua.StacOpsDemo/obj/Debug/net10.0/compressed/rh09hap31w-{0}-oyg9o5jzra-oyg9o5jzra.gz' for '/home/makani/honua-server/samples/Honua.StacOpsDemo/bin/Debug/net10.0/wwwroot/_framework/System.Collections.oyg9o5jzra.wasm'.
         Accepted compressed asset '/home/makani/honua-server/samples/Honua.StacOpsDemo/obj/Debug/net10.0/compressed/fqw6apjgx8-{0}-kzcs3roxpa-kzcs3roxpa.gz' for '/home/makani/honua-server/samples/Honua.StacOpsDemo/bin/Debug/net10.0/wwwroot/_framework/System.ComponentModel.Annotations.kzcs3roxpa.wasm'.
         Accepted compressed asset '/home/makani/honua-server/samples/Honua.StacOpsDemo/obj/Debug/net10.0/compressed/h1y8yfybtf-{0}-uujisxprk9-uujisxprk9.gz' for '/home/makani/honua-server/samples/Honua.StacOpsDemo/bin/Debug/net10.0/wwwroot/_framework/System.ComponentModel.DataAnnotations.uujisxprk9.wasm'.
         Accepted compressed asset '/home/makani/honua-server/samples/Honua.StacOpsDemo/obj/Debug/net10.0/compressed/gpmp81v66z-{0}-v1qxqe5fpe-v1qxqe5fpe.gz' for '/home/makani/honua-server/samples/Honua.StacOpsDemo/bin/Debug/net10.0/wwwroot/_framework/System.ComponentModel.EventBasedAsync.v1qxqe5fpe.wasm'.
         Accepted compressed asset '/home/makani/honua-server/samples/Honua.StacOpsDemo/obj/Debug/net10.0/compressed/uigbiukytp-{0}-ftz81jso1j-ftz81jso1j.gz' for '/home/makani/honua-server/samples/Honua.StacOpsDemo/bin/Debug/net10.0/wwwroot/_framework/System.ComponentModel.Primitives.ftz81jso1j.wasm'.
         Accepted compressed asset '/home/makani/honua-server/samples/Honua.StacOpsDemo/obj/Debug/net10.0/compressed/99tuyvkgpw-{0}-w7xhoe08t4-w7xhoe08t4.gz' for '/home/makani/honua-server/samples/Honua.StacOpsDemo/bin/Debug/net10.0/wwwroot/_framework/System.ComponentModel.TypeConverter.w7xhoe08t4.wasm'.
         Accepted compressed asset '/home/makani/honua-server/samples/Honua.StacOpsDemo/obj/Debug/net10.0/compressed/zxov507gu0-{0}-k940vnf7b8-k940vnf7b8.gz' for '/home/makani/honua-server/samples/Honua.StacOpsDemo/bin/Debug/net10.0/wwwroot/_framework/System.ComponentModel.k940vnf7b8.wasm'.
         Accepted compressed asset '/home/makani/honua-server/samples/Honua.StacOpsDemo/obj/Debug/net10.0/compressed/vyfcivg6ld-{0}-w3ntl07ypg-w3ntl07ypg.gz' for '/home/makani/honua-server/samples/Honua.StacOpsDemo/bin/Debug/net10.0/wwwroot/_framework/System.Configuration.w3ntl07ypg.wasm'.
         Accepted compressed asset '/home/makani/honua-server/samples/Honua.StacOpsDemo/obj/Debug/net10.0/compressed/py2wn7ctkn-{0}-439r3pkwc4-439r3pkwc4.gz' for '/home/makani/honua-server/samples/Honua.StacOpsDemo/bin/Debug/net10.0/wwwroot/_framework/System.Console.439r3pkwc4.wasm'.
         Accepted compressed asset '/home/makani/honua-server/samples/Honua.StacOpsDemo/obj/Debug/net10.0/compressed/kinqo3rukg-{0}-3okiiotm1r-3okiiotm1r.gz' for '/home/makani/honua-server/samples/Honua.StacOpsDemo/bin/Debug/net10.0/wwwroot/_framework/System.Core.3okiiotm1r.wasm'.
         Accepted compressed asset '/home/makani/honua-server/samples/Honua.StacOpsDemo/obj/Debug/net10.0/compressed/werm6yf7xe-{0}-u1paws2ie5-u1paws2ie5.gz' for '/home/makani/honua-server/samples/Honua.StacOpsDemo/bin/Debug/net10.0/wwwroot/_framework/System.Data.Common.u1paws2ie5.wasm'.
         Accepted compressed asset '/home/makani/honua-server/samples/Honua.StacOpsDemo/obj/Debug/net10.0/compressed/oe0tz5kneg-{0}-k7l9fdomp8-k7l9fdomp8.gz' for '/home/makani/honua-server/samples/Honua.StacOpsDemo/bin/Debug/net10.0/wwwroot/_framework/System.Data.DataSetExtensions.k7l9fdomp8.wasm'.
         Accepted compressed asset '/home/makani/honua-server/samples/Honua.StacOpsDemo/obj/Debug/net10.0/compressed/c2gyp4fny6-{0}-0xkcfajxb8-0xkcfajxb8.gz' for '/home/makani/honua-server/samples/Honua.StacOpsDemo/bin/Debug/net10.0/wwwroot/_framework/System.Data.0xkcfajxb8.wasm'.
         Accepted compressed asset '/home/makani/honua-server/samples/Honua.StacOpsDemo/obj/Debug/net10.0/compressed/g349gleulg-{0}-zgl132fygk-zgl132fygk.gz' for '/home/makani/honua-server/samples/Honua.StacOpsDemo/bin/Debug/net10.0/wwwroot/_framework/System.Diagnostics.Contracts.zgl132fygk.wasm'.
         Accepted compressed asset '/home/makani/honua-server/samples/Honua.StacOpsDemo/obj/Debug/net10.0/compressed/4j7e4bkjgv-{0}-6kui682x9y-6kui682x9y.gz' for '/home/makani/honua-server/samples/Honua.StacOpsDemo/bin/Debug/net10.0/wwwroot/_framework/System.Diagnostics.Debug.6kui682x9y.wasm'.
         Accepted compressed asset '/home/makani/honua-server/samples/Honua.StacOpsDemo/obj/Debug/net10.0/compressed/64s4vqrjmb-{0}-bkk6sbg16x-bkk6sbg16x.gz' for '/home/makani/honua-server/samples/Honua.StacOpsDemo/bin/Debug/net10.0/wwwroot/_framework/System.Diagnostics.DiagnosticSource.bkk6sbg16x.wasm'.
         Accepted compressed asset '/home/makani/honua-server/samples/Honua.StacOpsDemo/obj/Debug/net10.0/compressed/vitprnjbwg-{0}-3alwgrae57-3alwgrae57.gz' for '/home/makani/honua-server/samples/Honua.StacOpsDemo/bin/Debug/net10.0/wwwroot/_framework/System.Diagnostics.FileVersionInfo.3alwgrae57.wasm'.
         Accepted compressed asset '/home/makani/honua-server/samples/Honua.StacOpsDemo/obj/Debug/net10.0/compressed/if8uoaoy5f-{0}-06srtm7zqs-06srtm7zqs.gz' for '/home/makani/honua-server/samples/Honua.StacOpsDemo/bin/Debug/net10.0/wwwroot/_framework/System.Diagnostics.Process.06srtm7zqs.wasm'.
         Accepted compressed asset '/home/makani/honua-server/samples/Honua.StacOpsDemo/obj/Debug/net10.0/compressed/vsrvfedoqp-{0}-un2pf554tb-un2pf554tb.gz' for '/home/makani/honua-server/samples/Honua.StacOpsDemo/bin/Debug/net10.0/wwwroot/_framework/System.Diagnostics.StackTrace.un2pf554tb.wasm'.
         Accepted compressed asset '/home/makani/honua-server/samples/Honua.StacOpsDemo/obj/Debug/net10.0/compressed/z1w79ufm4g-{0}-ida6tfw92t-ida6tfw92t.gz' for '/home/makani/honua-server/samples/Honua.StacOpsDemo/bin/Debug/net10.0/wwwroot/_framework/System.Diagnostics.TextWriterTraceListener.ida6tfw92t.wasm'.
         Accepted compressed asset '/home/makani/honua-server/samples/Honua.StacOpsDemo/obj/Debug/net10.0/compressed/qlipqx365y-{0}-shey8i22c8-shey8i22c8.gz' for '/home/makani/honua-server/samples/Honua.StacOpsDemo/bin/Debug/net10.0/wwwroot/_framework/System.Diagnostics.Tools.shey8i22c8.wasm'.
         Accepted compressed asset '/home/makani/honua-server/samples/Honua.StacOpsDemo/obj/Debug/net10.0/compressed/mcrbytppux-{0}-clw8b0o34g-clw8b0o34g.gz' for '/home/makani/honua-server/samples/Honua.StacOpsDemo/bin/Debug/net10.0/wwwroot/_framework/System.Diagnostics.TraceSource.clw8b0o34g.wasm'.
         Accepted compressed asset '/home/makani/honua-server/samples/Honua.StacOpsDemo/obj/Debug/net10.0/compressed/r7fs0ekpwp-{0}-w23ofaxx35-w23ofaxx35.gz' for '/home/makani/honua-server/samples/Honua.StacOpsDemo/bin/Debug/net10.0/wwwroot/_framework/System.Diagnostics.Tracing.w23ofaxx35.wasm'.
         Accepted compressed asset '/home/makani/honua-server/samples/Honua.StacOpsDemo/obj/Debug/net10.0/compressed/mnu6a5o308-{0}-fzsvb9tweu-fzsvb9tweu.gz' for '/home/makani/honua-server/samples/Honua.StacOpsDemo/bin/Debug/net10.0/wwwroot/_framework/System.Drawing.Primitives.fzsvb9tweu.wasm'.
         Accepted compressed asset '/home/makani/honua-server/samples/Honua.StacOpsDemo/obj/Debug/net10.0/compressed/hhv6uz3986-{0}-crwi1p34or-crwi1p34or.gz' for '/home/makani/honua-server/samples/Honua.StacOpsDemo/bin/Debug/net10.0/wwwroot/_framework/System.Drawing.crwi1p34or.wasm'.
         Accepted compressed asset '/home/makani/honua-server/samples/Honua.StacOpsDemo/obj/Debug/net10.0/compressed/apnc2zehtn-{0}-9fcftni5l9-9fcftni5l9.gz' for '/home/makani/honua-server/samples/Honua.StacOpsDemo/bin/Debug/net10.0/wwwroot/_framework/System.Dynamic.Runtime.9fcftni5l9.wasm'.
         Accepted compressed asset '/home/makani/honua-server/samples/Honua.StacOpsDemo/obj/Debug/net10.0/compressed/wcejp3qeq3-{0}-3i8640auxn-3i8640auxn.gz' for '/home/makani/honua-server/samples/Honua.StacOpsDemo/bin/Debug/net10.0/wwwroot/_framework/System.Formats.Asn1.3i8640auxn.wasm'.
         Accepted compressed asset '/home/makani/honua-server/samples/Honua.StacOpsDemo/obj/Debug/net10.0/compressed/531jguyd94-{0}-6thvjqqi69-6thvjqqi69.gz' for '/home/makani/honua-server/samples/Honua.StacOpsDemo/bin/Debug/net10.0/wwwroot/_framework/System.Formats.Tar.6thvjqqi69.wasm'.
         Accepted compressed asset '/home/makani/honua-server/samples/Honua.StacOpsDemo/obj/Debug/net10.0/compressed/4fgx7t5kcd-{0}-b34zv6t8w8-b34zv6t8w8.gz' for '/home/makani/honua-server/samples/Honua.StacOpsDemo/bin/Debug/net10.0/wwwroot/_framework/System.Globalization.Calendars.b34zv6t8w8.wasm'.
         Accepted compressed asset '/home/makani/honua-server/samples/Honua.StacOpsDemo/obj/Debug/net10.0/compressed/3mls13lask-{0}-t9z23vywoa-t9z23vywoa.gz' for '/home/makani/honua-server/samples/Honua.StacOpsDemo/bin/Debug/net10.0/wwwroot/_framework/System.Globalization.Extensions.t9z23vywoa.wasm'.
         Accepted compressed asset '/home/makani/honua-server/samples/Honua.StacOpsDemo/obj/Debug/net10.0/compressed/1j5dlmik4n-{0}-kzypximfjj-kzypximfjj.gz' for '/home/makani/honua-server/samples/Honua.StacOpsDemo/bin/Debug/net10.0/wwwroot/_framework/System.Globalization.kzypximfjj.wasm'.
         Accepted compressed asset '/home/makani/honua-server/samples/Honua.StacOpsDemo/obj/Debug/net10.0/compressed/44vlw1mikw-{0}-16ihu4aum0-16ihu4aum0.gz' for '/home/makani/honua-server/samples/Honua.StacOpsDemo/bin/Debug/net10.0/wwwroot/_framework/System.IO.Compression.Brotli.16ihu4aum0.wasm'.
         Accepted compressed asset '/home/makani/honua-server/samples/Honua.StacOpsDemo/obj/Debug/net10.0/compressed/zcx9vrg9hs-{0}-98t41ls3w6-98t41ls3w6.gz' for '/home/makani/honua-server/samples/Honua.StacOpsDemo/bin/Debug/net10.0/wwwroot/_framework/System.IO.Compression.FileSystem.98t41ls3w6.wasm'.
         Accepted compressed asset '/home/makani/honua-server/samples/Honua.StacOpsDemo/obj/Debug/net10.0/compressed/u9l65ul40b-{0}-0imvrnvy4f-0imvrnvy4f.gz' for '/home/makani/honua-server/samples/Honua.StacOpsDemo/bin/Debug/net10.0/wwwroot/_framework/System.IO.Compression.ZipFile.0imvrnvy4f.wasm'.
         Accepted compressed asset '/home/makani/honua-server/samples/Honua.StacOpsDemo/obj/Debug/net10.0/compressed/pcpo1yi7rs-{0}-ne60qfmijm-ne60qfmijm.gz' for '/home/makani/honua-server/samples/Honua.StacOpsDemo/bin/Debug/net10.0/wwwroot/_framework/System.IO.Compression.ne60qfmijm.wasm'.
         Accepted compressed asset '/home/makani/honua-server/samples/Honua.StacOpsDemo/obj/Debug/net10.0/compressed/y72pfd37zf-{0}-8nsm8mjj5e-8nsm8mjj5e.gz' for '/home/makani/honua-server/samples/Honua.StacOpsDemo/bin/Debug/net10.0/wwwroot/_framework/System.IO.FileSystem.AccessControl.8nsm8mjj5e.wasm'.
         Accepted compressed asset '/home/makani/honua-server/samples/Honua.StacOpsDemo/obj/Debug/net10.0/compressed/gsanfg5rfj-{0}-zemo9xngn2-zemo9xngn2.gz' for '/home/makani/honua-server/samples/Honua.StacOpsDemo/bin/Debug/net10.0/wwwroot/_framework/System.IO.FileSystem.DriveInfo.zemo9xngn2.wasm'.
         Accepted compressed asset '/home/makani/honua-server/samples/Honua.StacOpsDemo/obj/Debug/net10.0/compressed/guskv38akn-{0}-kybpzn2oos-kybpzn2oos.gz' for '/home/makani/honua-server/samples/Honua.StacOpsDemo/bin/Debug/net10.0/wwwroot/_framework/System.IO.FileSystem.Primitives.kybpzn2oos.wasm'.
         Accepted compressed asset '/home/makani/honua-server/samples/Honua.StacOpsDemo/obj/Debug/net10.0/compressed/9527dr4rmz-{0}-ontoty1fxn-ontoty1fxn.gz' for '/home/makani/honua-server/samples/Honua.StacOpsDemo/bin/Debug/net10.0/wwwroot/_framework/System.IO.FileSystem.Watcher.ontoty1fxn.wasm'.
         Accepted compressed asset '/home/makani/honua-server/samples/Honua.StacOpsDemo/obj/Debug/net10.0/compressed/fiirehvvfc-{0}-cfijc526tp-cfijc526tp.gz' for '/home/makani/honua-server/samples/Honua.StacOpsDemo/bin/Debug/net10.0/wwwroot/_framework/System.IO.FileSystem.cfijc526tp.wasm'.
         Accepted compressed asset '/home/makani/honua-server/samples/Honua.StacOpsDemo/obj/Debug/net10.0/compressed/6lxwuyk4co-{0}-us5380okmk-us5380okmk.gz' for '/home/makani/honua-server/samples/Honua.StacOpsDemo/bin/Debug/net10.0/wwwroot/_framework/System.IO.IsolatedStorage.us5380okmk.wasm'.
         Accepted compressed asset '/home/makani/honua-server/samples/Honua.StacOpsDemo/obj/Debug/net10.0/compressed/qm8ltete8t-{0}-v5uya98rfp-v5uya98rfp.gz' for '/home/makani/honua-server/samples/Honua.StacOpsDemo/bin/Debug/net10.0/wwwroot/_framework/System.IO.MemoryMappedFiles.v5uya98rfp.wasm'.
         Accepted compressed asset '/home/makani/honua-server/samples/Honua.StacOpsDemo/obj/Debug/net10.0/compressed/yufx9a5ikp-{0}-9dgkwpzi1d-9dgkwpzi1d.gz' for '/home/makani/honua-server/samples/Honua.StacOpsDemo/bin/Debug/net10.0/wwwroot/_framework/System.IO.Pipelines.9dgkwpzi1d.wasm'.
         Accepted compressed asset '/home/makani/honua-server/samples/Honua.StacOpsDemo/obj/Debug/net10.0/compressed/7e3gtzdytt-{0}-rihuiw07yu-rihuiw07yu.gz' for '/home/makani/honua-server/samples/Honua.StacOpsDemo/bin/Debug/net10.0/wwwroot/_framework/System.IO.Pipes.AccessControl.rihuiw07yu.wasm'.
         Accepted compressed asset '/home/makani/honua-server/samples/Honua.StacOpsDemo/obj/Debug/net10.0/compressed/0xa4dg7iem-{0}-f4dn7kellq-f4dn7kellq.gz' for '/home/makani/honua-server/samples/Honua.StacOpsDemo/bin/Debug/net10.0/wwwroot/_framework/System.IO.Pipes.f4dn7kellq.wasm'.
         Accepted compressed asset '/home/makani/honua-server/samples/Honua.StacOpsDemo/obj/Debug/net10.0/compressed/r1ok5ubdvp-{0}-e6eipiyt6q-e6eipiyt6q.gz' for '/home/makani/honua-server/samples/Honua.StacOpsDemo/bin/Debug/net10.0/wwwroot/_framework/System.IO.UnmanagedMemoryStream.e6eipiyt6q.wasm'.
         Accepted compressed asset '/home/makani/honua-server/samples/Honua.StacOpsDemo/obj/Debug/net10.0/compressed/06fssr65wk-{0}-ziabf8ylan-ziabf8ylan.gz' for '/home/makani/honua-server/samples/Honua.StacOpsDemo/bin/Debug/net10.0/wwwroot/_framework/System.IO.ziabf8ylan.wasm'.
         Accepted compressed asset '/home/makani/honua-server/samples/Honua.StacOpsDemo/obj/Debug/net10.0/compressed/1ee035yyz8-{0}-fm8vwphpb6-fm8vwphpb6.gz' for '/home/makani/honua-server/samples/Honua.StacOpsDemo/bin/Debug/net10.0/wwwroot/_framework/System.Linq.AsyncEnumerable.fm8vwphpb6.wasm'.
         Accepted compressed asset '/home/makani/honua-server/samples/Honua.StacOpsDemo/obj/Debug/net10.0/compressed/z2ef7zt00j-{0}-uudylx04pc-uudylx04pc.gz' for '/home/makani/honua-server/samples/Honua.StacOpsDemo/bin/Debug/net10.0/wwwroot/_framework/System.Linq.Expressions.uudylx04pc.wasm'.
         Accepted compressed asset '/home/makani/honua-server/samples/Honua.StacOpsDemo/obj/Debug/net10.0/compressed/pziuy7d0tg-{0}-lbbvcapr26-lbbvcapr26.gz' for '/home/makani/honua-server/samples/Honua.StacOpsDemo/bin/Debug/net10.0/wwwroot/_framework/System.Linq.Parallel.lbbvcapr26.wasm'.
         Accepted compressed asset '/home/makani/honua-server/samples/Honua.StacOpsDemo/obj/Debug/net10.0/compressed/swi5gxhrcv-{0}-hq9iyymx2n-hq9iyymx2n.gz' for '/home/makani/honua-server/samples/Honua.StacOpsDemo/bin/Debug/net10.0/wwwroot/_framework/System.Linq.Queryable.hq9iyymx2n.wasm'.
         Accepted compressed asset '/home/makani/honua-server/samples/Honua.StacOpsDemo/obj/Debug/net10.0/compressed/l9h6cj5hkx-{0}-ome0590huq-ome0590huq.gz' for '/home/makani/honua-server/samples/Honua.StacOpsDemo/bin/Debug/net10.0/wwwroot/_framework/System.Linq.ome0590huq.wasm'.
         Accepted compressed asset '/home/makani/honua-server/samples/Honua.StacOpsDemo/obj/Debug/net10.0/compressed/v7libn7w91-{0}-oikctzq2yk-oikctzq2yk.gz' for '/home/makani/honua-server/samples/Honua.StacOpsDemo/bin/Debug/net10.0/wwwroot/_framework/System.Memory.oikctzq2yk.wasm'.
         Accepted compressed asset '/home/makani/honua-server/samples/Honua.StacOpsDemo/obj/Debug/net10.0/compressed/7oeb2wd3w1-{0}-19ykf2ghfc-19ykf2ghfc.gz' for '/home/makani/honua-server/samples/Honua.StacOpsDemo/bin/Debug/net10.0/wwwroot/_framework/System.Net.Http.Json.19ykf2ghfc.wasm'.
         Accepted compressed asset '/home/makani/honua-server/samples/Honua.StacOpsDemo/obj/Debug/net10.0/compressed/3h2e375jvl-{0}-5kege8iwcx-5kege8iwcx.gz' for '/home/makani/honua-server/samples/Honua.StacOpsDemo/bin/Debug/net10.0/wwwroot/_framework/System.Net.Http.5kege8iwcx.wasm'.
         Accepted compressed asset '/home/makani/honua-server/samples/Honua.StacOpsDemo/obj/Debug/net10.0/compressed/0m40lzj0rk-{0}-govomr6pnd-govomr6pnd.gz' for '/home/makani/honua-server/samples/Honua.StacOpsDemo/bin/Debug/net10.0/wwwroot/_framework/System.Net.HttpListener.govomr6pnd.wasm'.
         Accepted compressed asset '/home/makani/honua-server/samples/Honua.StacOpsDemo/obj/Debug/net10.0/compressed/ueba7yw19e-{0}-kpjpkrf00f-kpjpkrf00f.gz' for '/home/makani/honua-server/samples/Honua.StacOpsDemo/bin/Debug/net10.0/wwwroot/_framework/System.Net.Mail.kpjpkrf00f.wasm'.
         Accepted compressed asset '/home/makani/honua-server/samples/Honua.StacOpsDemo/obj/Debug/net10.0/compressed/0g35c7iw73-{0}-dxybkhgvzf-dxybkhgvzf.gz' for '/home/makani/honua-server/samples/Honua.StacOpsDemo/bin/Debug/net10.0/wwwroot/_framework/System.Net.NameResolution.dxybkhgvzf.wasm'.
         Accepted compressed asset '/home/makani/honua-server/samples/Honua.StacOpsDemo/obj/Debug/net10.0/compressed/r1lxroaobo-{0}-vqv9utc4ui-vqv9utc4ui.gz' for '/home/makani/honua-server/samples/Honua.StacOpsDemo/bin/Debug/net10.0/wwwroot/_framework/System.Net.NetworkInformation.vqv9utc4ui.wasm'.
         Accepted compressed asset '/home/makani/honua-server/samples/Honua.StacOpsDemo/obj/Debug/net10.0/compressed/17dhutl4m3-{0}-783n01f2ja-783n01f2ja.gz' for '/home/makani/honua-server/samples/Honua.StacOpsDemo/bin/Debug/net10.0/wwwroot/_framework/System.Net.Ping.783n01f2ja.wasm'.
         Accepted compressed asset '/home/makani/honua-server/samples/Honua.StacOpsDemo/obj/Debug/net10.0/compressed/me5kof9n0a-{0}-pstx0jw374-pstx0jw374.gz' for '/home/makani/honua-server/samples/Honua.StacOpsDemo/bin/Debug/net10.0/wwwroot/_framework/System.Net.Primitives.pstx0jw374.wasm'.
         Accepted compressed asset '/home/makani/honua-server/samples/Honua.StacOpsDemo/obj/Debug/net10.0/compressed/atkselzet5-{0}-dj8trc6yee-dj8trc6yee.gz' for '/home/makani/honua-server/samples/Honua.StacOpsDemo/bin/Debug/net10.0/wwwroot/_framework/System.Net.Quic.dj8trc6yee.wasm'.
         Accepted compressed asset '/home/makani/honua-server/samples/Honua.StacOpsDemo/obj/Debug/net10.0/compressed/i522mcx9lp-{0}-l70yyhjzub-l70yyhjzub.gz' for '/home/makani/honua-server/samples/Honua.StacOpsDemo/bin/Debug/net10.0/wwwroot/_framework/System.Net.Requests.l70yyhjzub.wasm'.
         Accepted compressed asset '/home/makani/honua-server/samples/Honua.StacOpsDemo/obj/Debug/net10.0/compressed/44mvaearuj-{0}-r7o76f3x7n-r7o76f3x7n.gz' for '/home/makani/honua-server/samples/Honua.StacOpsDemo/bin/Debug/net10.0/wwwroot/_framework/System.Net.Security.r7o76f3x7n.wasm'.
         Accepted compressed asset '/home/makani/honua-server/samples/Honua.StacOpsDemo/obj/Debug/net10.0/compressed/n6uafrti67-{0}-tgl8yc4d2m-tgl8yc4d2m.gz' for '/home/makani/honua-server/samples/Honua.StacOpsDemo/bin/Debug/net10.0/wwwroot/_framework/System.Net.ServerSentEvents.tgl8yc4d2m.wasm'.
         Accepted compressed asset '/home/makani/honua-server/samples/Honua.StacOpsDemo/obj/Debug/net10.0/compressed/ail12caejg-{0}-052trdlw01-052trdlw01.gz' for '/home/makani/honua-server/samples/Honua.StacOpsDemo/bin/Debug/net10.0/wwwroot/_framework/System.Net.ServicePoint.052trdlw01.wasm'.
         Accepted compressed asset '/home/makani/honua-server/samples/Honua.StacOpsDemo/obj/Debug/net10.0/compressed/ro6em1u3wk-{0}-u3mk3ahtq5-u3mk3ahtq5.gz' for '/home/makani/honua-server/samples/Honua.StacOpsDemo/bin/Debug/net10.0/wwwroot/_framework/System.Net.Sockets.u3mk3ahtq5.wasm'.
         Accepted compressed asset '/home/makani/honua-server/samples/Honua.StacOpsDemo/obj/Debug/net10.0/compressed/hvh2kmrxl1-{0}-qqvr2j3pvg-qqvr2j3pvg.gz' for '/home/makani/honua-server/samples/Honua.StacOpsDemo/bin/Debug/net10.0/wwwroot/_framework/System.Net.WebClient.qqvr2j3pvg.wasm'.
         Accepted compressed asset '/home/makani/honua-server/samples/Honua.StacOpsDemo/obj/Debug/net10.0/compressed/angjajhxrk-{0}-5uas6gg592-5uas6gg592.gz' for '/home/makani/honua-server/samples/Honua.StacOpsDemo/bin/Debug/net10.0/wwwroot/_framework/System.Net.WebHeaderCollection.5uas6gg592.wasm'.
         Accepted compressed asset '/home/makani/honua-server/samples/Honua.StacOpsDemo/obj/Debug/net10.0/compressed/pkur5xx0ld-{0}-navlngkykk-navlngkykk.gz' for '/home/makani/honua-server/samples/Honua.StacOpsDemo/bin/Debug/net10.0/wwwroot/_framework/System.Net.WebProxy.navlngkykk.wasm'.
         Accepted compressed asset '/home/makani/honua-server/samples/Honua.StacOpsDemo/obj/Debug/net10.0/compressed/il20ege3ns-{0}-7xkgcbvoi2-7xkgcbvoi2.gz' for '/home/makani/honua-server/samples/Honua.StacOpsDemo/bin/Debug/net10.0/wwwroot/_framework/System.Net.WebSockets.Client.7xkgcbvoi2.wasm'.
         Accepted compressed asset '/home/makani/honua-server/samples/Honua.StacOpsDemo/obj/Debug/net10.0/compressed/5ocsh0cqe2-{0}-hmm17lo1vo-hmm17lo1vo.gz' for '/home/makani/honua-server/samples/Honua.StacOpsDemo/bin/Debug/net10.0/wwwroot/_framework/System.Net.WebSockets.hmm17lo1vo.wasm'.
         Accepted compressed asset '/home/makani/honua-server/samples/Honua.StacOpsDemo/obj/Debug/net10.0/compressed/sdt44qukyn-{0}-gmaqhpvzve-gmaqhpvzve.gz' for '/home/makani/honua-server/samples/Honua.StacOpsDemo/bin/Debug/net10.0/wwwroot/_framework/System.Net.gmaqhpvzve.wasm'.
         Accepted compressed asset '/home/makani/honua-server/samples/Honua.StacOpsDemo/obj/Debug/net10.0/compressed/3uztb4xsoo-{0}-ih9man0xaa-ih9man0xaa.gz' for '/home/makani/honua-server/samples/Honua.StacOpsDemo/bin/Debug/net10.0/wwwroot/_framework/System.Numerics.Vectors.ih9man0xaa.wasm'.
         Accepted compressed asset '/home/makani/honua-server/samples/Honua.StacOpsDemo/obj/Debug/net10.0/compressed/r0x92wbh3m-{0}-w9v15jg7wg-w9v15jg7wg.gz' for '/home/makani/honua-server/samples/Honua.StacOpsDemo/bin/Debug/net10.0/wwwroot/_framework/System.Numerics.w9v15jg7wg.wasm'.
         Accepted compressed asset '/home/makani/honua-server/samples/Honua.StacOpsDemo/obj/Debug/net10.0/compressed/f88uyiozp9-{0}-pwzbf3ywqb-pwzbf3ywqb.gz' for '/home/makani/honua-server/samples/Honua.StacOpsDemo/bin/Debug/net10.0/wwwroot/_framework/System.ObjectModel.pwzbf3ywqb.wasm'.
         Accepted compressed asset '/home/makani/honua-server/samples/Honua.StacOpsDemo/obj/Debug/net10.0/compressed/6jr6u6khjh-{0}-ya7w2p8he6-ya7w2p8he6.gz' for '/home/makani/honua-server/samples/Honua.StacOpsDemo/bin/Debug/net10.0/wwwroot/_framework/System.Private.DataContractSerialization.ya7w2p8he6.wasm'.
         Accepted compressed asset '/home/makani/honua-server/samples/Honua.StacOpsDemo/obj/Debug/net10.0/compressed/yho5n53r3s-{0}-ebclw1ctlb-ebclw1ctlb.gz' for '/home/makani/honua-server/samples/Honua.StacOpsDemo/bin/Debug/net10.0/wwwroot/_framework/System.Private.Uri.ebclw1ctlb.wasm'.
         Accepted compressed asset '/home/makani/honua-server/samples/Honua.StacOpsDemo/obj/Debug/net10.0/compressed/zpllpdmcqo-{0}-esrdiz7prm-esrdiz7prm.gz' for '/home/makani/honua-server/samples/Honua.StacOpsDemo/bin/Debug/net10.0/wwwroot/_framework/System.Private.Xml.Linq.esrdiz7prm.wasm'.
         Accepted compressed asset '/home/makani/honua-server/samples/Honua.StacOpsDemo/obj/Debug/net10.0/compressed/79a7q3fl4a-{0}-zese355etl-zese355etl.gz' for '/home/makani/honua-server/samples/Honua.StacOpsDemo/bin/Debug/net10.0/wwwroot/_framework/System.Private.Xml.zese355etl.wasm'.
         Accepted compressed asset '/home/makani/honua-server/samples/Honua.StacOpsDemo/obj/Debug/net10.0/compressed/hmfltb35pp-{0}-db8njzbm5e-db8njzbm5e.gz' for '/home/makani/honua-server/samples/Honua.StacOpsDemo/bin/Debug/net10.0/wwwroot/_framework/System.Reflection.DispatchProxy.db8njzbm5e.wasm'.
         Accepted compressed asset '/home/makani/honua-server/samples/Honua.StacOpsDemo/obj/Debug/net10.0/compressed/xbdj936giy-{0}-5li0z45f7b-5li0z45f7b.gz' for '/home/makani/honua-server/samples/Honua.StacOpsDemo/bin/Debug/net10.0/wwwroot/_framework/System.Reflection.Emit.ILGeneration.5li0z45f7b.wasm'.
         Accepted compressed asset '/home/makani/honua-server/samples/Honua.StacOpsDemo/obj/Debug/net10.0/compressed/tzhr3gdw3t-{0}-qjvufgr3wc-qjvufgr3wc.gz' for '/home/makani/honua-server/samples/Honua.StacOpsDemo/bin/Debug/net10.0/wwwroot/_framework/System.Reflection.Emit.Lightweight.qjvufgr3wc.wasm'.
         Accepted compressed asset '/home/makani/honua-server/samples/Honua.StacOpsDemo/obj/Debug/net10.0/compressed/5563ya30h5-{0}-wyf2c3g3ob-wyf2c3g3ob.gz' for '/home/makani/honua-server/samples/Honua.StacOpsDemo/bin/Debug/net10.0/wwwroot/_framework/System.Reflection.Emit.wyf2c3g3ob.wasm'.
         Accepted compressed asset '/home/makani/honua-server/samples/Honua.StacOpsDemo/obj/Debug/net10.0/compressed/co09fbluoc-{0}-5423st4px4-5423st4px4.gz' for '/home/makani/honua-server/samples/Honua.StacOpsDemo/bin/Debug/net10.0/wwwroot/_framework/System.Reflection.Extensions.5423st4px4.wasm'.
         Accepted compressed asset '/home/makani/honua-server/samples/Honua.StacOpsDemo/obj/Debug/net10.0/compressed/bz7oo1wa9w-{0}-9jlh4rmm5n-9jlh4rmm5n.gz' for '/home/makani/honua-server/samples/Honua.StacOpsDemo/bin/Debug/net10.0/wwwroot/_framework/System.Reflection.Metadata.9jlh4rmm5n.wasm'.
         Accepted compressed asset '/home/makani/honua-server/samples/Honua.StacOpsDemo/obj/Debug/net10.0/compressed/k7olfngbq6-{0}-yippb5hjvi-yippb5hjvi.gz' for '/home/makani/honua-server/samples/Honua.StacOpsDemo/bin/Debug/net10.0/wwwroot/_framework/System.Reflection.Primitives.yippb5hjvi.wasm'.
         Accepted compressed asset '/home/makani/honua-server/samples/Honua.StacOpsDemo/obj/Debug/net10.0/compressed/ym6bkptd70-{0}-j1u7dn4u7m-j1u7dn4u7m.gz' for '/home/makani/honua-server/samples/Honua.StacOpsDemo/bin/Debug/net10.0/wwwroot/_framework/System.Reflection.TypeExtensions.j1u7dn4u7m.wasm'.
         Accepted compressed asset '/home/makani/honua-server/samples/Honua.StacOpsDemo/obj/Debug/net10.0/compressed/tikuaaytlm-{0}-e4ad5khic1-e4ad5khic1.gz' for '/home/makani/honua-server/samples/Honua.StacOpsDemo/bin/Debug/net10.0/wwwroot/_framework/System.Reflection.e4ad5khic1.wasm'.
         Accepted compressed asset '/home/makani/honua-server/samples/Honua.StacOpsDemo/obj/Debug/net10.0/compressed/tlbjxcgqye-{0}-xlkk3ynoru-xlkk3ynoru.gz' for '/home/makani/honua-server/samples/Honua.StacOpsDemo/bin/Debug/net10.0/wwwroot/_framework/System.Resources.Reader.xlkk3ynoru.wasm'.
         Accepted compressed asset '/home/makani/honua-server/samples/Honua.StacOpsDemo/obj/Debug/net10.0/compressed/2xyzgtdipa-{0}-eugtqi7331-eugtqi7331.gz' for '/home/makani/honua-server/samples/Honua.StacOpsDemo/bin/Debug/net10.0/wwwroot/_framework/System.Resources.ResourceManager.eugtqi7331.wasm'.
         Accepted compressed asset '/home/makani/honua-server/samples/Honua.StacOpsDemo/obj/Debug/net10.0/compressed/pmvrbma0gf-{0}-depxp3za4f-depxp3za4f.gz' for '/home/makani/honua-server/samples/Honua.StacOpsDemo/bin/Debug/net10.0/wwwroot/_framework/System.Resources.Writer.depxp3za4f.wasm'.
         Accepted compressed asset '/home/makani/honua-server/samples/Honua.StacOpsDemo/obj/Debug/net10.0/compressed/u5prte7ey7-{0}-qm5biyh995-qm5biyh995.gz' for '/home/makani/honua-server/samples/Honua.StacOpsDemo/bin/Debug/net10.0/wwwroot/_framework/System.Runtime.CompilerServices.Unsafe.qm5biyh995.wasm'.
         Accepted compressed asset '/home/makani/honua-server/samples/Honua.StacOpsDemo/obj/Debug/net10.0/compressed/4iijx32zy2-{0}-vjh10io2ol-vjh10io2ol.gz' for '/home/makani/honua-server/samples/Honua.StacOpsDemo/bin/Debug/net10.0/wwwroot/_framework/System.Runtime.CompilerServices.VisualC.vjh10io2ol.wasm'.
         Accepted compressed asset '/home/makani/honua-server/samples/Honua.StacOpsDemo/obj/Debug/net10.0/compressed/zl2c5jkehc-{0}-gm74y2bo0g-gm74y2bo0g.gz' for '/home/makani/honua-server/samples/Honua.StacOpsDemo/bin/Debug/net10.0/wwwroot/_framework/System.Runtime.Extensions.gm74y2bo0g.wasm'.
         Accepted compressed asset '/home/makani/honua-server/samples/Honua.StacOpsDemo/obj/Debug/net10.0/compressed/3rb7og3sm1-{0}-ujbtg86el3-ujbtg86el3.gz' for '/home/makani/honua-server/samples/Honua.StacOpsDemo/bin/Debug/net10.0/wwwroot/_framework/System.Runtime.Handles.ujbtg86el3.wasm'.
         Accepted compressed asset '/home/makani/honua-server/samples/Honua.StacOpsDemo/obj/Debug/net10.0/compressed/26cpctdwwz-{0}-e22nl7riy4-e22nl7riy4.gz' for '/home/makani/honua-server/samples/Honua.StacOpsDemo/bin/Debug/net10.0/wwwroot/_framework/System.Runtime.InteropServices.JavaScript.e22nl7riy4.wasm'.
         Accepted compressed asset '/home/makani/honua-server/samples/Honua.StacOpsDemo/obj/Debug/net10.0/compressed/9dav39wf3d-{0}-ha950r0i18-ha950r0i18.gz' for '/home/makani/honua-server/samples/Honua.StacOpsDemo/bin/Debug/net10.0/wwwroot/_framework/System.Runtime.InteropServices.RuntimeInformation.ha950r0i18.wasm'.
         Accepted compressed asset '/home/makani/honua-server/samples/Honua.StacOpsDemo/obj/Debug/net10.0/compressed/q19grd70h9-{0}-g1w1fits1p-g1w1fits1p.gz' for '/home/makani/honua-server/samples/Honua.StacOpsDemo/bin/Debug/net10.0/wwwroot/_framework/System.Runtime.InteropServices.g1w1fits1p.wasm'.
         Accepted compressed asset '/home/makani/honua-server/samples/Honua.StacOpsDemo/obj/Debug/net10.0/compressed/yy7r7yqiog-{0}-7n7jt1ms3p-7n7jt1ms3p.gz' for '/home/makani/honua-server/samples/Honua.StacOpsDemo/bin/Debug/net10.0/wwwroot/_framework/System.Runtime.Intrinsics.7n7jt1ms3p.wasm'.
         Accepted compressed asset '/home/makani/honua-server/samples/Honua.StacOpsDemo/obj/Debug/net10.0/compressed/e3qqxfy55p-{0}-13t1lxa6p2-13t1lxa6p2.gz' for '/home/makani/honua-server/samples/Honua.StacOpsDemo/bin/Debug/net10.0/wwwroot/_framework/System.Runtime.Loader.13t1lxa6p2.wasm'.
         Accepted compressed asset '/home/makani/honua-server/samples/Honua.StacOpsDemo/obj/Debug/net10.0/compressed/inqasvlfq6-{0}-bcciqwoqxp-bcciqwoqxp.gz' for '/home/makani/honua-server/samples/Honua.StacOpsDemo/bin/Debug/net10.0/wwwroot/_framework/System.Runtime.Numerics.bcciqwoqxp.wasm'.
         Accepted compressed asset '/home/makani/honua-server/samples/Honua.StacOpsDemo/obj/Debug/net10.0/compressed/ibdrou6ilo-{0}-wecoe44nmz-wecoe44nmz.gz' for '/home/makani/honua-server/samples/Honua.StacOpsDemo/bin/Debug/net10.0/wwwroot/_framework/System.Runtime.Serialization.Formatters.wecoe44nmz.wasm'.
         Accepted compressed asset '/home/makani/honua-server/samples/Honua.StacOpsDemo/obj/Debug/net10.0/compressed/0b40gznxnc-{0}-8dz8w33dsz-8dz8w33dsz.gz' for '/home/makani/honua-server/samples/Honua.StacOpsDemo/bin/Debug/net10.0/wwwroot/_framework/System.Runtime.Serialization.Json.8dz8w33dsz.wasm'.
         Accepted compressed asset '/home/makani/honua-server/samples/Honua.StacOpsDemo/obj/Debug/net10.0/compressed/1pzowrggl7-{0}-m05m0pm5oq-m05m0pm5oq.gz' for '/home/makani/honua-server/samples/Honua.StacOpsDemo/bin/Debug/net10.0/wwwroot/_framework/System.Runtime.Serialization.Primitives.m05m0pm5oq.wasm'.
         Accepted compressed asset '/home/makani/honua-server/samples/Honua.StacOpsDemo/obj/Debug/net10.0/compressed/wqbstqhw68-{0}-79xb2e70lp-79xb2e70lp.gz' for '/home/makani/honua-server/samples/Honua.StacOpsDemo/bin/Debug/net10.0/wwwroot/_framework/System.Runtime.Serialization.Xml.79xb2e70lp.wasm'.
         Accepted compressed asset '/home/makani/honua-server/samples/Honua.StacOpsDemo/obj/Debug/net10.0/compressed/oxie03b6q2-{0}-uyi2fb0103-uyi2fb0103.gz' for '/home/makani/honua-server/samples/Honua.StacOpsDemo/bin/Debug/net10.0/wwwroot/_framework/System.Runtime.Serialization.uyi2fb0103.wasm'.
         Accepted compressed asset '/home/makani/honua-server/samples/Honua.StacOpsDemo/obj/Debug/net10.0/compressed/1f8jonzejp-{0}-69m00wu7n6-69m00wu7n6.gz' for '/home/makani/honua-server/samples/Honua.StacOpsDemo/bin/Debug/net10.0/wwwroot/_framework/System.Runtime.69m00wu7n6.wasm'.
         Accepted compressed asset '/home/makani/honua-server/samples/Honua.StacOpsDemo/obj/Debug/net10.0/compressed/abcr8y6h81-{0}-rv6iq87t46-rv6iq87t46.gz' for '/home/makani/honua-server/samples/Honua.StacOpsDemo/bin/Debug/net10.0/wwwroot/_framework/System.Security.AccessControl.rv6iq87t46.wasm'.
         Accepted compressed asset '/home/makani/honua-server/samples/Honua.StacOpsDemo/obj/Debug/net10.0/compressed/1lio3ko3a9-{0}-2pchagji9k-2pchagji9k.gz' for '/home/makani/honua-server/samples/Honua.StacOpsDemo/bin/Debug/net10.0/wwwroot/_framework/System.Security.Claims.2pchagji9k.wasm'.
         Accepted compressed asset '/home/makani/honua-server/samples/Honua.StacOpsDemo/obj/Debug/net10.0/compressed/v7k40j93o9-{0}-tba5tu29wv-tba5tu29wv.gz' for '/home/makani/honua-server/samples/Honua.StacOpsDemo/bin/Debug/net10.0/wwwroot/_framework/System.Security.Cryptography.Algorithms.tba5tu29wv.wasm'.
         Accepted compressed asset '/home/makani/honua-server/samples/Honua.StacOpsDemo/obj/Debug/net10.0/compressed/fiaxe2d5hg-{0}-q19w88bn7l-q19w88bn7l.gz' for '/home/makani/honua-server/samples/Honua.StacOpsDemo/bin/Debug/net10.0/wwwroot/_framework/System.Security.Cryptography.Cng.q19w88bn7l.wasm'.
         Accepted compressed asset '/home/makani/honua-server/samples/Honua.StacOpsDemo/obj/Debug/net10.0/compressed/rfz6t1sz88-{0}-lmdq3p0hzc-lmdq3p0hzc.gz' for '/home/makani/honua-server/samples/Honua.StacOpsDemo/bin/Debug/net10.0/wwwroot/_framework/System.Security.Cryptography.Csp.lmdq3p0hzc.wasm'.
         Accepted compressed asset '/home/makani/honua-server/samples/Honua.StacOpsDemo/obj/Debug/net10.0/compressed/dmiag02m9t-{0}-irtnamfpwo-irtnamfpwo.gz' for '/home/makani/honua-server/samples/Honua.StacOpsDemo/bin/Debug/net10.0/wwwroot/_framework/System.Security.Cryptography.Encoding.irtnamfpwo.wasm'.
         Accepted compressed asset '/home/makani/honua-server/samples/Honua.StacOpsDemo/obj/Debug/net10.0/compressed/5biepo1c2v-{0}-ctfxrq7l33-ctfxrq7l33.gz' for '/home/makani/honua-server/samples/Honua.StacOpsDemo/bin/Debug/net10.0/wwwroot/_framework/System.Security.Cryptography.OpenSsl.ctfxrq7l33.wasm'.
         Accepted compressed asset '/home/makani/honua-server/samples/Honua.StacOpsDemo/obj/Debug/net10.0/compressed/o8a7pjo347-{0}-wfl2haanmw-wfl2haanmw.gz' for '/home/makani/honua-server/samples/Honua.StacOpsDemo/bin/Debug/net10.0/wwwroot/_framework/System.Security.Cryptography.Primitives.wfl2haanmw.wasm'.
         Accepted compressed asset '/home/makani/honua-server/samples/Honua.StacOpsDemo/obj/Debug/net10.0/compressed/ucd6b0ho7g-{0}-jk1euj9vu9-jk1euj9vu9.gz' for '/home/makani/honua-server/samples/Honua.StacOpsDemo/bin/Debug/net10.0/wwwroot/_framework/System.Security.Cryptography.X509Certificates.jk1euj9vu9.wasm'.
         Accepted compressed asset '/home/makani/honua-server/samples/Honua.StacOpsDemo/obj/Debug/net10.0/compressed/363m0e59b6-{0}-s9jclef89k-s9jclef89k.gz' for '/home/makani/honua-server/samples/Honua.StacOpsDemo/bin/Debug/net10.0/wwwroot/_framework/System.Security.Cryptography.s9jclef89k.wasm'.
         Accepted compressed asset '/home/makani/honua-server/samples/Honua.StacOpsDemo/obj/Debug/net10.0/compressed/zdacgqktiy-{0}-s3g4fx319q-s3g4fx319q.gz' for '/home/makani/honua-server/samples/Honua.StacOpsDemo/bin/Debug/net10.0/wwwroot/_framework/System.Security.Principal.Windows.s3g4fx319q.wasm'.
         Accepted compressed asset '/home/makani/honua-server/samples/Honua.StacOpsDemo/obj/Debug/net10.0/compressed/hhvq3rjjid-{0}-5ic1w2xffg-5ic1w2xffg.gz' for '/home/makani/honua-server/samples/Honua.StacOpsDemo/bin/Debug/net10.0/wwwroot/_framework/System.Security.Principal.5ic1w2xffg.wasm'.
         Accepted compressed asset '/home/makani/honua-server/samples/Honua.StacOpsDemo/obj/Debug/net10.0/compressed/zvthpu2rv9-{0}-akn0vk63vp-akn0vk63vp.gz' for '/home/makani/honua-server/samples/Honua.StacOpsDemo/bin/Debug/net10.0/wwwroot/_framework/System.Security.SecureString.akn0vk63vp.wasm'.
         Accepted compressed asset '/home/makani/honua-server/samples/Honua.StacOpsDemo/obj/Debug/net10.0/compressed/6b4w5o22us-{0}-hy6omngq8z-hy6omngq8z.gz' for '/home/makani/honua-server/samples/Honua.StacOpsDemo/bin/Debug/net10.0/wwwroot/_framework/System.Security.hy6omngq8z.wasm'.
         Accepted compressed asset '/home/makani/honua-server/samples/Honua.StacOpsDemo/obj/Debug/net10.0/compressed/0v4jm0flgs-{0}-c7chznvmm3-c7chznvmm3.gz' for '/home/makani/honua-server/samples/Honua.StacOpsDemo/bin/Debug/net10.0/wwwroot/_framework/System.ServiceModel.Web.c7chznvmm3.wasm'.
         Accepted compressed asset '/home/makani/honua-server/samples/Honua.StacOpsDemo/obj/Debug/net10.0/compressed/h6g92w3iif-{0}-mfsa3z03lw-mfsa3z03lw.gz' for '/home/makani/honua-server/samples/Honua.StacOpsDemo/bin/Debug/net10.0/wwwroot/_framework/System.ServiceProcess.mfsa3z03lw.wasm'.
         Accepted compressed asset '/home/makani/honua-server/samples/Honua.StacOpsDemo/obj/Debug/net10.0/compressed/omyfd9z1iu-{0}-apclussnua-apclussnua.gz' for '/home/makani/honua-server/samples/Honua.StacOpsDemo/bin/Debug/net10.0/wwwroot/_framework/System.Text.Encoding.CodePages.apclussnua.wasm'.
         Accepted compressed asset '/home/makani/honua-server/samples/Honua.StacOpsDemo/obj/Debug/net10.0/compressed/j816dukew1-{0}-kny0la5npq-kny0la5npq.gz' for '/home/makani/honua-server/samples/Honua.StacOpsDemo/bin/Debug/net10.0/wwwroot/_framework/System.Text.Encoding.Extensions.kny0la5npq.wasm'.
         Accepted compressed asset '/home/makani/honua-server/samples/Honua.StacOpsDemo/obj/Debug/net10.0/compressed/8jp2s21y9s-{0}-4bprmgilq2-4bprmgilq2.gz' for '/home/makani/honua-server/samples/Honua.StacOpsDemo/bin/Debug/net10.0/wwwroot/_framework/System.Text.Encoding.4bprmgilq2.wasm'.
         Accepted compressed asset '/home/makani/honua-server/samples/Honua.StacOpsDemo/obj/Debug/net10.0/compressed/umoq2unpub-{0}-z4o1x288hz-z4o1x288hz.gz' for '/home/makani/honua-server/samples/Honua.StacOpsDemo/bin/Debug/net10.0/wwwroot/_framework/System.Text.Encodings.Web.z4o1x288hz.wasm'.
         Accepted compressed asset '/home/makani/honua-server/samples/Honua.StacOpsDemo/obj/Debug/net10.0/compressed/5w953iyxyd-{0}-ytv8luxawq-ytv8luxawq.gz' for '/home/makani/honua-server/samples/Honua.StacOpsDemo/bin/Debug/net10.0/wwwroot/_framework/System.Text.Json.ytv8luxawq.wasm'.
         Accepted compressed asset '/home/makani/honua-server/samples/Honua.StacOpsDemo/obj/Debug/net10.0/compressed/6ksa9x2j9g-{0}-i57ntutovo-i57ntutovo.gz' for '/home/makani/honua-server/samples/Honua.StacOpsDemo/bin/Debug/net10.0/wwwroot/_framework/System.Text.RegularExpressions.i57ntutovo.wasm'.
         Accepted compressed asset '/home/makani/honua-server/samples/Honua.StacOpsDemo/obj/Debug/net10.0/compressed/5x5ewz2eb8-{0}-vkhht9s4s0-vkhht9s4s0.gz' for '/home/makani/honua-server/samples/Honua.StacOpsDemo/bin/Debug/net10.0/wwwroot/_framework/System.Threading.AccessControl.vkhht9s4s0.wasm'.
         Accepted compressed asset '/home/makani/honua-server/samples/Honua.StacOpsDemo/obj/Debug/net10.0/compressed/0d2ncz0uol-{0}-ici4sc8c5d-ici4sc8c5d.gz' for '/home/makani/honua-server/samples/Honua.StacOpsDemo/bin/Debug/net10.0/wwwroot/_framework/System.Threading.Channels.ici4sc8c5d.wasm'.
         Accepted compressed asset '/home/makani/honua-server/samples/Honua.StacOpsDemo/obj/Debug/net10.0/compressed/5c7jbdk9bc-{0}-gbkwu8tis9-gbkwu8tis9.gz' for '/home/makani/honua-server/samples/Honua.StacOpsDemo/bin/Debug/net10.0/wwwroot/_framework/System.Threading.Overlapped.gbkwu8tis9.wasm'.
         Accepted compressed asset '/home/makani/honua-server/samples/Honua.StacOpsDemo/obj/Debug/net10.0/compressed/ee35dibsqi-{0}-5hsbzkigfv-5hsbzkigfv.gz' for '/home/makani/honua-server/samples/Honua.StacOpsDemo/bin/Debug/net10.0/wwwroot/_framework/System.Threading.Tasks.Dataflow.5hsbzkigfv.wasm'.
         Accepted compressed asset '/home/makani/honua-server/samples/Honua.StacOpsDemo/obj/Debug/net10.0/compressed/tr6h8e8qfe-{0}-nc1yghpvaj-nc1yghpvaj.gz' for '/home/makani/honua-server/samples/Honua.StacOpsDemo/bin/Debug/net10.0/wwwroot/_framework/System.Threading.Tasks.Extensions.nc1yghpvaj.wasm'.
         Accepted compressed asset '/home/makani/honua-server/samples/Honua.StacOpsDemo/obj/Debug/net10.0/compressed/43t9vnh1fg-{0}-4n1o4dxc9j-4n1o4dxc9j.gz' for '/home/makani/honua-server/samples/Honua.StacOpsDemo/bin/Debug/net10.0/wwwroot/_framework/System.Threading.Tasks.Parallel.4n1o4dxc9j.wasm'.
         Accepted compressed asset '/home/makani/honua-server/samples/Honua.StacOpsDemo/obj/Debug/net10.0/compressed/msvfnc4892-{0}-rx5istkt3h-rx5istkt3h.gz' for '/home/makani/honua-server/samples/Honua.StacOpsDemo/bin/Debug/net10.0/wwwroot/_framework/System.Threading.Tasks.rx5istkt3h.wasm'.
         Accepted compressed asset '/home/makani/honua-server/samples/Honua.StacOpsDemo/obj/Debug/net10.0/compressed/pkqie454cn-{0}-43ap29e3sq-43ap29e3sq.gz' for '/home/makani/honua-server/samples/Honua.StacOpsDemo/bin/Debug/net10.0/wwwroot/_framework/System.Threading.Thread.43ap29e3sq.wasm'.
         Accepted compressed asset '/home/makani/honua-server/samples/Honua.StacOpsDemo/obj/Debug/net10.0/compressed/0vfyfqsqug-{0}-7gbfkrjizt-7gbfkrjizt.gz' for '/home/makani/honua-server/samples/Honua.StacOpsDemo/bin/Debug/net10.0/wwwroot/_framework/System.Threading.ThreadPool.7gbfkrjizt.wasm'.
         Accepted compressed asset '/home/makani/honua-server/samples/Honua.StacOpsDemo/obj/Debug/net10.0/compressed/rszr2j1a4k-{0}-kkeuksfj0m-kkeuksfj0m.gz' for '/home/makani/honua-server/samples/Honua.StacOpsDemo/bin/Debug/net10.0/wwwroot/_framework/System.Threading.Timer.kkeuksfj0m.wasm'.
         Accepted compressed asset '/home/makani/honua-server/samples/Honua.StacOpsDemo/obj/Debug/net10.0/compressed/df2pqzcp0s-{0}-57sxvma12c-57sxvma12c.gz' for '/home/makani/honua-server/samples/Honua.StacOpsDemo/bin/Debug/net10.0/wwwroot/_framework/System.Threading.57sxvma12c.wasm'.
         Accepted compressed asset '/home/makani/honua-server/samples/Honua.StacOpsDemo/obj/Debug/net10.0/compressed/l8c11rfysz-{0}-kjba88uqo5-kjba88uqo5.gz' for '/home/makani/honua-server/samples/Honua.StacOpsDemo/bin/Debug/net10.0/wwwroot/_framework/System.Transactions.Local.kjba88uqo5.wasm'.
         Accepted compressed asset '/home/makani/honua-server/samples/Honua.StacOpsDemo/obj/Debug/net10.0/compressed/jj58t233e2-{0}-yd5orfj1dk-yd5orfj1dk.gz' for '/home/makani/honua-server/samples/Honua.StacOpsDemo/bin/Debug/net10.0/wwwroot/_framework/System.Transactions.yd5orfj1dk.wasm'.
         Accepted compressed asset '/home/makani/honua-server/samples/Honua.StacOpsDemo/obj/Debug/net10.0/compressed/j4ps4ft7qc-{0}-x5xctdxzrq-x5xctdxzrq.gz' for '/home/makani/honua-server/samples/Honua.StacOpsDemo/bin/Debug/net10.0/wwwroot/_framework/System.ValueTuple.x5xctdxzrq.wasm'.
         Accepted compressed asset '/home/makani/honua-server/samples/Honua.StacOpsDemo/obj/Debug/net10.0/compressed/p4ve9pa9t8-{0}-1a72cmhu6i-1a72cmhu6i.gz' for '/home/makani/honua-server/samples/Honua.StacOpsDemo/bin/Debug/net10.0/wwwroot/_framework/System.Web.HttpUtility.1a72cmhu6i.wasm'.
         Accepted compressed asset '/home/makani/honua-server/samples/Honua.StacOpsDemo/obj/Debug/net10.0/compressed/f8jhkitt1y-{0}-ilju54fcp2-ilju54fcp2.gz' for '/home/makani/honua-server/samples/Honua.StacOpsDemo/bin/Debug/net10.0/wwwroot/_framework/System.Web.ilju54fcp2.wasm'.
         Accepted compressed asset '/home/makani/honua-server/samples/Honua.StacOpsDemo/obj/Debug/net10.0/compressed/7iw4fplrtp-{0}-gr5k60s0oe-gr5k60s0oe.gz' for '/home/makani/honua-server/samples/Honua.StacOpsDemo/bin/Debug/net10.0/wwwroot/_framework/System.Windows.gr5k60s0oe.wasm'.
         Accepted compressed asset '/home/makani/honua-server/samples/Honua.StacOpsDemo/obj/Debug/net10.0/compressed/mvjitgbd1j-{0}-plyvi1r5s9-plyvi1r5s9.gz' for '/home/makani/honua-server/samples/Honua.StacOpsDemo/bin/Debug/net10.0/wwwroot/_framework/System.Xml.Linq.plyvi1r5s9.wasm'.
         Accepted compressed asset '/home/makani/honua-server/samples/Honua.StacOpsDemo/obj/Debug/net10.0/compressed/gyvtozmpbe-{0}-pt2dqzuhaf-pt2dqzuhaf.gz' for '/home/makani/honua-server/samples/Honua.StacOpsDemo/bin/Debug/net10.0/wwwroot/_framework/System.Xml.ReaderWriter.pt2dqzuhaf.wasm'.
         Accepted compressed asset '/home/makani/honua-server/samples/Honua.StacOpsDemo/obj/Debug/net10.0/compressed/4s44gx31lc-{0}-ygdmhmuqdp-ygdmhmuqdp.gz' for '/home/makani/honua-server/samples/Honua.StacOpsDemo/bin/Debug/net10.0/wwwroot/_framework/System.Xml.Serialization.ygdmhmuqdp.wasm'.
         Accepted compressed asset '/home/makani/honua-server/samples/Honua.StacOpsDemo/obj/Debug/net10.0/compressed/0up40zqgpr-{0}-olv3u76k95-olv3u76k95.gz' for '/home/makani/honua-server/samples/Honua.StacOpsDemo/bin/Debug/net10.0/wwwroot/_framework/System.Xml.XDocument.olv3u76k95.wasm'.
         Accepted compressed asset '/home/makani/honua-server/samples/Honua.StacOpsDemo/obj/Debug/net10.0/compressed/z9jdqvwsoe-{0}-m5wc9z7e1k-m5wc9z7e1k.gz' for '/home/makani/honua-server/samples/Honua.StacOpsDemo/bin/Debug/net10.0/wwwroot/_framework/System.Xml.XPath.XDocument.m5wc9z7e1k.wasm'.
         Accepted compressed asset '/home/makani/honua-server/samples/Honua.StacOpsDemo/obj/Debug/net10.0/compressed/pv3kvcu4lf-{0}-dd748ds2m7-dd748ds2m7.gz' for '/home/makani/honua-server/samples/Honua.StacOpsDemo/bin/Debug/net10.0/wwwroot/_framework/System.Xml.XPath.dd748ds2m7.wasm'.
         Accepted compressed asset '/home/makani/honua-server/samples/Honua.StacOpsDemo/obj/Debug/net10.0/compressed/v03ehf7lkw-{0}-4gwmhmdbax-4gwmhmdbax.gz' for '/home/makani/honua-server/samples/Honua.StacOpsDemo/bin/Debug/net10.0/wwwroot/_framework/System.Xml.XmlDocument.4gwmhmdbax.wasm'.
         Accepted compressed asset '/home/makani/honua-server/samples/Honua.StacOpsDemo/obj/Debug/net10.0/compressed/h4k31nsp6j-{0}-v02wvgnobf-v02wvgnobf.gz' for '/home/makani/honua-server/samples/Honua.StacOpsDemo/bin/Debug/net10.0/wwwroot/_framework/System.Xml.XmlSerializer.v02wvgnobf.wasm'.
         Accepted compressed asset '/home/makani/honua-server/samples/Honua.StacOpsDemo/obj/Debug/net10.0/compressed/qrh6mdnvb6-{0}-o33u56xp8u-o33u56xp8u.gz' for '/home/makani/honua-server/samples/Honua.StacOpsDemo/bin/Debug/net10.0/wwwroot/_framework/System.Xml.o33u56xp8u.wasm'.
         Accepted compressed asset '/home/makani/honua-server/samples/Honua.StacOpsDemo/obj/Debug/net10.0/compressed/q6u1pf8oa7-{0}-gxdw562h4s-gxdw562h4s.gz' for '/home/makani/honua-server/samples/Honua.StacOpsDemo/bin/Debug/net10.0/wwwroot/_framework/System.gxdw562h4s.wasm'.
         Accepted compressed asset '/home/makani/honua-server/samples/Honua.StacOpsDemo/obj/Debug/net10.0/compressed/m5m7loui1f-{0}-itp3e5i1h2-itp3e5i1h2.gz' for '/home/makani/honua-server/samples/Honua.StacOpsDemo/bin/Debug/net10.0/wwwroot/_framework/WindowsBase.itp3e5i1h2.wasm'.
         Accepted compressed asset '/home/makani/honua-server/samples/Honua.StacOpsDemo/obj/Debug/net10.0/compressed/xsgkdwin7k-{0}-k0eqaq9do2-k0eqaq9do2.gz' for '/home/makani/honua-server/samples/Honua.StacOpsDemo/bin/Debug/net10.0/wwwroot/_framework/mscorlib.k0eqaq9do2.wasm'.
         Accepted compressed asset '/home/makani/honua-server/samples/Honua.StacOpsDemo/obj/Debug/net10.0/compressed/pa0zowdt62-{0}-xl4f7m8snf-xl4f7m8snf.gz' for '/home/makani/honua-server/samples/Honua.StacOpsDemo/bin/Debug/net10.0/wwwroot/_framework/netstandard.xl4f7m8snf.wasm'.
         Accepted compressed asset '/home/makani/honua-server/samples/Honua.StacOpsDemo/obj/Debug/net10.0/compressed/wumiok2xvi-{0}-mwo4f5vsvi-mwo4f5vsvi.gz' for '/home/makani/honua-server/samples/Honua.StacOpsDemo/bin/Debug/net10.0/wwwroot/_framework/System.Private.CoreLib.mwo4f5vsvi.wasm'.
         Accepted compressed asset '/home/makani/honua-server/samples/Honua.StacOpsDemo/obj/Debug/net10.0/compressed/n8rcqdh6uc-{0}-5y9laxu2f8-5y9laxu2f8.gz' for '/home/makani/honua-server/samples/Honua.StacOpsDemo/bin/Debug/net10.0/wwwroot/_framework/dotnet.js.map'.
         Accepted compressed asset '/home/makani/honua-server/samples/Honua.StacOpsDemo/obj/Debug/net10.0/compressed/mazqxrp54m-{0}-69poregybn-69poregybn.gz' for '/home/makani/honua-server/samples/Honua.StacOpsDemo/bin/Debug/net10.0/wwwroot/_framework/dotnet.native.69poregybn.js'.
         Accepted compressed asset '/home/makani/honua-server/samples/Honua.StacOpsDemo/obj/Debug/net10.0/compressed/k0utltoeuv-{0}-2mv1pqdd2n-2mv1pqdd2n.gz' for '/home/makani/honua-server/samples/Honua.StacOpsDemo/bin/Debug/net10.0/wwwroot/_framework/dotnet.native.2mv1pqdd2n.wasm'.
         Accepted compressed asset '/home/makani/honua-server/samples/Honua.StacOpsDemo/obj/Debug/net10.0/compressed/d000g27rrt-{0}-q5rqv3xrhm-q5rqv3xrhm.gz' for '/home/makani/honua-server/samples/Honua.StacOpsDemo/bin/Debug/net10.0/wwwroot/_framework/dotnet.runtime.q5rqv3xrhm.js'.
         Accepted compressed asset '/home/makani/honua-server/samples/Honua.StacOpsDemo/obj/Debug/net10.0/compressed/q3pl4zf6a6-{0}-5kqprya74h-5kqprya74h.gz' for '/home/makani/honua-server/samples/Honua.StacOpsDemo/bin/Debug/net10.0/wwwroot/_framework/dotnet.runtime.js.map'.
         Accepted compressed asset '/home/makani/honua-server/samples/Honua.StacOpsDemo/obj/Debug/net10.0/compressed/yhsfc1ql85-{0}-tjcz0u77k5-tjcz0u77k5.gz' for '/home/makani/honua-server/samples/Honua.StacOpsDemo/bin/Debug/net10.0/wwwroot/_framework/icudt_CJK.tjcz0u77k5.dat'.
         Accepted compressed asset '/home/makani/honua-server/samples/Honua.StacOpsDemo/obj/Debug/net10.0/compressed/1cw6hqypmu-{0}-tptq2av103-tptq2av103.gz' for '/home/makani/honua-server/samples/Honua.StacOpsDemo/bin/Debug/net10.0/wwwroot/_framework/icudt_EFIGS.tptq2av103.dat'.
         Accepted compressed asset '/home/makani/honua-server/samples/Honua.StacOpsDemo/obj/Debug/net10.0/compressed/ybc8ws76mh-{0}-lfu7j35m59-lfu7j35m59.gz' for '/home/makani/honua-server/samples/Honua.StacOpsDemo/bin/Debug/net10.0/wwwroot/_framework/icudt_no_CJK.lfu7j35m59.dat'.
         Accepted compressed asset '/home/makani/honua-server/samples/Honua.StacOpsDemo/obj/Debug/net10.0/compressed/tllvnd4mxi-{0}-y8h50soohf-y8h50soohf.gz' for '/home/makani/honua-server/samples/Honua.StacOpsDemo/bin/Debug/net10.0/wwwroot/_framework/Honua.StacOpsDemo.y8h50soohf.wasm'.
         Accepted compressed asset '/home/makani/honua-server/samples/Honua.StacOpsDemo/obj/Debug/net10.0/compressed/me8xtynd05-{0}-1jh9xxslil-1jh9xxslil.gz' for '/home/makani/honua-server/samples/Honua.StacOpsDemo/bin/Debug/net10.0/wwwroot/_framework/Honua.StacOpsDemo.1jh9xxslil.pdb'.
         Accepted compressed asset '/home/makani/honua-server/samples/Honua.StacOpsDemo/obj/Debug/net10.0/compressed/joew91e9z1-{0}-9welhrvr9j-9welhrvr9j.gz' for '/home/makani/honua-server/samples/Honua.StacOpsDemo/bin/Debug/net10.0/wwwroot/_framework/dotnet.js'.
         Resolved 215 compressed assets for 215 candidate assets.
       ResolveBuildCompressedStaticWebAssets:
         Processing compressed asset: /home/makani/honua-server/samples/Honua.StacOpsDemo/obj/Debug/net10.0/compressed/3y9oc65u1f-{0}-66stpp682q-66stpp682q.gz
         Processing compressed asset: /home/makani/honua-server/samples/Honua.StacOpsDemo/obj/Debug/net10.0/compressed/hrq9b7omeq-{0}-j9hdwbp9t7-j9hdwbp9t7.gz
         Processing compressed asset: /home/makani/honua-server/samples/Honua.StacOpsDemo/obj/Debug/net10.0/compressed/k86fv94h2b-{0}-3cq8mgng15-3cq8mgng15.gz
         Processing compressed asset: /home/makani/honua-server/samples/Honua.StacOpsDemo/obj/Debug/net10.0/compressed/bxqe95gepk-{0}-3cq8mgng15-3cq8mgng15.gz
         Processing compressed asset: /home/makani/honua-server/samples/Honua.StacOpsDemo/obj/Debug/net10.0/compressed/52si15e9cq-{0}-roqc1km2rj-roqc1km2rj.gz
         Processing compressed asset: /home/makani/honua-server/samples/Honua.StacOpsDemo/obj/Debug/net10.0/compressed/vh5m0gbmo8-{0}-uddsvpv1sv-uddsvpv1sv.gz
         Processing compressed asset: /home/makani/honua-server/samples/Honua.StacOpsDemo/obj/Debug/net10.0/compressed/ne2f47armm-{0}-zrueb40r85-zrueb40r85.gz
         Processing compressed asset: /home/makani/honua-server/samples/Honua.StacOpsDemo/obj/Debug/net10.0/compressed/w60hgz88id-{0}-g5qdp1mxha-g5qdp1mxha.gz
         Processing compressed asset: /home/makani/honua-server/samples/Honua.StacOpsDemo/obj/Debug/net10.0/compressed/qv15ixdc6c-{0}-9mjwvs1qyp-9mjwvs1qyp.gz
         Processing compressed asset: /home/makani/honua-server/samples/Honua.StacOpsDemo/obj/Debug/net10.0/compressed/xaj9gasy5b-{0}-m3mxap0jif-m3mxap0jif.gz
         Processing compressed asset: /home/makani/honua-server/samples/Honua.StacOpsDemo/obj/Debug/net10.0/compressed/ey7408sw03-{0}-fgwnqtu7qk-fgwnqtu7qk.gz
         Processing compressed asset: /home/makani/honua-server/samples/Honua.StacOpsDemo/obj/Debug/net10.0/compressed/eyus47i6ez-{0}-thew1o6jcx-thew1o6jcx.gz
         Processing compressed asset: /home/makani/honua-server/samples/Honua.StacOpsDemo/obj/Debug/net10.0/compressed/xkkpx1mvd5-{0}-7o70008j8o-7o70008j8o.gz
         Processing compressed asset: /home/makani/honua-server/samples/Honua.StacOpsDemo/obj/Debug/net10.0/compressed/zy9euosnrx-{0}-ouivavlhyy-ouivavlhyy.gz
         Processing compressed asset: /home/makani/honua-server/samples/Honua.StacOpsDemo/obj/Debug/net10.0/compressed/2ksmvkgzrp-{0}-giv4t23za9-giv4t23za9.gz
         Processing compressed asset: /home/makani/honua-server/samples/Honua.StacOpsDemo/obj/Debug/net10.0/compressed/hko9wb31nf-{0}-vs620n44bv-vs620n44bv.gz
         Processing compressed asset: /home/makani/honua-server/samples/Honua.StacOpsDemo/obj/Debug/net10.0/compressed/wg3kl7k3ao-{0}-ud13mwbta3-ud13mwbta3.gz
         Processing compressed asset: /home/makani/honua-server/samples/Honua.StacOpsDemo/obj/Debug/net10.0/compressed/53x60u2p1h-{0}-jnogfbng3i-jnogfbng3i.gz
         Processing compressed asset: /home/makani/honua-server/samples/Honua.StacOpsDemo/obj/Debug/net10.0/compressed/avbshgi1a2-{0}-v59ymogeuz-v59ymogeuz.gz
         Processing compressed asset: /home/makani/honua-server/samples/Honua.StacOpsDemo/obj/Debug/net10.0/compressed/haaup1afwk-{0}-ssv83rveyv-ssv83rveyv.gz
         Processing compressed asset: /home/makani/honua-server/samples/Honua.StacOpsDemo/obj/Debug/net10.0/compressed/ih5s7fkbuj-{0}-8gz29xpyh3-8gz29xpyh3.gz
         Processing compressed asset: /home/makani/honua-server/samples/Honua.StacOpsDemo/obj/Debug/net10.0/compressed/2or9xtdx7s-{0}-ozuva4e3vv-ozuva4e3vv.gz
         Processing compressed asset: /home/makani/honua-server/samples/Honua.StacOpsDemo/obj/Debug/net10.0/compressed/w1a0xgq6g7-{0}-y4ydx3rk2c-y4ydx3rk2c.gz
         Processing compressed asset: /home/makani/honua-server/samples/Honua.StacOpsDemo/obj/Debug/net10.0/compressed/edixl02vob-{0}-1q3x7vre4l-1q3x7vre4l.gz
         Processing compressed asset: /home/makani/honua-server/samples/Honua.StacOpsDemo/obj/Debug/net10.0/compressed/izxegts4v4-{0}-2rz5zbidnd-2rz5zbidnd.gz
         Processing compressed asset: /home/makani/honua-server/samples/Honua.StacOpsDemo/obj/Debug/net10.0/compressed/7wzlezmvwh-{0}-zmb03w0weu-zmb03w0weu.gz
         Processing compressed asset: /home/makani/honua-server/samples/Honua.StacOpsDemo/obj/Debug/net10.0/compressed/tvuygzzn8h-{0}-bd164v6l3f-bd164v6l3f.gz
         Processing compressed asset: /home/makani/honua-server/samples/Honua.StacOpsDemo/obj/Debug/net10.0/compressed/7sou31fa17-{0}-r1sv3m5lsf-r1sv3m5lsf.gz
         Processing compressed asset: /home/makani/honua-server/samples/Honua.StacOpsDemo/obj/Debug/net10.0/compressed/zkui9sqx1d-{0}-1r0ampr2q1-1r0ampr2q1.gz
         Processing compressed asset: /home/makani/honua-server/samples/Honua.StacOpsDemo/obj/Debug/net10.0/compressed/8vkskafkxk-{0}-oz8fkrrrd6-oz8fkrrrd6.gz
         Processing compressed asset: /home/makani/honua-server/samples/Honua.StacOpsDemo/obj/Debug/net10.0/compressed/joyzw8w9x0-{0}-gijew29e7v-gijew29e7v.gz
         Processing compressed asset: /home/makani/honua-server/samples/Honua.StacOpsDemo/obj/Debug/net10.0/compressed/m0mwsdn5t1-{0}-5wrvi89jl9-5wrvi89jl9.gz
         Processing compressed asset: /home/makani/honua-server/samples/Honua.StacOpsDemo/obj/Debug/net10.0/compressed/fr4vivi87y-{0}-ohmdjdo4x8-ohmdjdo4x8.gz
         Processing compressed asset: /home/makani/honua-server/samples/Honua.StacOpsDemo/obj/Debug/net10.0/compressed/i2rco91heg-{0}-54qaw3y2l7-54qaw3y2l7.gz
         Processing compressed asset: /home/makani/honua-server/samples/Honua.StacOpsDemo/obj/Debug/net10.0/compressed/p8ns79b4y5-{0}-5zehcbadkc-5zehcbadkc.gz
         Processing compressed asset: /home/makani/honua-server/samples/Honua.StacOpsDemo/obj/Debug/net10.0/compressed/98v9rv43y8-{0}-hb972rswn2-hb972rswn2.gz
         Processing compressed asset: /home/makani/honua-server/samples/Honua.StacOpsDemo/obj/Debug/net10.0/compressed/g1xqrjg34c-{0}-fmh1lqxxe8-fmh1lqxxe8.gz
         Processing compressed asset: /home/makani/honua-server/samples/Honua.StacOpsDemo/obj/Debug/net10.0/compressed/a2yjavhopd-{0}-wrpunq2dmd-wrpunq2dmd.gz
         Processing compressed asset: /home/makani/honua-server/samples/Honua.StacOpsDemo/obj/Debug/net10.0/compressed/wy6q2yaes3-{0}-dm08vuov01-dm08vuov01.gz
         Processing compressed asset: /home/makani/honua-server/samples/Honua.StacOpsDemo/obj/Debug/net10.0/compressed/6kx96d32oz-{0}-ucr2s1rjr8-ucr2s1rjr8.gz
         Processing compressed asset: /home/makani/honua-server/samples/Honua.StacOpsDemo/obj/Debug/net10.0/compressed/yz7j5ztutj-{0}-788c2vii7r-788c2vii7r.gz
         Processing compressed asset: /home/makani/honua-server/samples/Honua.StacOpsDemo/obj/Debug/net10.0/compressed/rh09hap31w-{0}-oyg9o5jzra-oyg9o5jzra.gz
         Processing compressed asset: /home/makani/honua-server/samples/Honua.StacOpsDemo/obj/Debug/net10.0/compressed/fqw6apjgx8-{0}-kzcs3roxpa-kzcs3roxpa.gz
         Processing compressed asset: /home/makani/honua-server/samples/Honua.StacOpsDemo/obj/Debug/net10.0/compressed/h1y8yfybtf-{0}-uujisxprk9-uujisxprk9.gz
         Processing compressed asset: /home/makani/honua-server/samples/Honua.StacOpsDemo/obj/Debug/net10.0/compressed/gpmp81v66z-{0}-v1qxqe5fpe-v1qxqe5fpe.gz
         Processing compressed asset: /home/makani/honua-server/samples/Honua.StacOpsDemo/obj/Debug/net10.0/compressed/uigbiukytp-{0}-ftz81jso1j-ftz81jso1j.gz
         Processing compressed asset: /home/makani/honua-server/samples/Honua.StacOpsDemo/obj/Debug/net10.0/compressed/99tuyvkgpw-{0}-w7xhoe08t4-w7xhoe08t4.gz
         Processing compressed asset: /home/makani/honua-server/samples/Honua.StacOpsDemo/obj/Debug/net10.0/compressed/zxov507gu0-{0}-k940vnf7b8-k940vnf7b8.gz
         Processing compressed asset: /home/makani/honua-server/samples/Honua.StacOpsDemo/obj/Debug/net10.0/compressed/vyfcivg6ld-{0}-w3ntl07ypg-w3ntl07ypg.gz
         Processing compressed asset: /home/makani/honua-server/samples/Honua.StacOpsDemo/obj/Debug/net10.0/compressed/py2wn7ctkn-{0}-439r3pkwc4-439r3pkwc4.gz
         Processing compressed asset: /home/makani/honua-server/samples/Honua.StacOpsDemo/obj/Debug/net10.0/compressed/kinqo3rukg-{0}-3okiiotm1r-3okiiotm1r.gz
         Processing compressed asset: /home/makani/honua-server/samples/Honua.StacOpsDemo/obj/Debug/net10.0/compressed/werm6yf7xe-{0}-u1paws2ie5-u1paws2ie5.gz
         Processing compressed asset: /home/makani/honua-server/samples/Honua.StacOpsDemo/obj/Debug/net10.0/compressed/oe0tz5kneg-{0}-k7l9fdomp8-k7l9fdomp8.gz
         Processing compressed asset: /home/makani/honua-server/samples/Honua.StacOpsDemo/obj/Debug/net10.0/compressed/c2gyp4fny6-{0}-0xkcfajxb8-0xkcfajxb8.gz
         Processing compressed asset: /home/makani/honua-server/samples/Honua.StacOpsDemo/obj/Debug/net10.0/compressed/g349gleulg-{0}-zgl132fygk-zgl132fygk.gz
         Processing compressed asset: /home/makani/honua-server/samples/Honua.StacOpsDemo/obj/Debug/net10.0/compressed/4j7e4bkjgv-{0}-6kui682x9y-6kui682x9y.gz
         Processing compressed asset: /home/makani/honua-server/samples/Honua.StacOpsDemo/obj/Debug/net10.0/compressed/64s4vqrjmb-{0}-bkk6sbg16x-bkk6sbg16x.gz
         Processing compressed asset: /home/makani/honua-server/samples/Honua.StacOpsDemo/obj/Debug/net10.0/compressed/vitprnjbwg-{0}-3alwgrae57-3alwgrae57.gz
         Processing compressed asset: /home/makani/honua-server/samples/Honua.StacOpsDemo/obj/Debug/net10.0/compressed/if8uoaoy5f-{0}-06srtm7zqs-06srtm7zqs.gz
         Processing compressed asset: /home/makani/honua-server/samples/Honua.StacOpsDemo/obj/Debug/net10.0/compressed/vsrvfedoqp-{0}-un2pf554tb-un2pf554tb.gz
         Processing compressed asset: /home/makani/honua-server/samples/Honua.StacOpsDemo/obj/Debug/net10.0/compressed/z1w79ufm4g-{0}-ida6tfw92t-ida6tfw92t.gz
         Processing compressed asset: /home/makani/honua-server/samples/Honua.StacOpsDemo/obj/Debug/net10.0/compressed/qlipqx365y-{0}-shey8i22c8-shey8i22c8.gz
         Processing compressed asset: /home/makani/honua-server/samples/Honua.StacOpsDemo/obj/Debug/net10.0/compressed/mcrbytppux-{0}-clw8b0o34g-clw8b0o34g.gz
         Processing compressed asset: /home/makani/honua-server/samples/Honua.StacOpsDemo/obj/Debug/net10.0/compressed/r7fs0ekpwp-{0}-w23ofaxx35-w23ofaxx35.gz
         Processing compressed asset: /home/makani/honua-server/samples/Honua.StacOpsDemo/obj/Debug/net10.0/compressed/mnu6a5o308-{0}-fzsvb9tweu-fzsvb9tweu.gz
         Processing compressed asset: /home/makani/honua-server/samples/Honua.StacOpsDemo/obj/Debug/net10.0/compressed/hhv6uz3986-{0}-crwi1p34or-crwi1p34or.gz
         Processing compressed asset: /home/makani/honua-server/samples/Honua.StacOpsDemo/obj/Debug/net10.0/compressed/apnc2zehtn-{0}-9fcftni5l9-9fcftni5l9.gz
         Processing compressed asset: /home/makani/honua-server/samples/Honua.StacOpsDemo/obj/Debug/net10.0/compressed/wcejp3qeq3-{0}-3i8640auxn-3i8640auxn.gz
         Processing compressed asset: /home/makani/honua-server/samples/Honua.StacOpsDemo/obj/Debug/net10.0/compressed/531jguyd94-{0}-6thvjqqi69-6thvjqqi69.gz
         Processing compressed asset: /home/makani/honua-server/samples/Honua.StacOpsDemo/obj/Debug/net10.0/compressed/4fgx7t5kcd-{0}-b34zv6t8w8-b34zv6t8w8.gz
         Processing compressed asset: /home/makani/honua-server/samples/Honua.StacOpsDemo/obj/Debug/net10.0/compressed/3mls13lask-{0}-t9z23vywoa-t9z23vywoa.gz
         Processing compressed asset: /home/makani/honua-server/samples/Honua.StacOpsDemo/obj/Debug/net10.0/compressed/1j5dlmik4n-{0}-kzypximfjj-kzypximfjj.gz
         Processing compressed asset: /home/makani/honua-server/samples/Honua.StacOpsDemo/obj/Debug/net10.0/compressed/44vlw1mikw-{0}-16ihu4aum0-16ihu4aum0.gz
         Processing compressed asset: /home/makani/honua-server/samples/Honua.StacOpsDemo/obj/Debug/net10.0/compressed/zcx9vrg9hs-{0}-98t41ls3w6-98t41ls3w6.gz
         Processing compressed asset: /home/makani/honua-server/samples/Honua.StacOpsDemo/obj/Debug/net10.0/compressed/u9l65ul40b-{0}-0imvrnvy4f-0imvrnvy4f.gz
         Processing compressed asset: /home/makani/honua-server/samples/Honua.StacOpsDemo/obj/Debug/net10.0/compressed/pcpo1yi7rs-{0}-ne60qfmijm-ne60qfmijm.gz
         Processing compressed asset: /home/makani/honua-server/samples/Honua.StacOpsDemo/obj/Debug/net10.0/compressed/y72pfd37zf-{0}-8nsm8mjj5e-8nsm8mjj5e.gz
         Processing compressed asset: /home/makani/honua-server/samples/Honua.StacOpsDemo/obj/Debug/net10.0/compressed/gsanfg5rfj-{0}-zemo9xngn2-zemo9xngn2.gz
         Processing compressed asset: /home/makani/honua-server/samples/Honua.StacOpsDemo/obj/Debug/net10.0/compressed/guskv38akn-{0}-kybpzn2oos-kybpzn2oos.gz
         Processing compressed asset: /home/makani/honua-server/samples/Honua.StacOpsDemo/obj/Debug/net10.0/compressed/9527dr4rmz-{0}-ontoty1fxn-ontoty1fxn.gz
         Processing compressed asset: /home/makani/honua-server/samples/Honua.StacOpsDemo/obj/Debug/net10.0/compressed/fiirehvvfc-{0}-cfijc526tp-cfijc526tp.gz
         Processing compressed asset: /home/makani/honua-server/samples/Honua.StacOpsDemo/obj/Debug/net10.0/compressed/6lxwuyk4co-{0}-us5380okmk-us5380okmk.gz
         Processing compressed asset: /home/makani/honua-server/samples/Honua.StacOpsDemo/obj/Debug/net10.0/compressed/qm8ltete8t-{0}-v5uya98rfp-v5uya98rfp.gz
         Processing compressed asset: /home/makani/honua-server/samples/Honua.StacOpsDemo/obj/Debug/net10.0/compressed/yufx9a5ikp-{0}-9dgkwpzi1d-9dgkwpzi1d.gz
         Processing compressed asset: /home/makani/honua-server/samples/Honua.StacOpsDemo/obj/Debug/net10.0/compressed/7e3gtzdytt-{0}-rihuiw07yu-rihuiw07yu.gz
         Processing compressed asset: /home/makani/honua-server/samples/Honua.StacOpsDemo/obj/Debug/net10.0/compressed/0xa4dg7iem-{0}-f4dn7kellq-f4dn7kellq.gz
         Processing compressed asset: /home/makani/honua-server/samples/Honua.StacOpsDemo/obj/Debug/net10.0/compressed/r1ok5ubdvp-{0}-e6eipiyt6q-e6eipiyt6q.gz
         Processing compressed asset: /home/makani/honua-server/samples/Honua.StacOpsDemo/obj/Debug/net10.0/compressed/06fssr65wk-{0}-ziabf8ylan-ziabf8ylan.gz
         Processing compressed asset: /home/makani/honua-server/samples/Honua.StacOpsDemo/obj/Debug/net10.0/compressed/1ee035yyz8-{0}-fm8vwphpb6-fm8vwphpb6.gz
         Processing compressed asset: /home/makani/honua-server/samples/Honua.StacOpsDemo/obj/Debug/net10.0/compressed/z2ef7zt00j-{0}-uudylx04pc-uudylx04pc.gz
         Processing compressed asset: /home/makani/honua-server/samples/Honua.StacOpsDemo/obj/Debug/net10.0/compressed/pziuy7d0tg-{0}-lbbvcapr26-lbbvcapr26.gz
         Processing compressed asset: /home/makani/honua-server/samples/Honua.StacOpsDemo/obj/Debug/net10.0/compressed/swi5gxhrcv-{0}-hq9iyymx2n-hq9iyymx2n.gz
         Processing compressed asset: /home/makani/honua-server/samples/Honua.StacOpsDemo/obj/Debug/net10.0/compressed/l9h6cj5hkx-{0}-ome0590huq-ome0590huq.gz
         Processing compressed asset: /home/makani/honua-server/samples/Honua.StacOpsDemo/obj/Debug/net10.0/compressed/v7libn7w91-{0}-oikctzq2yk-oikctzq2yk.gz
         Processing compressed asset: /home/makani/honua-server/samples/Honua.StacOpsDemo/obj/Debug/net10.0/compressed/7oeb2wd3w1-{0}-19ykf2ghfc-19ykf2ghfc.gz
         Processing compressed asset: /home/makani/honua-server/samples/Honua.StacOpsDemo/obj/Debug/net10.0/compressed/3h2e375jvl-{0}-5kege8iwcx-5kege8iwcx.gz
         Processing compressed asset: /home/makani/honua-server/samples/Honua.StacOpsDemo/obj/Debug/net10.0/compressed/0m40lzj0rk-{0}-govomr6pnd-govomr6pnd.gz
         Processing compressed asset: /home/makani/honua-server/samples/Honua.StacOpsDemo/obj/Debug/net10.0/compressed/ueba7yw19e-{0}-kpjpkrf00f-kpjpkrf00f.gz
         Processing compressed asset: /home/makani/honua-server/samples/Honua.StacOpsDemo/obj/Debug/net10.0/compressed/0g35c7iw73-{0}-dxybkhgvzf-dxybkhgvzf.gz
         Processing compressed asset: /home/makani/honua-server/samples/Honua.StacOpsDemo/obj/Debug/net10.0/compressed/r1lxroaobo-{0}-vqv9utc4ui-vqv9utc4ui.gz
         Processing compressed asset: /home/makani/honua-server/samples/Honua.StacOpsDemo/obj/Debug/net10.0/compressed/17dhutl4m3-{0}-783n01f2ja-783n01f2ja.gz
         Processing compressed asset: /home/makani/honua-server/samples/Honua.StacOpsDemo/obj/Debug/net10.0/compressed/me5kof9n0a-{0}-pstx0jw374-pstx0jw374.gz
         Processing compressed asset: /home/makani/honua-server/samples/Honua.StacOpsDemo/obj/Debug/net10.0/compressed/atkselzet5-{0}-dj8trc6yee-dj8trc6yee.gz
         Processing compressed asset: /home/makani/honua-server/samples/Honua.StacOpsDemo/obj/Debug/net10.0/compressed/i522mcx9lp-{0}-l70yyhjzub-l70yyhjzub.gz
         Processing compressed asset: /home/makani/honua-server/samples/Honua.StacOpsDemo/obj/Debug/net10.0/compressed/44mvaearuj-{0}-r7o76f3x7n-r7o76f3x7n.gz
         Processing compressed asset: /home/makani/honua-server/samples/Honua.StacOpsDemo/obj/Debug/net10.0/compressed/n6uafrti67-{0}-tgl8yc4d2m-tgl8yc4d2m.gz
         Processing compressed asset: /home/makani/honua-server/samples/Honua.StacOpsDemo/obj/Debug/net10.0/compressed/ail12caejg-{0}-052trdlw01-052trdlw01.gz
         Processing compressed asset: /home/makani/honua-server/samples/Honua.StacOpsDemo/obj/Debug/net10.0/compressed/ro6em1u3wk-{0}-u3mk3ahtq5-u3mk3ahtq5.gz
         Processing compressed asset: /home/makani/honua-server/samples/Honua.StacOpsDemo/obj/Debug/net10.0/compressed/hvh2kmrxl1-{0}-qqvr2j3pvg-qqvr2j3pvg.gz
         Processing compressed asset: /home/makani/honua-server/samples/Honua.StacOpsDemo/obj/Debug/net10.0/compressed/angjajhxrk-{0}-5uas6gg592-5uas6gg592.gz
         Processing compressed asset: /home/makani/honua-server/samples/Honua.StacOpsDemo/obj/Debug/net10.0/compressed/pkur5xx0ld-{0}-navlngkykk-navlngkykk.gz
         Processing compressed asset: /home/makani/honua-server/samples/Honua.StacOpsDemo/obj/Debug/net10.0/compressed/il20ege3ns-{0}-7xkgcbvoi2-7xkgcbvoi2.gz
         Processing compressed asset: /home/makani/honua-server/samples/Honua.StacOpsDemo/obj/Debug/net10.0/compressed/5ocsh0cqe2-{0}-hmm17lo1vo-hmm17lo1vo.gz
         Processing compressed asset: /home/makani/honua-server/samples/Honua.StacOpsDemo/obj/Debug/net10.0/compressed/sdt44qukyn-{0}-gmaqhpvzve-gmaqhpvzve.gz
         Processing compressed asset: /home/makani/honua-server/samples/Honua.StacOpsDemo/obj/Debug/net10.0/compressed/3uztb4xsoo-{0}-ih9man0xaa-ih9man0xaa.gz
         Processing compressed asset: /home/makani/honua-server/samples/Honua.StacOpsDemo/obj/Debug/net10.0/compressed/r0x92wbh3m-{0}-w9v15jg7wg-w9v15jg7wg.gz
         Processing compressed asset: /home/makani/honua-server/samples/Honua.StacOpsDemo/obj/Debug/net10.0/compressed/f88uyiozp9-{0}-pwzbf3ywqb-pwzbf3ywqb.gz
         Processing compressed asset: /home/makani/honua-server/samples/Honua.StacOpsDemo/obj/Debug/net10.0/compressed/6jr6u6khjh-{0}-ya7w2p8he6-ya7w2p8he6.gz
         Processing compressed asset: /home/makani/honua-server/samples/Honua.StacOpsDemo/obj/Debug/net10.0/compressed/yho5n53r3s-{0}-ebclw1ctlb-ebclw1ctlb.gz
         Processing compressed asset: /home/makani/honua-server/samples/Honua.StacOpsDemo/obj/Debug/net10.0/compressed/zpllpdmcqo-{0}-esrdiz7prm-esrdiz7prm.gz
         Processing compressed asset: /home/makani/honua-server/samples/Honua.StacOpsDemo/obj/Debug/net10.0/compressed/79a7q3fl4a-{0}-zese355etl-zese355etl.gz
         Processing compressed asset: /home/makani/honua-server/samples/Honua.StacOpsDemo/obj/Debug/net10.0/compressed/hmfltb35pp-{0}-db8njzbm5e-db8njzbm5e.gz
         Processing compressed asset: /home/makani/honua-server/samples/Honua.StacOpsDemo/obj/Debug/net10.0/compressed/xbdj936giy-{0}-5li0z45f7b-5li0z45f7b.gz
         Processing compressed asset: /home/makani/honua-server/samples/Honua.StacOpsDemo/obj/Debug/net10.0/compressed/tzhr3gdw3t-{0}-qjvufgr3wc-qjvufgr3wc.gz
         Processing compressed asset: /home/makani/honua-server/samples/Honua.StacOpsDemo/obj/Debug/net10.0/compressed/5563ya30h5-{0}-wyf2c3g3ob-wyf2c3g3ob.gz
         Processing compressed asset: /home/makani/honua-server/samples/Honua.StacOpsDemo/obj/Debug/net10.0/compressed/co09fbluoc-{0}-5423st4px4-5423st4px4.gz
         Processing compressed asset: /home/makani/honua-server/samples/Honua.StacOpsDemo/obj/Debug/net10.0/compressed/bz7oo1wa9w-{0}-9jlh4rmm5n-9jlh4rmm5n.gz
         Processing compressed asset: /home/makani/honua-server/samples/Honua.StacOpsDemo/obj/Debug/net10.0/compressed/k7olfngbq6-{0}-yippb5hjvi-yippb5hjvi.gz
         Processing compressed asset: /home/makani/honua-server/samples/Honua.StacOpsDemo/obj/Debug/net10.0/compressed/ym6bkptd70-{0}-j1u7dn4u7m-j1u7dn4u7m.gz
         Processing compressed asset: /home/makani/honua-server/samples/Honua.StacOpsDemo/obj/Debug/net10.0/compressed/tikuaaytlm-{0}-e4ad5khic1-e4ad5khic1.gz
         Processing compressed asset: /home/makani/honua-server/samples/Honua.StacOpsDemo/obj/Debug/net10.0/compressed/tlbjxcgqye-{0}-xlkk3ynoru-xlkk3ynoru.gz
         Processing compressed asset: /home/makani/honua-server/samples/Honua.StacOpsDemo/obj/Debug/net10.0/compressed/2xyzgtdipa-{0}-eugtqi7331-eugtqi7331.gz
         Processing compressed asset: /home/makani/honua-server/samples/Honua.StacOpsDemo/obj/Debug/net10.0/compressed/pmvrbma0gf-{0}-depxp3za4f-depxp3za4f.gz
         Processing compressed asset: /home/makani/honua-server/samples/Honua.StacOpsDemo/obj/Debug/net10.0/compressed/u5prte7ey7-{0}-qm5biyh995-qm5biyh995.gz
         Processing compressed asset: /home/makani/honua-server/samples/Honua.StacOpsDemo/obj/Debug/net10.0/compressed/4iijx32zy2-{0}-vjh10io2ol-vjh10io2ol.gz
         Processing compressed asset: /home/makani/honua-server/samples/Honua.StacOpsDemo/obj/Debug/net10.0/compressed/zl2c5jkehc-{0}-gm74y2bo0g-gm74y2bo0g.gz
         Processing compressed asset: /home/makani/honua-server/samples/Honua.StacOpsDemo/obj/Debug/net10.0/compressed/3rb7og3sm1-{0}-ujbtg86el3-ujbtg86el3.gz
         Processing compressed asset: /home/makani/honua-server/samples/Honua.StacOpsDemo/obj/Debug/net10.0/compressed/26cpctdwwz-{0}-e22nl7riy4-e22nl7riy4.gz
         Processing compressed asset: /home/makani/honua-server/samples/Honua.StacOpsDemo/obj/Debug/net10.0/compressed/9dav39wf3d-{0}-ha950r0i18-ha950r0i18.gz
         Processing compressed asset: /home/makani/honua-server/samples/Honua.StacOpsDemo/obj/Debug/net10.0/compressed/q19grd70h9-{0}-g1w1fits1p-g1w1fits1p.gz
         Processing compressed asset: /home/makani/honua-server/samples/Honua.StacOpsDemo/obj/Debug/net10.0/compressed/yy7r7yqiog-{0}-7n7jt1ms3p-7n7jt1ms3p.gz
         Processing compressed asset: /home/makani/honua-server/samples/Honua.StacOpsDemo/obj/Debug/net10.0/compressed/e3qqxfy55p-{0}-13t1lxa6p2-13t1lxa6p2.gz
         Processing compressed asset: /home/makani/honua-server/samples/Honua.StacOpsDemo/obj/Debug/net10.0/compressed/inqasvlfq6-{0}-bcciqwoqxp-bcciqwoqxp.gz
         Processing compressed asset: /home/makani/honua-server/samples/Honua.StacOpsDemo/obj/Debug/net10.0/compressed/ibdrou6ilo-{0}-wecoe44nmz-wecoe44nmz.gz
         Processing compressed asset: /home/makani/honua-server/samples/Honua.StacOpsDemo/obj/Debug/net10.0/compressed/0b40gznxnc-{0}-8dz8w33dsz-8dz8w33dsz.gz
         Processing compressed asset: /home/makani/honua-server/samples/Honua.StacOpsDemo/obj/Debug/net10.0/compressed/1pzowrggl7-{0}-m05m0pm5oq-m05m0pm5oq.gz
         Processing compressed asset: /home/makani/honua-server/samples/Honua.StacOpsDemo/obj/Debug/net10.0/compressed/wqbstqhw68-{0}-79xb2e70lp-79xb2e70lp.gz
         Processing compressed asset: /home/makani/honua-server/samples/Honua.StacOpsDemo/obj/Debug/net10.0/compressed/oxie03b6q2-{0}-uyi2fb0103-uyi2fb0103.gz
         Processing compressed asset: /home/makani/honua-server/samples/Honua.StacOpsDemo/obj/Debug/net10.0/compressed/1f8jonzejp-{0}-69m00wu7n6-69m00wu7n6.gz
         Processing compressed asset: /home/makani/honua-server/samples/Honua.StacOpsDemo/obj/Debug/net10.0/compressed/abcr8y6h81-{0}-rv6iq87t46-rv6iq87t46.gz
         Processing compressed asset: /home/makani/honua-server/samples/Honua.StacOpsDemo/obj/Debug/net10.0/compressed/1lio3ko3a9-{0}-2pchagji9k-2pchagji9k.gz
         Processing compressed asset: /home/makani/honua-server/samples/Honua.StacOpsDemo/obj/Debug/net10.0/compressed/v7k40j93o9-{0}-tba5tu29wv-tba5tu29wv.gz
         Processing compressed asset: /home/makani/honua-server/samples/Honua.StacOpsDemo/obj/Debug/net10.0/compressed/fiaxe2d5hg-{0}-q19w88bn7l-q19w88bn7l.gz
         Processing compressed asset: /home/makani/honua-server/samples/Honua.StacOpsDemo/obj/Debug/net10.0/compressed/rfz6t1sz88-{0}-lmdq3p0hzc-lmdq3p0hzc.gz
         Processing compressed asset: /home/makani/honua-server/samples/Honua.StacOpsDemo/obj/Debug/net10.0/compressed/dmiag02m9t-{0}-irtnamfpwo-irtnamfpwo.gz
         Processing compressed asset: /home/makani/honua-server/samples/Honua.StacOpsDemo/obj/Debug/net10.0/compressed/5biepo1c2v-{0}-ctfxrq7l33-ctfxrq7l33.gz
         Processing compressed asset: /home/makani/honua-server/samples/Honua.StacOpsDemo/obj/Debug/net10.0/compressed/o8a7pjo347-{0}-wfl2haanmw-wfl2haanmw.gz
         Processing compressed asset: /home/makani/honua-server/samples/Honua.StacOpsDemo/obj/Debug/net10.0/compressed/ucd6b0ho7g-{0}-jk1euj9vu9-jk1euj9vu9.gz
         Processing compressed asset: /home/makani/honua-server/samples/Honua.StacOpsDemo/obj/Debug/net10.0/compressed/363m0e59b6-{0}-s9jclef89k-s9jclef89k.gz
         Processing compressed asset: /home/makani/honua-server/samples/Honua.StacOpsDemo/obj/Debug/net10.0/compressed/zdacgqktiy-{0}-s3g4fx319q-s3g4fx319q.gz
         Processing compressed asset: /home/makani/honua-server/samples/Honua.StacOpsDemo/obj/Debug/net10.0/compressed/hhvq3rjjid-{0}-5ic1w2xffg-5ic1w2xffg.gz
         Processing compressed asset: /home/makani/honua-server/samples/Honua.StacOpsDemo/obj/Debug/net10.0/compressed/zvthpu2rv9-{0}-akn0vk63vp-akn0vk63vp.gz
         Processing compressed asset: /home/makani/honua-server/samples/Honua.StacOpsDemo/obj/Debug/net10.0/compressed/6b4w5o22us-{0}-hy6omngq8z-hy6omngq8z.gz
         Processing compressed asset: /home/makani/honua-server/samples/Honua.StacOpsDemo/obj/Debug/net10.0/compressed/0v4jm0flgs-{0}-c7chznvmm3-c7chznvmm3.gz
         Processing compressed asset: /home/makani/honua-server/samples/Honua.StacOpsDemo/obj/Debug/net10.0/compressed/h6g92w3iif-{0}-mfsa3z03lw-mfsa3z03lw.gz
         Processing compressed asset: /home/makani/honua-server/samples/Honua.StacOpsDemo/obj/Debug/net10.0/compressed/omyfd9z1iu-{0}-apclussnua-apclussnua.gz
         Processing compressed asset: /home/makani/honua-server/samples/Honua.StacOpsDemo/obj/Debug/net10.0/compressed/j816dukew1-{0}-kny0la5npq-kny0la5npq.gz
         Processing compressed asset: /home/makani/honua-server/samples/Honua.StacOpsDemo/obj/Debug/net10.0/compressed/8jp2s21y9s-{0}-4bprmgilq2-4bprmgilq2.gz
         Processing compressed asset: /home/makani/honua-server/samples/Honua.StacOpsDemo/obj/Debug/net10.0/compressed/umoq2unpub-{0}-z4o1x288hz-z4o1x288hz.gz
         Processing compressed asset: /home/makani/honua-server/samples/Honua.StacOpsDemo/obj/Debug/net10.0/compressed/5w953iyxyd-{0}-ytv8luxawq-ytv8luxawq.gz
         Processing compressed asset: /home/makani/honua-server/samples/Honua.StacOpsDemo/obj/Debug/net10.0/compressed/6ksa9x2j9g-{0}-i57ntutovo-i57ntutovo.gz
         Processing compressed asset: /home/makani/honua-server/samples/Honua.StacOpsDemo/obj/Debug/net10.0/compressed/5x5ewz2eb8-{0}-vkhht9s4s0-vkhht9s4s0.gz
         Processing compressed asset: /home/makani/honua-server/samples/Honua.StacOpsDemo/obj/Debug/net10.0/compressed/0d2ncz0uol-{0}-ici4sc8c5d-ici4sc8c5d.gz
         Processing compressed asset: /home/makani/honua-server/samples/Honua.StacOpsDemo/obj/Debug/net10.0/compressed/5c7jbdk9bc-{0}-gbkwu8tis9-gbkwu8tis9.gz
         Processing compressed asset: /home/makani/honua-server/samples/Honua.StacOpsDemo/obj/Debug/net10.0/compressed/ee35dibsqi-{0}-5hsbzkigfv-5hsbzkigfv.gz
         Processing compressed asset: /home/makani/honua-server/samples/Honua.StacOpsDemo/obj/Debug/net10.0/compressed/tr6h8e8qfe-{0}-nc1yghpvaj-nc1yghpvaj.gz
         Processing compressed asset: /home/makani/honua-server/samples/Honua.StacOpsDemo/obj/Debug/net10.0/compressed/43t9vnh1fg-{0}-4n1o4dxc9j-4n1o4dxc9j.gz
         Processing compressed asset: /home/makani/honua-server/samples/Honua.StacOpsDemo/obj/Debug/net10.0/compressed/msvfnc4892-{0}-rx5istkt3h-rx5istkt3h.gz
         Processing compressed asset: /home/makani/honua-server/samples/Honua.StacOpsDemo/obj/Debug/net10.0/compressed/pkqie454cn-{0}-43ap29e3sq-43ap29e3sq.gz
         Processing compressed asset: /home/makani/honua-server/samples/Honua.StacOpsDemo/obj/Debug/net10.0/compressed/0vfyfqsqug-{0}-7gbfkrjizt-7gbfkrjizt.gz
         Processing compressed asset: /home/makani/honua-server/samples/Honua.StacOpsDemo/obj/Debug/net10.0/compressed/rszr2j1a4k-{0}-kkeuksfj0m-kkeuksfj0m.gz
         Processing compressed asset: /home/makani/honua-server/samples/Honua.StacOpsDemo/obj/Debug/net10.0/compressed/df2pqzcp0s-{0}-57sxvma12c-57sxvma12c.gz
         Processing compressed asset: /home/makani/honua-server/samples/Honua.StacOpsDemo/obj/Debug/net10.0/compressed/l8c11rfysz-{0}-kjba88uqo5-kjba88uqo5.gz
         Processing compressed asset: /home/makani/honua-server/samples/Honua.StacOpsDemo/obj/Debug/net10.0/compressed/jj58t233e2-{0}-yd5orfj1dk-yd5orfj1dk.gz
         Processing compressed asset: /home/makani/honua-server/samples/Honua.StacOpsDemo/obj/Debug/net10.0/compressed/j4ps4ft7qc-{0}-x5xctdxzrq-x5xctdxzrq.gz
         Processing compressed asset: /home/makani/honua-server/samples/Honua.StacOpsDemo/obj/Debug/net10.0/compressed/p4ve9pa9t8-{0}-1a72cmhu6i-1a72cmhu6i.gz
         Processing compressed asset: /home/makani/honua-server/samples/Honua.StacOpsDemo/obj/Debug/net10.0/compressed/f8jhkitt1y-{0}-ilju54fcp2-ilju54fcp2.gz
         Processing compressed asset: /home/makani/honua-server/samples/Honua.StacOpsDemo/obj/Debug/net10.0/compressed/7iw4fplrtp-{0}-gr5k60s0oe-gr5k60s0oe.gz
         Processing compressed asset: /home/makani/honua-server/samples/Honua.StacOpsDemo/obj/Debug/net10.0/compressed/mvjitgbd1j-{0}-plyvi1r5s9-plyvi1r5s9.gz
         Processing compressed asset: /home/makani/honua-server/samples/Honua.StacOpsDemo/obj/Debug/net10.0/compressed/gyvtozmpbe-{0}-pt2dqzuhaf-pt2dqzuhaf.gz
         Processing compressed asset: /home/makani/honua-server/samples/Honua.StacOpsDemo/obj/Debug/net10.0/compressed/4s44gx31lc-{0}-ygdmhmuqdp-ygdmhmuqdp.gz
         Processing compressed asset: /home/makani/honua-server/samples/Honua.StacOpsDemo/obj/Debug/net10.0/compressed/0up40zqgpr-{0}-olv3u76k95-olv3u76k95.gz
         Processing compressed asset: /home/makani/honua-server/samples/Honua.StacOpsDemo/obj/Debug/net10.0/compressed/z9jdqvwsoe-{0}-m5wc9z7e1k-m5wc9z7e1k.gz
         Processing compressed asset: /home/makani/honua-server/samples/Honua.StacOpsDemo/obj/Debug/net10.0/compressed/pv3kvcu4lf-{0}-dd748ds2m7-dd748ds2m7.gz
         Processing compressed asset: /home/makani/honua-server/samples/Honua.StacOpsDemo/obj/Debug/net10.0/compressed/v03ehf7lkw-{0}-4gwmhmdbax-4gwmhmdbax.gz
         Processing compressed asset: /home/makani/honua-server/samples/Honua.StacOpsDemo/obj/Debug/net10.0/compressed/h4k31nsp6j-{0}-v02wvgnobf-v02wvgnobf.gz
         Processing compressed asset: /home/makani/honua-server/samples/Honua.StacOpsDemo/obj/Debug/net10.0/compressed/qrh6mdnvb6-{0}-o33u56xp8u-o33u56xp8u.gz
         Processing compressed asset: /home/makani/honua-server/samples/Honua.StacOpsDemo/obj/Debug/net10.0/compressed/q6u1pf8oa7-{0}-gxdw562h4s-gxdw562h4s.gz
         Processing compressed asset: /home/makani/honua-server/samples/Honua.StacOpsDemo/obj/Debug/net10.0/compressed/m5m7loui1f-{0}-itp3e5i1h2-itp3e5i1h2.gz
         Processing compressed asset: /home/makani/honua-server/samples/Honua.StacOpsDemo/obj/Debug/net10.0/compressed/xsgkdwin7k-{0}-k0eqaq9do2-k0eqaq9do2.gz
         Processing compressed asset: /home/makani/honua-server/samples/Honua.StacOpsDemo/obj/Debug/net10.0/compressed/pa0zowdt62-{0}-xl4f7m8snf-xl4f7m8snf.gz
         Processing compressed asset: /home/makani/honua-server/samples/Honua.StacOpsDemo/obj/Debug/net10.0/compressed/wumiok2xvi-{0}-mwo4f5vsvi-mwo4f5vsvi.gz
         Processing compressed asset: /home/makani/honua-server/samples/Honua.StacOpsDemo/obj/Debug/net10.0/compressed/n8rcqdh6uc-{0}-5y9laxu2f8-5y9laxu2f8.gz
         Processing compressed asset: /home/makani/honua-server/samples/Honua.StacOpsDemo/obj/Debug/net10.0/compressed/mazqxrp54m-{0}-69poregybn-69poregybn.gz
         Processing compressed asset: /home/makani/honua-server/samples/Honua.StacOpsDemo/obj/Debug/net10.0/compressed/k0utltoeuv-{0}-2mv1pqdd2n-2mv1pqdd2n.gz
         Processing compressed asset: /home/makani/honua-server/samples/Honua.StacOpsDemo/obj/Debug/net10.0/compressed/d000g27rrt-{0}-q5rqv3xrhm-q5rqv3xrhm.gz
         Processing compressed asset: /home/makani/honua-server/samples/Honua.StacOpsDemo/obj/Debug/net10.0/compressed/q3pl4zf6a6-{0}-5kqprya74h-5kqprya74h.gz
         Processing compressed asset: /home/makani/honua-server/samples/Honua.StacOpsDemo/obj/Debug/net10.0/compressed/yhsfc1ql85-{0}-tjcz0u77k5-tjcz0u77k5.gz
         Processing compressed asset: /home/makani/honua-server/samples/Honua.StacOpsDemo/obj/Debug/net10.0/compressed/1cw6hqypmu-{0}-tptq2av103-tptq2av103.gz
         Processing compressed asset: /home/makani/honua-server/samples/Honua.StacOpsDemo/obj/Debug/net10.0/compressed/ybc8ws76mh-{0}-lfu7j35m59-lfu7j35m59.gz
         Processing compressed asset: /home/makani/honua-server/samples/Honua.StacOpsDemo/obj/Debug/net10.0/compressed/f9o902iofb-{0}-99zm1jdh75-99zm1jdh75.gz
         Processing compressed asset: /home/makani/honua-server/samples/Honua.StacOpsDemo/obj/Debug/net10.0/compressed/7nn74udwvn-{0}-9sdmuz89zv-9sdmuz89zv.gz
         Processing compressed asset: /home/makani/honua-server/samples/Honua.StacOpsDemo/obj/Debug/net10.0/compressed/tllvnd4mxi-{0}-y8h50soohf-y8h50soohf.gz
         Processing compressed asset: /home/makani/honua-server/samples/Honua.StacOpsDemo/obj/Debug/net10.0/compressed/me8xtynd05-{0}-1jh9xxslil-1jh9xxslil.gz
         Processing compressed asset: /home/makani/honua-server/samples/Honua.StacOpsDemo/obj/Debug/net10.0/compressed/joew91e9z1-{0}-9welhrvr9j-9welhrvr9j.gz
       _BuildCopyStaticWebAssetsPreserveNewest:
       Skipping target "_BuildCopyStaticWebAssetsPreserveNewest" because all output files are up-to-date with respect to the input files.
       _CopyOutOfDateSourceItemsToOutputDirectory:
       Skipping target "_CopyOutOfDateSourceItemsToOutputDirectory" because all output files are up-to-date with respect to the input files.
       CopyFilesToOutputDirectory:
         Honua.StacOpsDemo -> /home/makani/honua-server/samples/Honua.StacOpsDemo/bin/Debug/net10.0/Honua.StacOpsDemo.dll
       _BlazorCopyFilesToOutputDirectory:
         Honua.StacOpsDemo (Blazor output) -> /home/makani/honua-server/samples/Honua.StacOpsDemo/bin/Debug/net10.0/wwwroot
    19>Done Building Project "/home/makani/honua-server/samples/Honua.StacOpsDemo/Honua.StacOpsDemo.csproj" (default targets).
     2>GenerateTargetFrameworkMonikerAttribute:
       Skipping target "GenerateTargetFrameworkMonikerAttribute" because all output files are up-to-date with respect to the input files.
       CoreGenerateAssemblyInfo:
       Skipping target "CoreGenerateAssemblyInfo" because all output files are up-to-date with respect to the input files.
       _DiscoverMvcApplicationParts:
       Skipping target "_DiscoverMvcApplicationParts" because all output files are up-to-date with respect to the input files.
       _GenerateSourceLinkFile:
         Source Link file 'obj/Debug/net10.0/Honua.Server.sourcelink.json' is up-to-date.
       CoreCompile:
       Skipping target "CoreCompile" because all output files are up-to-date with respect to the input files.
       _CreateAppHost:
       Skipping target "_CreateAppHost" because all output files are up-to-date with respect to the input files.
       _ProcessScopedCssFiles:
       Skipping target "_ProcessScopedCssFiles" because it has no outputs.
       _ProcessScopedCssFiles:
       Skipping target "_ProcessScopedCssFiles" because it has no outputs.
       ResolveBuildCompressedStaticWebAssetsConfiguration:
         The asset '/home/makani/honua-server/src/Honua.Admin/obj/Debug/net10.0/compressed/72f2nfdm1b-{0}-66stpp682q-66stpp682q.gz' with related asset '/home/makani/honua-server/src/Honua.Admin/bin/Debug/net10.0/wwwroot/_framework/blazor.webassembly.js' was detected as already compressed with format 'gzip'.
         The asset '/home/makani/honua-server/src/Honua.Admin/obj/Debug/net10.0/compressed/4qtryupyoh-{0}-uddsvpv1sv-uddsvpv1sv.gz' with related asset '/home/makani/honua-server/src/Honua.Admin/bin/Debug/net10.0/wwwroot/_framework/Microsoft.AspNetCore.Components.uddsvpv1sv.wasm' was detected as already compressed with format 'gzip'.
         The asset '/home/makani/honua-server/src/Honua.Admin/obj/Debug/net10.0/compressed/v2j0q63p4f-{0}-uo1a6owr17-uo1a6owr17.gz' with related asset '/home/makani/honua-server/src/Honua.Admin/bin/Debug/net10.0/wwwroot/_framework/Microsoft.AspNetCore.Components.Authorization.uo1a6owr17.wasm' was detected as already compressed with format 'gzip'.
         The asset '/home/makani/honua-server/src/Honua.Admin/obj/Debug/net10.0/compressed/prf3yz1ahb-{0}-zrueb40r85-zrueb40r85.gz' with related asset '/home/makani/honua-server/src/Honua.Admin/bin/Debug/net10.0/wwwroot/_framework/Microsoft.AspNetCore.Components.Forms.zrueb40r85.wasm' was detected as already compressed with format 'gzip'.
         The asset '/home/makani/honua-server/src/Honua.Admin/obj/Debug/net10.0/compressed/bggugofjl0-{0}-g5qdp1mxha-g5qdp1mxha.gz' with related asset '/home/makani/honua-server/src/Honua.Admin/bin/Debug/net10.0/wwwroot/_framework/Microsoft.AspNetCore.Components.Web.g5qdp1mxha.wasm' was detected as already compressed with format 'gzip'.
         The asset '/home/makani/honua-server/src/Honua.Admin/obj/Debug/net10.0/compressed/tigip55y7z-{0}-9mjwvs1qyp-9mjwvs1qyp.gz' with related asset '/home/makani/honua-server/src/Honua.Admin/bin/Debug/net10.0/wwwroot/_framework/Microsoft.AspNetCore.Components.WebAssembly.9mjwvs1qyp.wasm' was detected as already compressed with format 'gzip'.
         The asset '/home/makani/honua-server/src/Honua.Admin/obj/Debug/net10.0/compressed/z2aqiy2hv6-{0}-myqc2w9pi0-myqc2w9pi0.gz' with related asset '/home/makani/honua-server/src/Honua.Admin/bin/Debug/net10.0/wwwroot/_framework/Microsoft.AspNetCore.Components.WebAssembly.Authentication.myqc2w9pi0.wasm' was detected as already compressed with format 'gzip'.
         The asset '/home/makani/honua-server/src/Honua.Admin/obj/Debug/net10.0/compressed/ghpbv6rne4-{0}-m3mxap0jif-m3mxap0jif.gz' with related asset '/home/makani/honua-server/src/Honua.Admin/bin/Debug/net10.0/wwwroot/_framework/Microsoft.AspNetCore.Metadata.m3mxap0jif.wasm' was detected as already compressed with format 'gzip'.
         The asset '/home/makani/honua-server/src/Honua.Admin/obj/Debug/net10.0/compressed/3zp83ypxq1-{0}-fgwnqtu7qk-fgwnqtu7qk.gz' with related asset '/home/makani/honua-server/src/Honua.Admin/bin/Debug/net10.0/wwwroot/_framework/Microsoft.Extensions.Configuration.fgwnqtu7qk.wasm' was detected as already compressed with format 'gzip'.
         The asset '/home/makani/honua-server/src/Honua.Admin/obj/Debug/net10.0/compressed/x879ihfa4m-{0}-thew1o6jcx-thew1o6jcx.gz' with related asset '/home/makani/honua-server/src/Honua.Admin/bin/Debug/net10.0/wwwroot/_framework/Microsoft.Extensions.Configuration.Abstractions.thew1o6jcx.wasm' was detected as already compressed with format 'gzip'.
         The asset '/home/makani/honua-server/src/Honua.Admin/obj/Debug/net10.0/compressed/jgblf0gwrr-{0}-7o70008j8o-7o70008j8o.gz' with related asset '/home/makani/honua-server/src/Honua.Admin/bin/Debug/net10.0/wwwroot/_framework/Microsoft.Extensions.Configuration.Binder.7o70008j8o.wasm' was detected as already compressed with format 'gzip'.
         The asset '/home/makani/honua-server/src/Honua.Admin/obj/Debug/net10.0/compressed/h1d33x7ry9-{0}-ouivavlhyy-ouivavlhyy.gz' with related asset '/home/makani/honua-server/src/Honua.Admin/bin/Debug/net10.0/wwwroot/_framework/Microsoft.Extensions.Configuration.FileExtensions.ouivavlhyy.wasm' was detected as already compressed with format 'gzip'.
         The asset '/home/makani/honua-server/src/Honua.Admin/obj/Debug/net10.0/compressed/ogix29uuvd-{0}-giv4t23za9-giv4t23za9.gz' with related asset '/home/makani/honua-server/src/Honua.Admin/bin/Debug/net10.0/wwwroot/_framework/Microsoft.Extensions.Configuration.Json.giv4t23za9.wasm' was detected as already compressed with format 'gzip'.
         The asset '/home/makani/honua-server/src/Honua.Admin/obj/Debug/net10.0/compressed/u7ejpbs6vo-{0}-vs620n44bv-vs620n44bv.gz' with related asset '/home/makani/honua-server/src/Honua.Admin/bin/Debug/net10.0/wwwroot/_framework/Microsoft.Extensions.DependencyInjection.vs620n44bv.wasm' was detected as already compressed with format 'gzip'.
         The asset '/home/makani/honua-server/src/Honua.Admin/obj/Debug/net10.0/compressed/f6wwetojip-{0}-ud13mwbta3-ud13mwbta3.gz' with related asset '/home/makani/honua-server/src/Honua.Admin/bin/Debug/net10.0/wwwroot/_framework/Microsoft.Extensions.DependencyInjection.Abstractions.ud13mwbta3.wasm' was detected as already compressed with format 'gzip'.
         The asset '/home/makani/honua-server/src/Honua.Admin/obj/Debug/net10.0/compressed/se8x4jw4k2-{0}-jnogfbng3i-jnogfbng3i.gz' with related asset '/home/makani/honua-server/src/Honua.Admin/bin/Debug/net10.0/wwwroot/_framework/Microsoft.Extensions.Diagnostics.jnogfbng3i.wasm' was detected as already compressed with format 'gzip'.
         The asset '/home/makani/honua-server/src/Honua.Admin/obj/Debug/net10.0/compressed/iv6hzvp9vg-{0}-v59ymogeuz-v59ymogeuz.gz' with related asset '/home/makani/honua-server/src/Honua.Admin/bin/Debug/net10.0/wwwroot/_framework/Microsoft.Extensions.Diagnostics.Abstractions.v59ymogeuz.wasm' was detected as already compressed with format 'gzip'.
         The asset '/home/makani/honua-server/src/Honua.Admin/obj/Debug/net10.0/compressed/y26vfr81gz-{0}-ssv83rveyv-ssv83rveyv.gz' with related asset '/home/makani/honua-server/src/Honua.Admin/bin/Debug/net10.0/wwwroot/_framework/Microsoft.Extensions.FileProviders.Abstractions.ssv83rveyv.wasm' was detected as already compressed with format 'gzip'.
         The asset '/home/makani/honua-server/src/Honua.Admin/obj/Debug/net10.0/compressed/l3sm73p9va-{0}-8gz29xpyh3-8gz29xpyh3.gz' with related asset '/home/makani/honua-server/src/Honua.Admin/bin/Debug/net10.0/wwwroot/_framework/Microsoft.Extensions.FileProviders.Physical.8gz29xpyh3.wasm' was detected as already compressed with format 'gzip'.
         The asset '/home/makani/honua-server/src/Honua.Admin/obj/Debug/net10.0/compressed/9886wihbjc-{0}-ozuva4e3vv-ozuva4e3vv.gz' with related asset '/home/makani/honua-server/src/Honua.Admin/bin/Debug/net10.0/wwwroot/_framework/Microsoft.Extensions.FileSystemGlobbing.ozuva4e3vv.wasm' was detected as already compressed with format 'gzip'.
         The asset '/home/makani/honua-server/src/Honua.Admin/obj/Debug/net10.0/compressed/7c20obm8kc-{0}-y4ydx3rk2c-y4ydx3rk2c.gz' with related asset '/home/makani/honua-server/src/Honua.Admin/bin/Debug/net10.0/wwwroot/_framework/Microsoft.Extensions.Logging.y4ydx3rk2c.wasm' was detected as already compressed with format 'gzip'.
         The asset '/home/makani/honua-server/src/Honua.Admin/obj/Debug/net10.0/compressed/4t4r8iwqud-{0}-1q3x7vre4l-1q3x7vre4l.gz' with related asset '/home/makani/honua-server/src/Honua.Admin/bin/Debug/net10.0/wwwroot/_framework/Microsoft.Extensions.Logging.Abstractions.1q3x7vre4l.wasm' was detected as already compressed with format 'gzip'.
         The asset '/home/makani/honua-server/src/Honua.Admin/obj/Debug/net10.0/compressed/ikcusu9zlz-{0}-2rz5zbidnd-2rz5zbidnd.gz' with related asset '/home/makani/honua-server/src/Honua.Admin/bin/Debug/net10.0/wwwroot/_framework/Microsoft.Extensions.Options.2rz5zbidnd.wasm' was detected as already compressed with format 'gzip'.
         The asset '/home/makani/honua-server/src/Honua.Admin/obj/Debug/net10.0/compressed/uf5jn0nd37-{0}-zmb03w0weu-zmb03w0weu.gz' with related asset '/home/makani/honua-server/src/Honua.Admin/bin/Debug/net10.0/wwwroot/_framework/Microsoft.Extensions.Options.ConfigurationExtensions.zmb03w0weu.wasm' was detected as already compressed with format 'gzip'.
         The asset '/home/makani/honua-server/src/Honua.Admin/obj/Debug/net10.0/compressed/xk5azz09xn-{0}-bd164v6l3f-bd164v6l3f.gz' with related asset '/home/makani/honua-server/src/Honua.Admin/bin/Debug/net10.0/wwwroot/_framework/Microsoft.Extensions.Primitives.bd164v6l3f.wasm' was detected as already compressed with format 'gzip'.
         The asset '/home/makani/honua-server/src/Honua.Admin/obj/Debug/net10.0/compressed/aavv5ygxij-{0}-r1sv3m5lsf-r1sv3m5lsf.gz' with related asset '/home/makani/honua-server/src/Honua.Admin/bin/Debug/net10.0/wwwroot/_framework/Microsoft.Extensions.Validation.r1sv3m5lsf.wasm' was detected as already compressed with format 'gzip'.
         The asset '/home/makani/honua-server/src/Honua.Admin/obj/Debug/net10.0/compressed/84pyhvin4o-{0}-9879a4r091-9879a4r091.gz' with related asset '/home/makani/honua-server/src/Honua.Admin/bin/Debug/net10.0/wwwroot/_framework/Microsoft.IdentityModel.Abstractions.9879a4r091.wasm' was detected as already compressed with format 'gzip'.
         The asset '/home/makani/honua-server/src/Honua.Admin/obj/Debug/net10.0/compressed/a4qi14r49k-{0}-oz8fkrrrd6-oz8fkrrrd6.gz' with related asset '/home/makani/honua-server/src/Honua.Admin/bin/Debug/net10.0/wwwroot/_framework/Microsoft.JSInterop.WebAssembly.oz8fkrrrd6.wasm' was detected as already compressed with format 'gzip'.
         The asset '/home/makani/honua-server/src/Honua.Admin/obj/Debug/net10.0/compressed/gx1uly9vw3-{0}-w9ixzkjjki-w9ixzkjjki.gz' with related asset '/home/makani/honua-server/src/Honua.Admin/bin/Debug/net10.0/wwwroot/_framework/System.IdentityModel.Tokens.Jwt.w9ixzkjjki.wasm' was detected as already compressed with format 'gzip'.
         The asset '/home/makani/honua-server/src/Honua.Admin/obj/Debug/net10.0/compressed/6qs3ig3xiw-{0}-gijew29e7v-gijew29e7v.gz' with related asset '/home/makani/honua-server/src/Honua.Admin/bin/Debug/net10.0/wwwroot/_framework/Microsoft.CSharp.gijew29e7v.wasm' was detected as already compressed with format 'gzip'.
         The asset '/home/makani/honua-server/src/Honua.Admin/obj/Debug/net10.0/compressed/cbw502r1bp-{0}-5wrvi89jl9-5wrvi89jl9.gz' with related asset '/home/makani/honua-server/src/Honua.Admin/bin/Debug/net10.0/wwwroot/_framework/Microsoft.VisualBasic.Core.5wrvi89jl9.wasm' was detected as already compressed with format 'gzip'.
         The asset '/home/makani/honua-server/src/Honua.Admin/obj/Debug/net10.0/compressed/lk0th1c74a-{0}-ohmdjdo4x8-ohmdjdo4x8.gz' with related asset '/home/makani/honua-server/src/Honua.Admin/bin/Debug/net10.0/wwwroot/_framework/Microsoft.VisualBasic.ohmdjdo4x8.wasm' was detected as already compressed with format 'gzip'.
         The asset '/home/makani/honua-server/src/Honua.Admin/obj/Debug/net10.0/compressed/857m84uq02-{0}-54qaw3y2l7-54qaw3y2l7.gz' with related asset '/home/makani/honua-server/src/Honua.Admin/bin/Debug/net10.0/wwwroot/_framework/Microsoft.Win32.Primitives.54qaw3y2l7.wasm' was detected as already compressed with format 'gzip'.
         The asset '/home/makani/honua-server/src/Honua.Admin/obj/Debug/net10.0/compressed/vpwpzjry0t-{0}-5zehcbadkc-5zehcbadkc.gz' with related asset '/home/makani/honua-server/src/Honua.Admin/bin/Debug/net10.0/wwwroot/_framework/Microsoft.Win32.Registry.5zehcbadkc.wasm' was detected as already compressed with format 'gzip'.
         The asset '/home/makani/honua-server/src/Honua.Admin/obj/Debug/net10.0/compressed/ld3he1hiah-{0}-hb972rswn2-hb972rswn2.gz' with related asset '/home/makani/honua-server/src/Honua.Admin/bin/Debug/net10.0/wwwroot/_framework/System.AppContext.hb972rswn2.wasm' was detected as already compressed with format 'gzip'.
         The asset '/home/makani/honua-server/src/Honua.Admin/obj/Debug/net10.0/compressed/4meyyw21mk-{0}-fmh1lqxxe8-fmh1lqxxe8.gz' with related asset '/home/makani/honua-server/src/Honua.Admin/bin/Debug/net10.0/wwwroot/_framework/System.Buffers.fmh1lqxxe8.wasm' was detected as already compressed with format 'gzip'.
         The asset '/home/makani/honua-server/src/Honua.Admin/obj/Debug/net10.0/compressed/zirdd8i1ci-{0}-wrpunq2dmd-wrpunq2dmd.gz' with related asset '/home/makani/honua-server/src/Honua.Admin/bin/Debug/net10.0/wwwroot/_framework/System.Collections.Concurrent.wrpunq2dmd.wasm' was detected as already compressed with format 'gzip'.
         The asset '/home/makani/honua-server/src/Honua.Admin/obj/Debug/net10.0/compressed/1tbpw5os2p-{0}-dm08vuov01-dm08vuov01.gz' with related asset '/home/makani/honua-server/src/Honua.Admin/bin/Debug/net10.0/wwwroot/_framework/System.Collections.Immutable.dm08vuov01.wasm' was detected as already compressed with format 'gzip'.
         The asset '/home/makani/honua-server/src/Honua.Admin/obj/Debug/net10.0/compressed/exrazhyu4z-{0}-ucr2s1rjr8-ucr2s1rjr8.gz' with related asset '/home/makani/honua-server/src/Honua.Admin/bin/Debug/net10.0/wwwroot/_framework/System.Collections.NonGeneric.ucr2s1rjr8.wasm' was detected as already compressed with format 'gzip'.
         The asset '/home/makani/honua-server/src/Honua.Admin/obj/Debug/net10.0/compressed/cyz80r1c1e-{0}-788c2vii7r-788c2vii7r.gz' with related asset '/home/makani/honua-server/src/Honua.Admin/bin/Debug/net10.0/wwwroot/_framework/System.Collections.Specialized.788c2vii7r.wasm' was detected as already compressed with format 'gzip'.
         The asset '/home/makani/honua-server/src/Honua.Admin/obj/Debug/net10.0/compressed/3h6sc7ovrt-{0}-oyg9o5jzra-oyg9o5jzra.gz' with related asset '/home/makani/honua-server/src/Honua.Admin/bin/Debug/net10.0/wwwroot/_framework/System.Collections.oyg9o5jzra.wasm' was detected as already compressed with format 'gzip'.
         The asset '/home/makani/honua-server/src/Honua.Admin/obj/Debug/net10.0/compressed/ay251yds4i-{0}-kzcs3roxpa-kzcs3roxpa.gz' with related asset '/home/makani/honua-server/src/Honua.Admin/bin/Debug/net10.0/wwwroot/_framework/System.ComponentModel.Annotations.kzcs3roxpa.wasm' was detected as already compressed with format 'gzip'.
         The asset '/home/makani/honua-server/src/Honua.Admin/obj/Debug/net10.0/compressed/b0kdl3lo9r-{0}-uujisxprk9-uujisxprk9.gz' with related asset '/home/makani/honua-server/src/Honua.Admin/bin/Debug/net10.0/wwwroot/_framework/System.ComponentModel.DataAnnotations.uujisxprk9.wasm' was detected as already compressed with format 'gzip'.
         The asset '/home/makani/honua-server/src/Honua.Admin/obj/Debug/net10.0/compressed/s2vtxrum7a-{0}-v1qxqe5fpe-v1qxqe5fpe.gz' with related asset '/home/makani/honua-server/src/Honua.Admin/bin/Debug/net10.0/wwwroot/_framework/System.ComponentModel.EventBasedAsync.v1qxqe5fpe.wasm' was detected as already compressed with format 'gzip'.
         The asset '/home/makani/honua-server/src/Honua.Admin/obj/Debug/net10.0/compressed/n2ttw928pm-{0}-ftz81jso1j-ftz81jso1j.gz' with related asset '/home/makani/honua-server/src/Honua.Admin/bin/Debug/net10.0/wwwroot/_framework/System.ComponentModel.Primitives.ftz81jso1j.wasm' was detected as already compressed with format 'gzip'.
         The asset '/home/makani/honua-server/src/Honua.Admin/obj/Debug/net10.0/compressed/40vnjmxalx-{0}-w7xhoe08t4-w7xhoe08t4.gz' with related asset '/home/makani/honua-server/src/Honua.Admin/bin/Debug/net10.0/wwwroot/_framework/System.ComponentModel.TypeConverter.w7xhoe08t4.wasm' was detected as already compressed with format 'gzip'.
         The asset '/home/makani/honua-server/src/Honua.Admin/obj/Debug/net10.0/compressed/mb6cfqna1i-{0}-k940vnf7b8-k940vnf7b8.gz' with related asset '/home/makani/honua-server/src/Honua.Admin/bin/Debug/net10.0/wwwroot/_framework/System.ComponentModel.k940vnf7b8.wasm' was detected as already compressed with format 'gzip'.
         The asset '/home/makani/honua-server/src/Honua.Admin/obj/Debug/net10.0/compressed/b3236459dp-{0}-w3ntl07ypg-w3ntl07ypg.gz' with related asset '/home/makani/honua-server/src/Honua.Admin/bin/Debug/net10.0/wwwroot/_framework/System.Configuration.w3ntl07ypg.wasm' was detected as already compressed with format 'gzip'.
         The asset '/home/makani/honua-server/src/Honua.Admin/obj/Debug/net10.0/compressed/ngipj7bbe6-{0}-439r3pkwc4-439r3pkwc4.gz' with related asset '/home/makani/honua-server/src/Honua.Admin/bin/Debug/net10.0/wwwroot/_framework/System.Console.439r3pkwc4.wasm' was detected as already compressed with format 'gzip'.
         The asset '/home/makani/honua-server/src/Honua.Admin/obj/Debug/net10.0/compressed/z9emantb66-{0}-3okiiotm1r-3okiiotm1r.gz' with related asset '/home/makani/honua-server/src/Honua.Admin/bin/Debug/net10.0/wwwroot/_framework/System.Core.3okiiotm1r.wasm' was detected as already compressed with format 'gzip'.
         The asset '/home/makani/honua-server/src/Honua.Admin/obj/Debug/net10.0/compressed/wu0vmk40fo-{0}-u1paws2ie5-u1paws2ie5.gz' with related asset '/home/makani/honua-server/src/Honua.Admin/bin/Debug/net10.0/wwwroot/_framework/System.Data.Common.u1paws2ie5.wasm' was detected as already compressed with format 'gzip'.
         The asset '/home/makani/honua-server/src/Honua.Admin/obj/Debug/net10.0/compressed/o1bttp113s-{0}-k7l9fdomp8-k7l9fdomp8.gz' with related asset '/home/makani/honua-server/src/Honua.Admin/bin/Debug/net10.0/wwwroot/_framework/System.Data.DataSetExtensions.k7l9fdomp8.wasm' was detected as already compressed with format 'gzip'.
         The asset '/home/makani/honua-server/src/Honua.Admin/obj/Debug/net10.0/compressed/e1u6li820v-{0}-0xkcfajxb8-0xkcfajxb8.gz' with related asset '/home/makani/honua-server/src/Honua.Admin/bin/Debug/net10.0/wwwroot/_framework/System.Data.0xkcfajxb8.wasm' was detected as already compressed with format 'gzip'.
         The asset '/home/makani/honua-server/src/Honua.Admin/obj/Debug/net10.0/compressed/hz6oycvuad-{0}-zgl132fygk-zgl132fygk.gz' with related asset '/home/makani/honua-server/src/Honua.Admin/bin/Debug/net10.0/wwwroot/_framework/System.Diagnostics.Contracts.zgl132fygk.wasm' was detected as already compressed with format 'gzip'.
         The asset '/home/makani/honua-server/src/Honua.Admin/obj/Debug/net10.0/compressed/vllzzd5mrk-{0}-6kui682x9y-6kui682x9y.gz' with related asset '/home/makani/honua-server/src/Honua.Admin/bin/Debug/net10.0/wwwroot/_framework/System.Diagnostics.Debug.6kui682x9y.wasm' was detected as already compressed with format 'gzip'.
         The asset '/home/makani/honua-server/src/Honua.Admin/obj/Debug/net10.0/compressed/ezdy4nyhjf-{0}-bkk6sbg16x-bkk6sbg16x.gz' with related asset '/home/makani/honua-server/src/Honua.Admin/bin/Debug/net10.0/wwwroot/_framework/System.Diagnostics.DiagnosticSource.bkk6sbg16x.wasm' was detected as already compressed with format 'gzip'.
         The asset '/home/makani/honua-server/src/Honua.Admin/obj/Debug/net10.0/compressed/3uidx6d10l-{0}-3alwgrae57-3alwgrae57.gz' with related asset '/home/makani/honua-server/src/Honua.Admin/bin/Debug/net10.0/wwwroot/_framework/System.Diagnostics.FileVersionInfo.3alwgrae57.wasm' was detected as already compressed with format 'gzip'.
         The asset '/home/makani/honua-server/src/Honua.Admin/obj/Debug/net10.0/compressed/tvwytybqto-{0}-06srtm7zqs-06srtm7zqs.gz' with related asset '/home/makani/honua-server/src/Honua.Admin/bin/Debug/net10.0/wwwroot/_framework/System.Diagnostics.Process.06srtm7zqs.wasm' was detected as already compressed with format 'gzip'.
         The asset '/home/makani/honua-server/src/Honua.Admin/obj/Debug/net10.0/compressed/gq43k2790k-{0}-un2pf554tb-un2pf554tb.gz' with related asset '/home/makani/honua-server/src/Honua.Admin/bin/Debug/net10.0/wwwroot/_framework/System.Diagnostics.StackTrace.un2pf554tb.wasm' was detected as already compressed with format 'gzip'.
         The asset '/home/makani/honua-server/src/Honua.Admin/obj/Debug/net10.0/compressed/qh8ntwm5e6-{0}-ida6tfw92t-ida6tfw92t.gz' with related asset '/home/makani/honua-server/src/Honua.Admin/bin/Debug/net10.0/wwwroot/_framework/System.Diagnostics.TextWriterTraceListener.ida6tfw92t.wasm' was detected as already compressed with format 'gzip'.
         The asset '/home/makani/honua-server/src/Honua.Admin/obj/Debug/net10.0/compressed/mt10dz4bei-{0}-shey8i22c8-shey8i22c8.gz' with related asset '/home/makani/honua-server/src/Honua.Admin/bin/Debug/net10.0/wwwroot/_framework/System.Diagnostics.Tools.shey8i22c8.wasm' was detected as already compressed with format 'gzip'.
         The asset '/home/makani/honua-server/src/Honua.Admin/obj/Debug/net10.0/compressed/1l29gwzkah-{0}-clw8b0o34g-clw8b0o34g.gz' with related asset '/home/makani/honua-server/src/Honua.Admin/bin/Debug/net10.0/wwwroot/_framework/System.Diagnostics.TraceSource.clw8b0o34g.wasm' was detected as already compressed with format 'gzip'.
         The asset '/home/makani/honua-server/src/Honua.Admin/obj/Debug/net10.0/compressed/mkx58t6rk9-{0}-w23ofaxx35-w23ofaxx35.gz' with related asset '/home/makani/honua-server/src/Honua.Admin/bin/Debug/net10.0/wwwroot/_framework/System.Diagnostics.Tracing.w23ofaxx35.wasm' was detected as already compressed with format 'gzip'.
         The asset '/home/makani/honua-server/src/Honua.Admin/obj/Debug/net10.0/compressed/uxwcgkli1h-{0}-fzsvb9tweu-fzsvb9tweu.gz' with related asset '/home/makani/honua-server/src/Honua.Admin/bin/Debug/net10.0/wwwroot/_framework/System.Drawing.Primitives.fzsvb9tweu.wasm' was detected as already compressed with format 'gzip'.
         The asset '/home/makani/honua-server/src/Honua.Admin/obj/Debug/net10.0/compressed/azl762edvm-{0}-crwi1p34or-crwi1p34or.gz' with related asset '/home/makani/honua-server/src/Honua.Admin/bin/Debug/net10.0/wwwroot/_framework/System.Drawing.crwi1p34or.wasm' was detected as already compressed with format 'gzip'.
         The asset '/home/makani/honua-server/src/Honua.Admin/obj/Debug/net10.0/compressed/96f9hlfb7x-{0}-9fcftni5l9-9fcftni5l9.gz' with related asset '/home/makani/honua-server/src/Honua.Admin/bin/Debug/net10.0/wwwroot/_framework/System.Dynamic.Runtime.9fcftni5l9.wasm' was detected as already compressed with format 'gzip'.
         The asset '/home/makani/honua-server/src/Honua.Admin/obj/Debug/net10.0/compressed/7kq7hrdaxz-{0}-3i8640auxn-3i8640auxn.gz' with related asset '/home/makani/honua-server/src/Honua.Admin/bin/Debug/net10.0/wwwroot/_framework/System.Formats.Asn1.3i8640auxn.wasm' was detected as already compressed with format 'gzip'.
         The asset '/home/makani/honua-server/src/Honua.Admin/obj/Debug/net10.0/compressed/hwolw995u1-{0}-6thvjqqi69-6thvjqqi69.gz' with related asset '/home/makani/honua-server/src/Honua.Admin/bin/Debug/net10.0/wwwroot/_framework/System.Formats.Tar.6thvjqqi69.wasm' was detected as already compressed with format 'gzip'.
         The asset '/home/makani/honua-server/src/Honua.Admin/obj/Debug/net10.0/compressed/ccr8wm8bt6-{0}-b34zv6t8w8-b34zv6t8w8.gz' with related asset '/home/makani/honua-server/src/Honua.Admin/bin/Debug/net10.0/wwwroot/_framework/System.Globalization.Calendars.b34zv6t8w8.wasm' was detected as already compressed with format 'gzip'.
         The asset '/home/makani/honua-server/src/Honua.Admin/obj/Debug/net10.0/compressed/63hdoyrjyc-{0}-t9z23vywoa-t9z23vywoa.gz' with related asset '/home/makani/honua-server/src/Honua.Admin/bin/Debug/net10.0/wwwroot/_framework/System.Globalization.Extensions.t9z23vywoa.wasm' was detected as already compressed with format 'gzip'.
         The asset '/home/makani/honua-server/src/Honua.Admin/obj/Debug/net10.0/compressed/p0zs5a31dl-{0}-kzypximfjj-kzypximfjj.gz' with related asset '/home/makani/honua-server/src/Honua.Admin/bin/Debug/net10.0/wwwroot/_framework/System.Globalization.kzypximfjj.wasm' was detected as already compressed with format 'gzip'.
         The asset '/home/makani/honua-server/src/Honua.Admin/obj/Debug/net10.0/compressed/uo1tq602ee-{0}-16ihu4aum0-16ihu4aum0.gz' with related asset '/home/makani/honua-server/src/Honua.Admin/bin/Debug/net10.0/wwwroot/_framework/System.IO.Compression.Brotli.16ihu4aum0.wasm' was detected as already compressed with format 'gzip'.
         The asset '/home/makani/honua-server/src/Honua.Admin/obj/Debug/net10.0/compressed/07k547stg4-{0}-98t41ls3w6-98t41ls3w6.gz' with related asset '/home/makani/honua-server/src/Honua.Admin/bin/Debug/net10.0/wwwroot/_framework/System.IO.Compression.FileSystem.98t41ls3w6.wasm' was detected as already compressed with format 'gzip'.
         The asset '/home/makani/honua-server/src/Honua.Admin/obj/Debug/net10.0/compressed/pd6er2g2fs-{0}-0imvrnvy4f-0imvrnvy4f.gz' with related asset '/home/makani/honua-server/src/Honua.Admin/bin/Debug/net10.0/wwwroot/_framework/System.IO.Compression.ZipFile.0imvrnvy4f.wasm' was detected as already compressed with format 'gzip'.
         The asset '/home/makani/honua-server/src/Honua.Admin/obj/Debug/net10.0/compressed/py260713vl-{0}-ne60qfmijm-ne60qfmijm.gz' with related asset '/home/makani/honua-server/src/Honua.Admin/bin/Debug/net10.0/wwwroot/_framework/System.IO.Compression.ne60qfmijm.wasm' was detected as already compressed with format 'gzip'.
         The asset '/home/makani/honua-server/src/Honua.Admin/obj/Debug/net10.0/compressed/0qi5fnan1t-{0}-8nsm8mjj5e-8nsm8mjj5e.gz' with related asset '/home/makani/honua-server/src/Honua.Admin/bin/Debug/net10.0/wwwroot/_framework/System.IO.FileSystem.AccessControl.8nsm8mjj5e.wasm' was detected as already compressed with format 'gzip'.
         The asset '/home/makani/honua-server/src/Honua.Admin/obj/Debug/net10.0/compressed/je3tfxnmse-{0}-zemo9xngn2-zemo9xngn2.gz' with related asset '/home/makani/honua-server/src/Honua.Admin/bin/Debug/net10.0/wwwroot/_framework/System.IO.FileSystem.DriveInfo.zemo9xngn2.wasm' was detected as already compressed with format 'gzip'.
         The asset '/home/makani/honua-server/src/Honua.Admin/obj/Debug/net10.0/compressed/t2fjmzu7e8-{0}-kybpzn2oos-kybpzn2oos.gz' with related asset '/home/makani/honua-server/src/Honua.Admin/bin/Debug/net10.0/wwwroot/_framework/System.IO.FileSystem.Primitives.kybpzn2oos.wasm' was detected as already compressed with format 'gzip'.
         The asset '/home/makani/honua-server/src/Honua.Admin/obj/Debug/net10.0/compressed/oji7ts3al0-{0}-ontoty1fxn-ontoty1fxn.gz' with related asset '/home/makani/honua-server/src/Honua.Admin/bin/Debug/net10.0/wwwroot/_framework/System.IO.FileSystem.Watcher.ontoty1fxn.wasm' was detected as already compressed with format 'gzip'.
         The asset '/home/makani/honua-server/src/Honua.Admin/obj/Debug/net10.0/compressed/bp37f3e3st-{0}-cfijc526tp-cfijc526tp.gz' with related asset '/home/makani/honua-server/src/Honua.Admin/bin/Debug/net10.0/wwwroot/_framework/System.IO.FileSystem.cfijc526tp.wasm' was detected as already compressed with format 'gzip'.
         The asset '/home/makani/honua-server/src/Honua.Admin/obj/Debug/net10.0/compressed/iv268427aa-{0}-us5380okmk-us5380okmk.gz' with related asset '/home/makani/honua-server/src/Honua.Admin/bin/Debug/net10.0/wwwroot/_framework/System.IO.IsolatedStorage.us5380okmk.wasm' was detected as already compressed with format 'gzip'.
         The asset '/home/makani/honua-server/src/Honua.Admin/obj/Debug/net10.0/compressed/21io7wcyat-{0}-v5uya98rfp-v5uya98rfp.gz' with related asset '/home/makani/honua-server/src/Honua.Admin/bin/Debug/net10.0/wwwroot/_framework/System.IO.MemoryMappedFiles.v5uya98rfp.wasm' was detected as already compressed with format 'gzip'.
         The asset '/home/makani/honua-server/src/Honua.Admin/obj/Debug/net10.0/compressed/g1ny1dr1ns-{0}-9dgkwpzi1d-9dgkwpzi1d.gz' with related asset '/home/makani/honua-server/src/Honua.Admin/bin/Debug/net10.0/wwwroot/_framework/System.IO.Pipelines.9dgkwpzi1d.wasm' was detected as already compressed with format 'gzip'.
         The asset '/home/makani/honua-server/src/Honua.Admin/obj/Debug/net10.0/compressed/1c2t8xhnqy-{0}-rihuiw07yu-rihuiw07yu.gz' with related asset '/home/makani/honua-server/src/Honua.Admin/bin/Debug/net10.0/wwwroot/_framework/System.IO.Pipes.AccessControl.rihuiw07yu.wasm' was detected as already compressed with format 'gzip'.
         The asset '/home/makani/honua-server/src/Honua.Admin/obj/Debug/net10.0/compressed/w09w0wb0nb-{0}-f4dn7kellq-f4dn7kellq.gz' with related asset '/home/makani/honua-server/src/Honua.Admin/bin/Debug/net10.0/wwwroot/_framework/System.IO.Pipes.f4dn7kellq.wasm' was detected as already compressed with format 'gzip'.
         The asset '/home/makani/honua-server/src/Honua.Admin/obj/Debug/net10.0/compressed/gf6snu4tu6-{0}-e6eipiyt6q-e6eipiyt6q.gz' with related asset '/home/makani/honua-server/src/Honua.Admin/bin/Debug/net10.0/wwwroot/_framework/System.IO.UnmanagedMemoryStream.e6eipiyt6q.wasm' was detected as already compressed with format 'gzip'.
         The asset '/home/makani/honua-server/src/Honua.Admin/obj/Debug/net10.0/compressed/n2xp6a23nz-{0}-ziabf8ylan-ziabf8ylan.gz' with related asset '/home/makani/honua-server/src/Honua.Admin/bin/Debug/net10.0/wwwroot/_framework/System.IO.ziabf8ylan.wasm' was detected as already compressed with format 'gzip'.
         The asset '/home/makani/honua-server/src/Honua.Admin/obj/Debug/net10.0/compressed/vk3s196q5o-{0}-fm8vwphpb6-fm8vwphpb6.gz' with related asset '/home/makani/honua-server/src/Honua.Admin/bin/Debug/net10.0/wwwroot/_framework/System.Linq.AsyncEnumerable.fm8vwphpb6.wasm' was detected as already compressed with format 'gzip'.
         The asset '/home/makani/honua-server/src/Honua.Admin/obj/Debug/net10.0/compressed/ecw09skmmg-{0}-uudylx04pc-uudylx04pc.gz' with related asset '/home/makani/honua-server/src/Honua.Admin/bin/Debug/net10.0/wwwroot/_framework/System.Linq.Expressions.uudylx04pc.wasm' was detected as already compressed with format 'gzip'.
         The asset '/home/makani/honua-server/src/Honua.Admin/obj/Debug/net10.0/compressed/4mxjzalapy-{0}-lbbvcapr26-lbbvcapr26.gz' with related asset '/home/makani/honua-server/src/Honua.Admin/bin/Debug/net10.0/wwwroot/_framework/System.Linq.Parallel.lbbvcapr26.wasm' was detected as already compressed with format 'gzip'.
         The asset '/home/makani/honua-server/src/Honua.Admin/obj/Debug/net10.0/compressed/v9925uh68k-{0}-hq9iyymx2n-hq9iyymx2n.gz' with related asset '/home/makani/honua-server/src/Honua.Admin/bin/Debug/net10.0/wwwroot/_framework/System.Linq.Queryable.hq9iyymx2n.wasm' was detected as already compressed with format 'gzip'.
         The asset '/home/makani/honua-server/src/Honua.Admin/obj/Debug/net10.0/compressed/y7py8epn2i-{0}-ome0590huq-ome0590huq.gz' with related asset '/home/makani/honua-server/src/Honua.Admin/bin/Debug/net10.0/wwwroot/_framework/System.Linq.ome0590huq.wasm' was detected as already compressed with format 'gzip'.
         The asset '/home/makani/honua-server/src/Honua.Admin/obj/Debug/net10.0/compressed/11ca25rhdm-{0}-oikctzq2yk-oikctzq2yk.gz' with related asset '/home/makani/honua-server/src/Honua.Admin/bin/Debug/net10.0/wwwroot/_framework/System.Memory.oikctzq2yk.wasm' was detected as already compressed with format 'gzip'.
         The asset '/home/makani/honua-server/src/Honua.Admin/obj/Debug/net10.0/compressed/eqf8flrsqw-{0}-19ykf2ghfc-19ykf2ghfc.gz' with related asset '/home/makani/honua-server/src/Honua.Admin/bin/Debug/net10.0/wwwroot/_framework/System.Net.Http.Json.19ykf2ghfc.wasm' was detected as already compressed with format 'gzip'.
         The asset '/home/makani/honua-server/src/Honua.Admin/obj/Debug/net10.0/compressed/6oxg2o5nub-{0}-5kege8iwcx-5kege8iwcx.gz' with related asset '/home/makani/honua-server/src/Honua.Admin/bin/Debug/net10.0/wwwroot/_framework/System.Net.Http.5kege8iwcx.wasm' was detected as already compressed with format 'gzip'.
         The asset '/home/makani/honua-server/src/Honua.Admin/obj/Debug/net10.0/compressed/6126il3dl6-{0}-govomr6pnd-govomr6pnd.gz' with related asset '/home/makani/honua-server/src/Honua.Admin/bin/Debug/net10.0/wwwroot/_framework/System.Net.HttpListener.govomr6pnd.wasm' was detected as already compressed with format 'gzip'.
         The asset '/home/makani/honua-server/src/Honua.Admin/obj/Debug/net10.0/compressed/02co718fh7-{0}-kpjpkrf00f-kpjpkrf00f.gz' with related asset '/home/makani/honua-server/src/Honua.Admin/bin/Debug/net10.0/wwwroot/_framework/System.Net.Mail.kpjpkrf00f.wasm' was detected as already compressed with format 'gzip'.
         The asset '/home/makani/honua-server/src/Honua.Admin/obj/Debug/net10.0/compressed/86u1pngs6l-{0}-dxybkhgvzf-dxybkhgvzf.gz' with related asset '/home/makani/honua-server/src/Honua.Admin/bin/Debug/net10.0/wwwroot/_framework/System.Net.NameResolution.dxybkhgvzf.wasm' was detected as already compressed with format 'gzip'.
         The asset '/home/makani/honua-server/src/Honua.Admin/obj/Debug/net10.0/compressed/593d0fkarm-{0}-vqv9utc4ui-vqv9utc4ui.gz' with related asset '/home/makani/honua-server/src/Honua.Admin/bin/Debug/net10.0/wwwroot/_framework/System.Net.NetworkInformation.vqv9utc4ui.wasm' was detected as already compressed with format 'gzip'.
         The asset '/home/makani/honua-server/src/Honua.Admin/obj/Debug/net10.0/compressed/gamlm5b7si-{0}-783n01f2ja-783n01f2ja.gz' with related asset '/home/makani/honua-server/src/Honua.Admin/bin/Debug/net10.0/wwwroot/_framework/System.Net.Ping.783n01f2ja.wasm' was detected as already compressed with format 'gzip'.
         The asset '/home/makani/honua-server/src/Honua.Admin/obj/Debug/net10.0/compressed/7n5dsbabgm-{0}-pstx0jw374-pstx0jw374.gz' with related asset '/home/makani/honua-server/src/Honua.Admin/bin/Debug/net10.0/wwwroot/_framework/System.Net.Primitives.pstx0jw374.wasm' was detected as already compressed with format 'gzip'.
         The asset '/home/makani/honua-server/src/Honua.Admin/obj/Debug/net10.0/compressed/src3ewwhx1-{0}-dj8trc6yee-dj8trc6yee.gz' with related asset '/home/makani/honua-server/src/Honua.Admin/bin/Debug/net10.0/wwwroot/_framework/System.Net.Quic.dj8trc6yee.wasm' was detected as already compressed with format 'gzip'.
         The asset '/home/makani/honua-server/src/Honua.Admin/obj/Debug/net10.0/compressed/ubnw1ww905-{0}-l70yyhjzub-l70yyhjzub.gz' with related asset '/home/makani/honua-server/src/Honua.Admin/bin/Debug/net10.0/wwwroot/_framework/System.Net.Requests.l70yyhjzub.wasm' was detected as already compressed with format 'gzip'.
         The asset '/home/makani/honua-server/src/Honua.Admin/obj/Debug/net10.0/compressed/7vwevyjcf9-{0}-r7o76f3x7n-r7o76f3x7n.gz' with related asset '/home/makani/honua-server/src/Honua.Admin/bin/Debug/net10.0/wwwroot/_framework/System.Net.Security.r7o76f3x7n.wasm' was detected as already compressed with format 'gzip'.
         The asset '/home/makani/honua-server/src/Honua.Admin/obj/Debug/net10.0/compressed/rk57p038x6-{0}-tgl8yc4d2m-tgl8yc4d2m.gz' with related asset '/home/makani/honua-server/src/Honua.Admin/bin/Debug/net10.0/wwwroot/_framework/System.Net.ServerSentEvents.tgl8yc4d2m.wasm' was detected as already compressed with format 'gzip'.
         The asset '/home/makani/honua-server/src/Honua.Admin/obj/Debug/net10.0/compressed/rqu0g7n6yy-{0}-052trdlw01-052trdlw01.gz' with related asset '/home/makani/honua-server/src/Honua.Admin/bin/Debug/net10.0/wwwroot/_framework/System.Net.ServicePoint.052trdlw01.wasm' was detected as already compressed with format 'gzip'.
         The asset '/home/makani/honua-server/src/Honua.Admin/obj/Debug/net10.0/compressed/x91wgvz8k1-{0}-u3mk3ahtq5-u3mk3ahtq5.gz' with related asset '/home/makani/honua-server/src/Honua.Admin/bin/Debug/net10.0/wwwroot/_framework/System.Net.Sockets.u3mk3ahtq5.wasm' was detected as already compressed with format 'gzip'.
         The asset '/home/makani/honua-server/src/Honua.Admin/obj/Debug/net10.0/compressed/0urqhyhq8o-{0}-qqvr2j3pvg-qqvr2j3pvg.gz' with related asset '/home/makani/honua-server/src/Honua.Admin/bin/Debug/net10.0/wwwroot/_framework/System.Net.WebClient.qqvr2j3pvg.wasm' was detected as already compressed with format 'gzip'.
         The asset '/home/makani/honua-server/src/Honua.Admin/obj/Debug/net10.0/compressed/rdw1y84ay8-{0}-5uas6gg592-5uas6gg592.gz' with related asset '/home/makani/honua-server/src/Honua.Admin/bin/Debug/net10.0/wwwroot/_framework/System.Net.WebHeaderCollection.5uas6gg592.wasm' was detected as already compressed with format 'gzip'.
         The asset '/home/makani/honua-server/src/Honua.Admin/obj/Debug/net10.0/compressed/n1nwu86sir-{0}-navlngkykk-navlngkykk.gz' with related asset '/home/makani/honua-server/src/Honua.Admin/bin/Debug/net10.0/wwwroot/_framework/System.Net.WebProxy.navlngkykk.wasm' was detected as already compressed with format 'gzip'.
         The asset '/home/makani/honua-server/src/Honua.Admin/obj/Debug/net10.0/compressed/h2am7vkjii-{0}-7xkgcbvoi2-7xkgcbvoi2.gz' with related asset '/home/makani/honua-server/src/Honua.Admin/bin/Debug/net10.0/wwwroot/_framework/System.Net.WebSockets.Client.7xkgcbvoi2.wasm' was detected as already compressed with format 'gzip'.
         The asset '/home/makani/honua-server/src/Honua.Admin/obj/Debug/net10.0/compressed/z26u95fvaz-{0}-hmm17lo1vo-hmm17lo1vo.gz' with related asset '/home/makani/honua-server/src/Honua.Admin/bin/Debug/net10.0/wwwroot/_framework/System.Net.WebSockets.hmm17lo1vo.wasm' was detected as already compressed with format 'gzip'.
         The asset '/home/makani/honua-server/src/Honua.Admin/obj/Debug/net10.0/compressed/9m0sx9nx8o-{0}-gmaqhpvzve-gmaqhpvzve.gz' with related asset '/home/makani/honua-server/src/Honua.Admin/bin/Debug/net10.0/wwwroot/_framework/System.Net.gmaqhpvzve.wasm' was detected as already compressed with format 'gzip'.
         The asset '/home/makani/honua-server/src/Honua.Admin/obj/Debug/net10.0/compressed/lya007rfos-{0}-ih9man0xaa-ih9man0xaa.gz' with related asset '/home/makani/honua-server/src/Honua.Admin/bin/Debug/net10.0/wwwroot/_framework/System.Numerics.Vectors.ih9man0xaa.wasm' was detected as already compressed with format 'gzip'.
         The asset '/home/makani/honua-server/src/Honua.Admin/obj/Debug/net10.0/compressed/eud8zls7fr-{0}-w9v15jg7wg-w9v15jg7wg.gz' with related asset '/home/makani/honua-server/src/Honua.Admin/bin/Debug/net10.0/wwwroot/_framework/System.Numerics.w9v15jg7wg.wasm' was detected as already compressed with format 'gzip'.
         The asset '/home/makani/honua-server/src/Honua.Admin/obj/Debug/net10.0/compressed/vybcchzaj5-{0}-pwzbf3ywqb-pwzbf3ywqb.gz' with related asset '/home/makani/honua-server/src/Honua.Admin/bin/Debug/net10.0/wwwroot/_framework/System.ObjectModel.pwzbf3ywqb.wasm' was detected as already compressed with format 'gzip'.
         The asset '/home/makani/honua-server/src/Honua.Admin/obj/Debug/net10.0/compressed/0ia3wjl57o-{0}-ya7w2p8he6-ya7w2p8he6.gz' with related asset '/home/makani/honua-server/src/Honua.Admin/bin/Debug/net10.0/wwwroot/_framework/System.Private.DataContractSerialization.ya7w2p8he6.wasm' was detected as already compressed with format 'gzip'.
         The asset '/home/makani/honua-server/src/Honua.Admin/obj/Debug/net10.0/compressed/p26dk1j669-{0}-ebclw1ctlb-ebclw1ctlb.gz' with related asset '/home/makani/honua-server/src/Honua.Admin/bin/Debug/net10.0/wwwroot/_framework/System.Private.Uri.ebclw1ctlb.wasm' was detected as already compressed with format 'gzip'.
         The asset '/home/makani/honua-server/src/Honua.Admin/obj/Debug/net10.0/compressed/v4ryazcmg4-{0}-esrdiz7prm-esrdiz7prm.gz' with related asset '/home/makani/honua-server/src/Honua.Admin/bin/Debug/net10.0/wwwroot/_framework/System.Private.Xml.Linq.esrdiz7prm.wasm' was detected as already compressed with format 'gzip'.
         The asset '/home/makani/honua-server/src/Honua.Admin/obj/Debug/net10.0/compressed/s82ud1y52o-{0}-zese355etl-zese355etl.gz' with related asset '/home/makani/honua-server/src/Honua.Admin/bin/Debug/net10.0/wwwroot/_framework/System.Private.Xml.zese355etl.wasm' was detected as already compressed with format 'gzip'.
         The asset '/home/makani/honua-server/src/Honua.Admin/obj/Debug/net10.0/compressed/fxtss1vq17-{0}-db8njzbm5e-db8njzbm5e.gz' with related asset '/home/makani/honua-server/src/Honua.Admin/bin/Debug/net10.0/wwwroot/_framework/System.Reflection.DispatchProxy.db8njzbm5e.wasm' was detected as already compressed with format 'gzip'.
         The asset '/home/makani/honua-server/src/Honua.Admin/obj/Debug/net10.0/compressed/7e5bddrfmc-{0}-5li0z45f7b-5li0z45f7b.gz' with related asset '/home/makani/honua-server/src/Honua.Admin/bin/Debug/net10.0/wwwroot/_framework/System.Reflection.Emit.ILGeneration.5li0z45f7b.wasm' was detected as already compressed with format 'gzip'.
         The asset '/home/makani/honua-server/src/Honua.Admin/obj/Debug/net10.0/compressed/vnw80b2csy-{0}-qjvufgr3wc-qjvufgr3wc.gz' with related asset '/home/makani/honua-server/src/Honua.Admin/bin/Debug/net10.0/wwwroot/_framework/System.Reflection.Emit.Lightweight.qjvufgr3wc.wasm' was detected as already compressed with format 'gzip'.
         The asset '/home/makani/honua-server/src/Honua.Admin/obj/Debug/net10.0/compressed/56td9emw55-{0}-wyf2c3g3ob-wyf2c3g3ob.gz' with related asset '/home/makani/honua-server/src/Honua.Admin/bin/Debug/net10.0/wwwroot/_framework/System.Reflection.Emit.wyf2c3g3ob.wasm' was detected as already compressed with format 'gzip'.
         The asset '/home/makani/honua-server/src/Honua.Admin/obj/Debug/net10.0/compressed/rc0usjn2uj-{0}-5423st4px4-5423st4px4.gz' with related asset '/home/makani/honua-server/src/Honua.Admin/bin/Debug/net10.0/wwwroot/_framework/System.Reflection.Extensions.5423st4px4.wasm' was detected as already compressed with format 'gzip'.
         The asset '/home/makani/honua-server/src/Honua.Admin/obj/Debug/net10.0/compressed/groexnyu0u-{0}-9jlh4rmm5n-9jlh4rmm5n.gz' with related asset '/home/makani/honua-server/src/Honua.Admin/bin/Debug/net10.0/wwwroot/_framework/System.Reflection.Metadata.9jlh4rmm5n.wasm' was detected as already compressed with format 'gzip'.
         The asset '/home/makani/honua-server/src/Honua.Admin/obj/Debug/net10.0/compressed/rfh8xw2bgq-{0}-yippb5hjvi-yippb5hjvi.gz' with related asset '/home/makani/honua-server/src/Honua.Admin/bin/Debug/net10.0/wwwroot/_framework/System.Reflection.Primitives.yippb5hjvi.wasm' was detected as already compressed with format 'gzip'.
         The asset '/home/makani/honua-server/src/Honua.Admin/obj/Debug/net10.0/compressed/2fisahvmle-{0}-j1u7dn4u7m-j1u7dn4u7m.gz' with related asset '/home/makani/honua-server/src/Honua.Admin/bin/Debug/net10.0/wwwroot/_framework/System.Reflection.TypeExtensions.j1u7dn4u7m.wasm' was detected as already compressed with format 'gzip'.
         The asset '/home/makani/honua-server/src/Honua.Admin/obj/Debug/net10.0/compressed/aza8go154e-{0}-e4ad5khic1-e4ad5khic1.gz' with related asset '/home/makani/honua-server/src/Honua.Admin/bin/Debug/net10.0/wwwroot/_framework/System.Reflection.e4ad5khic1.wasm' was detected as already compressed with format 'gzip'.
         The asset '/home/makani/honua-server/src/Honua.Admin/obj/Debug/net10.0/compressed/w0r30xvrde-{0}-xlkk3ynoru-xlkk3ynoru.gz' with related asset '/home/makani/honua-server/src/Honua.Admin/bin/Debug/net10.0/wwwroot/_framework/System.Resources.Reader.xlkk3ynoru.wasm' was detected as already compressed with format 'gzip'.
         The asset '/home/makani/honua-server/src/Honua.Admin/obj/Debug/net10.0/compressed/3sm2ls4r0x-{0}-eugtqi7331-eugtqi7331.gz' with related asset '/home/makani/honua-server/src/Honua.Admin/bin/Debug/net10.0/wwwroot/_framework/System.Resources.ResourceManager.eugtqi7331.wasm' was detected as already compressed with format 'gzip'.
         The asset '/home/makani/honua-server/src/Honua.Admin/obj/Debug/net10.0/compressed/noipyy5ogd-{0}-depxp3za4f-depxp3za4f.gz' with related asset '/home/makani/honua-server/src/Honua.Admin/bin/Debug/net10.0/wwwroot/_framework/System.Resources.Writer.depxp3za4f.wasm' was detected as already compressed with format 'gzip'.
         The asset '/home/makani/honua-server/src/Honua.Admin/obj/Debug/net10.0/compressed/p8y1d4agzx-{0}-qm5biyh995-qm5biyh995.gz' with related asset '/home/makani/honua-server/src/Honua.Admin/bin/Debug/net10.0/wwwroot/_framework/System.Runtime.CompilerServices.Unsafe.qm5biyh995.wasm' was detected as already compressed with format 'gzip'.
         The asset '/home/makani/honua-server/src/Honua.Admin/obj/Debug/net10.0/compressed/5twqyrugpg-{0}-vjh10io2ol-vjh10io2ol.gz' with related asset '/home/makani/honua-server/src/Honua.Admin/bin/Debug/net10.0/wwwroot/_framework/System.Runtime.CompilerServices.VisualC.vjh10io2ol.wasm' was detected as already compressed with format 'gzip'.
         The asset '/home/makani/honua-server/src/Honua.Admin/obj/Debug/net10.0/compressed/46b3n4fwpf-{0}-gm74y2bo0g-gm74y2bo0g.gz' with related asset '/home/makani/honua-server/src/Honua.Admin/bin/Debug/net10.0/wwwroot/_framework/System.Runtime.Extensions.gm74y2bo0g.wasm' was detected as already compressed with format 'gzip'.
         The asset '/home/makani/honua-server/src/Honua.Admin/obj/Debug/net10.0/compressed/zbj3wb3p43-{0}-ujbtg86el3-ujbtg86el3.gz' with related asset '/home/makani/honua-server/src/Honua.Admin/bin/Debug/net10.0/wwwroot/_framework/System.Runtime.Handles.ujbtg86el3.wasm' was detected as already compressed with format 'gzip'.
         The asset '/home/makani/honua-server/src/Honua.Admin/obj/Debug/net10.0/compressed/oh3t8c42ao-{0}-e22nl7riy4-e22nl7riy4.gz' with related asset '/home/makani/honua-server/src/Honua.Admin/bin/Debug/net10.0/wwwroot/_framework/System.Runtime.InteropServices.JavaScript.e22nl7riy4.wasm' was detected as already compressed with format 'gzip'.
         The asset '/home/makani/honua-server/src/Honua.Admin/obj/Debug/net10.0/compressed/p07fnf53zh-{0}-ha950r0i18-ha950r0i18.gz' with related asset '/home/makani/honua-server/src/Honua.Admin/bin/Debug/net10.0/wwwroot/_framework/System.Runtime.InteropServices.RuntimeInformation.ha950r0i18.wasm' was detected as already compressed with format 'gzip'.
         The asset '/home/makani/honua-server/src/Honua.Admin/obj/Debug/net10.0/compressed/gm3l4li02j-{0}-g1w1fits1p-g1w1fits1p.gz' with related asset '/home/makani/honua-server/src/Honua.Admin/bin/Debug/net10.0/wwwroot/_framework/System.Runtime.InteropServices.g1w1fits1p.wasm' was detected as already compressed with format 'gzip'.
         The asset '/home/makani/honua-server/src/Honua.Admin/obj/Debug/net10.0/compressed/ydpb7u5zzu-{0}-7n7jt1ms3p-7n7jt1ms3p.gz' with related asset '/home/makani/honua-server/src/Honua.Admin/bin/Debug/net10.0/wwwroot/_framework/System.Runtime.Intrinsics.7n7jt1ms3p.wasm' was detected as already compressed with format 'gzip'.
         The asset '/home/makani/honua-server/src/Honua.Admin/obj/Debug/net10.0/compressed/hpoev31m2g-{0}-13t1lxa6p2-13t1lxa6p2.gz' with related asset '/home/makani/honua-server/src/Honua.Admin/bin/Debug/net10.0/wwwroot/_framework/System.Runtime.Loader.13t1lxa6p2.wasm' was detected as already compressed with format 'gzip'.
         The asset '/home/makani/honua-server/src/Honua.Admin/obj/Debug/net10.0/compressed/wt077rv3vk-{0}-bcciqwoqxp-bcciqwoqxp.gz' with related asset '/home/makani/honua-server/src/Honua.Admin/bin/Debug/net10.0/wwwroot/_framework/System.Runtime.Numerics.bcciqwoqxp.wasm' was detected as already compressed with format 'gzip'.
         The asset '/home/makani/honua-server/src/Honua.Admin/obj/Debug/net10.0/compressed/9enbh8a8du-{0}-wecoe44nmz-wecoe44nmz.gz' with related asset '/home/makani/honua-server/src/Honua.Admin/bin/Debug/net10.0/wwwroot/_framework/System.Runtime.Serialization.Formatters.wecoe44nmz.wasm' was detected as already compressed with format 'gzip'.
         The asset '/home/makani/honua-server/src/Honua.Admin/obj/Debug/net10.0/compressed/1862qpbs1e-{0}-8dz8w33dsz-8dz8w33dsz.gz' with related asset '/home/makani/honua-server/src/Honua.Admin/bin/Debug/net10.0/wwwroot/_framework/System.Runtime.Serialization.Json.8dz8w33dsz.wasm' was detected as already compressed with format 'gzip'.
         The asset '/home/makani/honua-server/src/Honua.Admin/obj/Debug/net10.0/compressed/7a7553mf2e-{0}-m05m0pm5oq-m05m0pm5oq.gz' with related asset '/home/makani/honua-server/src/Honua.Admin/bin/Debug/net10.0/wwwroot/_framework/System.Runtime.Serialization.Primitives.m05m0pm5oq.wasm' was detected as already compressed with format 'gzip'.
         The asset '/home/makani/honua-server/src/Honua.Admin/obj/Debug/net10.0/compressed/d8lr5yil1b-{0}-79xb2e70lp-79xb2e70lp.gz' with related asset '/home/makani/honua-server/src/Honua.Admin/bin/Debug/net10.0/wwwroot/_framework/System.Runtime.Serialization.Xml.79xb2e70lp.wasm' was detected as already compressed with format 'gzip'.
         The asset '/home/makani/honua-server/src/Honua.Admin/obj/Debug/net10.0/compressed/r9ctbrouv9-{0}-uyi2fb0103-uyi2fb0103.gz' with related asset '/home/makani/honua-server/src/Honua.Admin/bin/Debug/net10.0/wwwroot/_framework/System.Runtime.Serialization.uyi2fb0103.wasm' was detected as already compressed with format 'gzip'.
         The asset '/home/makani/honua-server/src/Honua.Admin/obj/Debug/net10.0/compressed/3st8gsxuwz-{0}-69m00wu7n6-69m00wu7n6.gz' with related asset '/home/makani/honua-server/src/Honua.Admin/bin/Debug/net10.0/wwwroot/_framework/System.Runtime.69m00wu7n6.wasm' was detected as already compressed with format 'gzip'.
         The asset '/home/makani/honua-server/src/Honua.Admin/obj/Debug/net10.0/compressed/w59hy6k69x-{0}-rv6iq87t46-rv6iq87t46.gz' with related asset '/home/makani/honua-server/src/Honua.Admin/bin/Debug/net10.0/wwwroot/_framework/System.Security.AccessControl.rv6iq87t46.wasm' was detected as already compressed with format 'gzip'.
         The asset '/home/makani/honua-server/src/Honua.Admin/obj/Debug/net10.0/compressed/81ck1ko8xi-{0}-2pchagji9k-2pchagji9k.gz' with related asset '/home/makani/honua-server/src/Honua.Admin/bin/Debug/net10.0/wwwroot/_framework/System.Security.Claims.2pchagji9k.wasm' was detected as already compressed with format 'gzip'.
         The asset '/home/makani/honua-server/src/Honua.Admin/obj/Debug/net10.0/compressed/ngad18nzhr-{0}-tba5tu29wv-tba5tu29wv.gz' with related asset '/home/makani/honua-server/src/Honua.Admin/bin/Debug/net10.0/wwwroot/_framework/System.Security.Cryptography.Algorithms.tba5tu29wv.wasm' was detected as already compressed with format 'gzip'.
         The asset '/home/makani/honua-server/src/Honua.Admin/obj/Debug/net10.0/compressed/tcmbai76nn-{0}-q19w88bn7l-q19w88bn7l.gz' with related asset '/home/makani/honua-server/src/Honua.Admin/bin/Debug/net10.0/wwwroot/_framework/System.Security.Cryptography.Cng.q19w88bn7l.wasm' was detected as already compressed with format 'gzip'.
         The asset '/home/makani/honua-server/src/Honua.Admin/obj/Debug/net10.0/compressed/qpkika68s1-{0}-lmdq3p0hzc-lmdq3p0hzc.gz' with related asset '/home/makani/honua-server/src/Honua.Admin/bin/Debug/net10.0/wwwroot/_framework/System.Security.Cryptography.Csp.lmdq3p0hzc.wasm' was detected as already compressed with format 'gzip'.
         The asset '/home/makani/honua-server/src/Honua.Admin/obj/Debug/net10.0/compressed/deeu5u9ewf-{0}-irtnamfpwo-irtnamfpwo.gz' with related asset '/home/makani/honua-server/src/Honua.Admin/bin/Debug/net10.0/wwwroot/_framework/System.Security.Cryptography.Encoding.irtnamfpwo.wasm' was detected as already compressed with format 'gzip'.
         The asset '/home/makani/honua-server/src/Honua.Admin/obj/Debug/net10.0/compressed/lyv4fpch1t-{0}-ctfxrq7l33-ctfxrq7l33.gz' with related asset '/home/makani/honua-server/src/Honua.Admin/bin/Debug/net10.0/wwwroot/_framework/System.Security.Cryptography.OpenSsl.ctfxrq7l33.wasm' was detected as already compressed with format 'gzip'.
         The asset '/home/makani/honua-server/src/Honua.Admin/obj/Debug/net10.0/compressed/uqjx6qz6ll-{0}-wfl2haanmw-wfl2haanmw.gz' with related asset '/home/makani/honua-server/src/Honua.Admin/bin/Debug/net10.0/wwwroot/_framework/System.Security.Cryptography.Primitives.wfl2haanmw.wasm' was detected as already compressed with format 'gzip'.
         The asset '/home/makani/honua-server/src/Honua.Admin/obj/Debug/net10.0/compressed/wrcnq8ql4d-{0}-jk1euj9vu9-jk1euj9vu9.gz' with related asset '/home/makani/honua-server/src/Honua.Admin/bin/Debug/net10.0/wwwroot/_framework/System.Security.Cryptography.X509Certificates.jk1euj9vu9.wasm' was detected as already compressed with format 'gzip'.
         The asset '/home/makani/honua-server/src/Honua.Admin/obj/Debug/net10.0/compressed/fmz0b6nidd-{0}-s9jclef89k-s9jclef89k.gz' with related asset '/home/makani/honua-server/src/Honua.Admin/bin/Debug/net10.0/wwwroot/_framework/System.Security.Cryptography.s9jclef89k.wasm' was detected as already compressed with format 'gzip'.
         The asset '/home/makani/honua-server/src/Honua.Admin/obj/Debug/net10.0/compressed/1s0idyqgk6-{0}-s3g4fx319q-s3g4fx319q.gz' with related asset '/home/makani/honua-server/src/Honua.Admin/bin/Debug/net10.0/wwwroot/_framework/System.Security.Principal.Windows.s3g4fx319q.wasm' was detected as already compressed with format 'gzip'.
         The asset '/home/makani/honua-server/src/Honua.Admin/obj/Debug/net10.0/compressed/bn3rqg4vvh-{0}-5ic1w2xffg-5ic1w2xffg.gz' with related asset '/home/makani/honua-server/src/Honua.Admin/bin/Debug/net10.0/wwwroot/_framework/System.Security.Principal.5ic1w2xffg.wasm' was detected as already compressed with format 'gzip'.
         The asset '/home/makani/honua-server/src/Honua.Admin/obj/Debug/net10.0/compressed/uf6ndq1ndw-{0}-akn0vk63vp-akn0vk63vp.gz' with related asset '/home/makani/honua-server/src/Honua.Admin/bin/Debug/net10.0/wwwroot/_framework/System.Security.SecureString.akn0vk63vp.wasm' was detected as already compressed with format 'gzip'.
         The asset '/home/makani/honua-server/src/Honua.Admin/obj/Debug/net10.0/compressed/l8wnkxp897-{0}-hy6omngq8z-hy6omngq8z.gz' with related asset '/home/makani/honua-server/src/Honua.Admin/bin/Debug/net10.0/wwwroot/_framework/System.Security.hy6omngq8z.wasm' was detected as already compressed with format 'gzip'.
         The asset '/home/makani/honua-server/src/Honua.Admin/obj/Debug/net10.0/compressed/pupp5qp11k-{0}-c7chznvmm3-c7chznvmm3.gz' with related asset '/home/makani/honua-server/src/Honua.Admin/bin/Debug/net10.0/wwwroot/_framework/System.ServiceModel.Web.c7chznvmm3.wasm' was detected as already compressed with format 'gzip'.
         The asset '/home/makani/honua-server/src/Honua.Admin/obj/Debug/net10.0/compressed/pcnne6rnf0-{0}-mfsa3z03lw-mfsa3z03lw.gz' with related asset '/home/makani/honua-server/src/Honua.Admin/bin/Debug/net10.0/wwwroot/_framework/System.ServiceProcess.mfsa3z03lw.wasm' was detected as already compressed with format 'gzip'.
         The asset '/home/makani/honua-server/src/Honua.Admin/obj/Debug/net10.0/compressed/g6xfvmrk2b-{0}-apclussnua-apclussnua.gz' with related asset '/home/makani/honua-server/src/Honua.Admin/bin/Debug/net10.0/wwwroot/_framework/System.Text.Encoding.CodePages.apclussnua.wasm' was detected as already compressed with format 'gzip'.
         The asset '/home/makani/honua-server/src/Honua.Admin/obj/Debug/net10.0/compressed/ew1x7sulou-{0}-kny0la5npq-kny0la5npq.gz' with related asset '/home/makani/honua-server/src/Honua.Admin/bin/Debug/net10.0/wwwroot/_framework/System.Text.Encoding.Extensions.kny0la5npq.wasm' was detected as already compressed with format 'gzip'.
         The asset '/home/makani/honua-server/src/Honua.Admin/obj/Debug/net10.0/compressed/souptefk29-{0}-4bprmgilq2-4bprmgilq2.gz' with related asset '/home/makani/honua-server/src/Honua.Admin/bin/Debug/net10.0/wwwroot/_framework/System.Text.Encoding.4bprmgilq2.wasm' was detected as already compressed with format 'gzip'.
         The asset '/home/makani/honua-server/src/Honua.Admin/obj/Debug/net10.0/compressed/8hgd8ysk7o-{0}-z4o1x288hz-z4o1x288hz.gz' with related asset '/home/makani/honua-server/src/Honua.Admin/bin/Debug/net10.0/wwwroot/_framework/System.Text.Encodings.Web.z4o1x288hz.wasm' was detected as already compressed with format 'gzip'.
         The asset '/home/makani/honua-server/src/Honua.Admin/obj/Debug/net10.0/compressed/mnh2rmrxul-{0}-ytv8luxawq-ytv8luxawq.gz' with related asset '/home/makani/honua-server/src/Honua.Admin/bin/Debug/net10.0/wwwroot/_framework/System.Text.Json.ytv8luxawq.wasm' was detected as already compressed with format 'gzip'.
         The asset '/home/makani/honua-server/src/Honua.Admin/obj/Debug/net10.0/compressed/6pwxzc4tfl-{0}-i57ntutovo-i57ntutovo.gz' with related asset '/home/makani/honua-server/src/Honua.Admin/bin/Debug/net10.0/wwwroot/_framework/System.Text.RegularExpressions.i57ntutovo.wasm' was detected as already compressed with format 'gzip'.
         The asset '/home/makani/honua-server/src/Honua.Admin/obj/Debug/net10.0/compressed/gc6l0sy8yk-{0}-vkhht9s4s0-vkhht9s4s0.gz' with related asset '/home/makani/honua-server/src/Honua.Admin/bin/Debug/net10.0/wwwroot/_framework/System.Threading.AccessControl.vkhht9s4s0.wasm' was detected as already compressed with format 'gzip'.
         The asset '/home/makani/honua-server/src/Honua.Admin/obj/Debug/net10.0/compressed/hbtrx93d5k-{0}-ici4sc8c5d-ici4sc8c5d.gz' with related asset '/home/makani/honua-server/src/Honua.Admin/bin/Debug/net10.0/wwwroot/_framework/System.Threading.Channels.ici4sc8c5d.wasm' was detected as already compressed with format 'gzip'.
         The asset '/home/makani/honua-server/src/Honua.Admin/obj/Debug/net10.0/compressed/etpc89w39z-{0}-gbkwu8tis9-gbkwu8tis9.gz' with related asset '/home/makani/honua-server/src/Honua.Admin/bin/Debug/net10.0/wwwroot/_framework/System.Threading.Overlapped.gbkwu8tis9.wasm' was detected as already compressed with format 'gzip'.
         The asset '/home/makani/honua-server/src/Honua.Admin/obj/Debug/net10.0/compressed/cwwdj5ssx7-{0}-5hsbzkigfv-5hsbzkigfv.gz' with related asset '/home/makani/honua-server/src/Honua.Admin/bin/Debug/net10.0/wwwroot/_framework/System.Threading.Tasks.Dataflow.5hsbzkigfv.wasm' was detected as already compressed with format 'gzip'.
         The asset '/home/makani/honua-server/src/Honua.Admin/obj/Debug/net10.0/compressed/lm0ub70p87-{0}-nc1yghpvaj-nc1yghpvaj.gz' with related asset '/home/makani/honua-server/src/Honua.Admin/bin/Debug/net10.0/wwwroot/_framework/System.Threading.Tasks.Extensions.nc1yghpvaj.wasm' was detected as already compressed with format 'gzip'.
         The asset '/home/makani/honua-server/src/Honua.Admin/obj/Debug/net10.0/compressed/c60hep0xr3-{0}-4n1o4dxc9j-4n1o4dxc9j.gz' with related asset '/home/makani/honua-server/src/Honua.Admin/bin/Debug/net10.0/wwwroot/_framework/System.Threading.Tasks.Parallel.4n1o4dxc9j.wasm' was detected as already compressed with format 'gzip'.
         The asset '/home/makani/honua-server/src/Honua.Admin/obj/Debug/net10.0/compressed/yxpzm8b79i-{0}-rx5istkt3h-rx5istkt3h.gz' with related asset '/home/makani/honua-server/src/Honua.Admin/bin/Debug/net10.0/wwwroot/_framework/System.Threading.Tasks.rx5istkt3h.wasm' was detected as already compressed with format 'gzip'.
         The asset '/home/makani/honua-server/src/Honua.Admin/obj/Debug/net10.0/compressed/smp2c8r5g6-{0}-43ap29e3sq-43ap29e3sq.gz' with related asset '/home/makani/honua-server/src/Honua.Admin/bin/Debug/net10.0/wwwroot/_framework/System.Threading.Thread.43ap29e3sq.wasm' was detected as already compressed with format 'gzip'.
         The asset '/home/makani/honua-server/src/Honua.Admin/obj/Debug/net10.0/compressed/48cvsm4go7-{0}-7gbfkrjizt-7gbfkrjizt.gz' with related asset '/home/makani/honua-server/src/Honua.Admin/bin/Debug/net10.0/wwwroot/_framework/System.Threading.ThreadPool.7gbfkrjizt.wasm' was detected as already compressed with format 'gzip'.
         The asset '/home/makani/honua-server/src/Honua.Admin/obj/Debug/net10.0/compressed/klthenajox-{0}-kkeuksfj0m-kkeuksfj0m.gz' with related asset '/home/makani/honua-server/src/Honua.Admin/bin/Debug/net10.0/wwwroot/_framework/System.Threading.Timer.kkeuksfj0m.wasm' was detected as already compressed with format 'gzip'.
         The asset '/home/makani/honua-server/src/Honua.Admin/obj/Debug/net10.0/compressed/ion8hv8o8h-{0}-57sxvma12c-57sxvma12c.gz' with related asset '/home/makani/honua-server/src/Honua.Admin/bin/Debug/net10.0/wwwroot/_framework/System.Threading.57sxvma12c.wasm' was detected as already compressed with format 'gzip'.
         The asset '/home/makani/honua-server/src/Honua.Admin/obj/Debug/net10.0/compressed/bjxrog1fyj-{0}-kjba88uqo5-kjba88uqo5.gz' with related asset '/home/makani/honua-server/src/Honua.Admin/bin/Debug/net10.0/wwwroot/_framework/System.Transactions.Local.kjba88uqo5.wasm' was detected as already compressed with format 'gzip'.
         The asset '/home/makani/honua-server/src/Honua.Admin/obj/Debug/net10.0/compressed/ugk6frngq3-{0}-yd5orfj1dk-yd5orfj1dk.gz' with related asset '/home/makani/honua-server/src/Honua.Admin/bin/Debug/net10.0/wwwroot/_framework/System.Transactions.yd5orfj1dk.wasm' was detected as already compressed with format 'gzip'.
         The asset '/home/makani/honua-server/src/Honua.Admin/obj/Debug/net10.0/compressed/8o0jotqanb-{0}-x5xctdxzrq-x5xctdxzrq.gz' with related asset '/home/makani/honua-server/src/Honua.Admin/bin/Debug/net10.0/wwwroot/_framework/System.ValueTuple.x5xctdxzrq.wasm' was detected as already compressed with format 'gzip'.
         The asset '/home/makani/honua-server/src/Honua.Admin/obj/Debug/net10.0/compressed/dv5w3b5lzq-{0}-1a72cmhu6i-1a72cmhu6i.gz' with related asset '/home/makani/honua-server/src/Honua.Admin/bin/Debug/net10.0/wwwroot/_framework/System.Web.HttpUtility.1a72cmhu6i.wasm' was detected as already compressed with format 'gzip'.
         The asset '/home/makani/honua-server/src/Honua.Admin/obj/Debug/net10.0/compressed/wupz04ysbq-{0}-ilju54fcp2-ilju54fcp2.gz' with related asset '/home/makani/honua-server/src/Honua.Admin/bin/Debug/net10.0/wwwroot/_framework/System.Web.ilju54fcp2.wasm' was detected as already compressed with format 'gzip'.
         The asset '/home/makani/honua-server/src/Honua.Admin/obj/Debug/net10.0/compressed/msh72gz566-{0}-gr5k60s0oe-gr5k60s0oe.gz' with related asset '/home/makani/honua-server/src/Honua.Admin/bin/Debug/net10.0/wwwroot/_framework/System.Windows.gr5k60s0oe.wasm' was detected as already compressed with format 'gzip'.
         The asset '/home/makani/honua-server/src/Honua.Admin/obj/Debug/net10.0/compressed/03luphkphz-{0}-plyvi1r5s9-plyvi1r5s9.gz' with related asset '/home/makani/honua-server/src/Honua.Admin/bin/Debug/net10.0/wwwroot/_framework/System.Xml.Linq.plyvi1r5s9.wasm' was detected as already compressed with format 'gzip'.
         The asset '/home/makani/honua-server/src/Honua.Admin/obj/Debug/net10.0/compressed/q5i2ywwv6n-{0}-pt2dqzuhaf-pt2dqzuhaf.gz' with related asset '/home/makani/honua-server/src/Honua.Admin/bin/Debug/net10.0/wwwroot/_framework/System.Xml.ReaderWriter.pt2dqzuhaf.wasm' was detected as already compressed with format 'gzip'.
         The asset '/home/makani/honua-server/src/Honua.Admin/obj/Debug/net10.0/compressed/vhjggso6fu-{0}-ygdmhmuqdp-ygdmhmuqdp.gz' with related asset '/home/makani/honua-server/src/Honua.Admin/bin/Debug/net10.0/wwwroot/_framework/System.Xml.Serialization.ygdmhmuqdp.wasm' was detected as already compressed with format 'gzip'.
         The asset '/home/makani/honua-server/src/Honua.Admin/obj/Debug/net10.0/compressed/u7j3w6tn0b-{0}-olv3u76k95-olv3u76k95.gz' with related asset '/home/makani/honua-server/src/Honua.Admin/bin/Debug/net10.0/wwwroot/_framework/System.Xml.XDocument.olv3u76k95.wasm' was detected as already compressed with format 'gzip'.
         The asset '/home/makani/honua-server/src/Honua.Admin/obj/Debug/net10.0/compressed/5dybcwr71i-{0}-m5wc9z7e1k-m5wc9z7e1k.gz' with related asset '/home/makani/honua-server/src/Honua.Admin/bin/Debug/net10.0/wwwroot/_framework/System.Xml.XPath.XDocument.m5wc9z7e1k.wasm' was detected as already compressed with format 'gzip'.
         The asset '/home/makani/honua-server/src/Honua.Admin/obj/Debug/net10.0/compressed/5bxtsz0zg8-{0}-dd748ds2m7-dd748ds2m7.gz' with related asset '/home/makani/honua-server/src/Honua.Admin/bin/Debug/net10.0/wwwroot/_framework/System.Xml.XPath.dd748ds2m7.wasm' was detected as already compressed with format 'gzip'.
         The asset '/home/makani/honua-server/src/Honua.Admin/obj/Debug/net10.0/compressed/zbx3lpk4ok-{0}-4gwmhmdbax-4gwmhmdbax.gz' with related asset '/home/makani/honua-server/src/Honua.Admin/bin/Debug/net10.0/wwwroot/_framework/System.Xml.XmlDocument.4gwmhmdbax.wasm' was detected as already compressed with format 'gzip'.
         The asset '/home/makani/honua-server/src/Honua.Admin/obj/Debug/net10.0/compressed/gtw8rafkqq-{0}-v02wvgnobf-v02wvgnobf.gz' with related asset '/home/makani/honua-server/src/Honua.Admin/bin/Debug/net10.0/wwwroot/_framework/System.Xml.XmlSerializer.v02wvgnobf.wasm' was detected as already compressed with format 'gzip'.
         The asset '/home/makani/honua-server/src/Honua.Admin/obj/Debug/net10.0/compressed/fbrfjeyzj7-{0}-o33u56xp8u-o33u56xp8u.gz' with related asset '/home/makani/honua-server/src/Honua.Admin/bin/Debug/net10.0/wwwroot/_framework/System.Xml.o33u56xp8u.wasm' was detected as already compressed with format 'gzip'.
         The asset '/home/makani/honua-server/src/Honua.Admin/obj/Debug/net10.0/compressed/8dyd2gotfo-{0}-gxdw562h4s-gxdw562h4s.gz' with related asset '/home/makani/honua-server/src/Honua.Admin/bin/Debug/net10.0/wwwroot/_framework/System.gxdw562h4s.wasm' was detected as already compressed with format 'gzip'.
         The asset '/home/makani/honua-server/src/Honua.Admin/obj/Debug/net10.0/compressed/zqu3sr5vg5-{0}-itp3e5i1h2-itp3e5i1h2.gz' with related asset '/home/makani/honua-server/src/Honua.Admin/bin/Debug/net10.0/wwwroot/_framework/WindowsBase.itp3e5i1h2.wasm' was detected as already compressed with format 'gzip'.
         The asset '/home/makani/honua-server/src/Honua.Admin/obj/Debug/net10.0/compressed/4s3aqlmhvf-{0}-k0eqaq9do2-k0eqaq9do2.gz' with related asset '/home/makani/honua-server/src/Honua.Admin/bin/Debug/net10.0/wwwroot/_framework/mscorlib.k0eqaq9do2.wasm' was detected as already compressed with format 'gzip'.
         The asset '/home/makani/honua-server/src/Honua.Admin/obj/Debug/net10.0/compressed/mr84ikvee9-{0}-5y9laxu2f8-5y9laxu2f8.gz' with related asset '/home/makani/honua-server/src/Honua.Admin/bin/Debug/net10.0/wwwroot/_framework/dotnet.js.map' was detected as already compressed with format 'gzip'.
         The asset '/home/makani/honua-server/src/Honua.Admin/obj/Debug/net10.0/compressed/4rn155q585-{0}-69poregybn-69poregybn.gz' with related asset '/home/makani/honua-server/src/Honua.Admin/bin/Debug/net10.0/wwwroot/_framework/dotnet.native.69poregybn.js' was detected as already compressed with format 'gzip'.
         The asset '/home/makani/honua-server/src/Honua.Admin/obj/Debug/net10.0/compressed/fm1h9a9l8s-{0}-2mv1pqdd2n-2mv1pqdd2n.gz' with related asset '/home/makani/honua-server/src/Honua.Admin/bin/Debug/net10.0/wwwroot/_framework/dotnet.native.2mv1pqdd2n.wasm' was detected as already compressed with format 'gzip'.
         The asset '/home/makani/honua-server/src/Honua.Admin/obj/Debug/net10.0/compressed/9a2m2s8nj4-{0}-q5rqv3xrhm-q5rqv3xrhm.gz' with related asset '/home/makani/honua-server/src/Honua.Admin/bin/Debug/net10.0/wwwroot/_framework/dotnet.runtime.q5rqv3xrhm.js' was detected as already compressed with format 'gzip'.
         The asset '/home/makani/honua-server/src/Honua.Admin/obj/Debug/net10.0/compressed/mh84rca5xm-{0}-5kqprya74h-5kqprya74h.gz' with related asset '/home/makani/honua-server/src/Honua.Admin/bin/Debug/net10.0/wwwroot/_framework/dotnet.runtime.js.map' was detected as already compressed with format 'gzip'.
         The asset '/home/makani/honua-server/src/Honua.Admin/obj/Debug/net10.0/compressed/z93oyzk8ta-{0}-tjcz0u77k5-tjcz0u77k5.gz' with related asset '/home/makani/honua-server/src/Honua.Admin/bin/Debug/net10.0/wwwroot/_framework/icudt_CJK.tjcz0u77k5.dat' was detected as already compressed with format 'gzip'.
         The asset '/home/makani/honua-server/src/Honua.Admin/obj/Debug/net10.0/compressed/2w0en8e9sa-{0}-tptq2av103-tptq2av103.gz' with related asset '/home/makani/honua-server/src/Honua.Admin/bin/Debug/net10.0/wwwroot/_framework/icudt_EFIGS.tptq2av103.dat' was detected as already compressed with format 'gzip'.
         The asset '/home/makani/honua-server/src/Honua.Admin/obj/Debug/net10.0/compressed/wajxz0vgck-{0}-lfu7j35m59-lfu7j35m59.gz' with related asset '/home/makani/honua-server/src/Honua.Admin/bin/Debug/net10.0/wwwroot/_framework/icudt_no_CJK.lfu7j35m59.dat' was detected as already compressed with format 'gzip'.
         The asset '/home/makani/honua-server/src/Honua.Admin/obj/Debug/net10.0/compressed/afas6zxnr7-{0}-mwo4f5vsvi-mwo4f5vsvi.gz' with related asset '/home/makani/honua-server/src/Honua.Admin/bin/Debug/net10.0/wwwroot/_framework/System.Private.CoreLib.mwo4f5vsvi.wasm' was detected as already compressed with format 'gzip'.
         The asset '/home/makani/honua-server/src/Honua.Admin/obj/Debug/net10.0/compressed/642825ta7h-{0}-roqc1km2rj-roqc1km2rj.gz' with related asset '/home/makani/honua-server/src/Honua.Admin/bin/Debug/net10.0/wwwroot/_framework/Microsoft.AspNetCore.Authorization.roqc1km2rj.wasm' was detected as already compressed with format 'gzip'.
         The asset '/home/makani/honua-server/src/Honua.Admin/obj/Debug/net10.0/compressed/kdsxoy7k8e-{0}-s4ohxb2h4q-s4ohxb2h4q.gz' with related asset '/home/makani/honua-server/src/Honua.Admin/bin/Debug/net10.0/wwwroot/_framework/Microsoft.IdentityModel.JsonWebTokens.s4ohxb2h4q.wasm' was detected as already compressed with format 'gzip'.
         The asset '/home/makani/honua-server/src/Honua.Admin/obj/Debug/net10.0/compressed/872lmymhnb-{0}-7n3xep0vjm-7n3xep0vjm.gz' with related asset '/home/makani/honua-server/src/Honua.Admin/bin/Debug/net10.0/wwwroot/_framework/Microsoft.IdentityModel.Logging.7n3xep0vjm.wasm' was detected as already compressed with format 'gzip'.
         The asset '/home/makani/honua-server/src/Honua.Admin/obj/Debug/net10.0/compressed/ey0749ifm1-{0}-ca1aw83mja-ca1aw83mja.gz' with related asset '/home/makani/honua-server/src/Honua.Admin/bin/Debug/net10.0/wwwroot/_framework/Microsoft.IdentityModel.Tokens.ca1aw83mja.wasm' was detected as already compressed with format 'gzip'.
         The asset '/home/makani/honua-server/src/Honua.Admin/obj/Debug/net10.0/compressed/eewbdr5ell-{0}-1r0ampr2q1-1r0ampr2q1.gz' with related asset '/home/makani/honua-server/src/Honua.Admin/bin/Debug/net10.0/wwwroot/_framework/Microsoft.JSInterop.1r0ampr2q1.wasm' was detected as already compressed with format 'gzip'.
         The asset '/home/makani/honua-server/src/Honua.Admin/obj/Debug/net10.0/compressed/yi163b9uds-{0}-q40j97ywe2-q40j97ywe2.gz' with related asset '/home/makani/honua-server/src/Honua.Admin/wwwroot/index.html' was detected as already compressed with format 'gzip'.
         The asset '/home/makani/honua-server/src/Honua.Admin/obj/Debug/net10.0/compressed/aw56qsa70u-{0}-xl4f7m8snf-xl4f7m8snf.gz' with related asset '/home/makani/honua-server/src/Honua.Admin/bin/Debug/net10.0/wwwroot/_framework/netstandard.xl4f7m8snf.wasm' was detected as already compressed with format 'gzip'.
         The asset '/home/makani/honua-server/src/Honua.Admin/obj/Debug/net10.0/compressed/yadragayzs-{0}-9sdmuz89zv-9sdmuz89zv.gz' with related asset '/home/makani/honua-server/src/Honua.Admin/bin/Debug/net10.0/wwwroot/_framework/Microsoft.DotNet.HotReload.WebAssembly.Browser.9sdmuz89zv.wasm' was detected as already compressed with format 'gzip'.
         The asset '/home/makani/honua-server/src/Honua.Admin/obj/Debug/net10.0/compressed/df37f37wy2-{0}-g4rei679lk-g4rei679lk.gz' with related asset '/home/makani/honua-server/src/Honua.Admin/bin/Debug/net10.0/wwwroot/_framework/Honua.Admin.g4rei679lk.wasm' was detected as already compressed with format 'gzip'.
         The asset '/home/makani/honua-server/src/Honua.Admin/obj/Debug/net10.0/compressed/86abawsttw-{0}-f5l7d1m99w-f5l7d1m99w.gz' with related asset '/home/makani/honua-server/src/Honua.Admin/bin/Debug/net10.0/wwwroot/_framework/Honua.Admin.f5l7d1m99w.pdb' was detected as already compressed with format 'gzip'.
         The asset '/home/makani/honua-server/src/Honua.Admin/obj/Debug/net10.0/compressed/zmsaotod7k-{0}-hv77dbkyn2-hv77dbkyn2.gz' with related asset '/home/makani/honua-server/src/Honua.Admin/bin/Debug/net10.0/wwwroot/_framework/dotnet.js' was detected as already compressed with format 'gzip'.
         The asset '/home/makani/honua-server/samples/Honua.StacOpsDemo/obj/Debug/net10.0/compressed/3y9oc65u1f-{0}-66stpp682q-66stpp682q.gz' with related asset '/home/makani/honua-server/samples/Honua.StacOpsDemo/bin/Debug/net10.0/wwwroot/_framework/blazor.webassembly.js' was detected as already compressed with format 'gzip'.
         The asset '/home/makani/honua-server/samples/Honua.StacOpsDemo/obj/Debug/net10.0/compressed/hrq9b7omeq-{0}-j9hdwbp9t7-j9hdwbp9t7.gz' with related asset '/home/makani/honua-server/samples/Honua.StacOpsDemo/wwwroot/index.html' was detected as already compressed with format 'gzip'.
         The asset '/home/makani/honua-server/samples/Honua.StacOpsDemo/obj/Debug/net10.0/compressed/k86fv94h2b-{0}-3cq8mgng15-3cq8mgng15.gz' with related asset '/home/makani/honua-server/samples/Honua.StacOpsDemo/obj/Debug/net10.0/scopedcss/bundle/Honua.StacOpsDemo.styles.css' was detected as already compressed with format 'gzip'.
         The asset '/home/makani/honua-server/samples/Honua.StacOpsDemo/obj/Debug/net10.0/compressed/52si15e9cq-{0}-roqc1km2rj-roqc1km2rj.gz' with related asset '/home/makani/honua-server/samples/Honua.StacOpsDemo/bin/Debug/net10.0/wwwroot/_framework/Microsoft.AspNetCore.Authorization.roqc1km2rj.wasm' was detected as already compressed with format 'gzip'.
         The asset '/home/makani/honua-server/samples/Honua.StacOpsDemo/obj/Debug/net10.0/compressed/vh5m0gbmo8-{0}-uddsvpv1sv-uddsvpv1sv.gz' with related asset '/home/makani/honua-server/samples/Honua.StacOpsDemo/bin/Debug/net10.0/wwwroot/_framework/Microsoft.AspNetCore.Components.uddsvpv1sv.wasm' was detected as already compressed with format 'gzip'.
         The asset '/home/makani/honua-server/samples/Honua.StacOpsDemo/obj/Debug/net10.0/compressed/ne2f47armm-{0}-zrueb40r85-zrueb40r85.gz' with related asset '/home/makani/honua-server/samples/Honua.StacOpsDemo/bin/Debug/net10.0/wwwroot/_framework/Microsoft.AspNetCore.Components.Forms.zrueb40r85.wasm' was detected as already compressed with format 'gzip'.
         The asset '/home/makani/honua-server/samples/Honua.StacOpsDemo/obj/Debug/net10.0/compressed/w60hgz88id-{0}-g5qdp1mxha-g5qdp1mxha.gz' with related asset '/home/makani/honua-server/samples/Honua.StacOpsDemo/bin/Debug/net10.0/wwwroot/_framework/Microsoft.AspNetCore.Components.Web.g5qdp1mxha.wasm' was detected as already compressed with format 'gzip'.
         The asset '/home/makani/honua-server/samples/Honua.StacOpsDemo/obj/Debug/net10.0/compressed/qv15ixdc6c-{0}-9mjwvs1qyp-9mjwvs1qyp.gz' with related asset '/home/makani/honua-server/samples/Honua.StacOpsDemo/bin/Debug/net10.0/wwwroot/_framework/Microsoft.AspNetCore.Components.WebAssembly.9mjwvs1qyp.wasm' was detected as already compressed with format 'gzip'.
         The asset '/home/makani/honua-server/samples/Honua.StacOpsDemo/obj/Debug/net10.0/compressed/xaj9gasy5b-{0}-m3mxap0jif-m3mxap0jif.gz' with related asset '/home/makani/honua-server/samples/Honua.StacOpsDemo/bin/Debug/net10.0/wwwroot/_framework/Microsoft.AspNetCore.Metadata.m3mxap0jif.wasm' was detected as already compressed with format 'gzip'.
         The asset '/home/makani/honua-server/samples/Honua.StacOpsDemo/obj/Debug/net10.0/compressed/ey7408sw03-{0}-fgwnqtu7qk-fgwnqtu7qk.gz' with related asset '/home/makani/honua-server/samples/Honua.StacOpsDemo/bin/Debug/net10.0/wwwroot/_framework/Microsoft.Extensions.Configuration.fgwnqtu7qk.wasm' was detected as already compressed with format 'gzip'.
         The asset '/home/makani/honua-server/samples/Honua.StacOpsDemo/obj/Debug/net10.0/compressed/eyus47i6ez-{0}-thew1o6jcx-thew1o6jcx.gz' with related asset '/home/makani/honua-server/samples/Honua.StacOpsDemo/bin/Debug/net10.0/wwwroot/_framework/Microsoft.Extensions.Configuration.Abstractions.thew1o6jcx.wasm' was detected as already compressed with format 'gzip'.
         The asset '/home/makani/honua-server/samples/Honua.StacOpsDemo/obj/Debug/net10.0/compressed/xkkpx1mvd5-{0}-7o70008j8o-7o70008j8o.gz' with related asset '/home/makani/honua-server/samples/Honua.StacOpsDemo/bin/Debug/net10.0/wwwroot/_framework/Microsoft.Extensions.Configuration.Binder.7o70008j8o.wasm' was detected as already compressed with format 'gzip'.
         The asset '/home/makani/honua-server/samples/Honua.StacOpsDemo/obj/Debug/net10.0/compressed/zy9euosnrx-{0}-ouivavlhyy-ouivavlhyy.gz' with related asset '/home/makani/honua-server/samples/Honua.StacOpsDemo/bin/Debug/net10.0/wwwroot/_framework/Microsoft.Extensions.Configuration.FileExtensions.ouivavlhyy.wasm' was detected as already compressed with format 'gzip'.
         The asset '/home/makani/honua-server/samples/Honua.StacOpsDemo/obj/Debug/net10.0/compressed/2ksmvkgzrp-{0}-giv4t23za9-giv4t23za9.gz' with related asset '/home/makani/honua-server/samples/Honua.StacOpsDemo/bin/Debug/net10.0/wwwroot/_framework/Microsoft.Extensions.Configuration.Json.giv4t23za9.wasm' was detected as already compressed with format 'gzip'.
         The asset '/home/makani/honua-server/samples/Honua.StacOpsDemo/obj/Debug/net10.0/compressed/hko9wb31nf-{0}-vs620n44bv-vs620n44bv.gz' with related asset '/home/makani/honua-server/samples/Honua.StacOpsDemo/bin/Debug/net10.0/wwwroot/_framework/Microsoft.Extensions.DependencyInjection.vs620n44bv.wasm' was detected as already compressed with format 'gzip'.
         The asset '/home/makani/honua-server/samples/Honua.StacOpsDemo/obj/Debug/net10.0/compressed/wg3kl7k3ao-{0}-ud13mwbta3-ud13mwbta3.gz' with related asset '/home/makani/honua-server/samples/Honua.StacOpsDemo/bin/Debug/net10.0/wwwroot/_framework/Microsoft.Extensions.DependencyInjection.Abstractions.ud13mwbta3.wasm' was detected as already compressed with format 'gzip'.
         The asset '/home/makani/honua-server/samples/Honua.StacOpsDemo/obj/Debug/net10.0/compressed/53x60u2p1h-{0}-jnogfbng3i-jnogfbng3i.gz' with related asset '/home/makani/honua-server/samples/Honua.StacOpsDemo/bin/Debug/net10.0/wwwroot/_framework/Microsoft.Extensions.Diagnostics.jnogfbng3i.wasm' was detected as already compressed with format 'gzip'.
         The asset '/home/makani/honua-server/samples/Honua.StacOpsDemo/obj/Debug/net10.0/compressed/avbshgi1a2-{0}-v59ymogeuz-v59ymogeuz.gz' with related asset '/home/makani/honua-server/samples/Honua.StacOpsDemo/bin/Debug/net10.0/wwwroot/_framework/Microsoft.Extensions.Diagnostics.Abstractions.v59ymogeuz.wasm' was detected as already compressed with format 'gzip'.
         The asset '/home/makani/honua-server/samples/Honua.StacOpsDemo/obj/Debug/net10.0/compressed/haaup1afwk-{0}-ssv83rveyv-ssv83rveyv.gz' with related asset '/home/makani/honua-server/samples/Honua.StacOpsDemo/bin/Debug/net10.0/wwwroot/_framework/Microsoft.Extensions.FileProviders.Abstractions.ssv83rveyv.wasm' was detected as already compressed with format 'gzip'.
         The asset '/home/makani/honua-server/samples/Honua.StacOpsDemo/obj/Debug/net10.0/compressed/ih5s7fkbuj-{0}-8gz29xpyh3-8gz29xpyh3.gz' with related asset '/home/makani/honua-server/samples/Honua.StacOpsDemo/bin/Debug/net10.0/wwwroot/_framework/Microsoft.Extensions.FileProviders.Physical.8gz29xpyh3.wasm' was detected as already compressed with format 'gzip'.
         The asset '/home/makani/honua-server/samples/Honua.StacOpsDemo/obj/Debug/net10.0/compressed/2or9xtdx7s-{0}-ozuva4e3vv-ozuva4e3vv.gz' with related asset '/home/makani/honua-server/samples/Honua.StacOpsDemo/bin/Debug/net10.0/wwwroot/_framework/Microsoft.Extensions.FileSystemGlobbing.ozuva4e3vv.wasm' was detected as already compressed with format 'gzip'.
         The asset '/home/makani/honua-server/samples/Honua.StacOpsDemo/obj/Debug/net10.0/compressed/w1a0xgq6g7-{0}-y4ydx3rk2c-y4ydx3rk2c.gz' with related asset '/home/makani/honua-server/samples/Honua.StacOpsDemo/bin/Debug/net10.0/wwwroot/_framework/Microsoft.Extensions.Logging.y4ydx3rk2c.wasm' was detected as already compressed with format 'gzip'.
         The asset '/home/makani/honua-server/samples/Honua.StacOpsDemo/obj/Debug/net10.0/compressed/edixl02vob-{0}-1q3x7vre4l-1q3x7vre4l.gz' with related asset '/home/makani/honua-server/samples/Honua.StacOpsDemo/bin/Debug/net10.0/wwwroot/_framework/Microsoft.Extensions.Logging.Abstractions.1q3x7vre4l.wasm' was detected as already compressed with format 'gzip'.
         The asset '/home/makani/honua-server/samples/Honua.StacOpsDemo/obj/Debug/net10.0/compressed/izxegts4v4-{0}-2rz5zbidnd-2rz5zbidnd.gz' with related asset '/home/makani/honua-server/samples/Honua.StacOpsDemo/bin/Debug/net10.0/wwwroot/_framework/Microsoft.Extensions.Options.2rz5zbidnd.wasm' was detected as already compressed with format 'gzip'.
         The asset '/home/makani/honua-server/samples/Honua.StacOpsDemo/obj/Debug/net10.0/compressed/7wzlezmvwh-{0}-zmb03w0weu-zmb03w0weu.gz' with related asset '/home/makani/honua-server/samples/Honua.StacOpsDemo/bin/Debug/net10.0/wwwroot/_framework/Microsoft.Extensions.Options.ConfigurationExtensions.zmb03w0weu.wasm' was detected as already compressed with format 'gzip'.
         The asset '/home/makani/honua-server/samples/Honua.StacOpsDemo/obj/Debug/net10.0/compressed/tvuygzzn8h-{0}-bd164v6l3f-bd164v6l3f.gz' with related asset '/home/makani/honua-server/samples/Honua.StacOpsDemo/bin/Debug/net10.0/wwwroot/_framework/Microsoft.Extensions.Primitives.bd164v6l3f.wasm' was detected as already compressed with format 'gzip'.
         The asset '/home/makani/honua-server/samples/Honua.StacOpsDemo/obj/Debug/net10.0/compressed/7sou31fa17-{0}-r1sv3m5lsf-r1sv3m5lsf.gz' with related asset '/home/makani/honua-server/samples/Honua.StacOpsDemo/bin/Debug/net10.0/wwwroot/_framework/Microsoft.Extensions.Validation.r1sv3m5lsf.wasm' was detected as already compressed with format 'gzip'.
         The asset '/home/makani/honua-server/samples/Honua.StacOpsDemo/obj/Debug/net10.0/compressed/zkui9sqx1d-{0}-1r0ampr2q1-1r0ampr2q1.gz' with related asset '/home/makani/honua-server/samples/Honua.StacOpsDemo/bin/Debug/net10.0/wwwroot/_framework/Microsoft.JSInterop.1r0ampr2q1.wasm' was detected as already compressed with format 'gzip'.
         The asset '/home/makani/honua-server/samples/Honua.StacOpsDemo/obj/Debug/net10.0/compressed/8vkskafkxk-{0}-oz8fkrrrd6-oz8fkrrrd6.gz' with related asset '/home/makani/honua-server/samples/Honua.StacOpsDemo/bin/Debug/net10.0/wwwroot/_framework/Microsoft.JSInterop.WebAssembly.oz8fkrrrd6.wasm' was detected as already compressed with format 'gzip'.
         The asset '/home/makani/honua-server/samples/Honua.StacOpsDemo/obj/Debug/net10.0/compressed/joyzw8w9x0-{0}-gijew29e7v-gijew29e7v.gz' with related asset '/home/makani/honua-server/samples/Honua.StacOpsDemo/bin/Debug/net10.0/wwwroot/_framework/Microsoft.CSharp.gijew29e7v.wasm' was detected as already compressed with format 'gzip'.
         The asset '/home/makani/honua-server/samples/Honua.StacOpsDemo/obj/Debug/net10.0/compressed/m0mwsdn5t1-{0}-5wrvi89jl9-5wrvi89jl9.gz' with related asset '/home/makani/honua-server/samples/Honua.StacOpsDemo/bin/Debug/net10.0/wwwroot/_framework/Microsoft.VisualBasic.Core.5wrvi89jl9.wasm' was detected as already compressed with format 'gzip'.
         The asset '/home/makani/honua-server/samples/Honua.StacOpsDemo/obj/Debug/net10.0/compressed/fr4vivi87y-{0}-ohmdjdo4x8-ohmdjdo4x8.gz' with related asset '/home/makani/honua-server/samples/Honua.StacOpsDemo/bin/Debug/net10.0/wwwroot/_framework/Microsoft.VisualBasic.ohmdjdo4x8.wasm' was detected as already compressed with format 'gzip'.
         The asset '/home/makani/honua-server/samples/Honua.StacOpsDemo/obj/Debug/net10.0/compressed/i2rco91heg-{0}-54qaw3y2l7-54qaw3y2l7.gz' with related asset '/home/makani/honua-server/samples/Honua.StacOpsDemo/bin/Debug/net10.0/wwwroot/_framework/Microsoft.Win32.Primitives.54qaw3y2l7.wasm' was detected as already compressed with format 'gzip'.
         The asset '/home/makani/honua-server/samples/Honua.StacOpsDemo/obj/Debug/net10.0/compressed/p8ns79b4y5-{0}-5zehcbadkc-5zehcbadkc.gz' with related asset '/home/makani/honua-server/samples/Honua.StacOpsDemo/bin/Debug/net10.0/wwwroot/_framework/Microsoft.Win32.Registry.5zehcbadkc.wasm' was detected as already compressed with format 'gzip'.
         The asset '/home/makani/honua-server/samples/Honua.StacOpsDemo/obj/Debug/net10.0/compressed/98v9rv43y8-{0}-hb972rswn2-hb972rswn2.gz' with related asset '/home/makani/honua-server/samples/Honua.StacOpsDemo/bin/Debug/net10.0/wwwroot/_framework/System.AppContext.hb972rswn2.wasm' was detected as already compressed with format 'gzip'.
         The asset '/home/makani/honua-server/samples/Honua.StacOpsDemo/obj/Debug/net10.0/compressed/g1xqrjg34c-{0}-fmh1lqxxe8-fmh1lqxxe8.gz' with related asset '/home/makani/honua-server/samples/Honua.StacOpsDemo/bin/Debug/net10.0/wwwroot/_framework/System.Buffers.fmh1lqxxe8.wasm' was detected as already compressed with format 'gzip'.
         The asset '/home/makani/honua-server/samples/Honua.StacOpsDemo/obj/Debug/net10.0/compressed/a2yjavhopd-{0}-wrpunq2dmd-wrpunq2dmd.gz' with related asset '/home/makani/honua-server/samples/Honua.StacOpsDemo/bin/Debug/net10.0/wwwroot/_framework/System.Collections.Concurrent.wrpunq2dmd.wasm' was detected as already compressed with format 'gzip'.
         The asset '/home/makani/honua-server/samples/Honua.StacOpsDemo/obj/Debug/net10.0/compressed/wy6q2yaes3-{0}-dm08vuov01-dm08vuov01.gz' with related asset '/home/makani/honua-server/samples/Honua.StacOpsDemo/bin/Debug/net10.0/wwwroot/_framework/System.Collections.Immutable.dm08vuov01.wasm' was detected as already compressed with format 'gzip'.
         The asset '/home/makani/honua-server/samples/Honua.StacOpsDemo/obj/Debug/net10.0/compressed/6kx96d32oz-{0}-ucr2s1rjr8-ucr2s1rjr8.gz' with related asset '/home/makani/honua-server/samples/Honua.StacOpsDemo/bin/Debug/net10.0/wwwroot/_framework/System.Collections.NonGeneric.ucr2s1rjr8.wasm' was detected as already compressed with format 'gzip'.
         The asset '/home/makani/honua-server/samples/Honua.StacOpsDemo/obj/Debug/net10.0/compressed/yz7j5ztutj-{0}-788c2vii7r-788c2vii7r.gz' with related asset '/home/makani/honua-server/samples/Honua.StacOpsDemo/bin/Debug/net10.0/wwwroot/_framework/System.Collections.Specialized.788c2vii7r.wasm' was detected as already compressed with format 'gzip'.
         The asset '/home/makani/honua-server/samples/Honua.StacOpsDemo/obj/Debug/net10.0/compressed/rh09hap31w-{0}-oyg9o5jzra-oyg9o5jzra.gz' with related asset '/home/makani/honua-server/samples/Honua.StacOpsDemo/bin/Debug/net10.0/wwwroot/_framework/System.Collections.oyg9o5jzra.wasm' was detected as already compressed with format 'gzip'.
         The asset '/home/makani/honua-server/samples/Honua.StacOpsDemo/obj/Debug/net10.0/compressed/fqw6apjgx8-{0}-kzcs3roxpa-kzcs3roxpa.gz' with related asset '/home/makani/honua-server/samples/Honua.StacOpsDemo/bin/Debug/net10.0/wwwroot/_framework/System.ComponentModel.Annotations.kzcs3roxpa.wasm' was detected as already compressed with format 'gzip'.
         The asset '/home/makani/honua-server/samples/Honua.StacOpsDemo/obj/Debug/net10.0/compressed/h1y8yfybtf-{0}-uujisxprk9-uujisxprk9.gz' with related asset '/home/makani/honua-server/samples/Honua.StacOpsDemo/bin/Debug/net10.0/wwwroot/_framework/System.ComponentModel.DataAnnotations.uujisxprk9.wasm' was detected as already compressed with format 'gzip'.
         The asset '/home/makani/honua-server/samples/Honua.StacOpsDemo/obj/Debug/net10.0/compressed/gpmp81v66z-{0}-v1qxqe5fpe-v1qxqe5fpe.gz' with related asset '/home/makani/honua-server/samples/Honua.StacOpsDemo/bin/Debug/net10.0/wwwroot/_framework/System.ComponentModel.EventBasedAsync.v1qxqe5fpe.wasm' was detected as already compressed with format 'gzip'.
         The asset '/home/makani/honua-server/samples/Honua.StacOpsDemo/obj/Debug/net10.0/compressed/uigbiukytp-{0}-ftz81jso1j-ftz81jso1j.gz' with related asset '/home/makani/honua-server/samples/Honua.StacOpsDemo/bin/Debug/net10.0/wwwroot/_framework/System.ComponentModel.Primitives.ftz81jso1j.wasm' was detected as already compressed with format 'gzip'.
         The asset '/home/makani/honua-server/samples/Honua.StacOpsDemo/obj/Debug/net10.0/compressed/99tuyvkgpw-{0}-w7xhoe08t4-w7xhoe08t4.gz' with related asset '/home/makani/honua-server/samples/Honua.StacOpsDemo/bin/Debug/net10.0/wwwroot/_framework/System.ComponentModel.TypeConverter.w7xhoe08t4.wasm' was detected as already compressed with format 'gzip'.
         The asset '/home/makani/honua-server/samples/Honua.StacOpsDemo/obj/Debug/net10.0/compressed/zxov507gu0-{0}-k940vnf7b8-k940vnf7b8.gz' with related asset '/home/makani/honua-server/samples/Honua.StacOpsDemo/bin/Debug/net10.0/wwwroot/_framework/System.ComponentModel.k940vnf7b8.wasm' was detected as already compressed with format 'gzip'.
         The asset '/home/makani/honua-server/samples/Honua.StacOpsDemo/obj/Debug/net10.0/compressed/vyfcivg6ld-{0}-w3ntl07ypg-w3ntl07ypg.gz' with related asset '/home/makani/honua-server/samples/Honua.StacOpsDemo/bin/Debug/net10.0/wwwroot/_framework/System.Configuration.w3ntl07ypg.wasm' was detected as already compressed with format 'gzip'.
         The asset '/home/makani/honua-server/samples/Honua.StacOpsDemo/obj/Debug/net10.0/compressed/py2wn7ctkn-{0}-439r3pkwc4-439r3pkwc4.gz' with related asset '/home/makani/honua-server/samples/Honua.StacOpsDemo/bin/Debug/net10.0/wwwroot/_framework/System.Console.439r3pkwc4.wasm' was detected as already compressed with format 'gzip'.
         The asset '/home/makani/honua-server/samples/Honua.StacOpsDemo/obj/Debug/net10.0/compressed/kinqo3rukg-{0}-3okiiotm1r-3okiiotm1r.gz' with related asset '/home/makani/honua-server/samples/Honua.StacOpsDemo/bin/Debug/net10.0/wwwroot/_framework/System.Core.3okiiotm1r.wasm' was detected as already compressed with format 'gzip'.
         The asset '/home/makani/honua-server/samples/Honua.StacOpsDemo/obj/Debug/net10.0/compressed/werm6yf7xe-{0}-u1paws2ie5-u1paws2ie5.gz' with related asset '/home/makani/honua-server/samples/Honua.StacOpsDemo/bin/Debug/net10.0/wwwroot/_framework/System.Data.Common.u1paws2ie5.wasm' was detected as already compressed with format 'gzip'.
         The asset '/home/makani/honua-server/samples/Honua.StacOpsDemo/obj/Debug/net10.0/compressed/oe0tz5kneg-{0}-k7l9fdomp8-k7l9fdomp8.gz' with related asset '/home/makani/honua-server/samples/Honua.StacOpsDemo/bin/Debug/net10.0/wwwroot/_framework/System.Data.DataSetExtensions.k7l9fdomp8.wasm' was detected as already compressed with format 'gzip'.
         The asset '/home/makani/honua-server/samples/Honua.StacOpsDemo/obj/Debug/net10.0/compressed/c2gyp4fny6-{0}-0xkcfajxb8-0xkcfajxb8.gz' with related asset '/home/makani/honua-server/samples/Honua.StacOpsDemo/bin/Debug/net10.0/wwwroot/_framework/System.Data.0xkcfajxb8.wasm' was detected as already compressed with format 'gzip'.
         The asset '/home/makani/honua-server/samples/Honua.StacOpsDemo/obj/Debug/net10.0/compressed/g349gleulg-{0}-zgl132fygk-zgl132fygk.gz' with related asset '/home/makani/honua-server/samples/Honua.StacOpsDemo/bin/Debug/net10.0/wwwroot/_framework/System.Diagnostics.Contracts.zgl132fygk.wasm' was detected as already compressed with format 'gzip'.
         The asset '/home/makani/honua-server/samples/Honua.StacOpsDemo/obj/Debug/net10.0/compressed/4j7e4bkjgv-{0}-6kui682x9y-6kui682x9y.gz' with related asset '/home/makani/honua-server/samples/Honua.StacOpsDemo/bin/Debug/net10.0/wwwroot/_framework/System.Diagnostics.Debug.6kui682x9y.wasm' was detected as already compressed with format 'gzip'.
         The asset '/home/makani/honua-server/samples/Honua.StacOpsDemo/obj/Debug/net10.0/compressed/64s4vqrjmb-{0}-bkk6sbg16x-bkk6sbg16x.gz' with related asset '/home/makani/honua-server/samples/Honua.StacOpsDemo/bin/Debug/net10.0/wwwroot/_framework/System.Diagnostics.DiagnosticSource.bkk6sbg16x.wasm' was detected as already compressed with format 'gzip'.
         The asset '/home/makani/honua-server/samples/Honua.StacOpsDemo/obj/Debug/net10.0/compressed/vitprnjbwg-{0}-3alwgrae57-3alwgrae57.gz' with related asset '/home/makani/honua-server/samples/Honua.StacOpsDemo/bin/Debug/net10.0/wwwroot/_framework/System.Diagnostics.FileVersionInfo.3alwgrae57.wasm' was detected as already compressed with format 'gzip'.
         The asset '/home/makani/honua-server/samples/Honua.StacOpsDemo/obj/Debug/net10.0/compressed/if8uoaoy5f-{0}-06srtm7zqs-06srtm7zqs.gz' with related asset '/home/makani/honua-server/samples/Honua.StacOpsDemo/bin/Debug/net10.0/wwwroot/_framework/System.Diagnostics.Process.06srtm7zqs.wasm' was detected as already compressed with format 'gzip'.
         The asset '/home/makani/honua-server/samples/Honua.StacOpsDemo/obj/Debug/net10.0/compressed/vsrvfedoqp-{0}-un2pf554tb-un2pf554tb.gz' with related asset '/home/makani/honua-server/samples/Honua.StacOpsDemo/bin/Debug/net10.0/wwwroot/_framework/System.Diagnostics.StackTrace.un2pf554tb.wasm' was detected as already compressed with format 'gzip'.
         The asset '/home/makani/honua-server/samples/Honua.StacOpsDemo/obj/Debug/net10.0/compressed/z1w79ufm4g-{0}-ida6tfw92t-ida6tfw92t.gz' with related asset '/home/makani/honua-server/samples/Honua.StacOpsDemo/bin/Debug/net10.0/wwwroot/_framework/System.Diagnostics.TextWriterTraceListener.ida6tfw92t.wasm' was detected as already compressed with format 'gzip'.
         The asset '/home/makani/honua-server/samples/Honua.StacOpsDemo/obj/Debug/net10.0/compressed/qlipqx365y-{0}-shey8i22c8-shey8i22c8.gz' with related asset '/home/makani/honua-server/samples/Honua.StacOpsDemo/bin/Debug/net10.0/wwwroot/_framework/System.Diagnostics.Tools.shey8i22c8.wasm' was detected as already compressed with format 'gzip'.
         The asset '/home/makani/honua-server/samples/Honua.StacOpsDemo/obj/Debug/net10.0/compressed/mcrbytppux-{0}-clw8b0o34g-clw8b0o34g.gz' with related asset '/home/makani/honua-server/samples/Honua.StacOpsDemo/bin/Debug/net10.0/wwwroot/_framework/System.Diagnostics.TraceSource.clw8b0o34g.wasm' was detected as already compressed with format 'gzip'.
         The asset '/home/makani/honua-server/samples/Honua.StacOpsDemo/obj/Debug/net10.0/compressed/r7fs0ekpwp-{0}-w23ofaxx35-w23ofaxx35.gz' with related asset '/home/makani/honua-server/samples/Honua.StacOpsDemo/bin/Debug/net10.0/wwwroot/_framework/System.Diagnostics.Tracing.w23ofaxx35.wasm' was detected as already compressed with format 'gzip'.
         The asset '/home/makani/honua-server/samples/Honua.StacOpsDemo/obj/Debug/net10.0/compressed/mnu6a5o308-{0}-fzsvb9tweu-fzsvb9tweu.gz' with related asset '/home/makani/honua-server/samples/Honua.StacOpsDemo/bin/Debug/net10.0/wwwroot/_framework/System.Drawing.Primitives.fzsvb9tweu.wasm' was detected as already compressed with format 'gzip'.
         The asset '/home/makani/honua-server/samples/Honua.StacOpsDemo/obj/Debug/net10.0/compressed/hhv6uz3986-{0}-crwi1p34or-crwi1p34or.gz' with related asset '/home/makani/honua-server/samples/Honua.StacOpsDemo/bin/Debug/net10.0/wwwroot/_framework/System.Drawing.crwi1p34or.wasm' was detected as already compressed with format 'gzip'.
         The asset '/home/makani/honua-server/samples/Honua.StacOpsDemo/obj/Debug/net10.0/compressed/apnc2zehtn-{0}-9fcftni5l9-9fcftni5l9.gz' with related asset '/home/makani/honua-server/samples/Honua.StacOpsDemo/bin/Debug/net10.0/wwwroot/_framework/System.Dynamic.Runtime.9fcftni5l9.wasm' was detected as already compressed with format 'gzip'.
         The asset '/home/makani/honua-server/samples/Honua.StacOpsDemo/obj/Debug/net10.0/compressed/wcejp3qeq3-{0}-3i8640auxn-3i8640auxn.gz' with related asset '/home/makani/honua-server/samples/Honua.StacOpsDemo/bin/Debug/net10.0/wwwroot/_framework/System.Formats.Asn1.3i8640auxn.wasm' was detected as already compressed with format 'gzip'.
         The asset '/home/makani/honua-server/samples/Honua.StacOpsDemo/obj/Debug/net10.0/compressed/531jguyd94-{0}-6thvjqqi69-6thvjqqi69.gz' with related asset '/home/makani/honua-server/samples/Honua.StacOpsDemo/bin/Debug/net10.0/wwwroot/_framework/System.Formats.Tar.6thvjqqi69.wasm' was detected as already compressed with format 'gzip'.
         The asset '/home/makani/honua-server/samples/Honua.StacOpsDemo/obj/Debug/net10.0/compressed/4fgx7t5kcd-{0}-b34zv6t8w8-b34zv6t8w8.gz' with related asset '/home/makani/honua-server/samples/Honua.StacOpsDemo/bin/Debug/net10.0/wwwroot/_framework/System.Globalization.Calendars.b34zv6t8w8.wasm' was detected as already compressed with format 'gzip'.
         The asset '/home/makani/honua-server/samples/Honua.StacOpsDemo/obj/Debug/net10.0/compressed/3mls13lask-{0}-t9z23vywoa-t9z23vywoa.gz' with related asset '/home/makani/honua-server/samples/Honua.StacOpsDemo/bin/Debug/net10.0/wwwroot/_framework/System.Globalization.Extensions.t9z23vywoa.wasm' was detected as already compressed with format 'gzip'.
         The asset '/home/makani/honua-server/samples/Honua.StacOpsDemo/obj/Debug/net10.0/compressed/1j5dlmik4n-{0}-kzypximfjj-kzypximfjj.gz' with related asset '/home/makani/honua-server/samples/Honua.StacOpsDemo/bin/Debug/net10.0/wwwroot/_framework/System.Globalization.kzypximfjj.wasm' was detected as already compressed with format 'gzip'.
         The asset '/home/makani/honua-server/samples/Honua.StacOpsDemo/obj/Debug/net10.0/compressed/44vlw1mikw-{0}-16ihu4aum0-16ihu4aum0.gz' with related asset '/home/makani/honua-server/samples/Honua.StacOpsDemo/bin/Debug/net10.0/wwwroot/_framework/System.IO.Compression.Brotli.16ihu4aum0.wasm' was detected as already compressed with format 'gzip'.
         The asset '/home/makani/honua-server/samples/Honua.StacOpsDemo/obj/Debug/net10.0/compressed/zcx9vrg9hs-{0}-98t41ls3w6-98t41ls3w6.gz' with related asset '/home/makani/honua-server/samples/Honua.StacOpsDemo/bin/Debug/net10.0/wwwroot/_framework/System.IO.Compression.FileSystem.98t41ls3w6.wasm' was detected as already compressed with format 'gzip'.
         The asset '/home/makani/honua-server/samples/Honua.StacOpsDemo/obj/Debug/net10.0/compressed/u9l65ul40b-{0}-0imvrnvy4f-0imvrnvy4f.gz' with related asset '/home/makani/honua-server/samples/Honua.StacOpsDemo/bin/Debug/net10.0/wwwroot/_framework/System.IO.Compression.ZipFile.0imvrnvy4f.wasm' was detected as already compressed with format 'gzip'.
         The asset '/home/makani/honua-server/samples/Honua.StacOpsDemo/obj/Debug/net10.0/compressed/pcpo1yi7rs-{0}-ne60qfmijm-ne60qfmijm.gz' with related asset '/home/makani/honua-server/samples/Honua.StacOpsDemo/bin/Debug/net10.0/wwwroot/_framework/System.IO.Compression.ne60qfmijm.wasm' was detected as already compressed with format 'gzip'.
         The asset '/home/makani/honua-server/samples/Honua.StacOpsDemo/obj/Debug/net10.0/compressed/y72pfd37zf-{0}-8nsm8mjj5e-8nsm8mjj5e.gz' with related asset '/home/makani/honua-server/samples/Honua.StacOpsDemo/bin/Debug/net10.0/wwwroot/_framework/System.IO.FileSystem.AccessControl.8nsm8mjj5e.wasm' was detected as already compressed with format 'gzip'.
         The asset '/home/makani/honua-server/samples/Honua.StacOpsDemo/obj/Debug/net10.0/compressed/gsanfg5rfj-{0}-zemo9xngn2-zemo9xngn2.gz' with related asset '/home/makani/honua-server/samples/Honua.StacOpsDemo/bin/Debug/net10.0/wwwroot/_framework/System.IO.FileSystem.DriveInfo.zemo9xngn2.wasm' was detected as already compressed with format 'gzip'.
         The asset '/home/makani/honua-server/samples/Honua.StacOpsDemo/obj/Debug/net10.0/compressed/guskv38akn-{0}-kybpzn2oos-kybpzn2oos.gz' with related asset '/home/makani/honua-server/samples/Honua.StacOpsDemo/bin/Debug/net10.0/wwwroot/_framework/System.IO.FileSystem.Primitives.kybpzn2oos.wasm' was detected as already compressed with format 'gzip'.
         The asset '/home/makani/honua-server/samples/Honua.StacOpsDemo/obj/Debug/net10.0/compressed/9527dr4rmz-{0}-ontoty1fxn-ontoty1fxn.gz' with related asset '/home/makani/honua-server/samples/Honua.StacOpsDemo/bin/Debug/net10.0/wwwroot/_framework/System.IO.FileSystem.Watcher.ontoty1fxn.wasm' was detected as already compressed with format 'gzip'.
         The asset '/home/makani/honua-server/samples/Honua.StacOpsDemo/obj/Debug/net10.0/compressed/fiirehvvfc-{0}-cfijc526tp-cfijc526tp.gz' with related asset '/home/makani/honua-server/samples/Honua.StacOpsDemo/bin/Debug/net10.0/wwwroot/_framework/System.IO.FileSystem.cfijc526tp.wasm' was detected as already compressed with format 'gzip'.
         The asset '/home/makani/honua-server/samples/Honua.StacOpsDemo/obj/Debug/net10.0/compressed/6lxwuyk4co-{0}-us5380okmk-us5380okmk.gz' with related asset '/home/makani/honua-server/samples/Honua.StacOpsDemo/bin/Debug/net10.0/wwwroot/_framework/System.IO.IsolatedStorage.us5380okmk.wasm' was detected as already compressed with format 'gzip'.
         The asset '/home/makani/honua-server/samples/Honua.StacOpsDemo/obj/Debug/net10.0/compressed/qm8ltete8t-{0}-v5uya98rfp-v5uya98rfp.gz' with related asset '/home/makani/honua-server/samples/Honua.StacOpsDemo/bin/Debug/net10.0/wwwroot/_framework/System.IO.MemoryMappedFiles.v5uya98rfp.wasm' was detected as already compressed with format 'gzip'.
         The asset '/home/makani/honua-server/samples/Honua.StacOpsDemo/obj/Debug/net10.0/compressed/yufx9a5ikp-{0}-9dgkwpzi1d-9dgkwpzi1d.gz' with related asset '/home/makani/honua-server/samples/Honua.StacOpsDemo/bin/Debug/net10.0/wwwroot/_framework/System.IO.Pipelines.9dgkwpzi1d.wasm' was detected as already compressed with format 'gzip'.
         The asset '/home/makani/honua-server/samples/Honua.StacOpsDemo/obj/Debug/net10.0/compressed/7e3gtzdytt-{0}-rihuiw07yu-rihuiw07yu.gz' with related asset '/home/makani/honua-server/samples/Honua.StacOpsDemo/bin/Debug/net10.0/wwwroot/_framework/System.IO.Pipes.AccessControl.rihuiw07yu.wasm' was detected as already compressed with format 'gzip'.
         The asset '/home/makani/honua-server/samples/Honua.StacOpsDemo/obj/Debug/net10.0/compressed/0xa4dg7iem-{0}-f4dn7kellq-f4dn7kellq.gz' with related asset '/home/makani/honua-server/samples/Honua.StacOpsDemo/bin/Debug/net10.0/wwwroot/_framework/System.IO.Pipes.f4dn7kellq.wasm' was detected as already compressed with format 'gzip'.
         The asset '/home/makani/honua-server/samples/Honua.StacOpsDemo/obj/Debug/net10.0/compressed/r1ok5ubdvp-{0}-e6eipiyt6q-e6eipiyt6q.gz' with related asset '/home/makani/honua-server/samples/Honua.StacOpsDemo/bin/Debug/net10.0/wwwroot/_framework/System.IO.UnmanagedMemoryStream.e6eipiyt6q.wasm' was detected as already compressed with format 'gzip'.
         The asset '/home/makani/honua-server/samples/Honua.StacOpsDemo/obj/Debug/net10.0/compressed/06fssr65wk-{0}-ziabf8ylan-ziabf8ylan.gz' with related asset '/home/makani/honua-server/samples/Honua.StacOpsDemo/bin/Debug/net10.0/wwwroot/_framework/System.IO.ziabf8ylan.wasm' was detected as already compressed with format 'gzip'.
         The asset '/home/makani/honua-server/samples/Honua.StacOpsDemo/obj/Debug/net10.0/compressed/1ee035yyz8-{0}-fm8vwphpb6-fm8vwphpb6.gz' with related asset '/home/makani/honua-server/samples/Honua.StacOpsDemo/bin/Debug/net10.0/wwwroot/_framework/System.Linq.AsyncEnumerable.fm8vwphpb6.wasm' was detected as already compressed with format 'gzip'.
         The asset '/home/makani/honua-server/samples/Honua.StacOpsDemo/obj/Debug/net10.0/compressed/z2ef7zt00j-{0}-uudylx04pc-uudylx04pc.gz' with related asset '/home/makani/honua-server/samples/Honua.StacOpsDemo/bin/Debug/net10.0/wwwroot/_framework/System.Linq.Expressions.uudylx04pc.wasm' was detected as already compressed with format 'gzip'.
         The asset '/home/makani/honua-server/samples/Honua.StacOpsDemo/obj/Debug/net10.0/compressed/pziuy7d0tg-{0}-lbbvcapr26-lbbvcapr26.gz' with related asset '/home/makani/honua-server/samples/Honua.StacOpsDemo/bin/Debug/net10.0/wwwroot/_framework/System.Linq.Parallel.lbbvcapr26.wasm' was detected as already compressed with format 'gzip'.
         The asset '/home/makani/honua-server/samples/Honua.StacOpsDemo/obj/Debug/net10.0/compressed/swi5gxhrcv-{0}-hq9iyymx2n-hq9iyymx2n.gz' with related asset '/home/makani/honua-server/samples/Honua.StacOpsDemo/bin/Debug/net10.0/wwwroot/_framework/System.Linq.Queryable.hq9iyymx2n.wasm' was detected as already compressed with format 'gzip'.
         The asset '/home/makani/honua-server/samples/Honua.StacOpsDemo/obj/Debug/net10.0/compressed/l9h6cj5hkx-{0}-ome0590huq-ome0590huq.gz' with related asset '/home/makani/honua-server/samples/Honua.StacOpsDemo/bin/Debug/net10.0/wwwroot/_framework/System.Linq.ome0590huq.wasm' was detected as already compressed with format 'gzip'.
         The asset '/home/makani/honua-server/samples/Honua.StacOpsDemo/obj/Debug/net10.0/compressed/v7libn7w91-{0}-oikctzq2yk-oikctzq2yk.gz' with related asset '/home/makani/honua-server/samples/Honua.StacOpsDemo/bin/Debug/net10.0/wwwroot/_framework/System.Memory.oikctzq2yk.wasm' was detected as already compressed with format 'gzip'.
         The asset '/home/makani/honua-server/samples/Honua.StacOpsDemo/obj/Debug/net10.0/compressed/7oeb2wd3w1-{0}-19ykf2ghfc-19ykf2ghfc.gz' with related asset '/home/makani/honua-server/samples/Honua.StacOpsDemo/bin/Debug/net10.0/wwwroot/_framework/System.Net.Http.Json.19ykf2ghfc.wasm' was detected as already compressed with format 'gzip'.
         The asset '/home/makani/honua-server/samples/Honua.StacOpsDemo/obj/Debug/net10.0/compressed/3h2e375jvl-{0}-5kege8iwcx-5kege8iwcx.gz' with related asset '/home/makani/honua-server/samples/Honua.StacOpsDemo/bin/Debug/net10.0/wwwroot/_framework/System.Net.Http.5kege8iwcx.wasm' was detected as already compressed with format 'gzip'.
         The asset '/home/makani/honua-server/samples/Honua.StacOpsDemo/obj/Debug/net10.0/compressed/0m40lzj0rk-{0}-govomr6pnd-govomr6pnd.gz' with related asset '/home/makani/honua-server/samples/Honua.StacOpsDemo/bin/Debug/net10.0/wwwroot/_framework/System.Net.HttpListener.govomr6pnd.wasm' was detected as already compressed with format 'gzip'.
         The asset '/home/makani/honua-server/samples/Honua.StacOpsDemo/obj/Debug/net10.0/compressed/ueba7yw19e-{0}-kpjpkrf00f-kpjpkrf00f.gz' with related asset '/home/makani/honua-server/samples/Honua.StacOpsDemo/bin/Debug/net10.0/wwwroot/_framework/System.Net.Mail.kpjpkrf00f.wasm' was detected as already compressed with format 'gzip'.
         The asset '/home/makani/honua-server/samples/Honua.StacOpsDemo/obj/Debug/net10.0/compressed/0g35c7iw73-{0}-dxybkhgvzf-dxybkhgvzf.gz' with related asset '/home/makani/honua-server/samples/Honua.StacOpsDemo/bin/Debug/net10.0/wwwroot/_framework/System.Net.NameResolution.dxybkhgvzf.wasm' was detected as already compressed with format 'gzip'.
         The asset '/home/makani/honua-server/samples/Honua.StacOpsDemo/obj/Debug/net10.0/compressed/r1lxroaobo-{0}-vqv9utc4ui-vqv9utc4ui.gz' with related asset '/home/makani/honua-server/samples/Honua.StacOpsDemo/bin/Debug/net10.0/wwwroot/_framework/System.Net.NetworkInformation.vqv9utc4ui.wasm' was detected as already compressed with format 'gzip'.
         The asset '/home/makani/honua-server/samples/Honua.StacOpsDemo/obj/Debug/net10.0/compressed/17dhutl4m3-{0}-783n01f2ja-783n01f2ja.gz' with related asset '/home/makani/honua-server/samples/Honua.StacOpsDemo/bin/Debug/net10.0/wwwroot/_framework/System.Net.Ping.783n01f2ja.wasm' was detected as already compressed with format 'gzip'.
         The asset '/home/makani/honua-server/samples/Honua.StacOpsDemo/obj/Debug/net10.0/compressed/me5kof9n0a-{0}-pstx0jw374-pstx0jw374.gz' with related asset '/home/makani/honua-server/samples/Honua.StacOpsDemo/bin/Debug/net10.0/wwwroot/_framework/System.Net.Primitives.pstx0jw374.wasm' was detected as already compressed with format 'gzip'.
         The asset '/home/makani/honua-server/samples/Honua.StacOpsDemo/obj/Debug/net10.0/compressed/atkselzet5-{0}-dj8trc6yee-dj8trc6yee.gz' with related asset '/home/makani/honua-server/samples/Honua.StacOpsDemo/bin/Debug/net10.0/wwwroot/_framework/System.Net.Quic.dj8trc6yee.wasm' was detected as already compressed with format 'gzip'.
         The asset '/home/makani/honua-server/samples/Honua.StacOpsDemo/obj/Debug/net10.0/compressed/i522mcx9lp-{0}-l70yyhjzub-l70yyhjzub.gz' with related asset '/home/makani/honua-server/samples/Honua.StacOpsDemo/bin/Debug/net10.0/wwwroot/_framework/System.Net.Requests.l70yyhjzub.wasm' was detected as already compressed with format 'gzip'.
         The asset '/home/makani/honua-server/samples/Honua.StacOpsDemo/obj/Debug/net10.0/compressed/44mvaearuj-{0}-r7o76f3x7n-r7o76f3x7n.gz' with related asset '/home/makani/honua-server/samples/Honua.StacOpsDemo/bin/Debug/net10.0/wwwroot/_framework/System.Net.Security.r7o76f3x7n.wasm' was detected as already compressed with format 'gzip'.
         The asset '/home/makani/honua-server/samples/Honua.StacOpsDemo/obj/Debug/net10.0/compressed/n6uafrti67-{0}-tgl8yc4d2m-tgl8yc4d2m.gz' with related asset '/home/makani/honua-server/samples/Honua.StacOpsDemo/bin/Debug/net10.0/wwwroot/_framework/System.Net.ServerSentEvents.tgl8yc4d2m.wasm' was detected as already compressed with format 'gzip'.
         The asset '/home/makani/honua-server/samples/Honua.StacOpsDemo/obj/Debug/net10.0/compressed/ail12caejg-{0}-052trdlw01-052trdlw01.gz' with related asset '/home/makani/honua-server/samples/Honua.StacOpsDemo/bin/Debug/net10.0/wwwroot/_framework/System.Net.ServicePoint.052trdlw01.wasm' was detected as already compressed with format 'gzip'.
         The asset '/home/makani/honua-server/samples/Honua.StacOpsDemo/obj/Debug/net10.0/compressed/ro6em1u3wk-{0}-u3mk3ahtq5-u3mk3ahtq5.gz' with related asset '/home/makani/honua-server/samples/Honua.StacOpsDemo/bin/Debug/net10.0/wwwroot/_framework/System.Net.Sockets.u3mk3ahtq5.wasm' was detected as already compressed with format 'gzip'.
         The asset '/home/makani/honua-server/samples/Honua.StacOpsDemo/obj/Debug/net10.0/compressed/hvh2kmrxl1-{0}-qqvr2j3pvg-qqvr2j3pvg.gz' with related asset '/home/makani/honua-server/samples/Honua.StacOpsDemo/bin/Debug/net10.0/wwwroot/_framework/System.Net.WebClient.qqvr2j3pvg.wasm' was detected as already compressed with format 'gzip'.
         The asset '/home/makani/honua-server/samples/Honua.StacOpsDemo/obj/Debug/net10.0/compressed/angjajhxrk-{0}-5uas6gg592-5uas6gg592.gz' with related asset '/home/makani/honua-server/samples/Honua.StacOpsDemo/bin/Debug/net10.0/wwwroot/_framework/System.Net.WebHeaderCollection.5uas6gg592.wasm' was detected as already compressed with format 'gzip'.
         The asset '/home/makani/honua-server/samples/Honua.StacOpsDemo/obj/Debug/net10.0/compressed/pkur5xx0ld-{0}-navlngkykk-navlngkykk.gz' with related asset '/home/makani/honua-server/samples/Honua.StacOpsDemo/bin/Debug/net10.0/wwwroot/_framework/System.Net.WebProxy.navlngkykk.wasm' was detected as already compressed with format 'gzip'.
         The asset '/home/makani/honua-server/samples/Honua.StacOpsDemo/obj/Debug/net10.0/compressed/il20ege3ns-{0}-7xkgcbvoi2-7xkgcbvoi2.gz' with related asset '/home/makani/honua-server/samples/Honua.StacOpsDemo/bin/Debug/net10.0/wwwroot/_framework/System.Net.WebSockets.Client.7xkgcbvoi2.wasm' was detected as already compressed with format 'gzip'.
         The asset '/home/makani/honua-server/samples/Honua.StacOpsDemo/obj/Debug/net10.0/compressed/5ocsh0cqe2-{0}-hmm17lo1vo-hmm17lo1vo.gz' with related asset '/home/makani/honua-server/samples/Honua.StacOpsDemo/bin/Debug/net10.0/wwwroot/_framework/System.Net.WebSockets.hmm17lo1vo.wasm' was detected as already compressed with format 'gzip'.
         The asset '/home/makani/honua-server/samples/Honua.StacOpsDemo/obj/Debug/net10.0/compressed/sdt44qukyn-{0}-gmaqhpvzve-gmaqhpvzve.gz' with related asset '/home/makani/honua-server/samples/Honua.StacOpsDemo/bin/Debug/net10.0/wwwroot/_framework/System.Net.gmaqhpvzve.wasm' was detected as already compressed with format 'gzip'.
         The asset '/home/makani/honua-server/samples/Honua.StacOpsDemo/obj/Debug/net10.0/compressed/3uztb4xsoo-{0}-ih9man0xaa-ih9man0xaa.gz' with related asset '/home/makani/honua-server/samples/Honua.StacOpsDemo/bin/Debug/net10.0/wwwroot/_framework/System.Numerics.Vectors.ih9man0xaa.wasm' was detected as already compressed with format 'gzip'.
         The asset '/home/makani/honua-server/samples/Honua.StacOpsDemo/obj/Debug/net10.0/compressed/r0x92wbh3m-{0}-w9v15jg7wg-w9v15jg7wg.gz' with related asset '/home/makani/honua-server/samples/Honua.StacOpsDemo/bin/Debug/net10.0/wwwroot/_framework/System.Numerics.w9v15jg7wg.wasm' was detected as already compressed with format 'gzip'.
         The asset '/home/makani/honua-server/samples/Honua.StacOpsDemo/obj/Debug/net10.0/compressed/f88uyiozp9-{0}-pwzbf3ywqb-pwzbf3ywqb.gz' with related asset '/home/makani/honua-server/samples/Honua.StacOpsDemo/bin/Debug/net10.0/wwwroot/_framework/System.ObjectModel.pwzbf3ywqb.wasm' was detected as already compressed with format 'gzip'.
         The asset '/home/makani/honua-server/samples/Honua.StacOpsDemo/obj/Debug/net10.0/compressed/6jr6u6khjh-{0}-ya7w2p8he6-ya7w2p8he6.gz' with related asset '/home/makani/honua-server/samples/Honua.StacOpsDemo/bin/Debug/net10.0/wwwroot/_framework/System.Private.DataContractSerialization.ya7w2p8he6.wasm' was detected as already compressed with format 'gzip'.
         The asset '/home/makani/honua-server/samples/Honua.StacOpsDemo/obj/Debug/net10.0/compressed/yho5n53r3s-{0}-ebclw1ctlb-ebclw1ctlb.gz' with related asset '/home/makani/honua-server/samples/Honua.StacOpsDemo/bin/Debug/net10.0/wwwroot/_framework/System.Private.Uri.ebclw1ctlb.wasm' was detected as already compressed with format 'gzip'.
         The asset '/home/makani/honua-server/samples/Honua.StacOpsDemo/obj/Debug/net10.0/compressed/zpllpdmcqo-{0}-esrdiz7prm-esrdiz7prm.gz' with related asset '/home/makani/honua-server/samples/Honua.StacOpsDemo/bin/Debug/net10.0/wwwroot/_framework/System.Private.Xml.Linq.esrdiz7prm.wasm' was detected as already compressed with format 'gzip'.
         The asset '/home/makani/honua-server/samples/Honua.StacOpsDemo/obj/Debug/net10.0/compressed/79a7q3fl4a-{0}-zese355etl-zese355etl.gz' with related asset '/home/makani/honua-server/samples/Honua.StacOpsDemo/bin/Debug/net10.0/wwwroot/_framework/System.Private.Xml.zese355etl.wasm' was detected as already compressed with format 'gzip'.
         The asset '/home/makani/honua-server/samples/Honua.StacOpsDemo/obj/Debug/net10.0/compressed/hmfltb35pp-{0}-db8njzbm5e-db8njzbm5e.gz' with related asset '/home/makani/honua-server/samples/Honua.StacOpsDemo/bin/Debug/net10.0/wwwroot/_framework/System.Reflection.DispatchProxy.db8njzbm5e.wasm' was detected as already compressed with format 'gzip'.
         The asset '/home/makani/honua-server/samples/Honua.StacOpsDemo/obj/Debug/net10.0/compressed/xbdj936giy-{0}-5li0z45f7b-5li0z45f7b.gz' with related asset '/home/makani/honua-server/samples/Honua.StacOpsDemo/bin/Debug/net10.0/wwwroot/_framework/System.Reflection.Emit.ILGeneration.5li0z45f7b.wasm' was detected as already compressed with format 'gzip'.
         The asset '/home/makani/honua-server/samples/Honua.StacOpsDemo/obj/Debug/net10.0/compressed/tzhr3gdw3t-{0}-qjvufgr3wc-qjvufgr3wc.gz' with related asset '/home/makani/honua-server/samples/Honua.StacOpsDemo/bin/Debug/net10.0/wwwroot/_framework/System.Reflection.Emit.Lightweight.qjvufgr3wc.wasm' was detected as already compressed with format 'gzip'.
         The asset '/home/makani/honua-server/samples/Honua.StacOpsDemo/obj/Debug/net10.0/compressed/5563ya30h5-{0}-wyf2c3g3ob-wyf2c3g3ob.gz' with related asset '/home/makani/honua-server/samples/Honua.StacOpsDemo/bin/Debug/net10.0/wwwroot/_framework/System.Reflection.Emit.wyf2c3g3ob.wasm' was detected as already compressed with format 'gzip'.
         The asset '/home/makani/honua-server/samples/Honua.StacOpsDemo/obj/Debug/net10.0/compressed/co09fbluoc-{0}-5423st4px4-5423st4px4.gz' with related asset '/home/makani/honua-server/samples/Honua.StacOpsDemo/bin/Debug/net10.0/wwwroot/_framework/System.Reflection.Extensions.5423st4px4.wasm' was detected as already compressed with format 'gzip'.
         The asset '/home/makani/honua-server/samples/Honua.StacOpsDemo/obj/Debug/net10.0/compressed/bz7oo1wa9w-{0}-9jlh4rmm5n-9jlh4rmm5n.gz' with related asset '/home/makani/honua-server/samples/Honua.StacOpsDemo/bin/Debug/net10.0/wwwroot/_framework/System.Reflection.Metadata.9jlh4rmm5n.wasm' was detected as already compressed with format 'gzip'.
         The asset '/home/makani/honua-server/samples/Honua.StacOpsDemo/obj/Debug/net10.0/compressed/k7olfngbq6-{0}-yippb5hjvi-yippb5hjvi.gz' with related asset '/home/makani/honua-server/samples/Honua.StacOpsDemo/bin/Debug/net10.0/wwwroot/_framework/System.Reflection.Primitives.yippb5hjvi.wasm' was detected as already compressed with format 'gzip'.
         The asset '/home/makani/honua-server/samples/Honua.StacOpsDemo/obj/Debug/net10.0/compressed/ym6bkptd70-{0}-j1u7dn4u7m-j1u7dn4u7m.gz' with related asset '/home/makani/honua-server/samples/Honua.StacOpsDemo/bin/Debug/net10.0/wwwroot/_framework/System.Reflection.TypeExtensions.j1u7dn4u7m.wasm' was detected as already compressed with format 'gzip'.
         The asset '/home/makani/honua-server/samples/Honua.StacOpsDemo/obj/Debug/net10.0/compressed/tikuaaytlm-{0}-e4ad5khic1-e4ad5khic1.gz' with related asset '/home/makani/honua-server/samples/Honua.StacOpsDemo/bin/Debug/net10.0/wwwroot/_framework/System.Reflection.e4ad5khic1.wasm' was detected as already compressed with format 'gzip'.
         The asset '/home/makani/honua-server/samples/Honua.StacOpsDemo/obj/Debug/net10.0/compressed/tlbjxcgqye-{0}-xlkk3ynoru-xlkk3ynoru.gz' with related asset '/home/makani/honua-server/samples/Honua.StacOpsDemo/bin/Debug/net10.0/wwwroot/_framework/System.Resources.Reader.xlkk3ynoru.wasm' was detected as already compressed with format 'gzip'.
         The asset '/home/makani/honua-server/samples/Honua.StacOpsDemo/obj/Debug/net10.0/compressed/2xyzgtdipa-{0}-eugtqi7331-eugtqi7331.gz' with related asset '/home/makani/honua-server/samples/Honua.StacOpsDemo/bin/Debug/net10.0/wwwroot/_framework/System.Resources.ResourceManager.eugtqi7331.wasm' was detected as already compressed with format 'gzip'.
         The asset '/home/makani/honua-server/samples/Honua.StacOpsDemo/obj/Debug/net10.0/compressed/pmvrbma0gf-{0}-depxp3za4f-depxp3za4f.gz' with related asset '/home/makani/honua-server/samples/Honua.StacOpsDemo/bin/Debug/net10.0/wwwroot/_framework/System.Resources.Writer.depxp3za4f.wasm' was detected as already compressed with format 'gzip'.
         The asset '/home/makani/honua-server/samples/Honua.StacOpsDemo/obj/Debug/net10.0/compressed/u5prte7ey7-{0}-qm5biyh995-qm5biyh995.gz' with related asset '/home/makani/honua-server/samples/Honua.StacOpsDemo/bin/Debug/net10.0/wwwroot/_framework/System.Runtime.CompilerServices.Unsafe.qm5biyh995.wasm' was detected as already compressed with format 'gzip'.
         The asset '/home/makani/honua-server/samples/Honua.StacOpsDemo/obj/Debug/net10.0/compressed/4iijx32zy2-{0}-vjh10io2ol-vjh10io2ol.gz' with related asset '/home/makani/honua-server/samples/Honua.StacOpsDemo/bin/Debug/net10.0/wwwroot/_framework/System.Runtime.CompilerServices.VisualC.vjh10io2ol.wasm' was detected as already compressed with format 'gzip'.
         The asset '/home/makani/honua-server/samples/Honua.StacOpsDemo/obj/Debug/net10.0/compressed/zl2c5jkehc-{0}-gm74y2bo0g-gm74y2bo0g.gz' with related asset '/home/makani/honua-server/samples/Honua.StacOpsDemo/bin/Debug/net10.0/wwwroot/_framework/System.Runtime.Extensions.gm74y2bo0g.wasm' was detected as already compressed with format 'gzip'.
         The asset '/home/makani/honua-server/samples/Honua.StacOpsDemo/obj/Debug/net10.0/compressed/3rb7og3sm1-{0}-ujbtg86el3-ujbtg86el3.gz' with related asset '/home/makani/honua-server/samples/Honua.StacOpsDemo/bin/Debug/net10.0/wwwroot/_framework/System.Runtime.Handles.ujbtg86el3.wasm' was detected as already compressed with format 'gzip'.
         The asset '/home/makani/honua-server/samples/Honua.StacOpsDemo/obj/Debug/net10.0/compressed/26cpctdwwz-{0}-e22nl7riy4-e22nl7riy4.gz' with related asset '/home/makani/honua-server/samples/Honua.StacOpsDemo/bin/Debug/net10.0/wwwroot/_framework/System.Runtime.InteropServices.JavaScript.e22nl7riy4.wasm' was detected as already compressed with format 'gzip'.
         The asset '/home/makani/honua-server/samples/Honua.StacOpsDemo/obj/Debug/net10.0/compressed/9dav39wf3d-{0}-ha950r0i18-ha950r0i18.gz' with related asset '/home/makani/honua-server/samples/Honua.StacOpsDemo/bin/Debug/net10.0/wwwroot/_framework/System.Runtime.InteropServices.RuntimeInformation.ha950r0i18.wasm' was detected as already compressed with format 'gzip'.
         The asset '/home/makani/honua-server/samples/Honua.StacOpsDemo/obj/Debug/net10.0/compressed/q19grd70h9-{0}-g1w1fits1p-g1w1fits1p.gz' with related asset '/home/makani/honua-server/samples/Honua.StacOpsDemo/bin/Debug/net10.0/wwwroot/_framework/System.Runtime.InteropServices.g1w1fits1p.wasm' was detected as already compressed with format 'gzip'.
         The asset '/home/makani/honua-server/samples/Honua.StacOpsDemo/obj/Debug/net10.0/compressed/yy7r7yqiog-{0}-7n7jt1ms3p-7n7jt1ms3p.gz' with related asset '/home/makani/honua-server/samples/Honua.StacOpsDemo/bin/Debug/net10.0/wwwroot/_framework/System.Runtime.Intrinsics.7n7jt1ms3p.wasm' was detected as already compressed with format 'gzip'.
         The asset '/home/makani/honua-server/samples/Honua.StacOpsDemo/obj/Debug/net10.0/compressed/e3qqxfy55p-{0}-13t1lxa6p2-13t1lxa6p2.gz' with related asset '/home/makani/honua-server/samples/Honua.StacOpsDemo/bin/Debug/net10.0/wwwroot/_framework/System.Runtime.Loader.13t1lxa6p2.wasm' was detected as already compressed with format 'gzip'.
         The asset '/home/makani/honua-server/samples/Honua.StacOpsDemo/obj/Debug/net10.0/compressed/inqasvlfq6-{0}-bcciqwoqxp-bcciqwoqxp.gz' with related asset '/home/makani/honua-server/samples/Honua.StacOpsDemo/bin/Debug/net10.0/wwwroot/_framework/System.Runtime.Numerics.bcciqwoqxp.wasm' was detected as already compressed with format 'gzip'.
         The asset '/home/makani/honua-server/samples/Honua.StacOpsDemo/obj/Debug/net10.0/compressed/ibdrou6ilo-{0}-wecoe44nmz-wecoe44nmz.gz' with related asset '/home/makani/honua-server/samples/Honua.StacOpsDemo/bin/Debug/net10.0/wwwroot/_framework/System.Runtime.Serialization.Formatters.wecoe44nmz.wasm' was detected as already compressed with format 'gzip'.
         The asset '/home/makani/honua-server/samples/Honua.StacOpsDemo/obj/Debug/net10.0/compressed/0b40gznxnc-{0}-8dz8w33dsz-8dz8w33dsz.gz' with related asset '/home/makani/honua-server/samples/Honua.StacOpsDemo/bin/Debug/net10.0/wwwroot/_framework/System.Runtime.Serialization.Json.8dz8w33dsz.wasm' was detected as already compressed with format 'gzip'.
         The asset '/home/makani/honua-server/samples/Honua.StacOpsDemo/obj/Debug/net10.0/compressed/1pzowrggl7-{0}-m05m0pm5oq-m05m0pm5oq.gz' with related asset '/home/makani/honua-server/samples/Honua.StacOpsDemo/bin/Debug/net10.0/wwwroot/_framework/System.Runtime.Serialization.Primitives.m05m0pm5oq.wasm' was detected as already compressed with format 'gzip'.
         The asset '/home/makani/honua-server/samples/Honua.StacOpsDemo/obj/Debug/net10.0/compressed/wqbstqhw68-{0}-79xb2e70lp-79xb2e70lp.gz' with related asset '/home/makani/honua-server/samples/Honua.StacOpsDemo/bin/Debug/net10.0/wwwroot/_framework/System.Runtime.Serialization.Xml.79xb2e70lp.wasm' was detected as already compressed with format 'gzip'.
         The asset '/home/makani/honua-server/samples/Honua.StacOpsDemo/obj/Debug/net10.0/compressed/oxie03b6q2-{0}-uyi2fb0103-uyi2fb0103.gz' with related asset '/home/makani/honua-server/samples/Honua.StacOpsDemo/bin/Debug/net10.0/wwwroot/_framework/System.Runtime.Serialization.uyi2fb0103.wasm' was detected as already compressed with format 'gzip'.
         The asset '/home/makani/honua-server/samples/Honua.StacOpsDemo/obj/Debug/net10.0/compressed/1f8jonzejp-{0}-69m00wu7n6-69m00wu7n6.gz' with related asset '/home/makani/honua-server/samples/Honua.StacOpsDemo/bin/Debug/net10.0/wwwroot/_framework/System.Runtime.69m00wu7n6.wasm' was detected as already compressed with format 'gzip'.
         The asset '/home/makani/honua-server/samples/Honua.StacOpsDemo/obj/Debug/net10.0/compressed/abcr8y6h81-{0}-rv6iq87t46-rv6iq87t46.gz' with related asset '/home/makani/honua-server/samples/Honua.StacOpsDemo/bin/Debug/net10.0/wwwroot/_framework/System.Security.AccessControl.rv6iq87t46.wasm' was detected as already compressed with format 'gzip'.
         The asset '/home/makani/honua-server/samples/Honua.StacOpsDemo/obj/Debug/net10.0/compressed/1lio3ko3a9-{0}-2pchagji9k-2pchagji9k.gz' with related asset '/home/makani/honua-server/samples/Honua.StacOpsDemo/bin/Debug/net10.0/wwwroot/_framework/System.Security.Claims.2pchagji9k.wasm' was detected as already compressed with format 'gzip'.
         The asset '/home/makani/honua-server/samples/Honua.StacOpsDemo/obj/Debug/net10.0/compressed/v7k40j93o9-{0}-tba5tu29wv-tba5tu29wv.gz' with related asset '/home/makani/honua-server/samples/Honua.StacOpsDemo/bin/Debug/net10.0/wwwroot/_framework/System.Security.Cryptography.Algorithms.tba5tu29wv.wasm' was detected as already compressed with format 'gzip'.
         The asset '/home/makani/honua-server/samples/Honua.StacOpsDemo/obj/Debug/net10.0/compressed/fiaxe2d5hg-{0}-q19w88bn7l-q19w88bn7l.gz' with related asset '/home/makani/honua-server/samples/Honua.StacOpsDemo/bin/Debug/net10.0/wwwroot/_framework/System.Security.Cryptography.Cng.q19w88bn7l.wasm' was detected as already compressed with format 'gzip'.
         The asset '/home/makani/honua-server/samples/Honua.StacOpsDemo/obj/Debug/net10.0/compressed/rfz6t1sz88-{0}-lmdq3p0hzc-lmdq3p0hzc.gz' with related asset '/home/makani/honua-server/samples/Honua.StacOpsDemo/bin/Debug/net10.0/wwwroot/_framework/System.Security.Cryptography.Csp.lmdq3p0hzc.wasm' was detected as already compressed with format 'gzip'.
         The asset '/home/makani/honua-server/samples/Honua.StacOpsDemo/obj/Debug/net10.0/compressed/dmiag02m9t-{0}-irtnamfpwo-irtnamfpwo.gz' with related asset '/home/makani/honua-server/samples/Honua.StacOpsDemo/bin/Debug/net10.0/wwwroot/_framework/System.Security.Cryptography.Encoding.irtnamfpwo.wasm' was detected as already compressed with format 'gzip'.
         The asset '/home/makani/honua-server/samples/Honua.StacOpsDemo/obj/Debug/net10.0/compressed/5biepo1c2v-{0}-ctfxrq7l33-ctfxrq7l33.gz' with related asset '/home/makani/honua-server/samples/Honua.StacOpsDemo/bin/Debug/net10.0/wwwroot/_framework/System.Security.Cryptography.OpenSsl.ctfxrq7l33.wasm' was detected as already compressed with format 'gzip'.
         The asset '/home/makani/honua-server/samples/Honua.StacOpsDemo/obj/Debug/net10.0/compressed/o8a7pjo347-{0}-wfl2haanmw-wfl2haanmw.gz' with related asset '/home/makani/honua-server/samples/Honua.StacOpsDemo/bin/Debug/net10.0/wwwroot/_framework/System.Security.Cryptography.Primitives.wfl2haanmw.wasm' was detected as already compressed with format 'gzip'.
         The asset '/home/makani/honua-server/samples/Honua.StacOpsDemo/obj/Debug/net10.0/compressed/ucd6b0ho7g-{0}-jk1euj9vu9-jk1euj9vu9.gz' with related asset '/home/makani/honua-server/samples/Honua.StacOpsDemo/bin/Debug/net10.0/wwwroot/_framework/System.Security.Cryptography.X509Certificates.jk1euj9vu9.wasm' was detected as already compressed with format 'gzip'.
         The asset '/home/makani/honua-server/samples/Honua.StacOpsDemo/obj/Debug/net10.0/compressed/363m0e59b6-{0}-s9jclef89k-s9jclef89k.gz' with related asset '/home/makani/honua-server/samples/Honua.StacOpsDemo/bin/Debug/net10.0/wwwroot/_framework/System.Security.Cryptography.s9jclef89k.wasm' was detected as already compressed with format 'gzip'.
         The asset '/home/makani/honua-server/samples/Honua.StacOpsDemo/obj/Debug/net10.0/compressed/zdacgqktiy-{0}-s3g4fx319q-s3g4fx319q.gz' with related asset '/home/makani/honua-server/samples/Honua.StacOpsDemo/bin/Debug/net10.0/wwwroot/_framework/System.Security.Principal.Windows.s3g4fx319q.wasm' was detected as already compressed with format 'gzip'.
         The asset '/home/makani/honua-server/samples/Honua.StacOpsDemo/obj/Debug/net10.0/compressed/hhvq3rjjid-{0}-5ic1w2xffg-5ic1w2xffg.gz' with related asset '/home/makani/honua-server/samples/Honua.StacOpsDemo/bin/Debug/net10.0/wwwroot/_framework/System.Security.Principal.5ic1w2xffg.wasm' was detected as already compressed with format 'gzip'.
         The asset '/home/makani/honua-server/samples/Honua.StacOpsDemo/obj/Debug/net10.0/compressed/zvthpu2rv9-{0}-akn0vk63vp-akn0vk63vp.gz' with related asset '/home/makani/honua-server/samples/Honua.StacOpsDemo/bin/Debug/net10.0/wwwroot/_framework/System.Security.SecureString.akn0vk63vp.wasm' was detected as already compressed with format 'gzip'.
         The asset '/home/makani/honua-server/samples/Honua.StacOpsDemo/obj/Debug/net10.0/compressed/6b4w5o22us-{0}-hy6omngq8z-hy6omngq8z.gz' with related asset '/home/makani/honua-server/samples/Honua.StacOpsDemo/bin/Debug/net10.0/wwwroot/_framework/System.Security.hy6omngq8z.wasm' was detected as already compressed with format 'gzip'.
         The asset '/home/makani/honua-server/samples/Honua.StacOpsDemo/obj/Debug/net10.0/compressed/0v4jm0flgs-{0}-c7chznvmm3-c7chznvmm3.gz' with related asset '/home/makani/honua-server/samples/Honua.StacOpsDemo/bin/Debug/net10.0/wwwroot/_framework/System.ServiceModel.Web.c7chznvmm3.wasm' was detected as already compressed with format 'gzip'.
         The asset '/home/makani/honua-server/samples/Honua.StacOpsDemo/obj/Debug/net10.0/compressed/h6g92w3iif-{0}-mfsa3z03lw-mfsa3z03lw.gz' with related asset '/home/makani/honua-server/samples/Honua.StacOpsDemo/bin/Debug/net10.0/wwwroot/_framework/System.ServiceProcess.mfsa3z03lw.wasm' was detected as already compressed with format 'gzip'.
         The asset '/home/makani/honua-server/samples/Honua.StacOpsDemo/obj/Debug/net10.0/compressed/omyfd9z1iu-{0}-apclussnua-apclussnua.gz' with related asset '/home/makani/honua-server/samples/Honua.StacOpsDemo/bin/Debug/net10.0/wwwroot/_framework/System.Text.Encoding.CodePages.apclussnua.wasm' was detected as already compressed with format 'gzip'.
         The asset '/home/makani/honua-server/samples/Honua.StacOpsDemo/obj/Debug/net10.0/compressed/j816dukew1-{0}-kny0la5npq-kny0la5npq.gz' with related asset '/home/makani/honua-server/samples/Honua.StacOpsDemo/bin/Debug/net10.0/wwwroot/_framework/System.Text.Encoding.Extensions.kny0la5npq.wasm' was detected as already compressed with format 'gzip'.
         The asset '/home/makani/honua-server/samples/Honua.StacOpsDemo/obj/Debug/net10.0/compressed/8jp2s21y9s-{0}-4bprmgilq2-4bprmgilq2.gz' with related asset '/home/makani/honua-server/samples/Honua.StacOpsDemo/bin/Debug/net10.0/wwwroot/_framework/System.Text.Encoding.4bprmgilq2.wasm' was detected as already compressed with format 'gzip'.
         The asset '/home/makani/honua-server/samples/Honua.StacOpsDemo/obj/Debug/net10.0/compressed/umoq2unpub-{0}-z4o1x288hz-z4o1x288hz.gz' with related asset '/home/makani/honua-server/samples/Honua.StacOpsDemo/bin/Debug/net10.0/wwwroot/_framework/System.Text.Encodings.Web.z4o1x288hz.wasm' was detected as already compressed with format 'gzip'.
         The asset '/home/makani/honua-server/samples/Honua.StacOpsDemo/obj/Debug/net10.0/compressed/5w953iyxyd-{0}-ytv8luxawq-ytv8luxawq.gz' with related asset '/home/makani/honua-server/samples/Honua.StacOpsDemo/bin/Debug/net10.0/wwwroot/_framework/System.Text.Json.ytv8luxawq.wasm' was detected as already compressed with format 'gzip'.
         The asset '/home/makani/honua-server/samples/Honua.StacOpsDemo/obj/Debug/net10.0/compressed/6ksa9x2j9g-{0}-i57ntutovo-i57ntutovo.gz' with related asset '/home/makani/honua-server/samples/Honua.StacOpsDemo/bin/Debug/net10.0/wwwroot/_framework/System.Text.RegularExpressions.i57ntutovo.wasm' was detected as already compressed with format 'gzip'.
         The asset '/home/makani/honua-server/samples/Honua.StacOpsDemo/obj/Debug/net10.0/compressed/5x5ewz2eb8-{0}-vkhht9s4s0-vkhht9s4s0.gz' with related asset '/home/makani/honua-server/samples/Honua.StacOpsDemo/bin/Debug/net10.0/wwwroot/_framework/System.Threading.AccessControl.vkhht9s4s0.wasm' was detected as already compressed with format 'gzip'.
         The asset '/home/makani/honua-server/samples/Honua.StacOpsDemo/obj/Debug/net10.0/compressed/0d2ncz0uol-{0}-ici4sc8c5d-ici4sc8c5d.gz' with related asset '/home/makani/honua-server/samples/Honua.StacOpsDemo/bin/Debug/net10.0/wwwroot/_framework/System.Threading.Channels.ici4sc8c5d.wasm' was detected as already compressed with format 'gzip'.
         The asset '/home/makani/honua-server/samples/Honua.StacOpsDemo/obj/Debug/net10.0/compressed/5c7jbdk9bc-{0}-gbkwu8tis9-gbkwu8tis9.gz' with related asset '/home/makani/honua-server/samples/Honua.StacOpsDemo/bin/Debug/net10.0/wwwroot/_framework/System.Threading.Overlapped.gbkwu8tis9.wasm' was detected as already compressed with format 'gzip'.
         The asset '/home/makani/honua-server/samples/Honua.StacOpsDemo/obj/Debug/net10.0/compressed/ee35dibsqi-{0}-5hsbzkigfv-5hsbzkigfv.gz' with related asset '/home/makani/honua-server/samples/Honua.StacOpsDemo/bin/Debug/net10.0/wwwroot/_framework/System.Threading.Tasks.Dataflow.5hsbzkigfv.wasm' was detected as already compressed with format 'gzip'.
         The asset '/home/makani/honua-server/samples/Honua.StacOpsDemo/obj/Debug/net10.0/compressed/tr6h8e8qfe-{0}-nc1yghpvaj-nc1yghpvaj.gz' with related asset '/home/makani/honua-server/samples/Honua.StacOpsDemo/bin/Debug/net10.0/wwwroot/_framework/System.Threading.Tasks.Extensions.nc1yghpvaj.wasm' was detected as already compressed with format 'gzip'.
         The asset '/home/makani/honua-server/samples/Honua.StacOpsDemo/obj/Debug/net10.0/compressed/43t9vnh1fg-{0}-4n1o4dxc9j-4n1o4dxc9j.gz' with related asset '/home/makani/honua-server/samples/Honua.StacOpsDemo/bin/Debug/net10.0/wwwroot/_framework/System.Threading.Tasks.Parallel.4n1o4dxc9j.wasm' was detected as already compressed with format 'gzip'.
         The asset '/home/makani/honua-server/samples/Honua.StacOpsDemo/obj/Debug/net10.0/compressed/msvfnc4892-{0}-rx5istkt3h-rx5istkt3h.gz' with related asset '/home/makani/honua-server/samples/Honua.StacOpsDemo/bin/Debug/net10.0/wwwroot/_framework/System.Threading.Tasks.rx5istkt3h.wasm' was detected as already compressed with format 'gzip'.
         The asset '/home/makani/honua-server/samples/Honua.StacOpsDemo/obj/Debug/net10.0/compressed/pkqie454cn-{0}-43ap29e3sq-43ap29e3sq.gz' with related asset '/home/makani/honua-server/samples/Honua.StacOpsDemo/bin/Debug/net10.0/wwwroot/_framework/System.Threading.Thread.43ap29e3sq.wasm' was detected as already compressed with format 'gzip'.
         The asset '/home/makani/honua-server/samples/Honua.StacOpsDemo/obj/Debug/net10.0/compressed/0vfyfqsqug-{0}-7gbfkrjizt-7gbfkrjizt.gz' with related asset '/home/makani/honua-server/samples/Honua.StacOpsDemo/bin/Debug/net10.0/wwwroot/_framework/System.Threading.ThreadPool.7gbfkrjizt.wasm' was detected as already compressed with format 'gzip'.
         The asset '/home/makani/honua-server/samples/Honua.StacOpsDemo/obj/Debug/net10.0/compressed/rszr2j1a4k-{0}-kkeuksfj0m-kkeuksfj0m.gz' with related asset '/home/makani/honua-server/samples/Honua.StacOpsDemo/bin/Debug/net10.0/wwwroot/_framework/System.Threading.Timer.kkeuksfj0m.wasm' was detected as already compressed with format 'gzip'.
         The asset '/home/makani/honua-server/samples/Honua.StacOpsDemo/obj/Debug/net10.0/compressed/df2pqzcp0s-{0}-57sxvma12c-57sxvma12c.gz' with related asset '/home/makani/honua-server/samples/Honua.StacOpsDemo/bin/Debug/net10.0/wwwroot/_framework/System.Threading.57sxvma12c.wasm' was detected as already compressed with format 'gzip'.
         The asset '/home/makani/honua-server/samples/Honua.StacOpsDemo/obj/Debug/net10.0/compressed/l8c11rfysz-{0}-kjba88uqo5-kjba88uqo5.gz' with related asset '/home/makani/honua-server/samples/Honua.StacOpsDemo/bin/Debug/net10.0/wwwroot/_framework/System.Transactions.Local.kjba88uqo5.wasm' was detected as already compressed with format 'gzip'.
         The asset '/home/makani/honua-server/samples/Honua.StacOpsDemo/obj/Debug/net10.0/compressed/jj58t233e2-{0}-yd5orfj1dk-yd5orfj1dk.gz' with related asset '/home/makani/honua-server/samples/Honua.StacOpsDemo/bin/Debug/net10.0/wwwroot/_framework/System.Transactions.yd5orfj1dk.wasm' was detected as already compressed with format 'gzip'.
         The asset '/home/makani/honua-server/samples/Honua.StacOpsDemo/obj/Debug/net10.0/compressed/j4ps4ft7qc-{0}-x5xctdxzrq-x5xctdxzrq.gz' with related asset '/home/makani/honua-server/samples/Honua.StacOpsDemo/bin/Debug/net10.0/wwwroot/_framework/System.ValueTuple.x5xctdxzrq.wasm' was detected as already compressed with format 'gzip'.
         The asset '/home/makani/honua-server/samples/Honua.StacOpsDemo/obj/Debug/net10.0/compressed/p4ve9pa9t8-{0}-1a72cmhu6i-1a72cmhu6i.gz' with related asset '/home/makani/honua-server/samples/Honua.StacOpsDemo/bin/Debug/net10.0/wwwroot/_framework/System.Web.HttpUtility.1a72cmhu6i.wasm' was detected as already compressed with format 'gzip'.
         The asset '/home/makani/honua-server/samples/Honua.StacOpsDemo/obj/Debug/net10.0/compressed/f8jhkitt1y-{0}-ilju54fcp2-ilju54fcp2.gz' with related asset '/home/makani/honua-server/samples/Honua.StacOpsDemo/bin/Debug/net10.0/wwwroot/_framework/System.Web.ilju54fcp2.wasm' was detected as already compressed with format 'gzip'.
         The asset '/home/makani/honua-server/samples/Honua.StacOpsDemo/obj/Debug/net10.0/compressed/7iw4fplrtp-{0}-gr5k60s0oe-gr5k60s0oe.gz' with related asset '/home/makani/honua-server/samples/Honua.StacOpsDemo/bin/Debug/net10.0/wwwroot/_framework/System.Windows.gr5k60s0oe.wasm' was detected as already compressed with format 'gzip'.
         The asset '/home/makani/honua-server/samples/Honua.StacOpsDemo/obj/Debug/net10.0/compressed/mvjitgbd1j-{0}-plyvi1r5s9-plyvi1r5s9.gz' with related asset '/home/makani/honua-server/samples/Honua.StacOpsDemo/bin/Debug/net10.0/wwwroot/_framework/System.Xml.Linq.plyvi1r5s9.wasm' was detected as already compressed with format 'gzip'.
         The asset '/home/makani/honua-server/samples/Honua.StacOpsDemo/obj/Debug/net10.0/compressed/gyvtozmpbe-{0}-pt2dqzuhaf-pt2dqzuhaf.gz' with related asset '/home/makani/honua-server/samples/Honua.StacOpsDemo/bin/Debug/net10.0/wwwroot/_framework/System.Xml.ReaderWriter.pt2dqzuhaf.wasm' was detected as already compressed with format 'gzip'.
         The asset '/home/makani/honua-server/samples/Honua.StacOpsDemo/obj/Debug/net10.0/compressed/4s44gx31lc-{0}-ygdmhmuqdp-ygdmhmuqdp.gz' with related asset '/home/makani/honua-server/samples/Honua.StacOpsDemo/bin/Debug/net10.0/wwwroot/_framework/System.Xml.Serialization.ygdmhmuqdp.wasm' was detected as already compressed with format 'gzip'.
         The asset '/home/makani/honua-server/samples/Honua.StacOpsDemo/obj/Debug/net10.0/compressed/0up40zqgpr-{0}-olv3u76k95-olv3u76k95.gz' with related asset '/home/makani/honua-server/samples/Honua.StacOpsDemo/bin/Debug/net10.0/wwwroot/_framework/System.Xml.XDocument.olv3u76k95.wasm' was detected as already compressed with format 'gzip'.
         The asset '/home/makani/honua-server/samples/Honua.StacOpsDemo/obj/Debug/net10.0/compressed/z9jdqvwsoe-{0}-m5wc9z7e1k-m5wc9z7e1k.gz' with related asset '/home/makani/honua-server/samples/Honua.StacOpsDemo/bin/Debug/net10.0/wwwroot/_framework/System.Xml.XPath.XDocument.m5wc9z7e1k.wasm' was detected as already compressed with format 'gzip'.
         The asset '/home/makani/honua-server/samples/Honua.StacOpsDemo/obj/Debug/net10.0/compressed/pv3kvcu4lf-{0}-dd748ds2m7-dd748ds2m7.gz' with related asset '/home/makani/honua-server/samples/Honua.StacOpsDemo/bin/Debug/net10.0/wwwroot/_framework/System.Xml.XPath.dd748ds2m7.wasm' was detected as already compressed with format 'gzip'.
         The asset '/home/makani/honua-server/samples/Honua.StacOpsDemo/obj/Debug/net10.0/compressed/v03ehf7lkw-{0}-4gwmhmdbax-4gwmhmdbax.gz' with related asset '/home/makani/honua-server/samples/Honua.StacOpsDemo/bin/Debug/net10.0/wwwroot/_framework/System.Xml.XmlDocument.4gwmhmdbax.wasm' was detected as already compressed with format 'gzip'.
         The asset '/home/makani/honua-server/samples/Honua.StacOpsDemo/obj/Debug/net10.0/compressed/h4k31nsp6j-{0}-v02wvgnobf-v02wvgnobf.gz' with related asset '/home/makani/honua-server/samples/Honua.StacOpsDemo/bin/Debug/net10.0/wwwroot/_framework/System.Xml.XmlSerializer.v02wvgnobf.wasm' was detected as already compressed with format 'gzip'.
         The asset '/home/makani/honua-server/samples/Honua.StacOpsDemo/obj/Debug/net10.0/compressed/qrh6mdnvb6-{0}-o33u56xp8u-o33u56xp8u.gz' with related asset '/home/makani/honua-server/samples/Honua.StacOpsDemo/bin/Debug/net10.0/wwwroot/_framework/System.Xml.o33u56xp8u.wasm' was detected as already compressed with format 'gzip'.
         The asset '/home/makani/honua-server/samples/Honua.StacOpsDemo/obj/Debug/net10.0/compressed/q6u1pf8oa7-{0}-gxdw562h4s-gxdw562h4s.gz' with related asset '/home/makani/honua-server/samples/Honua.StacOpsDemo/bin/Debug/net10.0/wwwroot/_framework/System.gxdw562h4s.wasm' was detected as already compressed with format 'gzip'.
         The asset '/home/makani/honua-server/samples/Honua.StacOpsDemo/obj/Debug/net10.0/compressed/m5m7loui1f-{0}-itp3e5i1h2-itp3e5i1h2.gz' with related asset '/home/makani/honua-server/samples/Honua.StacOpsDemo/bin/Debug/net10.0/wwwroot/_framework/WindowsBase.itp3e5i1h2.wasm' was detected as already compressed with format 'gzip'.
         The asset '/home/makani/honua-server/samples/Honua.StacOpsDemo/obj/Debug/net10.0/compressed/xsgkdwin7k-{0}-k0eqaq9do2-k0eqaq9do2.gz' with related asset '/home/makani/honua-server/samples/Honua.StacOpsDemo/bin/Debug/net10.0/wwwroot/_framework/mscorlib.k0eqaq9do2.wasm' was detected as already compressed with format 'gzip'.
         The asset '/home/makani/honua-server/samples/Honua.StacOpsDemo/obj/Debug/net10.0/compressed/pa0zowdt62-{0}-xl4f7m8snf-xl4f7m8snf.gz' with related asset '/home/makani/honua-server/samples/Honua.StacOpsDemo/bin/Debug/net10.0/wwwroot/_framework/netstandard.xl4f7m8snf.wasm' was detected as already compressed with format 'gzip'.
         The asset '/home/makani/honua-server/samples/Honua.StacOpsDemo/obj/Debug/net10.0/compressed/wumiok2xvi-{0}-mwo4f5vsvi-mwo4f5vsvi.gz' with related asset '/home/makani/honua-server/samples/Honua.StacOpsDemo/bin/Debug/net10.0/wwwroot/_framework/System.Private.CoreLib.mwo4f5vsvi.wasm' was detected as already compressed with format 'gzip'.
         The asset '/home/makani/honua-server/samples/Honua.StacOpsDemo/obj/Debug/net10.0/compressed/n8rcqdh6uc-{0}-5y9laxu2f8-5y9laxu2f8.gz' with related asset '/home/makani/honua-server/samples/Honua.StacOpsDemo/bin/Debug/net10.0/wwwroot/_framework/dotnet.js.map' was detected as already compressed with format 'gzip'.
         The asset '/home/makani/honua-server/samples/Honua.StacOpsDemo/obj/Debug/net10.0/compressed/mazqxrp54m-{0}-69poregybn-69poregybn.gz' with related asset '/home/makani/honua-server/samples/Honua.StacOpsDemo/bin/Debug/net10.0/wwwroot/_framework/dotnet.native.69poregybn.js' was detected as already compressed with format 'gzip'.
         The asset '/home/makani/honua-server/samples/Honua.StacOpsDemo/obj/Debug/net10.0/compressed/k0utltoeuv-{0}-2mv1pqdd2n-2mv1pqdd2n.gz' with related asset '/home/makani/honua-server/samples/Honua.StacOpsDemo/bin/Debug/net10.0/wwwroot/_framework/dotnet.native.2mv1pqdd2n.wasm' was detected as already compressed with format 'gzip'.
         The asset '/home/makani/honua-server/samples/Honua.StacOpsDemo/obj/Debug/net10.0/compressed/d000g27rrt-{0}-q5rqv3xrhm-q5rqv3xrhm.gz' with related asset '/home/makani/honua-server/samples/Honua.StacOpsDemo/bin/Debug/net10.0/wwwroot/_framework/dotnet.runtime.q5rqv3xrhm.js' was detected as already compressed with format 'gzip'.
         The asset '/home/makani/honua-server/samples/Honua.StacOpsDemo/obj/Debug/net10.0/compressed/q3pl4zf6a6-{0}-5kqprya74h-5kqprya74h.gz' with related asset '/home/makani/honua-server/samples/Honua.StacOpsDemo/bin/Debug/net10.0/wwwroot/_framework/dotnet.runtime.js.map' was detected as already compressed with format 'gzip'.
         The asset '/home/makani/honua-server/samples/Honua.StacOpsDemo/obj/Debug/net10.0/compressed/yhsfc1ql85-{0}-tjcz0u77k5-tjcz0u77k5.gz' with related asset '/home/makani/honua-server/samples/Honua.StacOpsDemo/bin/Debug/net10.0/wwwroot/_framework/icudt_CJK.tjcz0u77k5.dat' was detected as already compressed with format 'gzip'.
         The asset '/home/makani/honua-server/samples/Honua.StacOpsDemo/obj/Debug/net10.0/compressed/1cw6hqypmu-{0}-tptq2av103-tptq2av103.gz' with related asset '/home/makani/honua-server/samples/Honua.StacOpsDemo/bin/Debug/net10.0/wwwroot/_framework/icudt_EFIGS.tptq2av103.dat' was detected as already compressed with format 'gzip'.
         The asset '/home/makani/honua-server/samples/Honua.StacOpsDemo/obj/Debug/net10.0/compressed/ybc8ws76mh-{0}-lfu7j35m59-lfu7j35m59.gz' with related asset '/home/makani/honua-server/samples/Honua.StacOpsDemo/bin/Debug/net10.0/wwwroot/_framework/icudt_no_CJK.lfu7j35m59.dat' was detected as already compressed with format 'gzip'.
         The asset '/home/makani/honua-server/samples/Honua.StacOpsDemo/obj/Debug/net10.0/compressed/7nn74udwvn-{0}-9sdmuz89zv-9sdmuz89zv.gz' with related asset '/home/makani/honua-server/samples/Honua.StacOpsDemo/bin/Debug/net10.0/wwwroot/_framework/Microsoft.DotNet.HotReload.WebAssembly.Browser.9sdmuz89zv.wasm' was detected as already compressed with format 'gzip'.
         The asset '/home/makani/honua-server/samples/Honua.StacOpsDemo/obj/Debug/net10.0/compressed/tllvnd4mxi-{0}-y8h50soohf-y8h50soohf.gz' with related asset '/home/makani/honua-server/samples/Honua.StacOpsDemo/bin/Debug/net10.0/wwwroot/_framework/Honua.StacOpsDemo.y8h50soohf.wasm' was detected as already compressed with format 'gzip'.
         The asset '/home/makani/honua-server/samples/Honua.StacOpsDemo/obj/Debug/net10.0/compressed/me8xtynd05-{0}-1jh9xxslil-1jh9xxslil.gz' with related asset '/home/makani/honua-server/samples/Honua.StacOpsDemo/bin/Debug/net10.0/wwwroot/_framework/Honua.StacOpsDemo.1jh9xxslil.pdb' was detected as already compressed with format 'gzip'.
         The asset '/home/makani/honua-server/samples/Honua.StacOpsDemo/obj/Debug/net10.0/compressed/joew91e9z1-{0}-9welhrvr9j-9welhrvr9j.gz' with related asset '/home/makani/honua-server/samples/Honua.StacOpsDemo/bin/Debug/net10.0/wwwroot/_framework/dotnet.js' was detected as already compressed with format 'gzip'.
         Accepted compressed asset '/home/makani/honua-server/src/Honua.Server/obj/Debug/net10.0/compressed/f9o902iofb-{0}-99zm1jdh75-99zm1jdh75.gz' for '/home/makani/.nuget/packages/microsoft.dotnet.hotreload.webassembly.browser/10.0.103/staticwebassets/Microsoft.DotNet.HotReload.WebAssembly.Browser.99zm1jdh75.lib.module.js'.
         Accepted compressed asset '/home/makani/honua-server/src/Honua.Server/obj/Debug/net10.0/compressed/f32kn295nz-{0}-gcvjxldlff-gcvjxldlff.gz' for '/home/makani/.nuget/packages/microsoft.aspnetcore.components.webassembly.authentication/10.0.5/staticwebassets/AuthenticationService.js'.
         Ignoring asset '/home/makani/honua-server/src/Honua.Admin/wwwroot/index.html' because it was already resolved with format 'gzip'.
         Ignoring asset '/home/makani/honua-server/src/Honua.Admin/bin/Debug/net10.0/wwwroot/_framework/blazor.webassembly.js' because it was already resolved with format 'gzip'.
         Ignoring asset '/home/makani/honua-server/src/Honua.Admin/bin/Debug/net10.0/wwwroot/_framework/Microsoft.AspNetCore.Authorization.roqc1km2rj.wasm' because it was already resolved with format 'gzip'.
         Ignoring asset '/home/makani/honua-server/src/Honua.Admin/bin/Debug/net10.0/wwwroot/_framework/Microsoft.AspNetCore.Components.uddsvpv1sv.wasm' because it was already resolved with format 'gzip'.
         Ignoring asset '/home/makani/honua-server/src/Honua.Admin/bin/Debug/net10.0/wwwroot/_framework/Microsoft.AspNetCore.Components.Authorization.uo1a6owr17.wasm' because it was already resolved with format 'gzip'.
         Ignoring asset '/home/makani/honua-server/src/Honua.Admin/bin/Debug/net10.0/wwwroot/_framework/Microsoft.AspNetCore.Components.Forms.zrueb40r85.wasm' because it was already resolved with format 'gzip'.
         Ignoring asset '/home/makani/honua-server/src/Honua.Admin/bin/Debug/net10.0/wwwroot/_framework/Microsoft.AspNetCore.Components.Web.g5qdp1mxha.wasm' because it was already resolved with format 'gzip'.
         Ignoring asset '/home/makani/honua-server/src/Honua.Admin/bin/Debug/net10.0/wwwroot/_framework/Microsoft.AspNetCore.Components.WebAssembly.9mjwvs1qyp.wasm' because it was already resolved with format 'gzip'.
         Ignoring asset '/home/makani/honua-server/src/Honua.Admin/bin/Debug/net10.0/wwwroot/_framework/Microsoft.AspNetCore.Components.WebAssembly.Authentication.myqc2w9pi0.wasm' because it was already resolved with format 'gzip'.
         Ignoring asset '/home/makani/honua-server/src/Honua.Admin/bin/Debug/net10.0/wwwroot/_framework/Microsoft.AspNetCore.Metadata.m3mxap0jif.wasm' because it was already resolved with format 'gzip'.
         Ignoring asset '/home/makani/honua-server/src/Honua.Admin/bin/Debug/net10.0/wwwroot/_framework/Microsoft.DotNet.HotReload.WebAssembly.Browser.9sdmuz89zv.wasm' because it was already resolved with format 'gzip'.
         Ignoring asset '/home/makani/honua-server/src/Honua.Admin/bin/Debug/net10.0/wwwroot/_framework/Microsoft.Extensions.Configuration.fgwnqtu7qk.wasm' because it was already resolved with format 'gzip'.
         Ignoring asset '/home/makani/honua-server/src/Honua.Admin/bin/Debug/net10.0/wwwroot/_framework/Microsoft.Extensions.Configuration.Abstractions.thew1o6jcx.wasm' because it was already resolved with format 'gzip'.
         Ignoring asset '/home/makani/honua-server/src/Honua.Admin/bin/Debug/net10.0/wwwroot/_framework/Microsoft.Extensions.Configuration.Binder.7o70008j8o.wasm' because it was already resolved with format 'gzip'.
         Ignoring asset '/home/makani/honua-server/src/Honua.Admin/bin/Debug/net10.0/wwwroot/_framework/Microsoft.Extensions.Configuration.FileExtensions.ouivavlhyy.wasm' because it was already resolved with format 'gzip'.
         Ignoring asset '/home/makani/honua-server/src/Honua.Admin/bin/Debug/net10.0/wwwroot/_framework/Microsoft.Extensions.Configuration.Json.giv4t23za9.wasm' because it was already resolved with format 'gzip'.
         Ignoring asset '/home/makani/honua-server/src/Honua.Admin/bin/Debug/net10.0/wwwroot/_framework/Microsoft.Extensions.DependencyInjection.vs620n44bv.wasm' because it was already resolved with format 'gzip'.
         Ignoring asset '/home/makani/honua-server/src/Honua.Admin/bin/Debug/net10.0/wwwroot/_framework/Microsoft.Extensions.DependencyInjection.Abstractions.ud13mwbta3.wasm' because it was already resolved with format 'gzip'.
         Ignoring asset '/home/makani/honua-server/src/Honua.Admin/bin/Debug/net10.0/wwwroot/_framework/Microsoft.Extensions.Diagnostics.jnogfbng3i.wasm' because it was already resolved with format 'gzip'.
         Ignoring asset '/home/makani/honua-server/src/Honua.Admin/bin/Debug/net10.0/wwwroot/_framework/Microsoft.Extensions.Diagnostics.Abstractions.v59ymogeuz.wasm' because it was already resolved with format 'gzip'.
         Ignoring asset '/home/makani/honua-server/src/Honua.Admin/bin/Debug/net10.0/wwwroot/_framework/Microsoft.Extensions.FileProviders.Abstractions.ssv83rveyv.wasm' because it was already resolved with format 'gzip'.
         Ignoring asset '/home/makani/honua-server/src/Honua.Admin/bin/Debug/net10.0/wwwroot/_framework/Microsoft.Extensions.FileProviders.Physical.8gz29xpyh3.wasm' because it was already resolved with format 'gzip'.
         Ignoring asset '/home/makani/honua-server/src/Honua.Admin/bin/Debug/net10.0/wwwroot/_framework/Microsoft.Extensions.FileSystemGlobbing.ozuva4e3vv.wasm' because it was already resolved with format 'gzip'.
         Ignoring asset '/home/makani/honua-server/src/Honua.Admin/bin/Debug/net10.0/wwwroot/_framework/Microsoft.Extensions.Logging.y4ydx3rk2c.wasm' because it was already resolved with format 'gzip'.
         Ignoring asset '/home/makani/honua-server/src/Honua.Admin/bin/Debug/net10.0/wwwroot/_framework/Microsoft.Extensions.Logging.Abstractions.1q3x7vre4l.wasm' because it was already resolved with format 'gzip'.
         Ignoring asset '/home/makani/honua-server/src/Honua.Admin/bin/Debug/net10.0/wwwroot/_framework/Microsoft.Extensions.Options.2rz5zbidnd.wasm' because it was already resolved with format 'gzip'.
         Ignoring asset '/home/makani/honua-server/src/Honua.Admin/bin/Debug/net10.0/wwwroot/_framework/Microsoft.Extensions.Options.ConfigurationExtensions.zmb03w0weu.wasm' because it was already resolved with format 'gzip'.
         Ignoring asset '/home/makani/honua-server/src/Honua.Admin/bin/Debug/net10.0/wwwroot/_framework/Microsoft.Extensions.Primitives.bd164v6l3f.wasm' because it was already resolved with format 'gzip'.
         Ignoring asset '/home/makani/honua-server/src/Honua.Admin/bin/Debug/net10.0/wwwroot/_framework/Microsoft.Extensions.Validation.r1sv3m5lsf.wasm' because it was already resolved with format 'gzip'.
         Ignoring asset '/home/makani/honua-server/src/Honua.Admin/bin/Debug/net10.0/wwwroot/_framework/Microsoft.IdentityModel.Abstractions.9879a4r091.wasm' because it was already resolved with format 'gzip'.
         Ignoring asset '/home/makani/honua-server/src/Honua.Admin/bin/Debug/net10.0/wwwroot/_framework/Microsoft.IdentityModel.JsonWebTokens.s4ohxb2h4q.wasm' because it was already resolved with format 'gzip'.
         Ignoring asset '/home/makani/honua-server/src/Honua.Admin/bin/Debug/net10.0/wwwroot/_framework/Microsoft.IdentityModel.Logging.7n3xep0vjm.wasm' because it was already resolved with format 'gzip'.
         Ignoring asset '/home/makani/honua-server/src/Honua.Admin/bin/Debug/net10.0/wwwroot/_framework/Microsoft.IdentityModel.Tokens.ca1aw83mja.wasm' because it was already resolved with format 'gzip'.
         Ignoring asset '/home/makani/honua-server/src/Honua.Admin/bin/Debug/net10.0/wwwroot/_framework/Microsoft.JSInterop.1r0ampr2q1.wasm' because it was already resolved with format 'gzip'.
         Ignoring asset '/home/makani/honua-server/src/Honua.Admin/bin/Debug/net10.0/wwwroot/_framework/Microsoft.JSInterop.WebAssembly.oz8fkrrrd6.wasm' because it was already resolved with format 'gzip'.
         Ignoring asset '/home/makani/honua-server/src/Honua.Admin/bin/Debug/net10.0/wwwroot/_framework/System.IdentityModel.Tokens.Jwt.w9ixzkjjki.wasm' because it was already resolved with format 'gzip'.
         Ignoring asset '/home/makani/honua-server/src/Honua.Admin/bin/Debug/net10.0/wwwroot/_framework/Microsoft.CSharp.gijew29e7v.wasm' because it was already resolved with format 'gzip'.
         Ignoring asset '/home/makani/honua-server/src/Honua.Admin/bin/Debug/net10.0/wwwroot/_framework/Microsoft.VisualBasic.Core.5wrvi89jl9.wasm' because it was already resolved with format 'gzip'.
         Ignoring asset '/home/makani/honua-server/src/Honua.Admin/bin/Debug/net10.0/wwwroot/_framework/Microsoft.VisualBasic.ohmdjdo4x8.wasm' because it was already resolved with format 'gzip'.
         Ignoring asset '/home/makani/honua-server/src/Honua.Admin/bin/Debug/net10.0/wwwroot/_framework/Microsoft.Win32.Primitives.54qaw3y2l7.wasm' because it was already resolved with format 'gzip'.
         Ignoring asset '/home/makani/honua-server/src/Honua.Admin/bin/Debug/net10.0/wwwroot/_framework/Microsoft.Win32.Registry.5zehcbadkc.wasm' because it was already resolved with format 'gzip'.
         Ignoring asset '/home/makani/honua-server/src/Honua.Admin/bin/Debug/net10.0/wwwroot/_framework/System.AppContext.hb972rswn2.wasm' because it was already resolved with format 'gzip'.
         Ignoring asset '/home/makani/honua-server/src/Honua.Admin/bin/Debug/net10.0/wwwroot/_framework/System.Buffers.fmh1lqxxe8.wasm' because it was already resolved with format 'gzip'.
         Ignoring asset '/home/makani/honua-server/src/Honua.Admin/bin/Debug/net10.0/wwwroot/_framework/System.Collections.Concurrent.wrpunq2dmd.wasm' because it was already resolved with format 'gzip'.
         Ignoring asset '/home/makani/honua-server/src/Honua.Admin/bin/Debug/net10.0/wwwroot/_framework/System.Collections.Immutable.dm08vuov01.wasm' because it was already resolved with format 'gzip'.
         Ignoring asset '/home/makani/honua-server/src/Honua.Admin/bin/Debug/net10.0/wwwroot/_framework/System.Collections.NonGeneric.ucr2s1rjr8.wasm' because it was already resolved with format 'gzip'.
         Ignoring asset '/home/makani/honua-server/src/Honua.Admin/bin/Debug/net10.0/wwwroot/_framework/System.Collections.Specialized.788c2vii7r.wasm' because it was already resolved with format 'gzip'.
         Ignoring asset '/home/makani/honua-server/src/Honua.Admin/bin/Debug/net10.0/wwwroot/_framework/System.Collections.oyg9o5jzra.wasm' because it was already resolved with format 'gzip'.
         Ignoring asset '/home/makani/honua-server/src/Honua.Admin/bin/Debug/net10.0/wwwroot/_framework/System.ComponentModel.Annotations.kzcs3roxpa.wasm' because it was already resolved with format 'gzip'.
         Ignoring asset '/home/makani/honua-server/src/Honua.Admin/bin/Debug/net10.0/wwwroot/_framework/System.ComponentModel.DataAnnotations.uujisxprk9.wasm' because it was already resolved with format 'gzip'.
         Ignoring asset '/home/makani/honua-server/src/Honua.Admin/bin/Debug/net10.0/wwwroot/_framework/System.ComponentModel.EventBasedAsync.v1qxqe5fpe.wasm' because it was already resolved with format 'gzip'.
         Ignoring asset '/home/makani/honua-server/src/Honua.Admin/bin/Debug/net10.0/wwwroot/_framework/System.ComponentModel.Primitives.ftz81jso1j.wasm' because it was already resolved with format 'gzip'.
         Ignoring asset '/home/makani/honua-server/src/Honua.Admin/bin/Debug/net10.0/wwwroot/_framework/System.ComponentModel.TypeConverter.w7xhoe08t4.wasm' because it was already resolved with format 'gzip'.
         Ignoring asset '/home/makani/honua-server/src/Honua.Admin/bin/Debug/net10.0/wwwroot/_framework/System.ComponentModel.k940vnf7b8.wasm' because it was already resolved with format 'gzip'.
         Ignoring asset '/home/makani/honua-server/src/Honua.Admin/bin/Debug/net10.0/wwwroot/_framework/System.Configuration.w3ntl07ypg.wasm' because it was already resolved with format 'gzip'.
         Ignoring asset '/home/makani/honua-server/src/Honua.Admin/bin/Debug/net10.0/wwwroot/_framework/System.Console.439r3pkwc4.wasm' because it was already resolved with format 'gzip'.
         Ignoring asset '/home/makani/honua-server/src/Honua.Admin/bin/Debug/net10.0/wwwroot/_framework/System.Core.3okiiotm1r.wasm' because it was already resolved with format 'gzip'.
         Ignoring asset '/home/makani/honua-server/src/Honua.Admin/bin/Debug/net10.0/wwwroot/_framework/System.Data.Common.u1paws2ie5.wasm' because it was already resolved with format 'gzip'.
         Ignoring asset '/home/makani/honua-server/src/Honua.Admin/bin/Debug/net10.0/wwwroot/_framework/System.Data.DataSetExtensions.k7l9fdomp8.wasm' because it was already resolved with format 'gzip'.
         Ignoring asset '/home/makani/honua-server/src/Honua.Admin/bin/Debug/net10.0/wwwroot/_framework/System.Data.0xkcfajxb8.wasm' because it was already resolved with format 'gzip'.
         Ignoring asset '/home/makani/honua-server/src/Honua.Admin/bin/Debug/net10.0/wwwroot/_framework/System.Diagnostics.Contracts.zgl132fygk.wasm' because it was already resolved with format 'gzip'.
         Ignoring asset '/home/makani/honua-server/src/Honua.Admin/bin/Debug/net10.0/wwwroot/_framework/System.Diagnostics.Debug.6kui682x9y.wasm' because it was already resolved with format 'gzip'.
         Ignoring asset '/home/makani/honua-server/src/Honua.Admin/bin/Debug/net10.0/wwwroot/_framework/System.Diagnostics.DiagnosticSource.bkk6sbg16x.wasm' because it was already resolved with format 'gzip'.
         Ignoring asset '/home/makani/honua-server/src/Honua.Admin/bin/Debug/net10.0/wwwroot/_framework/System.Diagnostics.FileVersionInfo.3alwgrae57.wasm' because it was already resolved with format 'gzip'.
         Ignoring asset '/home/makani/honua-server/src/Honua.Admin/bin/Debug/net10.0/wwwroot/_framework/System.Diagnostics.Process.06srtm7zqs.wasm' because it was already resolved with format 'gzip'.
         Ignoring asset '/home/makani/honua-server/src/Honua.Admin/bin/Debug/net10.0/wwwroot/_framework/System.Diagnostics.StackTrace.un2pf554tb.wasm' because it was already resolved with format 'gzip'.
         Ignoring asset '/home/makani/honua-server/src/Honua.Admin/bin/Debug/net10.0/wwwroot/_framework/System.Diagnostics.TextWriterTraceListener.ida6tfw92t.wasm' because it was already resolved with format 'gzip'.
         Ignoring asset '/home/makani/honua-server/src/Honua.Admin/bin/Debug/net10.0/wwwroot/_framework/System.Diagnostics.Tools.shey8i22c8.wasm' because it was already resolved with format 'gzip'.
         Ignoring asset '/home/makani/honua-server/src/Honua.Admin/bin/Debug/net10.0/wwwroot/_framework/System.Diagnostics.TraceSource.clw8b0o34g.wasm' because it was already resolved with format 'gzip'.
         Ignoring asset '/home/makani/honua-server/src/Honua.Admin/bin/Debug/net10.0/wwwroot/_framework/System.Diagnostics.Tracing.w23ofaxx35.wasm' because it was already resolved with format 'gzip'.
         Ignoring asset '/home/makani/honua-server/src/Honua.Admin/bin/Debug/net10.0/wwwroot/_framework/System.Drawing.Primitives.fzsvb9tweu.wasm' because it was already resolved with format 'gzip'.
         Ignoring asset '/home/makani/honua-server/src/Honua.Admin/bin/Debug/net10.0/wwwroot/_framework/System.Drawing.crwi1p34or.wasm' because it was already resolved with format 'gzip'.
         Ignoring asset '/home/makani/honua-server/src/Honua.Admin/bin/Debug/net10.0/wwwroot/_framework/System.Dynamic.Runtime.9fcftni5l9.wasm' because it was already resolved with format 'gzip'.
         Ignoring asset '/home/makani/honua-server/src/Honua.Admin/bin/Debug/net10.0/wwwroot/_framework/System.Formats.Asn1.3i8640auxn.wasm' because it was already resolved with format 'gzip'.
         Ignoring asset '/home/makani/honua-server/src/Honua.Admin/bin/Debug/net10.0/wwwroot/_framework/System.Formats.Tar.6thvjqqi69.wasm' because it was already resolved with format 'gzip'.
         Ignoring asset '/home/makani/honua-server/src/Honua.Admin/bin/Debug/net10.0/wwwroot/_framework/System.Globalization.Calendars.b34zv6t8w8.wasm' because it was already resolved with format 'gzip'.
         Ignoring asset '/home/makani/honua-server/src/Honua.Admin/bin/Debug/net10.0/wwwroot/_framework/System.Globalization.Extensions.t9z23vywoa.wasm' because it was already resolved with format 'gzip'.
         Ignoring asset '/home/makani/honua-server/src/Honua.Admin/bin/Debug/net10.0/wwwroot/_framework/System.Globalization.kzypximfjj.wasm' because it was already resolved with format 'gzip'.
         Ignoring asset '/home/makani/honua-server/src/Honua.Admin/bin/Debug/net10.0/wwwroot/_framework/System.IO.Compression.Brotli.16ihu4aum0.wasm' because it was already resolved with format 'gzip'.
         Ignoring asset '/home/makani/honua-server/src/Honua.Admin/bin/Debug/net10.0/wwwroot/_framework/System.IO.Compression.FileSystem.98t41ls3w6.wasm' because it was already resolved with format 'gzip'.
         Ignoring asset '/home/makani/honua-server/src/Honua.Admin/bin/Debug/net10.0/wwwroot/_framework/System.IO.Compression.ZipFile.0imvrnvy4f.wasm' because it was already resolved with format 'gzip'.
         Ignoring asset '/home/makani/honua-server/src/Honua.Admin/bin/Debug/net10.0/wwwroot/_framework/System.IO.Compression.ne60qfmijm.wasm' because it was already resolved with format 'gzip'.
         Ignoring asset '/home/makani/honua-server/src/Honua.Admin/bin/Debug/net10.0/wwwroot/_framework/System.IO.FileSystem.AccessControl.8nsm8mjj5e.wasm' because it was already resolved with format 'gzip'.
         Ignoring asset '/home/makani/honua-server/src/Honua.Admin/bin/Debug/net10.0/wwwroot/_framework/System.IO.FileSystem.DriveInfo.zemo9xngn2.wasm' because it was already resolved with format 'gzip'.
         Ignoring asset '/home/makani/honua-server/src/Honua.Admin/bin/Debug/net10.0/wwwroot/_framework/System.IO.FileSystem.Primitives.kybpzn2oos.wasm' because it was already resolved with format 'gzip'.
         Ignoring asset '/home/makani/honua-server/src/Honua.Admin/bin/Debug/net10.0/wwwroot/_framework/System.IO.FileSystem.Watcher.ontoty1fxn.wasm' because it was already resolved with format 'gzip'.
         Ignoring asset '/home/makani/honua-server/src/Honua.Admin/bin/Debug/net10.0/wwwroot/_framework/System.IO.FileSystem.cfijc526tp.wasm' because it was already resolved with format 'gzip'.
         Ignoring asset '/home/makani/honua-server/src/Honua.Admin/bin/Debug/net10.0/wwwroot/_framework/System.IO.IsolatedStorage.us5380okmk.wasm' because it was already resolved with format 'gzip'.
         Ignoring asset '/home/makani/honua-server/src/Honua.Admin/bin/Debug/net10.0/wwwroot/_framework/System.IO.MemoryMappedFiles.v5uya98rfp.wasm' because it was already resolved with format 'gzip'.
         Ignoring asset '/home/makani/honua-server/src/Honua.Admin/bin/Debug/net10.0/wwwroot/_framework/System.IO.Pipelines.9dgkwpzi1d.wasm' because it was already resolved with format 'gzip'.
         Ignoring asset '/home/makani/honua-server/src/Honua.Admin/bin/Debug/net10.0/wwwroot/_framework/System.IO.Pipes.AccessControl.rihuiw07yu.wasm' because it was already resolved with format 'gzip'.
         Ignoring asset '/home/makani/honua-server/src/Honua.Admin/bin/Debug/net10.0/wwwroot/_framework/System.IO.Pipes.f4dn7kellq.wasm' because it was already resolved with format 'gzip'.
         Ignoring asset '/home/makani/honua-server/src/Honua.Admin/bin/Debug/net10.0/wwwroot/_framework/System.IO.UnmanagedMemoryStream.e6eipiyt6q.wasm' because it was already resolved with format 'gzip'.
         Ignoring asset '/home/makani/honua-server/src/Honua.Admin/bin/Debug/net10.0/wwwroot/_framework/System.IO.ziabf8ylan.wasm' because it was already resolved with format 'gzip'.
         Ignoring asset '/home/makani/honua-server/src/Honua.Admin/bin/Debug/net10.0/wwwroot/_framework/System.Linq.AsyncEnumerable.fm8vwphpb6.wasm' because it was already resolved with format 'gzip'.
         Ignoring asset '/home/makani/honua-server/src/Honua.Admin/bin/Debug/net10.0/wwwroot/_framework/System.Linq.Expressions.uudylx04pc.wasm' because it was already resolved with format 'gzip'.
         Ignoring asset '/home/makani/honua-server/src/Honua.Admin/bin/Debug/net10.0/wwwroot/_framework/System.Linq.Parallel.lbbvcapr26.wasm' because it was already resolved with format 'gzip'.
         Ignoring asset '/home/makani/honua-server/src/Honua.Admin/bin/Debug/net10.0/wwwroot/_framework/System.Linq.Queryable.hq9iyymx2n.wasm' because it was already resolved with format 'gzip'.
         Ignoring asset '/home/makani/honua-server/src/Honua.Admin/bin/Debug/net10.0/wwwroot/_framework/System.Linq.ome0590huq.wasm' because it was already resolved with format 'gzip'.
         Ignoring asset '/home/makani/honua-server/src/Honua.Admin/bin/Debug/net10.0/wwwroot/_framework/System.Memory.oikctzq2yk.wasm' because it was already resolved with format 'gzip'.
         Ignoring asset '/home/makani/honua-server/src/Honua.Admin/bin/Debug/net10.0/wwwroot/_framework/System.Net.Http.Json.19ykf2ghfc.wasm' because it was already resolved with format 'gzip'.
         Ignoring asset '/home/makani/honua-server/src/Honua.Admin/bin/Debug/net10.0/wwwroot/_framework/System.Net.Http.5kege8iwcx.wasm' because it was already resolved with format 'gzip'.
         Ignoring asset '/home/makani/honua-server/src/Honua.Admin/bin/Debug/net10.0/wwwroot/_framework/System.Net.HttpListener.govomr6pnd.wasm' because it was already resolved with format 'gzip'.
         Ignoring asset '/home/makani/honua-server/src/Honua.Admin/bin/Debug/net10.0/wwwroot/_framework/System.Net.Mail.kpjpkrf00f.wasm' because it was already resolved with format 'gzip'.
         Ignoring asset '/home/makani/honua-server/src/Honua.Admin/bin/Debug/net10.0/wwwroot/_framework/System.Net.NameResolution.dxybkhgvzf.wasm' because it was already resolved with format 'gzip'.
         Ignoring asset '/home/makani/honua-server/src/Honua.Admin/bin/Debug/net10.0/wwwroot/_framework/System.Net.NetworkInformation.vqv9utc4ui.wasm' because it was already resolved with format 'gzip'.
         Ignoring asset '/home/makani/honua-server/src/Honua.Admin/bin/Debug/net10.0/wwwroot/_framework/System.Net.Ping.783n01f2ja.wasm' because it was already resolved with format 'gzip'.
         Ignoring asset '/home/makani/honua-server/src/Honua.Admin/bin/Debug/net10.0/wwwroot/_framework/System.Net.Primitives.pstx0jw374.wasm' because it was already resolved with format 'gzip'.
         Ignoring asset '/home/makani/honua-server/src/Honua.Admin/bin/Debug/net10.0/wwwroot/_framework/System.Net.Quic.dj8trc6yee.wasm' because it was already resolved with format 'gzip'.
         Ignoring asset '/home/makani/honua-server/src/Honua.Admin/bin/Debug/net10.0/wwwroot/_framework/System.Net.Requests.l70yyhjzub.wasm' because it was already resolved with format 'gzip'.
         Ignoring asset '/home/makani/honua-server/src/Honua.Admin/bin/Debug/net10.0/wwwroot/_framework/System.Net.Security.r7o76f3x7n.wasm' because it was already resolved with format 'gzip'.
         Ignoring asset '/home/makani/honua-server/src/Honua.Admin/bin/Debug/net10.0/wwwroot/_framework/System.Net.ServerSentEvents.tgl8yc4d2m.wasm' because it was already resolved with format 'gzip'.
         Ignoring asset '/home/makani/honua-server/src/Honua.Admin/bin/Debug/net10.0/wwwroot/_framework/System.Net.ServicePoint.052trdlw01.wasm' because it was already resolved with format 'gzip'.
         Ignoring asset '/home/makani/honua-server/src/Honua.Admin/bin/Debug/net10.0/wwwroot/_framework/System.Net.Sockets.u3mk3ahtq5.wasm' because it was already resolved with format 'gzip'.
         Ignoring asset '/home/makani/honua-server/src/Honua.Admin/bin/Debug/net10.0/wwwroot/_framework/System.Net.WebClient.qqvr2j3pvg.wasm' because it was already resolved with format 'gzip'.
         Ignoring asset '/home/makani/honua-server/src/Honua.Admin/bin/Debug/net10.0/wwwroot/_framework/System.Net.WebHeaderCollection.5uas6gg592.wasm' because it was already resolved with format 'gzip'.
         Ignoring asset '/home/makani/honua-server/src/Honua.Admin/bin/Debug/net10.0/wwwroot/_framework/System.Net.WebProxy.navlngkykk.wasm' because it was already resolved with format 'gzip'.
         Ignoring asset '/home/makani/honua-server/src/Honua.Admin/bin/Debug/net10.0/wwwroot/_framework/System.Net.WebSockets.Client.7xkgcbvoi2.wasm' because it was already resolved with format 'gzip'.
         Ignoring asset '/home/makani/honua-server/src/Honua.Admin/bin/Debug/net10.0/wwwroot/_framework/System.Net.WebSockets.hmm17lo1vo.wasm' because it was already resolved with format 'gzip'.
         Ignoring asset '/home/makani/honua-server/src/Honua.Admin/bin/Debug/net10.0/wwwroot/_framework/System.Net.gmaqhpvzve.wasm' because it was already resolved with format 'gzip'.
         Ignoring asset '/home/makani/honua-server/src/Honua.Admin/bin/Debug/net10.0/wwwroot/_framework/System.Numerics.Vectors.ih9man0xaa.wasm' because it was already resolved with format 'gzip'.
         Ignoring asset '/home/makani/honua-server/src/Honua.Admin/bin/Debug/net10.0/wwwroot/_framework/System.Numerics.w9v15jg7wg.wasm' because it was already resolved with format 'gzip'.
         Ignoring asset '/home/makani/honua-server/src/Honua.Admin/bin/Debug/net10.0/wwwroot/_framework/System.ObjectModel.pwzbf3ywqb.wasm' because it was already resolved with format 'gzip'.
         Ignoring asset '/home/makani/honua-server/src/Honua.Admin/bin/Debug/net10.0/wwwroot/_framework/System.Private.DataContractSerialization.ya7w2p8he6.wasm' because it was already resolved with format 'gzip'.
         Ignoring asset '/home/makani/honua-server/src/Honua.Admin/bin/Debug/net10.0/wwwroot/_framework/System.Private.Uri.ebclw1ctlb.wasm' because it was already resolved with format 'gzip'.
         Ignoring asset '/home/makani/honua-server/src/Honua.Admin/bin/Debug/net10.0/wwwroot/_framework/System.Private.Xml.Linq.esrdiz7prm.wasm' because it was already resolved with format 'gzip'.
         Ignoring asset '/home/makani/honua-server/src/Honua.Admin/bin/Debug/net10.0/wwwroot/_framework/System.Private.Xml.zese355etl.wasm' because it was already resolved with format 'gzip'.
         Ignoring asset '/home/makani/honua-server/src/Honua.Admin/bin/Debug/net10.0/wwwroot/_framework/System.Reflection.DispatchProxy.db8njzbm5e.wasm' because it was already resolved with format 'gzip'.
         Ignoring asset '/home/makani/honua-server/src/Honua.Admin/bin/Debug/net10.0/wwwroot/_framework/System.Reflection.Emit.ILGeneration.5li0z45f7b.wasm' because it was already resolved with format 'gzip'.
         Ignoring asset '/home/makani/honua-server/src/Honua.Admin/bin/Debug/net10.0/wwwroot/_framework/System.Reflection.Emit.Lightweight.qjvufgr3wc.wasm' because it was already resolved with format 'gzip'.
         Ignoring asset '/home/makani/honua-server/src/Honua.Admin/bin/Debug/net10.0/wwwroot/_framework/System.Reflection.Emit.wyf2c3g3ob.wasm' because it was already resolved with format 'gzip'.
         Ignoring asset '/home/makani/honua-server/src/Honua.Admin/bin/Debug/net10.0/wwwroot/_framework/System.Reflection.Extensions.5423st4px4.wasm' because it was already resolved with format 'gzip'.
         Ignoring asset '/home/makani/honua-server/src/Honua.Admin/bin/Debug/net10.0/wwwroot/_framework/System.Reflection.Metadata.9jlh4rmm5n.wasm' because it was already resolved with format 'gzip'.
         Ignoring asset '/home/makani/honua-server/src/Honua.Admin/bin/Debug/net10.0/wwwroot/_framework/System.Reflection.Primitives.yippb5hjvi.wasm' because it was already resolved with format 'gzip'.
         Ignoring asset '/home/makani/honua-server/src/Honua.Admin/bin/Debug/net10.0/wwwroot/_framework/System.Reflection.TypeExtensions.j1u7dn4u7m.wasm' because it was already resolved with format 'gzip'.
         Ignoring asset '/home/makani/honua-server/src/Honua.Admin/bin/Debug/net10.0/wwwroot/_framework/System.Reflection.e4ad5khic1.wasm' because it was already resolved with format 'gzip'.
         Ignoring asset '/home/makani/honua-server/src/Honua.Admin/bin/Debug/net10.0/wwwroot/_framework/System.Resources.Reader.xlkk3ynoru.wasm' because it was already resolved with format 'gzip'.
         Ignoring asset '/home/makani/honua-server/src/Honua.Admin/bin/Debug/net10.0/wwwroot/_framework/System.Resources.ResourceManager.eugtqi7331.wasm' because it was already resolved with format 'gzip'.
         Ignoring asset '/home/makani/honua-server/src/Honua.Admin/bin/Debug/net10.0/wwwroot/_framework/System.Resources.Writer.depxp3za4f.wasm' because it was already resolved with format 'gzip'.
         Ignoring asset '/home/makani/honua-server/src/Honua.Admin/bin/Debug/net10.0/wwwroot/_framework/System.Runtime.CompilerServices.Unsafe.qm5biyh995.wasm' because it was already resolved with format 'gzip'.
         Ignoring asset '/home/makani/honua-server/src/Honua.Admin/bin/Debug/net10.0/wwwroot/_framework/System.Runtime.CompilerServices.VisualC.vjh10io2ol.wasm' because it was already resolved with format 'gzip'.
         Ignoring asset '/home/makani/honua-server/src/Honua.Admin/bin/Debug/net10.0/wwwroot/_framework/System.Runtime.Extensions.gm74y2bo0g.wasm' because it was already resolved with format 'gzip'.
         Ignoring asset '/home/makani/honua-server/src/Honua.Admin/bin/Debug/net10.0/wwwroot/_framework/System.Runtime.Handles.ujbtg86el3.wasm' because it was already resolved with format 'gzip'.
         Ignoring asset '/home/makani/honua-server/src/Honua.Admin/bin/Debug/net10.0/wwwroot/_framework/System.Runtime.InteropServices.JavaScript.e22nl7riy4.wasm' because it was already resolved with format 'gzip'.
         Ignoring asset '/home/makani/honua-server/src/Honua.Admin/bin/Debug/net10.0/wwwroot/_framework/System.Runtime.InteropServices.RuntimeInformation.ha950r0i18.wasm' because it was already resolved with format 'gzip'.
         Ignoring asset '/home/makani/honua-server/src/Honua.Admin/bin/Debug/net10.0/wwwroot/_framework/System.Runtime.InteropServices.g1w1fits1p.wasm' because it was already resolved with format 'gzip'.
         Ignoring asset '/home/makani/honua-server/src/Honua.Admin/bin/Debug/net10.0/wwwroot/_framework/System.Runtime.Intrinsics.7n7jt1ms3p.wasm' because it was already resolved with format 'gzip'.
         Ignoring asset '/home/makani/honua-server/src/Honua.Admin/bin/Debug/net10.0/wwwroot/_framework/System.Runtime.Loader.13t1lxa6p2.wasm' because it was already resolved with format 'gzip'.
         Ignoring asset '/home/makani/honua-server/src/Honua.Admin/bin/Debug/net10.0/wwwroot/_framework/System.Runtime.Numerics.bcciqwoqxp.wasm' because it was already resolved with format 'gzip'.
         Ignoring asset '/home/makani/honua-server/src/Honua.Admin/bin/Debug/net10.0/wwwroot/_framework/System.Runtime.Serialization.Formatters.wecoe44nmz.wasm' because it was already resolved with format 'gzip'.
         Ignoring asset '/home/makani/honua-server/src/Honua.Admin/bin/Debug/net10.0/wwwroot/_framework/System.Runtime.Serialization.Json.8dz8w33dsz.wasm' because it was already resolved with format 'gzip'.
         Ignoring asset '/home/makani/honua-server/src/Honua.Admin/bin/Debug/net10.0/wwwroot/_framework/System.Runtime.Serialization.Primitives.m05m0pm5oq.wasm' because it was already resolved with format 'gzip'.
         Ignoring asset '/home/makani/honua-server/src/Honua.Admin/bin/Debug/net10.0/wwwroot/_framework/System.Runtime.Serialization.Xml.79xb2e70lp.wasm' because it was already resolved with format 'gzip'.
         Ignoring asset '/home/makani/honua-server/src/Honua.Admin/bin/Debug/net10.0/wwwroot/_framework/System.Runtime.Serialization.uyi2fb0103.wasm' because it was already resolved with format 'gzip'.
         Ignoring asset '/home/makani/honua-server/src/Honua.Admin/bin/Debug/net10.0/wwwroot/_framework/System.Runtime.69m00wu7n6.wasm' because it was already resolved with format 'gzip'.
         Ignoring asset '/home/makani/honua-server/src/Honua.Admin/bin/Debug/net10.0/wwwroot/_framework/System.Security.AccessControl.rv6iq87t46.wasm' because it was already resolved with format 'gzip'.
         Ignoring asset '/home/makani/honua-server/src/Honua.Admin/bin/Debug/net10.0/wwwroot/_framework/System.Security.Claims.2pchagji9k.wasm' because it was already resolved with format 'gzip'.
         Ignoring asset '/home/makani/honua-server/src/Honua.Admin/bin/Debug/net10.0/wwwroot/_framework/System.Security.Cryptography.Algorithms.tba5tu29wv.wasm' because it was already resolved with format 'gzip'.
         Ignoring asset '/home/makani/honua-server/src/Honua.Admin/bin/Debug/net10.0/wwwroot/_framework/System.Security.Cryptography.Cng.q19w88bn7l.wasm' because it was already resolved with format 'gzip'.
         Ignoring asset '/home/makani/honua-server/src/Honua.Admin/bin/Debug/net10.0/wwwroot/_framework/System.Security.Cryptography.Csp.lmdq3p0hzc.wasm' because it was already resolved with format 'gzip'.
         Ignoring asset '/home/makani/honua-server/src/Honua.Admin/bin/Debug/net10.0/wwwroot/_framework/System.Security.Cryptography.Encoding.irtnamfpwo.wasm' because it was already resolved with format 'gzip'.
         Ignoring asset '/home/makani/honua-server/src/Honua.Admin/bin/Debug/net10.0/wwwroot/_framework/System.Security.Cryptography.OpenSsl.ctfxrq7l33.wasm' because it was already resolved with format 'gzip'.
         Ignoring asset '/home/makani/honua-server/src/Honua.Admin/bin/Debug/net10.0/wwwroot/_framework/System.Security.Cryptography.Primitives.wfl2haanmw.wasm' because it was already resolved with format 'gzip'.
         Ignoring asset '/home/makani/honua-server/src/Honua.Admin/bin/Debug/net10.0/wwwroot/_framework/System.Security.Cryptography.X509Certificates.jk1euj9vu9.wasm' because it was already resolved with format 'gzip'.
         Ignoring asset '/home/makani/honua-server/src/Honua.Admin/bin/Debug/net10.0/wwwroot/_framework/System.Security.Cryptography.s9jclef89k.wasm' because it was already resolved with format 'gzip'.
         Ignoring asset '/home/makani/honua-server/src/Honua.Admin/bin/Debug/net10.0/wwwroot/_framework/System.Security.Principal.Windows.s3g4fx319q.wasm' because it was already resolved with format 'gzip'.
         Ignoring asset '/home/makani/honua-server/src/Honua.Admin/bin/Debug/net10.0/wwwroot/_framework/System.Security.Principal.5ic1w2xffg.wasm' because it was already resolved with format 'gzip'.
         Ignoring asset '/home/makani/honua-server/src/Honua.Admin/bin/Debug/net10.0/wwwroot/_framework/System.Security.SecureString.akn0vk63vp.wasm' because it was already resolved with format 'gzip'.
         Ignoring asset '/home/makani/honua-server/src/Honua.Admin/bin/Debug/net10.0/wwwroot/_framework/System.Security.hy6omngq8z.wasm' because it was already resolved with format 'gzip'.
         Ignoring asset '/home/makani/honua-server/src/Honua.Admin/bin/Debug/net10.0/wwwroot/_framework/System.ServiceModel.Web.c7chznvmm3.wasm' because it was already resolved with format 'gzip'.
         Ignoring asset '/home/makani/honua-server/src/Honua.Admin/bin/Debug/net10.0/wwwroot/_framework/System.ServiceProcess.mfsa3z03lw.wasm' because it was already resolved with format 'gzip'.
         Ignoring asset '/home/makani/honua-server/src/Honua.Admin/bin/Debug/net10.0/wwwroot/_framework/System.Text.Encoding.CodePages.apclussnua.wasm' because it was already resolved with format 'gzip'.
         Ignoring asset '/home/makani/honua-server/src/Honua.Admin/bin/Debug/net10.0/wwwroot/_framework/System.Text.Encoding.Extensions.kny0la5npq.wasm' because it was already resolved with format 'gzip'.
         Ignoring asset '/home/makani/honua-server/src/Honua.Admin/bin/Debug/net10.0/wwwroot/_framework/System.Text.Encoding.4bprmgilq2.wasm' because it was already resolved with format 'gzip'.
         Ignoring asset '/home/makani/honua-server/src/Honua.Admin/bin/Debug/net10.0/wwwroot/_framework/System.Text.Encodings.Web.z4o1x288hz.wasm' because it was already resolved with format 'gzip'.
         Ignoring asset '/home/makani/honua-server/src/Honua.Admin/bin/Debug/net10.0/wwwroot/_framework/System.Text.Json.ytv8luxawq.wasm' because it was already resolved with format 'gzip'.
         Ignoring asset '/home/makani/honua-server/src/Honua.Admin/bin/Debug/net10.0/wwwroot/_framework/System.Text.RegularExpressions.i57ntutovo.wasm' because it was already resolved with format 'gzip'.
         Ignoring asset '/home/makani/honua-server/src/Honua.Admin/bin/Debug/net10.0/wwwroot/_framework/System.Threading.AccessControl.vkhht9s4s0.wasm' because it was already resolved with format 'gzip'.
         Ignoring asset '/home/makani/honua-server/src/Honua.Admin/bin/Debug/net10.0/wwwroot/_framework/System.Threading.Channels.ici4sc8c5d.wasm' because it was already resolved with format 'gzip'.
         Ignoring asset '/home/makani/honua-server/src/Honua.Admin/bin/Debug/net10.0/wwwroot/_framework/System.Threading.Overlapped.gbkwu8tis9.wasm' because it was already resolved with format 'gzip'.
         Ignoring asset '/home/makani/honua-server/src/Honua.Admin/bin/Debug/net10.0/wwwroot/_framework/System.Threading.Tasks.Dataflow.5hsbzkigfv.wasm' because it was already resolved with format 'gzip'.
         Ignoring asset '/home/makani/honua-server/src/Honua.Admin/bin/Debug/net10.0/wwwroot/_framework/System.Threading.Tasks.Extensions.nc1yghpvaj.wasm' because it was already resolved with format 'gzip'.
         Ignoring asset '/home/makani/honua-server/src/Honua.Admin/bin/Debug/net10.0/wwwroot/_framework/System.Threading.Tasks.Parallel.4n1o4dxc9j.wasm' because it was already resolved with format 'gzip'.
         Ignoring asset '/home/makani/honua-server/src/Honua.Admin/bin/Debug/net10.0/wwwroot/_framework/System.Threading.Tasks.rx5istkt3h.wasm' because it was already resolved with format 'gzip'.
         Ignoring asset '/home/makani/honua-server/src/Honua.Admin/bin/Debug/net10.0/wwwroot/_framework/System.Threading.Thread.43ap29e3sq.wasm' because it was already resolved with format 'gzip'.
         Ignoring asset '/home/makani/honua-server/src/Honua.Admin/bin/Debug/net10.0/wwwroot/_framework/System.Threading.ThreadPool.7gbfkrjizt.wasm' because it was already resolved with format 'gzip'.
         Ignoring asset '/home/makani/honua-server/src/Honua.Admin/bin/Debug/net10.0/wwwroot/_framework/System.Threading.Timer.kkeuksfj0m.wasm' because it was already resolved with format 'gzip'.
         Ignoring asset '/home/makani/honua-server/src/Honua.Admin/bin/Debug/net10.0/wwwroot/_framework/System.Threading.57sxvma12c.wasm' because it was already resolved with format 'gzip'.
         Ignoring asset '/home/makani/honua-server/src/Honua.Admin/bin/Debug/net10.0/wwwroot/_framework/System.Transactions.Local.kjba88uqo5.wasm' because it was already resolved with format 'gzip'.
         Ignoring asset '/home/makani/honua-server/src/Honua.Admin/bin/Debug/net10.0/wwwroot/_framework/System.Transactions.yd5orfj1dk.wasm' because it was already resolved with format 'gzip'.
         Ignoring asset '/home/makani/honua-server/src/Honua.Admin/bin/Debug/net10.0/wwwroot/_framework/System.ValueTuple.x5xctdxzrq.wasm' because it was already resolved with format 'gzip'.
         Ignoring asset '/home/makani/honua-server/src/Honua.Admin/bin/Debug/net10.0/wwwroot/_framework/System.Web.HttpUtility.1a72cmhu6i.wasm' because it was already resolved with format 'gzip'.
         Ignoring asset '/home/makani/honua-server/src/Honua.Admin/bin/Debug/net10.0/wwwroot/_framework/System.Web.ilju54fcp2.wasm' because it was already resolved with format 'gzip'.
         Ignoring asset '/home/makani/honua-server/src/Honua.Admin/bin/Debug/net10.0/wwwroot/_framework/System.Windows.gr5k60s0oe.wasm' because it was already resolved with format 'gzip'.
         Ignoring asset '/home/makani/honua-server/src/Honua.Admin/bin/Debug/net10.0/wwwroot/_framework/System.Xml.Linq.plyvi1r5s9.wasm' because it was already resolved with format 'gzip'.
         Ignoring asset '/home/makani/honua-server/src/Honua.Admin/bin/Debug/net10.0/wwwroot/_framework/System.Xml.ReaderWriter.pt2dqzuhaf.wasm' because it was already resolved with format 'gzip'.
         Ignoring asset '/home/makani/honua-server/src/Honua.Admin/bin/Debug/net10.0/wwwroot/_framework/System.Xml.Serialization.ygdmhmuqdp.wasm' because it was already resolved with format 'gzip'.
         Ignoring asset '/home/makani/honua-server/src/Honua.Admin/bin/Debug/net10.0/wwwroot/_framework/System.Xml.XDocument.olv3u76k95.wasm' because it was already resolved with format 'gzip'.
         Ignoring asset '/home/makani/honua-server/src/Honua.Admin/bin/Debug/net10.0/wwwroot/_framework/System.Xml.XPath.XDocument.m5wc9z7e1k.wasm' because it was already resolved with format 'gzip'.
         Ignoring asset '/home/makani/honua-server/src/Honua.Admin/bin/Debug/net10.0/wwwroot/_framework/System.Xml.XPath.dd748ds2m7.wasm' because it was already resolved with format 'gzip'.
         Ignoring asset '/home/makani/honua-server/src/Honua.Admin/bin/Debug/net10.0/wwwroot/_framework/System.Xml.XmlDocument.4gwmhmdbax.wasm' because it was already resolved with format 'gzip'.
         Ignoring asset '/home/makani/honua-server/src/Honua.Admin/bin/Debug/net10.0/wwwroot/_framework/System.Xml.XmlSerializer.v02wvgnobf.wasm' because it was already resolved with format 'gzip'.
         Ignoring asset '/home/makani/honua-server/src/Honua.Admin/bin/Debug/net10.0/wwwroot/_framework/System.Xml.o33u56xp8u.wasm' because it was already resolved with format 'gzip'.
         Ignoring asset '/home/makani/honua-server/src/Honua.Admin/bin/Debug/net10.0/wwwroot/_framework/System.gxdw562h4s.wasm' because it was already resolved with format 'gzip'.
         Ignoring asset '/home/makani/honua-server/src/Honua.Admin/bin/Debug/net10.0/wwwroot/_framework/WindowsBase.itp3e5i1h2.wasm' because it was already resolved with format 'gzip'.
         Ignoring asset '/home/makani/honua-server/src/Honua.Admin/bin/Debug/net10.0/wwwroot/_framework/mscorlib.k0eqaq9do2.wasm' because it was already resolved with format 'gzip'.
         Ignoring asset '/home/makani/honua-server/src/Honua.Admin/bin/Debug/net10.0/wwwroot/_framework/netstandard.xl4f7m8snf.wasm' because it was already resolved with format 'gzip'.
         Ignoring asset '/home/makani/honua-server/src/Honua.Admin/bin/Debug/net10.0/wwwroot/_framework/System.Private.CoreLib.mwo4f5vsvi.wasm' because it was already resolved with format 'gzip'.
         Ignoring asset '/home/makani/honua-server/src/Honua.Admin/bin/Debug/net10.0/wwwroot/_framework/dotnet.js.map' because it was already resolved with format 'gzip'.
         Ignoring asset '/home/makani/honua-server/src/Honua.Admin/bin/Debug/net10.0/wwwroot/_framework/dotnet.native.69poregybn.js' because it was already resolved with format 'gzip'.
         Ignoring asset '/home/makani/honua-server/src/Honua.Admin/bin/Debug/net10.0/wwwroot/_framework/dotnet.native.2mv1pqdd2n.wasm' because it was already resolved with format 'gzip'.
         Ignoring asset '/home/makani/honua-server/src/Honua.Admin/bin/Debug/net10.0/wwwroot/_framework/dotnet.runtime.q5rqv3xrhm.js' because it was already resolved with format 'gzip'.
         Ignoring asset '/home/makani/honua-server/src/Honua.Admin/bin/Debug/net10.0/wwwroot/_framework/dotnet.runtime.js.map' because it was already resolved with format 'gzip'.
         Ignoring asset '/home/makani/honua-server/src/Honua.Admin/bin/Debug/net10.0/wwwroot/_framework/icudt_CJK.tjcz0u77k5.dat' because it was already resolved with format 'gzip'.
         Ignoring asset '/home/makani/honua-server/src/Honua.Admin/bin/Debug/net10.0/wwwroot/_framework/icudt_EFIGS.tptq2av103.dat' because it was already resolved with format 'gzip'.
         Ignoring asset '/home/makani/honua-server/src/Honua.Admin/bin/Debug/net10.0/wwwroot/_framework/icudt_no_CJK.lfu7j35m59.dat' because it was already resolved with format 'gzip'.
         Ignoring asset '/home/makani/honua-server/src/Honua.Admin/bin/Debug/net10.0/wwwroot/_framework/Honua.Admin.g4rei679lk.wasm' because it was already resolved with format 'gzip'.
         Ignoring asset '/home/makani/honua-server/src/Honua.Admin/bin/Debug/net10.0/wwwroot/_framework/Honua.Admin.f5l7d1m99w.pdb' because it was already resolved with format 'gzip'.
         Ignoring asset '/home/makani/honua-server/src/Honua.Admin/bin/Debug/net10.0/wwwroot/_framework/dotnet.js' because it was already resolved with format 'gzip'.
         Ignoring asset '/home/makani/honua-server/samples/Honua.StacOpsDemo/wwwroot/index.html' because it was already resolved with format 'gzip'.
         Ignoring asset '/home/makani/honua-server/samples/Honua.StacOpsDemo/bin/Debug/net10.0/wwwroot/_framework/blazor.webassembly.js' because it was already resolved with format 'gzip'.
         Ignoring asset '/home/makani/honua-server/samples/Honua.StacOpsDemo/obj/Debug/net10.0/scopedcss/bundle/Honua.StacOpsDemo.styles.css' because it was already resolved with format 'gzip'.
         Ignoring asset '/home/makani/honua-server/samples/Honua.StacOpsDemo/bin/Debug/net10.0/wwwroot/_framework/Microsoft.AspNetCore.Authorization.roqc1km2rj.wasm' because it was already resolved with format 'gzip'.
         Ignoring asset '/home/makani/honua-server/samples/Honua.StacOpsDemo/bin/Debug/net10.0/wwwroot/_framework/Microsoft.AspNetCore.Components.uddsvpv1sv.wasm' because it was already resolved with format 'gzip'.
         Ignoring asset '/home/makani/honua-server/samples/Honua.StacOpsDemo/bin/Debug/net10.0/wwwroot/_framework/Microsoft.AspNetCore.Components.Forms.zrueb40r85.wasm' because it was already resolved with format 'gzip'.
         Ignoring asset '/home/makani/honua-server/samples/Honua.StacOpsDemo/bin/Debug/net10.0/wwwroot/_framework/Microsoft.AspNetCore.Components.Web.g5qdp1mxha.wasm' because it was already resolved with format 'gzip'.
         Ignoring asset '/home/makani/honua-server/samples/Honua.StacOpsDemo/bin/Debug/net10.0/wwwroot/_framework/Microsoft.AspNetCore.Components.WebAssembly.9mjwvs1qyp.wasm' because it was already resolved with format 'gzip'.
         Ignoring asset '/home/makani/honua-server/samples/Honua.StacOpsDemo/bin/Debug/net10.0/wwwroot/_framework/Microsoft.AspNetCore.Metadata.m3mxap0jif.wasm' because it was already resolved with format 'gzip'.
         Ignoring asset '/home/makani/honua-server/samples/Honua.StacOpsDemo/bin/Debug/net10.0/wwwroot/_framework/Microsoft.DotNet.HotReload.WebAssembly.Browser.9sdmuz89zv.wasm' because it was already resolved with format 'gzip'.
         Ignoring asset '/home/makani/honua-server/samples/Honua.StacOpsDemo/bin/Debug/net10.0/wwwroot/_framework/Microsoft.Extensions.Configuration.fgwnqtu7qk.wasm' because it was already resolved with format 'gzip'.
         Ignoring asset '/home/makani/honua-server/samples/Honua.StacOpsDemo/bin/Debug/net10.0/wwwroot/_framework/Microsoft.Extensions.Configuration.Abstractions.thew1o6jcx.wasm' because it was already resolved with format 'gzip'.
         Ignoring asset '/home/makani/honua-server/samples/Honua.StacOpsDemo/bin/Debug/net10.0/wwwroot/_framework/Microsoft.Extensions.Configuration.Binder.7o70008j8o.wasm' because it was already resolved with format 'gzip'.
         Ignoring asset '/home/makani/honua-server/samples/Honua.StacOpsDemo/bin/Debug/net10.0/wwwroot/_framework/Microsoft.Extensions.Configuration.FileExtensions.ouivavlhyy.wasm' because it was already resolved with format 'gzip'.
         Ignoring asset '/home/makani/honua-server/samples/Honua.StacOpsDemo/bin/Debug/net10.0/wwwroot/_framework/Microsoft.Extensions.Configuration.Json.giv4t23za9.wasm' because it was already resolved with format 'gzip'.
         Ignoring asset '/home/makani/honua-server/samples/Honua.StacOpsDemo/bin/Debug/net10.0/wwwroot/_framework/Microsoft.Extensions.DependencyInjection.vs620n44bv.wasm' because it was already resolved with format 'gzip'.
         Ignoring asset '/home/makani/honua-server/samples/Honua.StacOpsDemo/bin/Debug/net10.0/wwwroot/_framework/Microsoft.Extensions.DependencyInjection.Abstractions.ud13mwbta3.wasm' because it was already resolved with format 'gzip'.
         Ignoring asset '/home/makani/honua-server/samples/Honua.StacOpsDemo/bin/Debug/net10.0/wwwroot/_framework/Microsoft.Extensions.Diagnostics.jnogfbng3i.wasm' because it was already resolved with format 'gzip'.
         Ignoring asset '/home/makani/honua-server/samples/Honua.StacOpsDemo/bin/Debug/net10.0/wwwroot/_framework/Microsoft.Extensions.Diagnostics.Abstractions.v59ymogeuz.wasm' because it was already resolved with format 'gzip'.
         Ignoring asset '/home/makani/honua-server/samples/Honua.StacOpsDemo/bin/Debug/net10.0/wwwroot/_framework/Microsoft.Extensions.FileProviders.Abstractions.ssv83rveyv.wasm' because it was already resolved with format 'gzip'.
         Ignoring asset '/home/makani/honua-server/samples/Honua.StacOpsDemo/bin/Debug/net10.0/wwwroot/_framework/Microsoft.Extensions.FileProviders.Physical.8gz29xpyh3.wasm' because it was already resolved with format 'gzip'.
         Ignoring asset '/home/makani/honua-server/samples/Honua.StacOpsDemo/bin/Debug/net10.0/wwwroot/_framework/Microsoft.Extensions.FileSystemGlobbing.ozuva4e3vv.wasm' because it was already resolved with format 'gzip'.
         Ignoring asset '/home/makani/honua-server/samples/Honua.StacOpsDemo/bin/Debug/net10.0/wwwroot/_framework/Microsoft.Extensions.Logging.y4ydx3rk2c.wasm' because it was already resolved with format 'gzip'.
         Ignoring asset '/home/makani/honua-server/samples/Honua.StacOpsDemo/bin/Debug/net10.0/wwwroot/_framework/Microsoft.Extensions.Logging.Abstractions.1q3x7vre4l.wasm' because it was already resolved with format 'gzip'.
         Ignoring asset '/home/makani/honua-server/samples/Honua.StacOpsDemo/bin/Debug/net10.0/wwwroot/_framework/Microsoft.Extensions.Options.2rz5zbidnd.wasm' because it was already resolved with format 'gzip'.
         Ignoring asset '/home/makani/honua-server/samples/Honua.StacOpsDemo/bin/Debug/net10.0/wwwroot/_framework/Microsoft.Extensions.Options.ConfigurationExtensions.zmb03w0weu.wasm' because it was already resolved with format 'gzip'.
         Ignoring asset '/home/makani/honua-server/samples/Honua.StacOpsDemo/bin/Debug/net10.0/wwwroot/_framework/Microsoft.Extensions.Primitives.bd164v6l3f.wasm' because it was already resolved with format 'gzip'.
         Ignoring asset '/home/makani/honua-server/samples/Honua.StacOpsDemo/bin/Debug/net10.0/wwwroot/_framework/Microsoft.Extensions.Validation.r1sv3m5lsf.wasm' because it was already resolved with format 'gzip'.
         Ignoring asset '/home/makani/honua-server/samples/Honua.StacOpsDemo/bin/Debug/net10.0/wwwroot/_framework/Microsoft.JSInterop.1r0ampr2q1.wasm' because it was already resolved with format 'gzip'.
         Ignoring asset '/home/makani/honua-server/samples/Honua.StacOpsDemo/bin/Debug/net10.0/wwwroot/_framework/Microsoft.JSInterop.WebAssembly.oz8fkrrrd6.wasm' because it was already resolved with format 'gzip'.
         Ignoring asset '/home/makani/honua-server/samples/Honua.StacOpsDemo/bin/Debug/net10.0/wwwroot/_framework/Microsoft.CSharp.gijew29e7v.wasm' because it was already resolved with format 'gzip'.
         Ignoring asset '/home/makani/honua-server/samples/Honua.StacOpsDemo/bin/Debug/net10.0/wwwroot/_framework/Microsoft.VisualBasic.Core.5wrvi89jl9.wasm' because it was already resolved with format 'gzip'.
         Ignoring asset '/home/makani/honua-server/samples/Honua.StacOpsDemo/bin/Debug/net10.0/wwwroot/_framework/Microsoft.VisualBasic.ohmdjdo4x8.wasm' because it was already resolved with format 'gzip'.
         Ignoring asset '/home/makani/honua-server/samples/Honua.StacOpsDemo/bin/Debug/net10.0/wwwroot/_framework/Microsoft.Win32.Primitives.54qaw3y2l7.wasm' because it was already resolved with format 'gzip'.
         Ignoring asset '/home/makani/honua-server/samples/Honua.StacOpsDemo/bin/Debug/net10.0/wwwroot/_framework/Microsoft.Win32.Registry.5zehcbadkc.wasm' because it was already resolved with format 'gzip'.
         Ignoring asset '/home/makani/honua-server/samples/Honua.StacOpsDemo/bin/Debug/net10.0/wwwroot/_framework/System.AppContext.hb972rswn2.wasm' because it was already resolved with format 'gzip'.
         Ignoring asset '/home/makani/honua-server/samples/Honua.StacOpsDemo/bin/Debug/net10.0/wwwroot/_framework/System.Buffers.fmh1lqxxe8.wasm' because it was already resolved with format 'gzip'.
         Ignoring asset '/home/makani/honua-server/samples/Honua.StacOpsDemo/bin/Debug/net10.0/wwwroot/_framework/System.Collections.Concurrent.wrpunq2dmd.wasm' because it was already resolved with format 'gzip'.
         Ignoring asset '/home/makani/honua-server/samples/Honua.StacOpsDemo/bin/Debug/net10.0/wwwroot/_framework/System.Collections.Immutable.dm08vuov01.wasm' because it was already resolved with format 'gzip'.
         Ignoring asset '/home/makani/honua-server/samples/Honua.StacOpsDemo/bin/Debug/net10.0/wwwroot/_framework/System.Collections.NonGeneric.ucr2s1rjr8.wasm' because it was already resolved with format 'gzip'.
         Ignoring asset '/home/makani/honua-server/samples/Honua.StacOpsDemo/bin/Debug/net10.0/wwwroot/_framework/System.Collections.Specialized.788c2vii7r.wasm' because it was already resolved with format 'gzip'.
         Ignoring asset '/home/makani/honua-server/samples/Honua.StacOpsDemo/bin/Debug/net10.0/wwwroot/_framework/System.Collections.oyg9o5jzra.wasm' because it was already resolved with format 'gzip'.
         Ignoring asset '/home/makani/honua-server/samples/Honua.StacOpsDemo/bin/Debug/net10.0/wwwroot/_framework/System.ComponentModel.Annotations.kzcs3roxpa.wasm' because it was already resolved with format 'gzip'.
         Ignoring asset '/home/makani/honua-server/samples/Honua.StacOpsDemo/bin/Debug/net10.0/wwwroot/_framework/System.ComponentModel.DataAnnotations.uujisxprk9.wasm' because it was already resolved with format 'gzip'.
         Ignoring asset '/home/makani/honua-server/samples/Honua.StacOpsDemo/bin/Debug/net10.0/wwwroot/_framework/System.ComponentModel.EventBasedAsync.v1qxqe5fpe.wasm' because it was already resolved with format 'gzip'.
         Ignoring asset '/home/makani/honua-server/samples/Honua.StacOpsDemo/bin/Debug/net10.0/wwwroot/_framework/System.ComponentModel.Primitives.ftz81jso1j.wasm' because it was already resolved with format 'gzip'.
         Ignoring asset '/home/makani/honua-server/samples/Honua.StacOpsDemo/bin/Debug/net10.0/wwwroot/_framework/System.ComponentModel.TypeConverter.w7xhoe08t4.wasm' because it was already resolved with format 'gzip'.
         Ignoring asset '/home/makani/honua-server/samples/Honua.StacOpsDemo/bin/Debug/net10.0/wwwroot/_framework/System.ComponentModel.k940vnf7b8.wasm' because it was already resolved with format 'gzip'.
         Ignoring asset '/home/makani/honua-server/samples/Honua.StacOpsDemo/bin/Debug/net10.0/wwwroot/_framework/System.Configuration.w3ntl07ypg.wasm' because it was already resolved with format 'gzip'.
         Ignoring asset '/home/makani/honua-server/samples/Honua.StacOpsDemo/bin/Debug/net10.0/wwwroot/_framework/System.Console.439r3pkwc4.wasm' because it was already resolved with format 'gzip'.
         Ignoring asset '/home/makani/honua-server/samples/Honua.StacOpsDemo/bin/Debug/net10.0/wwwroot/_framework/System.Core.3okiiotm1r.wasm' because it was already resolved with format 'gzip'.
         Ignoring asset '/home/makani/honua-server/samples/Honua.StacOpsDemo/bin/Debug/net10.0/wwwroot/_framework/System.Data.Common.u1paws2ie5.wasm' because it was already resolved with format 'gzip'.
         Ignoring asset '/home/makani/honua-server/samples/Honua.StacOpsDemo/bin/Debug/net10.0/wwwroot/_framework/System.Data.DataSetExtensions.k7l9fdomp8.wasm' because it was already resolved with format 'gzip'.
         Ignoring asset '/home/makani/honua-server/samples/Honua.StacOpsDemo/bin/Debug/net10.0/wwwroot/_framework/System.Data.0xkcfajxb8.wasm' because it was already resolved with format 'gzip'.
         Ignoring asset '/home/makani/honua-server/samples/Honua.StacOpsDemo/bin/Debug/net10.0/wwwroot/_framework/System.Diagnostics.Contracts.zgl132fygk.wasm' because it was already resolved with format 'gzip'.
         Ignoring asset '/home/makani/honua-server/samples/Honua.StacOpsDemo/bin/Debug/net10.0/wwwroot/_framework/System.Diagnostics.Debug.6kui682x9y.wasm' because it was already resolved with format 'gzip'.
         Ignoring asset '/home/makani/honua-server/samples/Honua.StacOpsDemo/bin/Debug/net10.0/wwwroot/_framework/System.Diagnostics.DiagnosticSource.bkk6sbg16x.wasm' because it was already resolved with format 'gzip'.
         Ignoring asset '/home/makani/honua-server/samples/Honua.StacOpsDemo/bin/Debug/net10.0/wwwroot/_framework/System.Diagnostics.FileVersionInfo.3alwgrae57.wasm' because it was already resolved with format 'gzip'.
         Ignoring asset '/home/makani/honua-server/samples/Honua.StacOpsDemo/bin/Debug/net10.0/wwwroot/_framework/System.Diagnostics.Process.06srtm7zqs.wasm' because it was already resolved with format 'gzip'.
         Ignoring asset '/home/makani/honua-server/samples/Honua.StacOpsDemo/bin/Debug/net10.0/wwwroot/_framework/System.Diagnostics.StackTrace.un2pf554tb.wasm' because it was already resolved with format 'gzip'.
         Ignoring asset '/home/makani/honua-server/samples/Honua.StacOpsDemo/bin/Debug/net10.0/wwwroot/_framework/System.Diagnostics.TextWriterTraceListener.ida6tfw92t.wasm' because it was already resolved with format 'gzip'.
         Ignoring asset '/home/makani/honua-server/samples/Honua.StacOpsDemo/bin/Debug/net10.0/wwwroot/_framework/System.Diagnostics.Tools.shey8i22c8.wasm' because it was already resolved with format 'gzip'.
         Ignoring asset '/home/makani/honua-server/samples/Honua.StacOpsDemo/bin/Debug/net10.0/wwwroot/_framework/System.Diagnostics.TraceSource.clw8b0o34g.wasm' because it was already resolved with format 'gzip'.
         Ignoring asset '/home/makani/honua-server/samples/Honua.StacOpsDemo/bin/Debug/net10.0/wwwroot/_framework/System.Diagnostics.Tracing.w23ofaxx35.wasm' because it was already resolved with format 'gzip'.
         Ignoring asset '/home/makani/honua-server/samples/Honua.StacOpsDemo/bin/Debug/net10.0/wwwroot/_framework/System.Drawing.Primitives.fzsvb9tweu.wasm' because it was already resolved with format 'gzip'.
         Ignoring asset '/home/makani/honua-server/samples/Honua.StacOpsDemo/bin/Debug/net10.0/wwwroot/_framework/System.Drawing.crwi1p34or.wasm' because it was already resolved with format 'gzip'.
         Ignoring asset '/home/makani/honua-server/samples/Honua.StacOpsDemo/bin/Debug/net10.0/wwwroot/_framework/System.Dynamic.Runtime.9fcftni5l9.wasm' because it was already resolved with format 'gzip'.
         Ignoring asset '/home/makani/honua-server/samples/Honua.StacOpsDemo/bin/Debug/net10.0/wwwroot/_framework/System.Formats.Asn1.3i8640auxn.wasm' because it was already resolved with format 'gzip'.
         Ignoring asset '/home/makani/honua-server/samples/Honua.StacOpsDemo/bin/Debug/net10.0/wwwroot/_framework/System.Formats.Tar.6thvjqqi69.wasm' because it was already resolved with format 'gzip'.
         Ignoring asset '/home/makani/honua-server/samples/Honua.StacOpsDemo/bin/Debug/net10.0/wwwroot/_framework/System.Globalization.Calendars.b34zv6t8w8.wasm' because it was already resolved with format 'gzip'.
         Ignoring asset '/home/makani/honua-server/samples/Honua.StacOpsDemo/bin/Debug/net10.0/wwwroot/_framework/System.Globalization.Extensions.t9z23vywoa.wasm' because it was already resolved with format 'gzip'.
         Ignoring asset '/home/makani/honua-server/samples/Honua.StacOpsDemo/bin/Debug/net10.0/wwwroot/_framework/System.Globalization.kzypximfjj.wasm' because it was already resolved with format 'gzip'.
         Ignoring asset '/home/makani/honua-server/samples/Honua.StacOpsDemo/bin/Debug/net10.0/wwwroot/_framework/System.IO.Compression.Brotli.16ihu4aum0.wasm' because it was already resolved with format 'gzip'.
         Ignoring asset '/home/makani/honua-server/samples/Honua.StacOpsDemo/bin/Debug/net10.0/wwwroot/_framework/System.IO.Compression.FileSystem.98t41ls3w6.wasm' because it was already resolved with format 'gzip'.
         Ignoring asset '/home/makani/honua-server/samples/Honua.StacOpsDemo/bin/Debug/net10.0/wwwroot/_framework/System.IO.Compression.ZipFile.0imvrnvy4f.wasm' because it was already resolved with format 'gzip'.
         Ignoring asset '/home/makani/honua-server/samples/Honua.StacOpsDemo/bin/Debug/net10.0/wwwroot/_framework/System.IO.Compression.ne60qfmijm.wasm' because it was already resolved with format 'gzip'.
         Ignoring asset '/home/makani/honua-server/samples/Honua.StacOpsDemo/bin/Debug/net10.0/wwwroot/_framework/System.IO.FileSystem.AccessControl.8nsm8mjj5e.wasm' because it was already resolved with format 'gzip'.
         Ignoring asset '/home/makani/honua-server/samples/Honua.StacOpsDemo/bin/Debug/net10.0/wwwroot/_framework/System.IO.FileSystem.DriveInfo.zemo9xngn2.wasm' because it was already resolved with format 'gzip'.
         Ignoring asset '/home/makani/honua-server/samples/Honua.StacOpsDemo/bin/Debug/net10.0/wwwroot/_framework/System.IO.FileSystem.Primitives.kybpzn2oos.wasm' because it was already resolved with format 'gzip'.
         Ignoring asset '/home/makani/honua-server/samples/Honua.StacOpsDemo/bin/Debug/net10.0/wwwroot/_framework/System.IO.FileSystem.Watcher.ontoty1fxn.wasm' because it was already resolved with format 'gzip'.
         Ignoring asset '/home/makani/honua-server/samples/Honua.StacOpsDemo/bin/Debug/net10.0/wwwroot/_framework/System.IO.FileSystem.cfijc526tp.wasm' because it was already resolved with format 'gzip'.
         Ignoring asset '/home/makani/honua-server/samples/Honua.StacOpsDemo/bin/Debug/net10.0/wwwroot/_framework/System.IO.IsolatedStorage.us5380okmk.wasm' because it was already resolved with format 'gzip'.
         Ignoring asset '/home/makani/honua-server/samples/Honua.StacOpsDemo/bin/Debug/net10.0/wwwroot/_framework/System.IO.MemoryMappedFiles.v5uya98rfp.wasm' because it was already resolved with format 'gzip'.
         Ignoring asset '/home/makani/honua-server/samples/Honua.StacOpsDemo/bin/Debug/net10.0/wwwroot/_framework/System.IO.Pipelines.9dgkwpzi1d.wasm' because it was already resolved with format 'gzip'.
         Ignoring asset '/home/makani/honua-server/samples/Honua.StacOpsDemo/bin/Debug/net10.0/wwwroot/_framework/System.IO.Pipes.AccessControl.rihuiw07yu.wasm' because it was already resolved with format 'gzip'.
         Ignoring asset '/home/makani/honua-server/samples/Honua.StacOpsDemo/bin/Debug/net10.0/wwwroot/_framework/System.IO.Pipes.f4dn7kellq.wasm' because it was already resolved with format 'gzip'.
         Ignoring asset '/home/makani/honua-server/samples/Honua.StacOpsDemo/bin/Debug/net10.0/wwwroot/_framework/System.IO.UnmanagedMemoryStream.e6eipiyt6q.wasm' because it was already resolved with format 'gzip'.
         Ignoring asset '/home/makani/honua-server/samples/Honua.StacOpsDemo/bin/Debug/net10.0/wwwroot/_framework/System.IO.ziabf8ylan.wasm' because it was already resolved with format 'gzip'.
         Ignoring asset '/home/makani/honua-server/samples/Honua.StacOpsDemo/bin/Debug/net10.0/wwwroot/_framework/System.Linq.AsyncEnumerable.fm8vwphpb6.wasm' because it was already resolved with format 'gzip'.
         Ignoring asset '/home/makani/honua-server/samples/Honua.StacOpsDemo/bin/Debug/net10.0/wwwroot/_framework/System.Linq.Expressions.uudylx04pc.wasm' because it was already resolved with format 'gzip'.
         Ignoring asset '/home/makani/honua-server/samples/Honua.StacOpsDemo/bin/Debug/net10.0/wwwroot/_framework/System.Linq.Parallel.lbbvcapr26.wasm' because it was already resolved with format 'gzip'.
         Ignoring asset '/home/makani/honua-server/samples/Honua.StacOpsDemo/bin/Debug/net10.0/wwwroot/_framework/System.Linq.Queryable.hq9iyymx2n.wasm' because it was already resolved with format 'gzip'.
         Ignoring asset '/home/makani/honua-server/samples/Honua.StacOpsDemo/bin/Debug/net10.0/wwwroot/_framework/System.Linq.ome0590huq.wasm' because it was already resolved with format 'gzip'.
         Ignoring asset '/home/makani/honua-server/samples/Honua.StacOpsDemo/bin/Debug/net10.0/wwwroot/_framework/System.Memory.oikctzq2yk.wasm' because it was already resolved with format 'gzip'.
         Ignoring asset '/home/makani/honua-server/samples/Honua.StacOpsDemo/bin/Debug/net10.0/wwwroot/_framework/System.Net.Http.Json.19ykf2ghfc.wasm' because it was already resolved with format 'gzip'.
         Ignoring asset '/home/makani/honua-server/samples/Honua.StacOpsDemo/bin/Debug/net10.0/wwwroot/_framework/System.Net.Http.5kege8iwcx.wasm' because it was already resolved with format 'gzip'.
         Ignoring asset '/home/makani/honua-server/samples/Honua.StacOpsDemo/bin/Debug/net10.0/wwwroot/_framework/System.Net.HttpListener.govomr6pnd.wasm' because it was already resolved with format 'gzip'.
         Ignoring asset '/home/makani/honua-server/samples/Honua.StacOpsDemo/bin/Debug/net10.0/wwwroot/_framework/System.Net.Mail.kpjpkrf00f.wasm' because it was already resolved with format 'gzip'.
         Ignoring asset '/home/makani/honua-server/samples/Honua.StacOpsDemo/bin/Debug/net10.0/wwwroot/_framework/System.Net.NameResolution.dxybkhgvzf.wasm' because it was already resolved with format 'gzip'.
         Ignoring asset '/home/makani/honua-server/samples/Honua.StacOpsDemo/bin/Debug/net10.0/wwwroot/_framework/System.Net.NetworkInformation.vqv9utc4ui.wasm' because it was already resolved with format 'gzip'.
         Ignoring asset '/home/makani/honua-server/samples/Honua.StacOpsDemo/bin/Debug/net10.0/wwwroot/_framework/System.Net.Ping.783n01f2ja.wasm' because it was already resolved with format 'gzip'.
         Ignoring asset '/home/makani/honua-server/samples/Honua.StacOpsDemo/bin/Debug/net10.0/wwwroot/_framework/System.Net.Primitives.pstx0jw374.wasm' because it was already resolved with format 'gzip'.
         Ignoring asset '/home/makani/honua-server/samples/Honua.StacOpsDemo/bin/Debug/net10.0/wwwroot/_framework/System.Net.Quic.dj8trc6yee.wasm' because it was already resolved with format 'gzip'.
         Ignoring asset '/home/makani/honua-server/samples/Honua.StacOpsDemo/bin/Debug/net10.0/wwwroot/_framework/System.Net.Requests.l70yyhjzub.wasm' because it was already resolved with format 'gzip'.
         Ignoring asset '/home/makani/honua-server/samples/Honua.StacOpsDemo/bin/Debug/net10.0/wwwroot/_framework/System.Net.Security.r7o76f3x7n.wasm' because it was already resolved with format 'gzip'.
         Ignoring asset '/home/makani/honua-server/samples/Honua.StacOpsDemo/bin/Debug/net10.0/wwwroot/_framework/System.Net.ServerSentEvents.tgl8yc4d2m.wasm' because it was already resolved with format 'gzip'.
         Ignoring asset '/home/makani/honua-server/samples/Honua.StacOpsDemo/bin/Debug/net10.0/wwwroot/_framework/System.Net.ServicePoint.052trdlw01.wasm' because it was already resolved with format 'gzip'.
         Ignoring asset '/home/makani/honua-server/samples/Honua.StacOpsDemo/bin/Debug/net10.0/wwwroot/_framework/System.Net.Sockets.u3mk3ahtq5.wasm' because it was already resolved with format 'gzip'.
         Ignoring asset '/home/makani/honua-server/samples/Honua.StacOpsDemo/bin/Debug/net10.0/wwwroot/_framework/System.Net.WebClient.qqvr2j3pvg.wasm' because it was already resolved with format 'gzip'.
         Ignoring asset '/home/makani/honua-server/samples/Honua.StacOpsDemo/bin/Debug/net10.0/wwwroot/_framework/System.Net.WebHeaderCollection.5uas6gg592.wasm' because it was already resolved with format 'gzip'.
         Ignoring asset '/home/makani/honua-server/samples/Honua.StacOpsDemo/bin/Debug/net10.0/wwwroot/_framework/System.Net.WebProxy.navlngkykk.wasm' because it was already resolved with format 'gzip'.
         Ignoring asset '/home/makani/honua-server/samples/Honua.StacOpsDemo/bin/Debug/net10.0/wwwroot/_framework/System.Net.WebSockets.Client.7xkgcbvoi2.wasm' because it was already resolved with format 'gzip'.
         Ignoring asset '/home/makani/honua-server/samples/Honua.StacOpsDemo/bin/Debug/net10.0/wwwroot/_framework/System.Net.WebSockets.hmm17lo1vo.wasm' because it was already resolved with format 'gzip'.
         Ignoring asset '/home/makani/honua-server/samples/Honua.StacOpsDemo/bin/Debug/net10.0/wwwroot/_framework/System.Net.gmaqhpvzve.wasm' because it was already resolved with format 'gzip'.
         Ignoring asset '/home/makani/honua-server/samples/Honua.StacOpsDemo/bin/Debug/net10.0/wwwroot/_framework/System.Numerics.Vectors.ih9man0xaa.wasm' because it was already resolved with format 'gzip'.
         Ignoring asset '/home/makani/honua-server/samples/Honua.StacOpsDemo/bin/Debug/net10.0/wwwroot/_framework/System.Numerics.w9v15jg7wg.wasm' because it was already resolved with format 'gzip'.
         Ignoring asset '/home/makani/honua-server/samples/Honua.StacOpsDemo/bin/Debug/net10.0/wwwroot/_framework/System.ObjectModel.pwzbf3ywqb.wasm' because it was already resolved with format 'gzip'.
         Ignoring asset '/home/makani/honua-server/samples/Honua.StacOpsDemo/bin/Debug/net10.0/wwwroot/_framework/System.Private.DataContractSerialization.ya7w2p8he6.wasm' because it was already resolved with format 'gzip'.
         Ignoring asset '/home/makani/honua-server/samples/Honua.StacOpsDemo/bin/Debug/net10.0/wwwroot/_framework/System.Private.Uri.ebclw1ctlb.wasm' because it was already resolved with format 'gzip'.
         Ignoring asset '/home/makani/honua-server/samples/Honua.StacOpsDemo/bin/Debug/net10.0/wwwroot/_framework/System.Private.Xml.Linq.esrdiz7prm.wasm' because it was already resolved with format 'gzip'.
         Ignoring asset '/home/makani/honua-server/samples/Honua.StacOpsDemo/bin/Debug/net10.0/wwwroot/_framework/System.Private.Xml.zese355etl.wasm' because it was already resolved with format 'gzip'.
         Ignoring asset '/home/makani/honua-server/samples/Honua.StacOpsDemo/bin/Debug/net10.0/wwwroot/_framework/System.Reflection.DispatchProxy.db8njzbm5e.wasm' because it was already resolved with format 'gzip'.
         Ignoring asset '/home/makani/honua-server/samples/Honua.StacOpsDemo/bin/Debug/net10.0/wwwroot/_framework/System.Reflection.Emit.ILGeneration.5li0z45f7b.wasm' because it was already resolved with format 'gzip'.
         Ignoring asset '/home/makani/honua-server/samples/Honua.StacOpsDemo/bin/Debug/net10.0/wwwroot/_framework/System.Reflection.Emit.Lightweight.qjvufgr3wc.wasm' because it was already resolved with format 'gzip'.
         Ignoring asset '/home/makani/honua-server/samples/Honua.StacOpsDemo/bin/Debug/net10.0/wwwroot/_framework/System.Reflection.Emit.wyf2c3g3ob.wasm' because it was already resolved with format 'gzip'.
         Ignoring asset '/home/makani/honua-server/samples/Honua.StacOpsDemo/bin/Debug/net10.0/wwwroot/_framework/System.Reflection.Extensions.5423st4px4.wasm' because it was already resolved with format 'gzip'.
         Ignoring asset '/home/makani/honua-server/samples/Honua.StacOpsDemo/bin/Debug/net10.0/wwwroot/_framework/System.Reflection.Metadata.9jlh4rmm5n.wasm' because it was already resolved with format 'gzip'.
         Ignoring asset '/home/makani/honua-server/samples/Honua.StacOpsDemo/bin/Debug/net10.0/wwwroot/_framework/System.Reflection.Primitives.yippb5hjvi.wasm' because it was already resolved with format 'gzip'.
         Ignoring asset '/home/makani/honua-server/samples/Honua.StacOpsDemo/bin/Debug/net10.0/wwwroot/_framework/System.Reflection.TypeExtensions.j1u7dn4u7m.wasm' because it was already resolved with format 'gzip'.
         Ignoring asset '/home/makani/honua-server/samples/Honua.StacOpsDemo/bin/Debug/net10.0/wwwroot/_framework/System.Reflection.e4ad5khic1.wasm' because it was already resolved with format 'gzip'.
         Ignoring asset '/home/makani/honua-server/samples/Honua.StacOpsDemo/bin/Debug/net10.0/wwwroot/_framework/System.Resources.Reader.xlkk3ynoru.wasm' because it was already resolved with format 'gzip'.
         Ignoring asset '/home/makani/honua-server/samples/Honua.StacOpsDemo/bin/Debug/net10.0/wwwroot/_framework/System.Resources.ResourceManager.eugtqi7331.wasm' because it was already resolved with format 'gzip'.
         Ignoring asset '/home/makani/honua-server/samples/Honua.StacOpsDemo/bin/Debug/net10.0/wwwroot/_framework/System.Resources.Writer.depxp3za4f.wasm' because it was already resolved with format 'gzip'.
         Ignoring asset '/home/makani/honua-server/samples/Honua.StacOpsDemo/bin/Debug/net10.0/wwwroot/_framework/System.Runtime.CompilerServices.Unsafe.qm5biyh995.wasm' because it was already resolved with format 'gzip'.
         Ignoring asset '/home/makani/honua-server/samples/Honua.StacOpsDemo/bin/Debug/net10.0/wwwroot/_framework/System.Runtime.CompilerServices.VisualC.vjh10io2ol.wasm' because it was already resolved with format 'gzip'.
         Ignoring asset '/home/makani/honua-server/samples/Honua.StacOpsDemo/bin/Debug/net10.0/wwwroot/_framework/System.Runtime.Extensions.gm74y2bo0g.wasm' because it was already resolved with format 'gzip'.
         Ignoring asset '/home/makani/honua-server/samples/Honua.StacOpsDemo/bin/Debug/net10.0/wwwroot/_framework/System.Runtime.Handles.ujbtg86el3.wasm' because it was already resolved with format 'gzip'.
         Ignoring asset '/home/makani/honua-server/samples/Honua.StacOpsDemo/bin/Debug/net10.0/wwwroot/_framework/System.Runtime.InteropServices.JavaScript.e22nl7riy4.wasm' because it was already resolved with format 'gzip'.
         Ignoring asset '/home/makani/honua-server/samples/Honua.StacOpsDemo/bin/Debug/net10.0/wwwroot/_framework/System.Runtime.InteropServices.RuntimeInformation.ha950r0i18.wasm' because it was already resolved with format 'gzip'.
         Ignoring asset '/home/makani/honua-server/samples/Honua.StacOpsDemo/bin/Debug/net10.0/wwwroot/_framework/System.Runtime.InteropServices.g1w1fits1p.wasm' because it was already resolved with format 'gzip'.
         Ignoring asset '/home/makani/honua-server/samples/Honua.StacOpsDemo/bin/Debug/net10.0/wwwroot/_framework/System.Runtime.Intrinsics.7n7jt1ms3p.wasm' because it was already resolved with format 'gzip'.
         Ignoring asset '/home/makani/honua-server/samples/Honua.StacOpsDemo/bin/Debug/net10.0/wwwroot/_framework/System.Runtime.Loader.13t1lxa6p2.wasm' because it was already resolved with format 'gzip'.
         Ignoring asset '/home/makani/honua-server/samples/Honua.StacOpsDemo/bin/Debug/net10.0/wwwroot/_framework/System.Runtime.Numerics.bcciqwoqxp.wasm' because it was already resolved with format 'gzip'.
         Ignoring asset '/home/makani/honua-server/samples/Honua.StacOpsDemo/bin/Debug/net10.0/wwwroot/_framework/System.Runtime.Serialization.Formatters.wecoe44nmz.wasm' because it was already resolved with format 'gzip'.
         Ignoring asset '/home/makani/honua-server/samples/Honua.StacOpsDemo/bin/Debug/net10.0/wwwroot/_framework/System.Runtime.Serialization.Json.8dz8w33dsz.wasm' because it was already resolved with format 'gzip'.
         Ignoring asset '/home/makani/honua-server/samples/Honua.StacOpsDemo/bin/Debug/net10.0/wwwroot/_framework/System.Runtime.Serialization.Primitives.m05m0pm5oq.wasm' because it was already resolved with format 'gzip'.
         Ignoring asset '/home/makani/honua-server/samples/Honua.StacOpsDemo/bin/Debug/net10.0/wwwroot/_framework/System.Runtime.Serialization.Xml.79xb2e70lp.wasm' because it was already resolved with format 'gzip'.
         Ignoring asset '/home/makani/honua-server/samples/Honua.StacOpsDemo/bin/Debug/net10.0/wwwroot/_framework/System.Runtime.Serialization.uyi2fb0103.wasm' because it was already resolved with format 'gzip'.
         Ignoring asset '/home/makani/honua-server/samples/Honua.StacOpsDemo/bin/Debug/net10.0/wwwroot/_framework/System.Runtime.69m00wu7n6.wasm' because it was already resolved with format 'gzip'.
         Ignoring asset '/home/makani/honua-server/samples/Honua.StacOpsDemo/bin/Debug/net10.0/wwwroot/_framework/System.Security.AccessControl.rv6iq87t46.wasm' because it was already resolved with format 'gzip'.
         Ignoring asset '/home/makani/honua-server/samples/Honua.StacOpsDemo/bin/Debug/net10.0/wwwroot/_framework/System.Security.Claims.2pchagji9k.wasm' because it was already resolved with format 'gzip'.
         Ignoring asset '/home/makani/honua-server/samples/Honua.StacOpsDemo/bin/Debug/net10.0/wwwroot/_framework/System.Security.Cryptography.Algorithms.tba5tu29wv.wasm' because it was already resolved with format 'gzip'.
         Ignoring asset '/home/makani/honua-server/samples/Honua.StacOpsDemo/bin/Debug/net10.0/wwwroot/_framework/System.Security.Cryptography.Cng.q19w88bn7l.wasm' because it was already resolved with format 'gzip'.
         Ignoring asset '/home/makani/honua-server/samples/Honua.StacOpsDemo/bin/Debug/net10.0/wwwroot/_framework/System.Security.Cryptography.Csp.lmdq3p0hzc.wasm' because it was already resolved with format 'gzip'.
         Ignoring asset '/home/makani/honua-server/samples/Honua.StacOpsDemo/bin/Debug/net10.0/wwwroot/_framework/System.Security.Cryptography.Encoding.irtnamfpwo.wasm' because it was already resolved with format 'gzip'.
         Ignoring asset '/home/makani/honua-server/samples/Honua.StacOpsDemo/bin/Debug/net10.0/wwwroot/_framework/System.Security.Cryptography.OpenSsl.ctfxrq7l33.wasm' because it was already resolved with format 'gzip'.
         Ignoring asset '/home/makani/honua-server/samples/Honua.StacOpsDemo/bin/Debug/net10.0/wwwroot/_framework/System.Security.Cryptography.Primitives.wfl2haanmw.wasm' because it was already resolved with format 'gzip'.
         Ignoring asset '/home/makani/honua-server/samples/Honua.StacOpsDemo/bin/Debug/net10.0/wwwroot/_framework/System.Security.Cryptography.X509Certificates.jk1euj9vu9.wasm' because it was already resolved with format 'gzip'.
         Ignoring asset '/home/makani/honua-server/samples/Honua.StacOpsDemo/bin/Debug/net10.0/wwwroot/_framework/System.Security.Cryptography.s9jclef89k.wasm' because it was already resolved with format 'gzip'.
         Ignoring asset '/home/makani/honua-server/samples/Honua.StacOpsDemo/bin/Debug/net10.0/wwwroot/_framework/System.Security.Principal.Windows.s3g4fx319q.wasm' because it was already resolved with format 'gzip'.
         Ignoring asset '/home/makani/honua-server/samples/Honua.StacOpsDemo/bin/Debug/net10.0/wwwroot/_framework/System.Security.Principal.5ic1w2xffg.wasm' because it was already resolved with format 'gzip'.
         Ignoring asset '/home/makani/honua-server/samples/Honua.StacOpsDemo/bin/Debug/net10.0/wwwroot/_framework/System.Security.SecureString.akn0vk63vp.wasm' because it was already resolved with format 'gzip'.
         Ignoring asset '/home/makani/honua-server/samples/Honua.StacOpsDemo/bin/Debug/net10.0/wwwroot/_framework/System.Security.hy6omngq8z.wasm' because it was already resolved with format 'gzip'.
         Ignoring asset '/home/makani/honua-server/samples/Honua.StacOpsDemo/bin/Debug/net10.0/wwwroot/_framework/System.ServiceModel.Web.c7chznvmm3.wasm' because it was already resolved with format 'gzip'.
         Ignoring asset '/home/makani/honua-server/samples/Honua.StacOpsDemo/bin/Debug/net10.0/wwwroot/_framework/System.ServiceProcess.mfsa3z03lw.wasm' because it was already resolved with format 'gzip'.
         Ignoring asset '/home/makani/honua-server/samples/Honua.StacOpsDemo/bin/Debug/net10.0/wwwroot/_framework/System.Text.Encoding.CodePages.apclussnua.wasm' because it was already resolved with format 'gzip'.
         Ignoring asset '/home/makani/honua-server/samples/Honua.StacOpsDemo/bin/Debug/net10.0/wwwroot/_framework/System.Text.Encoding.Extensions.kny0la5npq.wasm' because it was already resolved with format 'gzip'.
         Ignoring asset '/home/makani/honua-server/samples/Honua.StacOpsDemo/bin/Debug/net10.0/wwwroot/_framework/System.Text.Encoding.4bprmgilq2.wasm' because it was already resolved with format 'gzip'.
         Ignoring asset '/home/makani/honua-server/samples/Honua.StacOpsDemo/bin/Debug/net10.0/wwwroot/_framework/System.Text.Encodings.Web.z4o1x288hz.wasm' because it was already resolved with format 'gzip'.
         Ignoring asset '/home/makani/honua-server/samples/Honua.StacOpsDemo/bin/Debug/net10.0/wwwroot/_framework/System.Text.Json.ytv8luxawq.wasm' because it was already resolved with format 'gzip'.
         Ignoring asset '/home/makani/honua-server/samples/Honua.StacOpsDemo/bin/Debug/net10.0/wwwroot/_framework/System.Text.RegularExpressions.i57ntutovo.wasm' because it was already resolved with format 'gzip'.
         Ignoring asset '/home/makani/honua-server/samples/Honua.StacOpsDemo/bin/Debug/net10.0/wwwroot/_framework/System.Threading.AccessControl.vkhht9s4s0.wasm' because it was already resolved with format 'gzip'.
         Ignoring asset '/home/makani/honua-server/samples/Honua.StacOpsDemo/bin/Debug/net10.0/wwwroot/_framework/System.Threading.Channels.ici4sc8c5d.wasm' because it was already resolved with format 'gzip'.
         Ignoring asset '/home/makani/honua-server/samples/Honua.StacOpsDemo/bin/Debug/net10.0/wwwroot/_framework/System.Threading.Overlapped.gbkwu8tis9.wasm' because it was already resolved with format 'gzip'.
         Ignoring asset '/home/makani/honua-server/samples/Honua.StacOpsDemo/bin/Debug/net10.0/wwwroot/_framework/System.Threading.Tasks.Dataflow.5hsbzkigfv.wasm' because it was already resolved with format 'gzip'.
         Ignoring asset '/home/makani/honua-server/samples/Honua.StacOpsDemo/bin/Debug/net10.0/wwwroot/_framework/System.Threading.Tasks.Extensions.nc1yghpvaj.wasm' because it was already resolved with format 'gzip'.
         Ignoring asset '/home/makani/honua-server/samples/Honua.StacOpsDemo/bin/Debug/net10.0/wwwroot/_framework/System.Threading.Tasks.Parallel.4n1o4dxc9j.wasm' because it was already resolved with format 'gzip'.
         Ignoring asset '/home/makani/honua-server/samples/Honua.StacOpsDemo/bin/Debug/net10.0/wwwroot/_framework/System.Threading.Tasks.rx5istkt3h.wasm' because it was already resolved with format 'gzip'.
         Ignoring asset '/home/makani/honua-server/samples/Honua.StacOpsDemo/bin/Debug/net10.0/wwwroot/_framework/System.Threading.Thread.43ap29e3sq.wasm' because it was already resolved with format 'gzip'.
         Ignoring asset '/home/makani/honua-server/samples/Honua.StacOpsDemo/bin/Debug/net10.0/wwwroot/_framework/System.Threading.ThreadPool.7gbfkrjizt.wasm' because it was already resolved with format 'gzip'.
         Ignoring asset '/home/makani/honua-server/samples/Honua.StacOpsDemo/bin/Debug/net10.0/wwwroot/_framework/System.Threading.Timer.kkeuksfj0m.wasm' because it was already resolved with format 'gzip'.
         Ignoring asset '/home/makani/honua-server/samples/Honua.StacOpsDemo/bin/Debug/net10.0/wwwroot/_framework/System.Threading.57sxvma12c.wasm' because it was already resolved with format 'gzip'.
         Ignoring asset '/home/makani/honua-server/samples/Honua.StacOpsDemo/bin/Debug/net10.0/wwwroot/_framework/System.Transactions.Local.kjba88uqo5.wasm' because it was already resolved with format 'gzip'.
         Ignoring asset '/home/makani/honua-server/samples/Honua.StacOpsDemo/bin/Debug/net10.0/wwwroot/_framework/System.Transactions.yd5orfj1dk.wasm' because it was already resolved with format 'gzip'.
         Ignoring asset '/home/makani/honua-server/samples/Honua.StacOpsDemo/bin/Debug/net10.0/wwwroot/_framework/System.ValueTuple.x5xctdxzrq.wasm' because it was already resolved with format 'gzip'.
         Ignoring asset '/home/makani/honua-server/samples/Honua.StacOpsDemo/bin/Debug/net10.0/wwwroot/_framework/System.Web.HttpUtility.1a72cmhu6i.wasm' because it was already resolved with format 'gzip'.
         Ignoring asset '/home/makani/honua-server/samples/Honua.StacOpsDemo/bin/Debug/net10.0/wwwroot/_framework/System.Web.ilju54fcp2.wasm' because it was already resolved with format 'gzip'.
         Ignoring asset '/home/makani/honua-server/samples/Honua.StacOpsDemo/bin/Debug/net10.0/wwwroot/_framework/System.Windows.gr5k60s0oe.wasm' because it was already resolved with format 'gzip'.
         Ignoring asset '/home/makani/honua-server/samples/Honua.StacOpsDemo/bin/Debug/net10.0/wwwroot/_framework/System.Xml.Linq.plyvi1r5s9.wasm' because it was already resolved with format 'gzip'.
         Ignoring asset '/home/makani/honua-server/samples/Honua.StacOpsDemo/bin/Debug/net10.0/wwwroot/_framework/System.Xml.ReaderWriter.pt2dqzuhaf.wasm' because it was already resolved with format 'gzip'.
         Ignoring asset '/home/makani/honua-server/samples/Honua.StacOpsDemo/bin/Debug/net10.0/wwwroot/_framework/System.Xml.Serialization.ygdmhmuqdp.wasm' because it was already resolved with format 'gzip'.
         Ignoring asset '/home/makani/honua-server/samples/Honua.StacOpsDemo/bin/Debug/net10.0/wwwroot/_framework/System.Xml.XDocument.olv3u76k95.wasm' because it was already resolved with format 'gzip'.
         Ignoring asset '/home/makani/honua-server/samples/Honua.StacOpsDemo/bin/Debug/net10.0/wwwroot/_framework/System.Xml.XPath.XDocument.m5wc9z7e1k.wasm' because it was already resolved with format 'gzip'.
         Ignoring asset '/home/makani/honua-server/samples/Honua.StacOpsDemo/bin/Debug/net10.0/wwwroot/_framework/System.Xml.XPath.dd748ds2m7.wasm' because it was already resolved with format 'gzip'.
         Ignoring asset '/home/makani/honua-server/samples/Honua.StacOpsDemo/bin/Debug/net10.0/wwwroot/_framework/System.Xml.XmlDocument.4gwmhmdbax.wasm' because it was already resolved with format 'gzip'.
         Ignoring asset '/home/makani/honua-server/samples/Honua.StacOpsDemo/bin/Debug/net10.0/wwwroot/_framework/System.Xml.XmlSerializer.v02wvgnobf.wasm' because it was already resolved with format 'gzip'.
         Ignoring asset '/home/makani/honua-server/samples/Honua.StacOpsDemo/bin/Debug/net10.0/wwwroot/_framework/System.Xml.o33u56xp8u.wasm' because it was already resolved with format 'gzip'.
         Ignoring asset '/home/makani/honua-server/samples/Honua.StacOpsDemo/bin/Debug/net10.0/wwwroot/_framework/System.gxdw562h4s.wasm' because it was already resolved with format 'gzip'.
         Ignoring asset '/home/makani/honua-server/samples/Honua.StacOpsDemo/bin/Debug/net10.0/wwwroot/_framework/WindowsBase.itp3e5i1h2.wasm' because it was already resolved with format 'gzip'.
         Ignoring asset '/home/makani/honua-server/samples/Honua.StacOpsDemo/bin/Debug/net10.0/wwwroot/_framework/mscorlib.k0eqaq9do2.wasm' because it was already resolved with format 'gzip'.
         Ignoring asset '/home/makani/honua-server/samples/Honua.StacOpsDemo/bin/Debug/net10.0/wwwroot/_framework/netstandard.xl4f7m8snf.wasm' because it was already resolved with format 'gzip'.
         Ignoring asset '/home/makani/honua-server/samples/Honua.StacOpsDemo/bin/Debug/net10.0/wwwroot/_framework/System.Private.CoreLib.mwo4f5vsvi.wasm' because it was already resolved with format 'gzip'.
         Ignoring asset '/home/makani/honua-server/samples/Honua.StacOpsDemo/bin/Debug/net10.0/wwwroot/_framework/dotnet.js.map' because it was already resolved with format 'gzip'.
         Ignoring asset '/home/makani/honua-server/samples/Honua.StacOpsDemo/bin/Debug/net10.0/wwwroot/_framework/dotnet.native.69poregybn.js' because it was already resolved with format 'gzip'.
         Ignoring asset '/home/makani/honua-server/samples/Honua.StacOpsDemo/bin/Debug/net10.0/wwwroot/_framework/dotnet.native.2mv1pqdd2n.wasm' because it was already resolved with format 'gzip'.
         Ignoring asset '/home/makani/honua-server/samples/Honua.StacOpsDemo/bin/Debug/net10.0/wwwroot/_framework/dotnet.runtime.q5rqv3xrhm.js' because it was already resolved with format 'gzip'.
         Ignoring asset '/home/makani/honua-server/samples/Honua.StacOpsDemo/bin/Debug/net10.0/wwwroot/_framework/dotnet.runtime.js.map' because it was already resolved with format 'gzip'.
         Ignoring asset '/home/makani/honua-server/samples/Honua.StacOpsDemo/bin/Debug/net10.0/wwwroot/_framework/icudt_CJK.tjcz0u77k5.dat' because it was already resolved with format 'gzip'.
         Ignoring asset '/home/makani/honua-server/samples/Honua.StacOpsDemo/bin/Debug/net10.0/wwwroot/_framework/icudt_EFIGS.tptq2av103.dat' because it was already resolved with format 'gzip'.
         Ignoring asset '/home/makani/honua-server/samples/Honua.StacOpsDemo/bin/Debug/net10.0/wwwroot/_framework/icudt_no_CJK.lfu7j35m59.dat' because it was already resolved with format 'gzip'.
         Ignoring asset '/home/makani/honua-server/samples/Honua.StacOpsDemo/bin/Debug/net10.0/wwwroot/_framework/Honua.StacOpsDemo.y8h50soohf.wasm' because it was already resolved with format 'gzip'.
         Ignoring asset '/home/makani/honua-server/samples/Honua.StacOpsDemo/bin/Debug/net10.0/wwwroot/_framework/Honua.StacOpsDemo.1jh9xxslil.pdb' because it was already resolved with format 'gzip'.
         Ignoring asset '/home/makani/honua-server/samples/Honua.StacOpsDemo/bin/Debug/net10.0/wwwroot/_framework/dotnet.js' because it was already resolved with format 'gzip'.
         Accepted compressed asset '/home/makani/honua-server/src/Honua.Server/obj/Debug/net10.0/compressed/c4jm89ygef-{0}-l81wce7d7i-l81wce7d7i.gz' for '/home/makani/honua-server/src/Honua.Server/obj/Debug/net10.0/jsmodules/jsmodules.build.manifest.json'.
         Resolved 3 compressed assets for 435 candidate assets.
       ResolveBuildCompressedStaticWebAssets:
         Processing compressed asset: /home/makani/honua-server/src/Honua.Admin/obj/Debug/net10.0/compressed/72f2nfdm1b-{0}-66stpp682q-66stpp682q.gz
         Processing compressed asset: /home/makani/honua-server/src/Honua.Admin/obj/Debug/net10.0/compressed/4qtryupyoh-{0}-uddsvpv1sv-uddsvpv1sv.gz
         Processing compressed asset: /home/makani/honua-server/src/Honua.Admin/obj/Debug/net10.0/compressed/v2j0q63p4f-{0}-uo1a6owr17-uo1a6owr17.gz
         Processing compressed asset: /home/makani/honua-server/src/Honua.Admin/obj/Debug/net10.0/compressed/prf3yz1ahb-{0}-zrueb40r85-zrueb40r85.gz
         Processing compressed asset: /home/makani/honua-server/src/Honua.Admin/obj/Debug/net10.0/compressed/bggugofjl0-{0}-g5qdp1mxha-g5qdp1mxha.gz
         Processing compressed asset: /home/makani/honua-server/src/Honua.Admin/obj/Debug/net10.0/compressed/tigip55y7z-{0}-9mjwvs1qyp-9mjwvs1qyp.gz
         Processing compressed asset: /home/makani/honua-server/src/Honua.Admin/obj/Debug/net10.0/compressed/z2aqiy2hv6-{0}-myqc2w9pi0-myqc2w9pi0.gz
         Processing compressed asset: /home/makani/honua-server/src/Honua.Admin/obj/Debug/net10.0/compressed/ghpbv6rne4-{0}-m3mxap0jif-m3mxap0jif.gz
         Processing compressed asset: /home/makani/honua-server/src/Honua.Admin/obj/Debug/net10.0/compressed/3zp83ypxq1-{0}-fgwnqtu7qk-fgwnqtu7qk.gz
         Processing compressed asset: /home/makani/honua-server/src/Honua.Admin/obj/Debug/net10.0/compressed/x879ihfa4m-{0}-thew1o6jcx-thew1o6jcx.gz
         Processing compressed asset: /home/makani/honua-server/src/Honua.Admin/obj/Debug/net10.0/compressed/jgblf0gwrr-{0}-7o70008j8o-7o70008j8o.gz
         Processing compressed asset: /home/makani/honua-server/src/Honua.Admin/obj/Debug/net10.0/compressed/h1d33x7ry9-{0}-ouivavlhyy-ouivavlhyy.gz
         Processing compressed asset: /home/makani/honua-server/src/Honua.Admin/obj/Debug/net10.0/compressed/ogix29uuvd-{0}-giv4t23za9-giv4t23za9.gz
         Processing compressed asset: /home/makani/honua-server/src/Honua.Admin/obj/Debug/net10.0/compressed/u7ejpbs6vo-{0}-vs620n44bv-vs620n44bv.gz
         Processing compressed asset: /home/makani/honua-server/src/Honua.Admin/obj/Debug/net10.0/compressed/f6wwetojip-{0}-ud13mwbta3-ud13mwbta3.gz
         Processing compressed asset: /home/makani/honua-server/src/Honua.Admin/obj/Debug/net10.0/compressed/se8x4jw4k2-{0}-jnogfbng3i-jnogfbng3i.gz
         Processing compressed asset: /home/makani/honua-server/src/Honua.Admin/obj/Debug/net10.0/compressed/iv6hzvp9vg-{0}-v59ymogeuz-v59ymogeuz.gz
         Processing compressed asset: /home/makani/honua-server/src/Honua.Admin/obj/Debug/net10.0/compressed/y26vfr81gz-{0}-ssv83rveyv-ssv83rveyv.gz
         Processing compressed asset: /home/makani/honua-server/src/Honua.Admin/obj/Debug/net10.0/compressed/l3sm73p9va-{0}-8gz29xpyh3-8gz29xpyh3.gz
         Processing compressed asset: /home/makani/honua-server/src/Honua.Admin/obj/Debug/net10.0/compressed/9886wihbjc-{0}-ozuva4e3vv-ozuva4e3vv.gz
         Processing compressed asset: /home/makani/honua-server/src/Honua.Admin/obj/Debug/net10.0/compressed/7c20obm8kc-{0}-y4ydx3rk2c-y4ydx3rk2c.gz
         Processing compressed asset: /home/makani/honua-server/src/Honua.Admin/obj/Debug/net10.0/compressed/4t4r8iwqud-{0}-1q3x7vre4l-1q3x7vre4l.gz
         Processing compressed asset: /home/makani/honua-server/src/Honua.Admin/obj/Debug/net10.0/compressed/ikcusu9zlz-{0}-2rz5zbidnd-2rz5zbidnd.gz
         Processing compressed asset: /home/makani/honua-server/src/Honua.Admin/obj/Debug/net10.0/compressed/uf5jn0nd37-{0}-zmb03w0weu-zmb03w0weu.gz
         Processing compressed asset: /home/makani/honua-server/src/Honua.Admin/obj/Debug/net10.0/compressed/xk5azz09xn-{0}-bd164v6l3f-bd164v6l3f.gz
         Processing compressed asset: /home/makani/honua-server/src/Honua.Admin/obj/Debug/net10.0/compressed/aavv5ygxij-{0}-r1sv3m5lsf-r1sv3m5lsf.gz
         Processing compressed asset: /home/makani/honua-server/src/Honua.Admin/obj/Debug/net10.0/compressed/84pyhvin4o-{0}-9879a4r091-9879a4r091.gz
         Processing compressed asset: /home/makani/honua-server/src/Honua.Admin/obj/Debug/net10.0/compressed/a4qi14r49k-{0}-oz8fkrrrd6-oz8fkrrrd6.gz
         Processing compressed asset: /home/makani/honua-server/src/Honua.Admin/obj/Debug/net10.0/compressed/gx1uly9vw3-{0}-w9ixzkjjki-w9ixzkjjki.gz
         Processing compressed asset: /home/makani/honua-server/src/Honua.Admin/obj/Debug/net10.0/compressed/6qs3ig3xiw-{0}-gijew29e7v-gijew29e7v.gz
         Processing compressed asset: /home/makani/honua-server/src/Honua.Admin/obj/Debug/net10.0/compressed/cbw502r1bp-{0}-5wrvi89jl9-5wrvi89jl9.gz
         Processing compressed asset: /home/makani/honua-server/src/Honua.Admin/obj/Debug/net10.0/compressed/lk0th1c74a-{0}-ohmdjdo4x8-ohmdjdo4x8.gz
         Processing compressed asset: /home/makani/honua-server/src/Honua.Admin/obj/Debug/net10.0/compressed/857m84uq02-{0}-54qaw3y2l7-54qaw3y2l7.gz
         Processing compressed asset: /home/makani/honua-server/src/Honua.Admin/obj/Debug/net10.0/compressed/vpwpzjry0t-{0}-5zehcbadkc-5zehcbadkc.gz
         Processing compressed asset: /home/makani/honua-server/src/Honua.Admin/obj/Debug/net10.0/compressed/ld3he1hiah-{0}-hb972rswn2-hb972rswn2.gz
         Processing compressed asset: /home/makani/honua-server/src/Honua.Admin/obj/Debug/net10.0/compressed/4meyyw21mk-{0}-fmh1lqxxe8-fmh1lqxxe8.gz
         Processing compressed asset: /home/makani/honua-server/src/Honua.Admin/obj/Debug/net10.0/compressed/zirdd8i1ci-{0}-wrpunq2dmd-wrpunq2dmd.gz
         Processing compressed asset: /home/makani/honua-server/src/Honua.Admin/obj/Debug/net10.0/compressed/1tbpw5os2p-{0}-dm08vuov01-dm08vuov01.gz
         Processing compressed asset: /home/makani/honua-server/src/Honua.Admin/obj/Debug/net10.0/compressed/exrazhyu4z-{0}-ucr2s1rjr8-ucr2s1rjr8.gz
         Processing compressed asset: /home/makani/honua-server/src/Honua.Admin/obj/Debug/net10.0/compressed/cyz80r1c1e-{0}-788c2vii7r-788c2vii7r.gz
         Processing compressed asset: /home/makani/honua-server/src/Honua.Admin/obj/Debug/net10.0/compressed/3h6sc7ovrt-{0}-oyg9o5jzra-oyg9o5jzra.gz
         Processing compressed asset: /home/makani/honua-server/src/Honua.Admin/obj/Debug/net10.0/compressed/ay251yds4i-{0}-kzcs3roxpa-kzcs3roxpa.gz
         Processing compressed asset: /home/makani/honua-server/src/Honua.Admin/obj/Debug/net10.0/compressed/b0kdl3lo9r-{0}-uujisxprk9-uujisxprk9.gz
         Processing compressed asset: /home/makani/honua-server/src/Honua.Admin/obj/Debug/net10.0/compressed/s2vtxrum7a-{0}-v1qxqe5fpe-v1qxqe5fpe.gz
         Processing compressed asset: /home/makani/honua-server/src/Honua.Admin/obj/Debug/net10.0/compressed/n2ttw928pm-{0}-ftz81jso1j-ftz81jso1j.gz
         Processing compressed asset: /home/makani/honua-server/src/Honua.Admin/obj/Debug/net10.0/compressed/40vnjmxalx-{0}-w7xhoe08t4-w7xhoe08t4.gz
         Processing compressed asset: /home/makani/honua-server/src/Honua.Admin/obj/Debug/net10.0/compressed/mb6cfqna1i-{0}-k940vnf7b8-k940vnf7b8.gz
         Processing compressed asset: /home/makani/honua-server/src/Honua.Admin/obj/Debug/net10.0/compressed/b3236459dp-{0}-w3ntl07ypg-w3ntl07ypg.gz
         Processing compressed asset: /home/makani/honua-server/src/Honua.Admin/obj/Debug/net10.0/compressed/ngipj7bbe6-{0}-439r3pkwc4-439r3pkwc4.gz
         Processing compressed asset: /home/makani/honua-server/src/Honua.Admin/obj/Debug/net10.0/compressed/z9emantb66-{0}-3okiiotm1r-3okiiotm1r.gz
         Processing compressed asset: /home/makani/honua-server/src/Honua.Admin/obj/Debug/net10.0/compressed/wu0vmk40fo-{0}-u1paws2ie5-u1paws2ie5.gz
         Processing compressed asset: /home/makani/honua-server/src/Honua.Admin/obj/Debug/net10.0/compressed/o1bttp113s-{0}-k7l9fdomp8-k7l9fdomp8.gz
         Processing compressed asset: /home/makani/honua-server/src/Honua.Admin/obj/Debug/net10.0/compressed/e1u6li820v-{0}-0xkcfajxb8-0xkcfajxb8.gz
         Processing compressed asset: /home/makani/honua-server/src/Honua.Admin/obj/Debug/net10.0/compressed/hz6oycvuad-{0}-zgl132fygk-zgl132fygk.gz
         Processing compressed asset: /home/makani/honua-server/src/Honua.Admin/obj/Debug/net10.0/compressed/vllzzd5mrk-{0}-6kui682x9y-6kui682x9y.gz
         Processing compressed asset: /home/makani/honua-server/src/Honua.Admin/obj/Debug/net10.0/compressed/ezdy4nyhjf-{0}-bkk6sbg16x-bkk6sbg16x.gz
         Processing compressed asset: /home/makani/honua-server/src/Honua.Admin/obj/Debug/net10.0/compressed/3uidx6d10l-{0}-3alwgrae57-3alwgrae57.gz
         Processing compressed asset: /home/makani/honua-server/src/Honua.Admin/obj/Debug/net10.0/compressed/tvwytybqto-{0}-06srtm7zqs-06srtm7zqs.gz
         Processing compressed asset: /home/makani/honua-server/src/Honua.Admin/obj/Debug/net10.0/compressed/gq43k2790k-{0}-un2pf554tb-un2pf554tb.gz
         Processing compressed asset: /home/makani/honua-server/src/Honua.Admin/obj/Debug/net10.0/compressed/qh8ntwm5e6-{0}-ida6tfw92t-ida6tfw92t.gz
         Processing compressed asset: /home/makani/honua-server/src/Honua.Admin/obj/Debug/net10.0/compressed/mt10dz4bei-{0}-shey8i22c8-shey8i22c8.gz
         Processing compressed asset: /home/makani/honua-server/src/Honua.Admin/obj/Debug/net10.0/compressed/1l29gwzkah-{0}-clw8b0o34g-clw8b0o34g.gz
         Processing compressed asset: /home/makani/honua-server/src/Honua.Admin/obj/Debug/net10.0/compressed/mkx58t6rk9-{0}-w23ofaxx35-w23ofaxx35.gz
         Processing compressed asset: /home/makani/honua-server/src/Honua.Admin/obj/Debug/net10.0/compressed/uxwcgkli1h-{0}-fzsvb9tweu-fzsvb9tweu.gz
         Processing compressed asset: /home/makani/honua-server/src/Honua.Admin/obj/Debug/net10.0/compressed/azl762edvm-{0}-crwi1p34or-crwi1p34or.gz
         Processing compressed asset: /home/makani/honua-server/src/Honua.Admin/obj/Debug/net10.0/compressed/96f9hlfb7x-{0}-9fcftni5l9-9fcftni5l9.gz
         Processing compressed asset: /home/makani/honua-server/src/Honua.Admin/obj/Debug/net10.0/compressed/7kq7hrdaxz-{0}-3i8640auxn-3i8640auxn.gz
         Processing compressed asset: /home/makani/honua-server/src/Honua.Admin/obj/Debug/net10.0/compressed/hwolw995u1-{0}-6thvjqqi69-6thvjqqi69.gz
         Processing compressed asset: /home/makani/honua-server/src/Honua.Admin/obj/Debug/net10.0/compressed/ccr8wm8bt6-{0}-b34zv6t8w8-b34zv6t8w8.gz
         Processing compressed asset: /home/makani/honua-server/src/Honua.Admin/obj/Debug/net10.0/compressed/63hdoyrjyc-{0}-t9z23vywoa-t9z23vywoa.gz
         Processing compressed asset: /home/makani/honua-server/src/Honua.Admin/obj/Debug/net10.0/compressed/p0zs5a31dl-{0}-kzypximfjj-kzypximfjj.gz
         Processing compressed asset: /home/makani/honua-server/src/Honua.Admin/obj/Debug/net10.0/compressed/uo1tq602ee-{0}-16ihu4aum0-16ihu4aum0.gz
         Processing compressed asset: /home/makani/honua-server/src/Honua.Admin/obj/Debug/net10.0/compressed/07k547stg4-{0}-98t41ls3w6-98t41ls3w6.gz
         Processing compressed asset: /home/makani/honua-server/src/Honua.Admin/obj/Debug/net10.0/compressed/pd6er2g2fs-{0}-0imvrnvy4f-0imvrnvy4f.gz
         Processing compressed asset: /home/makani/honua-server/src/Honua.Admin/obj/Debug/net10.0/compressed/py260713vl-{0}-ne60qfmijm-ne60qfmijm.gz
         Processing compressed asset: /home/makani/honua-server/src/Honua.Admin/obj/Debug/net10.0/compressed/0qi5fnan1t-{0}-8nsm8mjj5e-8nsm8mjj5e.gz
         Processing compressed asset: /home/makani/honua-server/src/Honua.Admin/obj/Debug/net10.0/compressed/je3tfxnmse-{0}-zemo9xngn2-zemo9xngn2.gz
         Processing compressed asset: /home/makani/honua-server/src/Honua.Admin/obj/Debug/net10.0/compressed/t2fjmzu7e8-{0}-kybpzn2oos-kybpzn2oos.gz
         Processing compressed asset: /home/makani/honua-server/src/Honua.Admin/obj/Debug/net10.0/compressed/oji7ts3al0-{0}-ontoty1fxn-ontoty1fxn.gz
         Processing compressed asset: /home/makani/honua-server/src/Honua.Admin/obj/Debug/net10.0/compressed/bp37f3e3st-{0}-cfijc526tp-cfijc526tp.gz
         Processing compressed asset: /home/makani/honua-server/src/Honua.Admin/obj/Debug/net10.0/compressed/iv268427aa-{0}-us5380okmk-us5380okmk.gz
         Processing compressed asset: /home/makani/honua-server/src/Honua.Admin/obj/Debug/net10.0/compressed/21io7wcyat-{0}-v5uya98rfp-v5uya98rfp.gz
         Processing compressed asset: /home/makani/honua-server/src/Honua.Admin/obj/Debug/net10.0/compressed/g1ny1dr1ns-{0}-9dgkwpzi1d-9dgkwpzi1d.gz
         Processing compressed asset: /home/makani/honua-server/src/Honua.Admin/obj/Debug/net10.0/compressed/1c2t8xhnqy-{0}-rihuiw07yu-rihuiw07yu.gz
         Processing compressed asset: /home/makani/honua-server/src/Honua.Admin/obj/Debug/net10.0/compressed/w09w0wb0nb-{0}-f4dn7kellq-f4dn7kellq.gz
         Processing compressed asset: /home/makani/honua-server/src/Honua.Admin/obj/Debug/net10.0/compressed/gf6snu4tu6-{0}-e6eipiyt6q-e6eipiyt6q.gz
         Processing compressed asset: /home/makani/honua-server/src/Honua.Admin/obj/Debug/net10.0/compressed/n2xp6a23nz-{0}-ziabf8ylan-ziabf8ylan.gz
         Processing compressed asset: /home/makani/honua-server/src/Honua.Admin/obj/Debug/net10.0/compressed/vk3s196q5o-{0}-fm8vwphpb6-fm8vwphpb6.gz
         Processing compressed asset: /home/makani/honua-server/src/Honua.Admin/obj/Debug/net10.0/compressed/ecw09skmmg-{0}-uudylx04pc-uudylx04pc.gz
         Processing compressed asset: /home/makani/honua-server/src/Honua.Admin/obj/Debug/net10.0/compressed/4mxjzalapy-{0}-lbbvcapr26-lbbvcapr26.gz
         Processing compressed asset: /home/makani/honua-server/src/Honua.Admin/obj/Debug/net10.0/compressed/v9925uh68k-{0}-hq9iyymx2n-hq9iyymx2n.gz
         Processing compressed asset: /home/makani/honua-server/src/Honua.Admin/obj/Debug/net10.0/compressed/y7py8epn2i-{0}-ome0590huq-ome0590huq.gz
         Processing compressed asset: /home/makani/honua-server/src/Honua.Admin/obj/Debug/net10.0/compressed/11ca25rhdm-{0}-oikctzq2yk-oikctzq2yk.gz
         Processing compressed asset: /home/makani/honua-server/src/Honua.Admin/obj/Debug/net10.0/compressed/eqf8flrsqw-{0}-19ykf2ghfc-19ykf2ghfc.gz
         Processing compressed asset: /home/makani/honua-server/src/Honua.Admin/obj/Debug/net10.0/compressed/6oxg2o5nub-{0}-5kege8iwcx-5kege8iwcx.gz
         Processing compressed asset: /home/makani/honua-server/src/Honua.Admin/obj/Debug/net10.0/compressed/6126il3dl6-{0}-govomr6pnd-govomr6pnd.gz
         Processing compressed asset: /home/makani/honua-server/src/Honua.Admin/obj/Debug/net10.0/compressed/02co718fh7-{0}-kpjpkrf00f-kpjpkrf00f.gz
         Processing compressed asset: /home/makani/honua-server/src/Honua.Admin/obj/Debug/net10.0/compressed/86u1pngs6l-{0}-dxybkhgvzf-dxybkhgvzf.gz
         Processing compressed asset: /home/makani/honua-server/src/Honua.Admin/obj/Debug/net10.0/compressed/593d0fkarm-{0}-vqv9utc4ui-vqv9utc4ui.gz
         Processing compressed asset: /home/makani/honua-server/src/Honua.Admin/obj/Debug/net10.0/compressed/gamlm5b7si-{0}-783n01f2ja-783n01f2ja.gz
         Processing compressed asset: /home/makani/honua-server/src/Honua.Admin/obj/Debug/net10.0/compressed/7n5dsbabgm-{0}-pstx0jw374-pstx0jw374.gz
         Processing compressed asset: /home/makani/honua-server/src/Honua.Admin/obj/Debug/net10.0/compressed/src3ewwhx1-{0}-dj8trc6yee-dj8trc6yee.gz
         Processing compressed asset: /home/makani/honua-server/src/Honua.Admin/obj/Debug/net10.0/compressed/ubnw1ww905-{0}-l70yyhjzub-l70yyhjzub.gz
         Processing compressed asset: /home/makani/honua-server/src/Honua.Admin/obj/Debug/net10.0/compressed/7vwevyjcf9-{0}-r7o76f3x7n-r7o76f3x7n.gz
         Processing compressed asset: /home/makani/honua-server/src/Honua.Admin/obj/Debug/net10.0/compressed/rk57p038x6-{0}-tgl8yc4d2m-tgl8yc4d2m.gz
         Processing compressed asset: /home/makani/honua-server/src/Honua.Admin/obj/Debug/net10.0/compressed/rqu0g7n6yy-{0}-052trdlw01-052trdlw01.gz
         Processing compressed asset: /home/makani/honua-server/src/Honua.Admin/obj/Debug/net10.0/compressed/x91wgvz8k1-{0}-u3mk3ahtq5-u3mk3ahtq5.gz
         Processing compressed asset: /home/makani/honua-server/src/Honua.Admin/obj/Debug/net10.0/compressed/0urqhyhq8o-{0}-qqvr2j3pvg-qqvr2j3pvg.gz
         Processing compressed asset: /home/makani/honua-server/src/Honua.Admin/obj/Debug/net10.0/compressed/rdw1y84ay8-{0}-5uas6gg592-5uas6gg592.gz
         Processing compressed asset: /home/makani/honua-server/src/Honua.Admin/obj/Debug/net10.0/compressed/n1nwu86sir-{0}-navlngkykk-navlngkykk.gz
         Processing compressed asset: /home/makani/honua-server/src/Honua.Admin/obj/Debug/net10.0/compressed/h2am7vkjii-{0}-7xkgcbvoi2-7xkgcbvoi2.gz
         Processing compressed asset: /home/makani/honua-server/src/Honua.Admin/obj/Debug/net10.0/compressed/z26u95fvaz-{0}-hmm17lo1vo-hmm17lo1vo.gz
         Processing compressed asset: /home/makani/honua-server/src/Honua.Admin/obj/Debug/net10.0/compressed/9m0sx9nx8o-{0}-gmaqhpvzve-gmaqhpvzve.gz
         Processing compressed asset: /home/makani/honua-server/src/Honua.Admin/obj/Debug/net10.0/compressed/lya007rfos-{0}-ih9man0xaa-ih9man0xaa.gz
         Processing compressed asset: /home/makani/honua-server/src/Honua.Admin/obj/Debug/net10.0/compressed/eud8zls7fr-{0}-w9v15jg7wg-w9v15jg7wg.gz
         Processing compressed asset: /home/makani/honua-server/src/Honua.Admin/obj/Debug/net10.0/compressed/vybcchzaj5-{0}-pwzbf3ywqb-pwzbf3ywqb.gz
         Processing compressed asset: /home/makani/honua-server/src/Honua.Admin/obj/Debug/net10.0/compressed/0ia3wjl57o-{0}-ya7w2p8he6-ya7w2p8he6.gz
         Processing compressed asset: /home/makani/honua-server/src/Honua.Admin/obj/Debug/net10.0/compressed/p26dk1j669-{0}-ebclw1ctlb-ebclw1ctlb.gz
         Processing compressed asset: /home/makani/honua-server/src/Honua.Admin/obj/Debug/net10.0/compressed/v4ryazcmg4-{0}-esrdiz7prm-esrdiz7prm.gz
         Processing compressed asset: /home/makani/honua-server/src/Honua.Admin/obj/Debug/net10.0/compressed/s82ud1y52o-{0}-zese355etl-zese355etl.gz
         Processing compressed asset: /home/makani/honua-server/src/Honua.Admin/obj/Debug/net10.0/compressed/fxtss1vq17-{0}-db8njzbm5e-db8njzbm5e.gz
         Processing compressed asset: /home/makani/honua-server/src/Honua.Admin/obj/Debug/net10.0/compressed/7e5bddrfmc-{0}-5li0z45f7b-5li0z45f7b.gz
         Processing compressed asset: /home/makani/honua-server/src/Honua.Admin/obj/Debug/net10.0/compressed/vnw80b2csy-{0}-qjvufgr3wc-qjvufgr3wc.gz
         Processing compressed asset: /home/makani/honua-server/src/Honua.Admin/obj/Debug/net10.0/compressed/56td9emw55-{0}-wyf2c3g3ob-wyf2c3g3ob.gz
         Processing compressed asset: /home/makani/honua-server/src/Honua.Admin/obj/Debug/net10.0/compressed/rc0usjn2uj-{0}-5423st4px4-5423st4px4.gz
         Processing compressed asset: /home/makani/honua-server/src/Honua.Admin/obj/Debug/net10.0/compressed/groexnyu0u-{0}-9jlh4rmm5n-9jlh4rmm5n.gz
         Processing compressed asset: /home/makani/honua-server/src/Honua.Admin/obj/Debug/net10.0/compressed/rfh8xw2bgq-{0}-yippb5hjvi-yippb5hjvi.gz
         Processing compressed asset: /home/makani/honua-server/src/Honua.Admin/obj/Debug/net10.0/compressed/2fisahvmle-{0}-j1u7dn4u7m-j1u7dn4u7m.gz
         Processing compressed asset: /home/makani/honua-server/src/Honua.Admin/obj/Debug/net10.0/compressed/aza8go154e-{0}-e4ad5khic1-e4ad5khic1.gz
         Processing compressed asset: /home/makani/honua-server/src/Honua.Admin/obj/Debug/net10.0/compressed/w0r30xvrde-{0}-xlkk3ynoru-xlkk3ynoru.gz
         Processing compressed asset: /home/makani/honua-server/src/Honua.Admin/obj/Debug/net10.0/compressed/3sm2ls4r0x-{0}-eugtqi7331-eugtqi7331.gz
         Processing compressed asset: /home/makani/honua-server/src/Honua.Admin/obj/Debug/net10.0/compressed/noipyy5ogd-{0}-depxp3za4f-depxp3za4f.gz
         Processing compressed asset: /home/makani/honua-server/src/Honua.Admin/obj/Debug/net10.0/compressed/p8y1d4agzx-{0}-qm5biyh995-qm5biyh995.gz
         Processing compressed asset: /home/makani/honua-server/src/Honua.Admin/obj/Debug/net10.0/compressed/5twqyrugpg-{0}-vjh10io2ol-vjh10io2ol.gz
         Processing compressed asset: /home/makani/honua-server/src/Honua.Admin/obj/Debug/net10.0/compressed/46b3n4fwpf-{0}-gm74y2bo0g-gm74y2bo0g.gz
         Processing compressed asset: /home/makani/honua-server/src/Honua.Admin/obj/Debug/net10.0/compressed/zbj3wb3p43-{0}-ujbtg86el3-ujbtg86el3.gz
         Processing compressed asset: /home/makani/honua-server/src/Honua.Admin/obj/Debug/net10.0/compressed/oh3t8c42ao-{0}-e22nl7riy4-e22nl7riy4.gz
         Processing compressed asset: /home/makani/honua-server/src/Honua.Admin/obj/Debug/net10.0/compressed/p07fnf53zh-{0}-ha950r0i18-ha950r0i18.gz
         Processing compressed asset: /home/makani/honua-server/src/Honua.Admin/obj/Debug/net10.0/compressed/gm3l4li02j-{0}-g1w1fits1p-g1w1fits1p.gz
         Processing compressed asset: /home/makani/honua-server/src/Honua.Admin/obj/Debug/net10.0/compressed/ydpb7u5zzu-{0}-7n7jt1ms3p-7n7jt1ms3p.gz
         Processing compressed asset: /home/makani/honua-server/src/Honua.Admin/obj/Debug/net10.0/compressed/hpoev31m2g-{0}-13t1lxa6p2-13t1lxa6p2.gz
         Processing compressed asset: /home/makani/honua-server/src/Honua.Admin/obj/Debug/net10.0/compressed/wt077rv3vk-{0}-bcciqwoqxp-bcciqwoqxp.gz
         Processing compressed asset: /home/makani/honua-server/src/Honua.Admin/obj/Debug/net10.0/compressed/9enbh8a8du-{0}-wecoe44nmz-wecoe44nmz.gz
         Processing compressed asset: /home/makani/honua-server/src/Honua.Admin/obj/Debug/net10.0/compressed/1862qpbs1e-{0}-8dz8w33dsz-8dz8w33dsz.gz
         Processing compressed asset: /home/makani/honua-server/src/Honua.Admin/obj/Debug/net10.0/compressed/7a7553mf2e-{0}-m05m0pm5oq-m05m0pm5oq.gz
         Processing compressed asset: /home/makani/honua-server/src/Honua.Admin/obj/Debug/net10.0/compressed/d8lr5yil1b-{0}-79xb2e70lp-79xb2e70lp.gz
         Processing compressed asset: /home/makani/honua-server/src/Honua.Admin/obj/Debug/net10.0/compressed/r9ctbrouv9-{0}-uyi2fb0103-uyi2fb0103.gz
         Processing compressed asset: /home/makani/honua-server/src/Honua.Admin/obj/Debug/net10.0/compressed/3st8gsxuwz-{0}-69m00wu7n6-69m00wu7n6.gz
         Processing compressed asset: /home/makani/honua-server/src/Honua.Admin/obj/Debug/net10.0/compressed/w59hy6k69x-{0}-rv6iq87t46-rv6iq87t46.gz
         Processing compressed asset: /home/makani/honua-server/src/Honua.Admin/obj/Debug/net10.0/compressed/81ck1ko8xi-{0}-2pchagji9k-2pchagji9k.gz
         Processing compressed asset: /home/makani/honua-server/src/Honua.Admin/obj/Debug/net10.0/compressed/ngad18nzhr-{0}-tba5tu29wv-tba5tu29wv.gz
         Processing compressed asset: /home/makani/honua-server/src/Honua.Admin/obj/Debug/net10.0/compressed/tcmbai76nn-{0}-q19w88bn7l-q19w88bn7l.gz
         Processing compressed asset: /home/makani/honua-server/src/Honua.Admin/obj/Debug/net10.0/compressed/qpkika68s1-{0}-lmdq3p0hzc-lmdq3p0hzc.gz
         Processing compressed asset: /home/makani/honua-server/src/Honua.Admin/obj/Debug/net10.0/compressed/deeu5u9ewf-{0}-irtnamfpwo-irtnamfpwo.gz
         Processing compressed asset: /home/makani/honua-server/src/Honua.Admin/obj/Debug/net10.0/compressed/lyv4fpch1t-{0}-ctfxrq7l33-ctfxrq7l33.gz
         Processing compressed asset: /home/makani/honua-server/src/Honua.Admin/obj/Debug/net10.0/compressed/uqjx6qz6ll-{0}-wfl2haanmw-wfl2haanmw.gz
         Processing compressed asset: /home/makani/honua-server/src/Honua.Admin/obj/Debug/net10.0/compressed/wrcnq8ql4d-{0}-jk1euj9vu9-jk1euj9vu9.gz
         Processing compressed asset: /home/makani/honua-server/src/Honua.Admin/obj/Debug/net10.0/compressed/fmz0b6nidd-{0}-s9jclef89k-s9jclef89k.gz
         Processing compressed asset: /home/makani/honua-server/src/Honua.Admin/obj/Debug/net10.0/compressed/1s0idyqgk6-{0}-s3g4fx319q-s3g4fx319q.gz
         Processing compressed asset: /home/makani/honua-server/src/Honua.Admin/obj/Debug/net10.0/compressed/bn3rqg4vvh-{0}-5ic1w2xffg-5ic1w2xffg.gz
         Processing compressed asset: /home/makani/honua-server/src/Honua.Admin/obj/Debug/net10.0/compressed/uf6ndq1ndw-{0}-akn0vk63vp-akn0vk63vp.gz
         Processing compressed asset: /home/makani/honua-server/src/Honua.Admin/obj/Debug/net10.0/compressed/l8wnkxp897-{0}-hy6omngq8z-hy6omngq8z.gz
         Processing compressed asset: /home/makani/honua-server/src/Honua.Admin/obj/Debug/net10.0/compressed/pupp5qp11k-{0}-c7chznvmm3-c7chznvmm3.gz
         Processing compressed asset: /home/makani/honua-server/src/Honua.Admin/obj/Debug/net10.0/compressed/pcnne6rnf0-{0}-mfsa3z03lw-mfsa3z03lw.gz
         Processing compressed asset: /home/makani/honua-server/src/Honua.Admin/obj/Debug/net10.0/compressed/g6xfvmrk2b-{0}-apclussnua-apclussnua.gz
         Processing compressed asset: /home/makani/honua-server/src/Honua.Admin/obj/Debug/net10.0/compressed/ew1x7sulou-{0}-kny0la5npq-kny0la5npq.gz
         Processing compressed asset: /home/makani/honua-server/src/Honua.Admin/obj/Debug/net10.0/compressed/souptefk29-{0}-4bprmgilq2-4bprmgilq2.gz
         Processing compressed asset: /home/makani/honua-server/src/Honua.Admin/obj/Debug/net10.0/compressed/8hgd8ysk7o-{0}-z4o1x288hz-z4o1x288hz.gz
         Processing compressed asset: /home/makani/honua-server/src/Honua.Admin/obj/Debug/net10.0/compressed/mnh2rmrxul-{0}-ytv8luxawq-ytv8luxawq.gz
         Processing compressed asset: /home/makani/honua-server/src/Honua.Admin/obj/Debug/net10.0/compressed/6pwxzc4tfl-{0}-i57ntutovo-i57ntutovo.gz
         Processing compressed asset: /home/makani/honua-server/src/Honua.Admin/obj/Debug/net10.0/compressed/gc6l0sy8yk-{0}-vkhht9s4s0-vkhht9s4s0.gz
         Processing compressed asset: /home/makani/honua-server/src/Honua.Admin/obj/Debug/net10.0/compressed/hbtrx93d5k-{0}-ici4sc8c5d-ici4sc8c5d.gz
         Processing compressed asset: /home/makani/honua-server/src/Honua.Admin/obj/Debug/net10.0/compressed/etpc89w39z-{0}-gbkwu8tis9-gbkwu8tis9.gz
         Processing compressed asset: /home/makani/honua-server/src/Honua.Admin/obj/Debug/net10.0/compressed/cwwdj5ssx7-{0}-5hsbzkigfv-5hsbzkigfv.gz
         Processing compressed asset: /home/makani/honua-server/src/Honua.Admin/obj/Debug/net10.0/compressed/lm0ub70p87-{0}-nc1yghpvaj-nc1yghpvaj.gz
         Processing compressed asset: /home/makani/honua-server/src/Honua.Admin/obj/Debug/net10.0/compressed/c60hep0xr3-{0}-4n1o4dxc9j-4n1o4dxc9j.gz
         Processing compressed asset: /home/makani/honua-server/src/Honua.Admin/obj/Debug/net10.0/compressed/yxpzm8b79i-{0}-rx5istkt3h-rx5istkt3h.gz
         Processing compressed asset: /home/makani/honua-server/src/Honua.Admin/obj/Debug/net10.0/compressed/smp2c8r5g6-{0}-43ap29e3sq-43ap29e3sq.gz
         Processing compressed asset: /home/makani/honua-server/src/Honua.Admin/obj/Debug/net10.0/compressed/48cvsm4go7-{0}-7gbfkrjizt-7gbfkrjizt.gz
         Processing compressed asset: /home/makani/honua-server/src/Honua.Admin/obj/Debug/net10.0/compressed/klthenajox-{0}-kkeuksfj0m-kkeuksfj0m.gz
         Processing compressed asset: /home/makani/honua-server/src/Honua.Admin/obj/Debug/net10.0/compressed/ion8hv8o8h-{0}-57sxvma12c-57sxvma12c.gz
         Processing compressed asset: /home/makani/honua-server/src/Honua.Admin/obj/Debug/net10.0/compressed/bjxrog1fyj-{0}-kjba88uqo5-kjba88uqo5.gz
         Processing compressed asset: /home/makani/honua-server/src/Honua.Admin/obj/Debug/net10.0/compressed/ugk6frngq3-{0}-yd5orfj1dk-yd5orfj1dk.gz
         Processing compressed asset: /home/makani/honua-server/src/Honua.Admin/obj/Debug/net10.0/compressed/8o0jotqanb-{0}-x5xctdxzrq-x5xctdxzrq.gz
         Processing compressed asset: /home/makani/honua-server/src/Honua.Admin/obj/Debug/net10.0/compressed/dv5w3b5lzq-{0}-1a72cmhu6i-1a72cmhu6i.gz
         Processing compressed asset: /home/makani/honua-server/src/Honua.Admin/obj/Debug/net10.0/compressed/wupz04ysbq-{0}-ilju54fcp2-ilju54fcp2.gz
         Processing compressed asset: /home/makani/honua-server/src/Honua.Admin/obj/Debug/net10.0/compressed/msh72gz566-{0}-gr5k60s0oe-gr5k60s0oe.gz
         Processing compressed asset: /home/makani/honua-server/src/Honua.Admin/obj/Debug/net10.0/compressed/03luphkphz-{0}-plyvi1r5s9-plyvi1r5s9.gz
         Processing compressed asset: /home/makani/honua-server/src/Honua.Admin/obj/Debug/net10.0/compressed/q5i2ywwv6n-{0}-pt2dqzuhaf-pt2dqzuhaf.gz
         Processing compressed asset: /home/makani/honua-server/src/Honua.Admin/obj/Debug/net10.0/compressed/vhjggso6fu-{0}-ygdmhmuqdp-ygdmhmuqdp.gz
         Processing compressed asset: /home/makani/honua-server/src/Honua.Admin/obj/Debug/net10.0/compressed/u7j3w6tn0b-{0}-olv3u76k95-olv3u76k95.gz
         Processing compressed asset: /home/makani/honua-server/src/Honua.Admin/obj/Debug/net10.0/compressed/5dybcwr71i-{0}-m5wc9z7e1k-m5wc9z7e1k.gz
         Processing compressed asset: /home/makani/honua-server/src/Honua.Admin/obj/Debug/net10.0/compressed/5bxtsz0zg8-{0}-dd748ds2m7-dd748ds2m7.gz
         Processing compressed asset: /home/makani/honua-server/src/Honua.Admin/obj/Debug/net10.0/compressed/zbx3lpk4ok-{0}-4gwmhmdbax-4gwmhmdbax.gz
         Processing compressed asset: /home/makani/honua-server/src/Honua.Admin/obj/Debug/net10.0/compressed/gtw8rafkqq-{0}-v02wvgnobf-v02wvgnobf.gz
         Processing compressed asset: /home/makani/honua-server/src/Honua.Admin/obj/Debug/net10.0/compressed/fbrfjeyzj7-{0}-o33u56xp8u-o33u56xp8u.gz
         Processing compressed asset: /home/makani/honua-server/src/Honua.Admin/obj/Debug/net10.0/compressed/8dyd2gotfo-{0}-gxdw562h4s-gxdw562h4s.gz
         Processing compressed asset: /home/makani/honua-server/src/Honua.Admin/obj/Debug/net10.0/compressed/zqu3sr5vg5-{0}-itp3e5i1h2-itp3e5i1h2.gz
         Processing compressed asset: /home/makani/honua-server/src/Honua.Admin/obj/Debug/net10.0/compressed/4s3aqlmhvf-{0}-k0eqaq9do2-k0eqaq9do2.gz
         Processing compressed asset: /home/makani/honua-server/src/Honua.Admin/obj/Debug/net10.0/compressed/mr84ikvee9-{0}-5y9laxu2f8-5y9laxu2f8.gz
         Processing compressed asset: /home/makani/honua-server/src/Honua.Admin/obj/Debug/net10.0/compressed/4rn155q585-{0}-69poregybn-69poregybn.gz
         Processing compressed asset: /home/makani/honua-server/src/Honua.Admin/obj/Debug/net10.0/compressed/fm1h9a9l8s-{0}-2mv1pqdd2n-2mv1pqdd2n.gz
         Processing compressed asset: /home/makani/honua-server/src/Honua.Admin/obj/Debug/net10.0/compressed/9a2m2s8nj4-{0}-q5rqv3xrhm-q5rqv3xrhm.gz
         Processing compressed asset: /home/makani/honua-server/src/Honua.Admin/obj/Debug/net10.0/compressed/mh84rca5xm-{0}-5kqprya74h-5kqprya74h.gz
         Processing compressed asset: /home/makani/honua-server/src/Honua.Admin/obj/Debug/net10.0/compressed/z93oyzk8ta-{0}-tjcz0u77k5-tjcz0u77k5.gz
         Processing compressed asset: /home/makani/honua-server/src/Honua.Admin/obj/Debug/net10.0/compressed/2w0en8e9sa-{0}-tptq2av103-tptq2av103.gz
         Processing compressed asset: /home/makani/honua-server/src/Honua.Admin/obj/Debug/net10.0/compressed/wajxz0vgck-{0}-lfu7j35m59-lfu7j35m59.gz
         Processing compressed asset: /home/makani/honua-server/src/Honua.Admin/obj/Debug/net10.0/compressed/afas6zxnr7-{0}-mwo4f5vsvi-mwo4f5vsvi.gz
         Processing compressed asset: /home/makani/honua-server/src/Honua.Admin/obj/Debug/net10.0/compressed/642825ta7h-{0}-roqc1km2rj-roqc1km2rj.gz
         Processing compressed asset: /home/makani/honua-server/src/Honua.Admin/obj/Debug/net10.0/compressed/kdsxoy7k8e-{0}-s4ohxb2h4q-s4ohxb2h4q.gz
         Processing compressed asset: /home/makani/honua-server/src/Honua.Admin/obj/Debug/net10.0/compressed/872lmymhnb-{0}-7n3xep0vjm-7n3xep0vjm.gz
         Processing compressed asset: /home/makani/honua-server/src/Honua.Admin/obj/Debug/net10.0/compressed/ey0749ifm1-{0}-ca1aw83mja-ca1aw83mja.gz
         Processing compressed asset: /home/makani/honua-server/src/Honua.Admin/obj/Debug/net10.0/compressed/eewbdr5ell-{0}-1r0ampr2q1-1r0ampr2q1.gz
         Processing compressed asset: /home/makani/honua-server/src/Honua.Admin/obj/Debug/net10.0/compressed/yi163b9uds-{0}-q40j97ywe2-q40j97ywe2.gz
         Processing compressed asset: /home/makani/honua-server/src/Honua.Admin/obj/Debug/net10.0/compressed/aw56qsa70u-{0}-xl4f7m8snf-xl4f7m8snf.gz
         Processing compressed asset: /home/makani/honua-server/src/Honua.Admin/obj/Debug/net10.0/compressed/yadragayzs-{0}-9sdmuz89zv-9sdmuz89zv.gz
         Processing compressed asset: /home/makani/honua-server/src/Honua.Admin/obj/Debug/net10.0/compressed/df37f37wy2-{0}-g4rei679lk-g4rei679lk.gz
         Processing compressed asset: /home/makani/honua-server/src/Honua.Admin/obj/Debug/net10.0/compressed/86abawsttw-{0}-f5l7d1m99w-f5l7d1m99w.gz
         Processing compressed asset: /home/makani/honua-server/src/Honua.Admin/obj/Debug/net10.0/compressed/zmsaotod7k-{0}-hv77dbkyn2-hv77dbkyn2.gz
         Processing compressed asset: /home/makani/honua-server/samples/Honua.StacOpsDemo/obj/Debug/net10.0/compressed/3y9oc65u1f-{0}-66stpp682q-66stpp682q.gz
         Processing compressed asset: /home/makani/honua-server/samples/Honua.StacOpsDemo/obj/Debug/net10.0/compressed/hrq9b7omeq-{0}-j9hdwbp9t7-j9hdwbp9t7.gz
         Processing compressed asset: /home/makani/honua-server/samples/Honua.StacOpsDemo/obj/Debug/net10.0/compressed/k86fv94h2b-{0}-3cq8mgng15-3cq8mgng15.gz
         Processing compressed asset: /home/makani/honua-server/samples/Honua.StacOpsDemo/obj/Debug/net10.0/compressed/52si15e9cq-{0}-roqc1km2rj-roqc1km2rj.gz
         Processing compressed asset: /home/makani/honua-server/samples/Honua.StacOpsDemo/obj/Debug/net10.0/compressed/vh5m0gbmo8-{0}-uddsvpv1sv-uddsvpv1sv.gz
         Processing compressed asset: /home/makani/honua-server/samples/Honua.StacOpsDemo/obj/Debug/net10.0/compressed/ne2f47armm-{0}-zrueb40r85-zrueb40r85.gz
         Processing compressed asset: /home/makani/honua-server/samples/Honua.StacOpsDemo/obj/Debug/net10.0/compressed/w60hgz88id-{0}-g5qdp1mxha-g5qdp1mxha.gz
         Processing compressed asset: /home/makani/honua-server/samples/Honua.StacOpsDemo/obj/Debug/net10.0/compressed/qv15ixdc6c-{0}-9mjwvs1qyp-9mjwvs1qyp.gz
         Processing compressed asset: /home/makani/honua-server/samples/Honua.StacOpsDemo/obj/Debug/net10.0/compressed/xaj9gasy5b-{0}-m3mxap0jif-m3mxap0jif.gz
         Processing compressed asset: /home/makani/honua-server/samples/Honua.StacOpsDemo/obj/Debug/net10.0/compressed/ey7408sw03-{0}-fgwnqtu7qk-fgwnqtu7qk.gz
         Processing compressed asset: /home/makani/honua-server/samples/Honua.StacOpsDemo/obj/Debug/net10.0/compressed/eyus47i6ez-{0}-thew1o6jcx-thew1o6jcx.gz
         Processing compressed asset: /home/makani/honua-server/samples/Honua.StacOpsDemo/obj/Debug/net10.0/compressed/xkkpx1mvd5-{0}-7o70008j8o-7o70008j8o.gz
         Processing compressed asset: /home/makani/honua-server/samples/Honua.StacOpsDemo/obj/Debug/net10.0/compressed/zy9euosnrx-{0}-ouivavlhyy-ouivavlhyy.gz
         Processing compressed asset: /home/makani/honua-server/samples/Honua.StacOpsDemo/obj/Debug/net10.0/compressed/2ksmvkgzrp-{0}-giv4t23za9-giv4t23za9.gz
         Processing compressed asset: /home/makani/honua-server/samples/Honua.StacOpsDemo/obj/Debug/net10.0/compressed/hko9wb31nf-{0}-vs620n44bv-vs620n44bv.gz
         Processing compressed asset: /home/makani/honua-server/samples/Honua.StacOpsDemo/obj/Debug/net10.0/compressed/wg3kl7k3ao-{0}-ud13mwbta3-ud13mwbta3.gz
         Processing compressed asset: /home/makani/honua-server/samples/Honua.StacOpsDemo/obj/Debug/net10.0/compressed/53x60u2p1h-{0}-jnogfbng3i-jnogfbng3i.gz
         Processing compressed asset: /home/makani/honua-server/samples/Honua.StacOpsDemo/obj/Debug/net10.0/compressed/avbshgi1a2-{0}-v59ymogeuz-v59ymogeuz.gz
         Processing compressed asset: /home/makani/honua-server/samples/Honua.StacOpsDemo/obj/Debug/net10.0/compressed/haaup1afwk-{0}-ssv83rveyv-ssv83rveyv.gz
         Processing compressed asset: /home/makani/honua-server/samples/Honua.StacOpsDemo/obj/Debug/net10.0/compressed/ih5s7fkbuj-{0}-8gz29xpyh3-8gz29xpyh3.gz
         Processing compressed asset: /home/makani/honua-server/samples/Honua.StacOpsDemo/obj/Debug/net10.0/compressed/2or9xtdx7s-{0}-ozuva4e3vv-ozuva4e3vv.gz
         Processing compressed asset: /home/makani/honua-server/samples/Honua.StacOpsDemo/obj/Debug/net10.0/compressed/w1a0xgq6g7-{0}-y4ydx3rk2c-y4ydx3rk2c.gz
         Processing compressed asset: /home/makani/honua-server/samples/Honua.StacOpsDemo/obj/Debug/net10.0/compressed/edixl02vob-{0}-1q3x7vre4l-1q3x7vre4l.gz
         Processing compressed asset: /home/makani/honua-server/samples/Honua.StacOpsDemo/obj/Debug/net10.0/compressed/izxegts4v4-{0}-2rz5zbidnd-2rz5zbidnd.gz
         Processing compressed asset: /home/makani/honua-server/samples/Honua.StacOpsDemo/obj/Debug/net10.0/compressed/7wzlezmvwh-{0}-zmb03w0weu-zmb03w0weu.gz
         Processing compressed asset: /home/makani/honua-server/samples/Honua.StacOpsDemo/obj/Debug/net10.0/compressed/tvuygzzn8h-{0}-bd164v6l3f-bd164v6l3f.gz
         Processing compressed asset: /home/makani/honua-server/samples/Honua.StacOpsDemo/obj/Debug/net10.0/compressed/7sou31fa17-{0}-r1sv3m5lsf-r1sv3m5lsf.gz
         Processing compressed asset: /home/makani/honua-server/samples/Honua.StacOpsDemo/obj/Debug/net10.0/compressed/zkui9sqx1d-{0}-1r0ampr2q1-1r0ampr2q1.gz
         Processing compressed asset: /home/makani/honua-server/samples/Honua.StacOpsDemo/obj/Debug/net10.0/compressed/8vkskafkxk-{0}-oz8fkrrrd6-oz8fkrrrd6.gz
         Processing compressed asset: /home/makani/honua-server/samples/Honua.StacOpsDemo/obj/Debug/net10.0/compressed/joyzw8w9x0-{0}-gijew29e7v-gijew29e7v.gz
         Processing compressed asset: /home/makani/honua-server/samples/Honua.StacOpsDemo/obj/Debug/net10.0/compressed/m0mwsdn5t1-{0}-5wrvi89jl9-5wrvi89jl9.gz
         Processing compressed asset: /home/makani/honua-server/samples/Honua.StacOpsDemo/obj/Debug/net10.0/compressed/fr4vivi87y-{0}-ohmdjdo4x8-ohmdjdo4x8.gz
         Processing compressed asset: /home/makani/honua-server/samples/Honua.StacOpsDemo/obj/Debug/net10.0/compressed/i2rco91heg-{0}-54qaw3y2l7-54qaw3y2l7.gz
         Processing compressed asset: /home/makani/honua-server/samples/Honua.StacOpsDemo/obj/Debug/net10.0/compressed/p8ns79b4y5-{0}-5zehcbadkc-5zehcbadkc.gz
         Processing compressed asset: /home/makani/honua-server/samples/Honua.StacOpsDemo/obj/Debug/net10.0/compressed/98v9rv43y8-{0}-hb972rswn2-hb972rswn2.gz
         Processing compressed asset: /home/makani/honua-server/samples/Honua.StacOpsDemo/obj/Debug/net10.0/compressed/g1xqrjg34c-{0}-fmh1lqxxe8-fmh1lqxxe8.gz
         Processing compressed asset: /home/makani/honua-server/samples/Honua.StacOpsDemo/obj/Debug/net10.0/compressed/a2yjavhopd-{0}-wrpunq2dmd-wrpunq2dmd.gz
         Processing compressed asset: /home/makani/honua-server/samples/Honua.StacOpsDemo/obj/Debug/net10.0/compressed/wy6q2yaes3-{0}-dm08vuov01-dm08vuov01.gz
         Processing compressed asset: /home/makani/honua-server/samples/Honua.StacOpsDemo/obj/Debug/net10.0/compressed/6kx96d32oz-{0}-ucr2s1rjr8-ucr2s1rjr8.gz
         Processing compressed asset: /home/makani/honua-server/samples/Honua.StacOpsDemo/obj/Debug/net10.0/compressed/yz7j5ztutj-{0}-788c2vii7r-788c2vii7r.gz
         Processing compressed asset: /home/makani/honua-server/samples/Honua.StacOpsDemo/obj/Debug/net10.0/compressed/rh09hap31w-{0}-oyg9o5jzra-oyg9o5jzra.gz
         Processing compressed asset: /home/makani/honua-server/samples/Honua.StacOpsDemo/obj/Debug/net10.0/compressed/fqw6apjgx8-{0}-kzcs3roxpa-kzcs3roxpa.gz
         Processing compressed asset: /home/makani/honua-server/samples/Honua.StacOpsDemo/obj/Debug/net10.0/compressed/h1y8yfybtf-{0}-uujisxprk9-uujisxprk9.gz
         Processing compressed asset: /home/makani/honua-server/samples/Honua.StacOpsDemo/obj/Debug/net10.0/compressed/gpmp81v66z-{0}-v1qxqe5fpe-v1qxqe5fpe.gz
         Processing compressed asset: /home/makani/honua-server/samples/Honua.StacOpsDemo/obj/Debug/net10.0/compressed/uigbiukytp-{0}-ftz81jso1j-ftz81jso1j.gz
         Processing compressed asset: /home/makani/honua-server/samples/Honua.StacOpsDemo/obj/Debug/net10.0/compressed/99tuyvkgpw-{0}-w7xhoe08t4-w7xhoe08t4.gz
         Processing compressed asset: /home/makani/honua-server/samples/Honua.StacOpsDemo/obj/Debug/net10.0/compressed/zxov507gu0-{0}-k940vnf7b8-k940vnf7b8.gz
         Processing compressed asset: /home/makani/honua-server/samples/Honua.StacOpsDemo/obj/Debug/net10.0/compressed/vyfcivg6ld-{0}-w3ntl07ypg-w3ntl07ypg.gz
         Processing compressed asset: /home/makani/honua-server/samples/Honua.StacOpsDemo/obj/Debug/net10.0/compressed/py2wn7ctkn-{0}-439r3pkwc4-439r3pkwc4.gz
         Processing compressed asset: /home/makani/honua-server/samples/Honua.StacOpsDemo/obj/Debug/net10.0/compressed/kinqo3rukg-{0}-3okiiotm1r-3okiiotm1r.gz
         Processing compressed asset: /home/makani/honua-server/samples/Honua.StacOpsDemo/obj/Debug/net10.0/compressed/werm6yf7xe-{0}-u1paws2ie5-u1paws2ie5.gz
         Processing compressed asset: /home/makani/honua-server/samples/Honua.StacOpsDemo/obj/Debug/net10.0/compressed/oe0tz5kneg-{0}-k7l9fdomp8-k7l9fdomp8.gz
         Processing compressed asset: /home/makani/honua-server/samples/Honua.StacOpsDemo/obj/Debug/net10.0/compressed/c2gyp4fny6-{0}-0xkcfajxb8-0xkcfajxb8.gz
         Processing compressed asset: /home/makani/honua-server/samples/Honua.StacOpsDemo/obj/Debug/net10.0/compressed/g349gleulg-{0}-zgl132fygk-zgl132fygk.gz
         Processing compressed asset: /home/makani/honua-server/samples/Honua.StacOpsDemo/obj/Debug/net10.0/compressed/4j7e4bkjgv-{0}-6kui682x9y-6kui682x9y.gz
         Processing compressed asset: /home/makani/honua-server/samples/Honua.StacOpsDemo/obj/Debug/net10.0/compressed/64s4vqrjmb-{0}-bkk6sbg16x-bkk6sbg16x.gz
         Processing compressed asset: /home/makani/honua-server/samples/Honua.StacOpsDemo/obj/Debug/net10.0/compressed/vitprnjbwg-{0}-3alwgrae57-3alwgrae57.gz
         Processing compressed asset: /home/makani/honua-server/samples/Honua.StacOpsDemo/obj/Debug/net10.0/compressed/if8uoaoy5f-{0}-06srtm7zqs-06srtm7zqs.gz
         Processing compressed asset: /home/makani/honua-server/samples/Honua.StacOpsDemo/obj/Debug/net10.0/compressed/vsrvfedoqp-{0}-un2pf554tb-un2pf554tb.gz
         Processing compressed asset: /home/makani/honua-server/samples/Honua.StacOpsDemo/obj/Debug/net10.0/compressed/z1w79ufm4g-{0}-ida6tfw92t-ida6tfw92t.gz
         Processing compressed asset: /home/makani/honua-server/samples/Honua.StacOpsDemo/obj/Debug/net10.0/compressed/qlipqx365y-{0}-shey8i22c8-shey8i22c8.gz
         Processing compressed asset: /home/makani/honua-server/samples/Honua.StacOpsDemo/obj/Debug/net10.0/compressed/mcrbytppux-{0}-clw8b0o34g-clw8b0o34g.gz
         Processing compressed asset: /home/makani/honua-server/samples/Honua.StacOpsDemo/obj/Debug/net10.0/compressed/r7fs0ekpwp-{0}-w23ofaxx35-w23ofaxx35.gz
         Processing compressed asset: /home/makani/honua-server/samples/Honua.StacOpsDemo/obj/Debug/net10.0/compressed/mnu6a5o308-{0}-fzsvb9tweu-fzsvb9tweu.gz
         Processing compressed asset: /home/makani/honua-server/samples/Honua.StacOpsDemo/obj/Debug/net10.0/compressed/hhv6uz3986-{0}-crwi1p34or-crwi1p34or.gz
         Processing compressed asset: /home/makani/honua-server/samples/Honua.StacOpsDemo/obj/Debug/net10.0/compressed/apnc2zehtn-{0}-9fcftni5l9-9fcftni5l9.gz
         Processing compressed asset: /home/makani/honua-server/samples/Honua.StacOpsDemo/obj/Debug/net10.0/compressed/wcejp3qeq3-{0}-3i8640auxn-3i8640auxn.gz
         Processing compressed asset: /home/makani/honua-server/samples/Honua.StacOpsDemo/obj/Debug/net10.0/compressed/531jguyd94-{0}-6thvjqqi69-6thvjqqi69.gz
         Processing compressed asset: /home/makani/honua-server/samples/Honua.StacOpsDemo/obj/Debug/net10.0/compressed/4fgx7t5kcd-{0}-b34zv6t8w8-b34zv6t8w8.gz
         Processing compressed asset: /home/makani/honua-server/samples/Honua.StacOpsDemo/obj/Debug/net10.0/compressed/3mls13lask-{0}-t9z23vywoa-t9z23vywoa.gz
         Processing compressed asset: /home/makani/honua-server/samples/Honua.StacOpsDemo/obj/Debug/net10.0/compressed/1j5dlmik4n-{0}-kzypximfjj-kzypximfjj.gz
         Processing compressed asset: /home/makani/honua-server/samples/Honua.StacOpsDemo/obj/Debug/net10.0/compressed/44vlw1mikw-{0}-16ihu4aum0-16ihu4aum0.gz
         Processing compressed asset: /home/makani/honua-server/samples/Honua.StacOpsDemo/obj/Debug/net10.0/compressed/zcx9vrg9hs-{0}-98t41ls3w6-98t41ls3w6.gz
         Processing compressed asset: /home/makani/honua-server/samples/Honua.StacOpsDemo/obj/Debug/net10.0/compressed/u9l65ul40b-{0}-0imvrnvy4f-0imvrnvy4f.gz
         Processing compressed asset: /home/makani/honua-server/samples/Honua.StacOpsDemo/obj/Debug/net10.0/compressed/pcpo1yi7rs-{0}-ne60qfmijm-ne60qfmijm.gz
         Processing compressed asset: /home/makani/honua-server/samples/Honua.StacOpsDemo/obj/Debug/net10.0/compressed/y72pfd37zf-{0}-8nsm8mjj5e-8nsm8mjj5e.gz
         Processing compressed asset: /home/makani/honua-server/samples/Honua.StacOpsDemo/obj/Debug/net10.0/compressed/gsanfg5rfj-{0}-zemo9xngn2-zemo9xngn2.gz
         Processing compressed asset: /home/makani/honua-server/samples/Honua.StacOpsDemo/obj/Debug/net10.0/compressed/guskv38akn-{0}-kybpzn2oos-kybpzn2oos.gz
         Processing compressed asset: /home/makani/honua-server/samples/Honua.StacOpsDemo/obj/Debug/net10.0/compressed/9527dr4rmz-{0}-ontoty1fxn-ontoty1fxn.gz
         Processing compressed asset: /home/makani/honua-server/samples/Honua.StacOpsDemo/obj/Debug/net10.0/compressed/fiirehvvfc-{0}-cfijc526tp-cfijc526tp.gz
         Processing compressed asset: /home/makani/honua-server/samples/Honua.StacOpsDemo/obj/Debug/net10.0/compressed/6lxwuyk4co-{0}-us5380okmk-us5380okmk.gz
         Processing compressed asset: /home/makani/honua-server/samples/Honua.StacOpsDemo/obj/Debug/net10.0/compressed/qm8ltete8t-{0}-v5uya98rfp-v5uya98rfp.gz
         Processing compressed asset: /home/makani/honua-server/samples/Honua.StacOpsDemo/obj/Debug/net10.0/compressed/yufx9a5ikp-{0}-9dgkwpzi1d-9dgkwpzi1d.gz
         Processing compressed asset: /home/makani/honua-server/samples/Honua.StacOpsDemo/obj/Debug/net10.0/compressed/7e3gtzdytt-{0}-rihuiw07yu-rihuiw07yu.gz
         Processing compressed asset: /home/makani/honua-server/samples/Honua.StacOpsDemo/obj/Debug/net10.0/compressed/0xa4dg7iem-{0}-f4dn7kellq-f4dn7kellq.gz
         Processing compressed asset: /home/makani/honua-server/samples/Honua.StacOpsDemo/obj/Debug/net10.0/compressed/r1ok5ubdvp-{0}-e6eipiyt6q-e6eipiyt6q.gz
         Processing compressed asset: /home/makani/honua-server/samples/Honua.StacOpsDemo/obj/Debug/net10.0/compressed/06fssr65wk-{0}-ziabf8ylan-ziabf8ylan.gz
         Processing compressed asset: /home/makani/honua-server/samples/Honua.StacOpsDemo/obj/Debug/net10.0/compressed/1ee035yyz8-{0}-fm8vwphpb6-fm8vwphpb6.gz
         Processing compressed asset: /home/makani/honua-server/samples/Honua.StacOpsDemo/obj/Debug/net10.0/compressed/z2ef7zt00j-{0}-uudylx04pc-uudylx04pc.gz
         Processing compressed asset: /home/makani/honua-server/samples/Honua.StacOpsDemo/obj/Debug/net10.0/compressed/pziuy7d0tg-{0}-lbbvcapr26-lbbvcapr26.gz
         Processing compressed asset: /home/makani/honua-server/samples/Honua.StacOpsDemo/obj/Debug/net10.0/compressed/swi5gxhrcv-{0}-hq9iyymx2n-hq9iyymx2n.gz
         Processing compressed asset: /home/makani/honua-server/samples/Honua.StacOpsDemo/obj/Debug/net10.0/compressed/l9h6cj5hkx-{0}-ome0590huq-ome0590huq.gz
         Processing compressed asset: /home/makani/honua-server/samples/Honua.StacOpsDemo/obj/Debug/net10.0/compressed/v7libn7w91-{0}-oikctzq2yk-oikctzq2yk.gz
         Processing compressed asset: /home/makani/honua-server/samples/Honua.StacOpsDemo/obj/Debug/net10.0/compressed/7oeb2wd3w1-{0}-19ykf2ghfc-19ykf2ghfc.gz
         Processing compressed asset: /home/makani/honua-server/samples/Honua.StacOpsDemo/obj/Debug/net10.0/compressed/3h2e375jvl-{0}-5kege8iwcx-5kege8iwcx.gz
         Processing compressed asset: /home/makani/honua-server/samples/Honua.StacOpsDemo/obj/Debug/net10.0/compressed/0m40lzj0rk-{0}-govomr6pnd-govomr6pnd.gz
         Processing compressed asset: /home/makani/honua-server/samples/Honua.StacOpsDemo/obj/Debug/net10.0/compressed/ueba7yw19e-{0}-kpjpkrf00f-kpjpkrf00f.gz
         Processing compressed asset: /home/makani/honua-server/samples/Honua.StacOpsDemo/obj/Debug/net10.0/compressed/0g35c7iw73-{0}-dxybkhgvzf-dxybkhgvzf.gz
         Processing compressed asset: /home/makani/honua-server/samples/Honua.StacOpsDemo/obj/Debug/net10.0/compressed/r1lxroaobo-{0}-vqv9utc4ui-vqv9utc4ui.gz
         Processing compressed asset: /home/makani/honua-server/samples/Honua.StacOpsDemo/obj/Debug/net10.0/compressed/17dhutl4m3-{0}-783n01f2ja-783n01f2ja.gz
         Processing compressed asset: /home/makani/honua-server/samples/Honua.StacOpsDemo/obj/Debug/net10.0/compressed/me5kof9n0a-{0}-pstx0jw374-pstx0jw374.gz
         Processing compressed asset: /home/makani/honua-server/samples/Honua.StacOpsDemo/obj/Debug/net10.0/compressed/atkselzet5-{0}-dj8trc6yee-dj8trc6yee.gz
         Processing compressed asset: /home/makani/honua-server/samples/Honua.StacOpsDemo/obj/Debug/net10.0/compressed/i522mcx9lp-{0}-l70yyhjzub-l70yyhjzub.gz
         Processing compressed asset: /home/makani/honua-server/samples/Honua.StacOpsDemo/obj/Debug/net10.0/compressed/44mvaearuj-{0}-r7o76f3x7n-r7o76f3x7n.gz
         Processing compressed asset: /home/makani/honua-server/samples/Honua.StacOpsDemo/obj/Debug/net10.0/compressed/n6uafrti67-{0}-tgl8yc4d2m-tgl8yc4d2m.gz
         Processing compressed asset: /home/makani/honua-server/samples/Honua.StacOpsDemo/obj/Debug/net10.0/compressed/ail12caejg-{0}-052trdlw01-052trdlw01.gz
         Processing compressed asset: /home/makani/honua-server/samples/Honua.StacOpsDemo/obj/Debug/net10.0/compressed/ro6em1u3wk-{0}-u3mk3ahtq5-u3mk3ahtq5.gz
         Processing compressed asset: /home/makani/honua-server/samples/Honua.StacOpsDemo/obj/Debug/net10.0/compressed/hvh2kmrxl1-{0}-qqvr2j3pvg-qqvr2j3pvg.gz
         Processing compressed asset: /home/makani/honua-server/samples/Honua.StacOpsDemo/obj/Debug/net10.0/compressed/angjajhxrk-{0}-5uas6gg592-5uas6gg592.gz
         Processing compressed asset: /home/makani/honua-server/samples/Honua.StacOpsDemo/obj/Debug/net10.0/compressed/pkur5xx0ld-{0}-navlngkykk-navlngkykk.gz
         Processing compressed asset: /home/makani/honua-server/samples/Honua.StacOpsDemo/obj/Debug/net10.0/compressed/il20ege3ns-{0}-7xkgcbvoi2-7xkgcbvoi2.gz
         Processing compressed asset: /home/makani/honua-server/samples/Honua.StacOpsDemo/obj/Debug/net10.0/compressed/5ocsh0cqe2-{0}-hmm17lo1vo-hmm17lo1vo.gz
         Processing compressed asset: /home/makani/honua-server/samples/Honua.StacOpsDemo/obj/Debug/net10.0/compressed/sdt44qukyn-{0}-gmaqhpvzve-gmaqhpvzve.gz
         Processing compressed asset: /home/makani/honua-server/samples/Honua.StacOpsDemo/obj/Debug/net10.0/compressed/3uztb4xsoo-{0}-ih9man0xaa-ih9man0xaa.gz
         Processing compressed asset: /home/makani/honua-server/samples/Honua.StacOpsDemo/obj/Debug/net10.0/compressed/r0x92wbh3m-{0}-w9v15jg7wg-w9v15jg7wg.gz
         Processing compressed asset: /home/makani/honua-server/samples/Honua.StacOpsDemo/obj/Debug/net10.0/compressed/f88uyiozp9-{0}-pwzbf3ywqb-pwzbf3ywqb.gz
         Processing compressed asset: /home/makani/honua-server/samples/Honua.StacOpsDemo/obj/Debug/net10.0/compressed/6jr6u6khjh-{0}-ya7w2p8he6-ya7w2p8he6.gz
         Processing compressed asset: /home/makani/honua-server/samples/Honua.StacOpsDemo/obj/Debug/net10.0/compressed/yho5n53r3s-{0}-ebclw1ctlb-ebclw1ctlb.gz
         Processing compressed asset: /home/makani/honua-server/samples/Honua.StacOpsDemo/obj/Debug/net10.0/compressed/zpllpdmcqo-{0}-esrdiz7prm-esrdiz7prm.gz
         Processing compressed asset: /home/makani/honua-server/samples/Honua.StacOpsDemo/obj/Debug/net10.0/compressed/79a7q3fl4a-{0}-zese355etl-zese355etl.gz
         Processing compressed asset: /home/makani/honua-server/samples/Honua.StacOpsDemo/obj/Debug/net10.0/compressed/hmfltb35pp-{0}-db8njzbm5e-db8njzbm5e.gz
         Processing compressed asset: /home/makani/honua-server/samples/Honua.StacOpsDemo/obj/Debug/net10.0/compressed/xbdj936giy-{0}-5li0z45f7b-5li0z45f7b.gz
         Processing compressed asset: /home/makani/honua-server/samples/Honua.StacOpsDemo/obj/Debug/net10.0/compressed/tzhr3gdw3t-{0}-qjvufgr3wc-qjvufgr3wc.gz
         Processing compressed asset: /home/makani/honua-server/samples/Honua.StacOpsDemo/obj/Debug/net10.0/compressed/5563ya30h5-{0}-wyf2c3g3ob-wyf2c3g3ob.gz
         Processing compressed asset: /home/makani/honua-server/samples/Honua.StacOpsDemo/obj/Debug/net10.0/compressed/co09fbluoc-{0}-5423st4px4-5423st4px4.gz
         Processing compressed asset: /home/makani/honua-server/samples/Honua.StacOpsDemo/obj/Debug/net10.0/compressed/bz7oo1wa9w-{0}-9jlh4rmm5n-9jlh4rmm5n.gz
         Processing compressed asset: /home/makani/honua-server/samples/Honua.StacOpsDemo/obj/Debug/net10.0/compressed/k7olfngbq6-{0}-yippb5hjvi-yippb5hjvi.gz
         Processing compressed asset: /home/makani/honua-server/samples/Honua.StacOpsDemo/obj/Debug/net10.0/compressed/ym6bkptd70-{0}-j1u7dn4u7m-j1u7dn4u7m.gz
         Processing compressed asset: /home/makani/honua-server/samples/Honua.StacOpsDemo/obj/Debug/net10.0/compressed/tikuaaytlm-{0}-e4ad5khic1-e4ad5khic1.gz
         Processing compressed asset: /home/makani/honua-server/samples/Honua.StacOpsDemo/obj/Debug/net10.0/compressed/tlbjxcgqye-{0}-xlkk3ynoru-xlkk3ynoru.gz
         Processing compressed asset: /home/makani/honua-server/samples/Honua.StacOpsDemo/obj/Debug/net10.0/compressed/2xyzgtdipa-{0}-eugtqi7331-eugtqi7331.gz
         Processing compressed asset: /home/makani/honua-server/samples/Honua.StacOpsDemo/obj/Debug/net10.0/compressed/pmvrbma0gf-{0}-depxp3za4f-depxp3za4f.gz
         Processing compressed asset: /home/makani/honua-server/samples/Honua.StacOpsDemo/obj/Debug/net10.0/compressed/u5prte7ey7-{0}-qm5biyh995-qm5biyh995.gz
         Processing compressed asset: /home/makani/honua-server/samples/Honua.StacOpsDemo/obj/Debug/net10.0/compressed/4iijx32zy2-{0}-vjh10io2ol-vjh10io2ol.gz
         Processing compressed asset: /home/makani/honua-server/samples/Honua.StacOpsDemo/obj/Debug/net10.0/compressed/zl2c5jkehc-{0}-gm74y2bo0g-gm74y2bo0g.gz
         Processing compressed asset: /home/makani/honua-server/samples/Honua.StacOpsDemo/obj/Debug/net10.0/compressed/3rb7og3sm1-{0}-ujbtg86el3-ujbtg86el3.gz
         Processing compressed asset: /home/makani/honua-server/samples/Honua.StacOpsDemo/obj/Debug/net10.0/compressed/26cpctdwwz-{0}-e22nl7riy4-e22nl7riy4.gz
         Processing compressed asset: /home/makani/honua-server/samples/Honua.StacOpsDemo/obj/Debug/net10.0/compressed/9dav39wf3d-{0}-ha950r0i18-ha950r0i18.gz
         Processing compressed asset: /home/makani/honua-server/samples/Honua.StacOpsDemo/obj/Debug/net10.0/compressed/q19grd70h9-{0}-g1w1fits1p-g1w1fits1p.gz
         Processing compressed asset: /home/makani/honua-server/samples/Honua.StacOpsDemo/obj/Debug/net10.0/compressed/yy7r7yqiog-{0}-7n7jt1ms3p-7n7jt1ms3p.gz
         Processing compressed asset: /home/makani/honua-server/samples/Honua.StacOpsDemo/obj/Debug/net10.0/compressed/e3qqxfy55p-{0}-13t1lxa6p2-13t1lxa6p2.gz
         Processing compressed asset: /home/makani/honua-server/samples/Honua.StacOpsDemo/obj/Debug/net10.0/compressed/inqasvlfq6-{0}-bcciqwoqxp-bcciqwoqxp.gz
         Processing compressed asset: /home/makani/honua-server/samples/Honua.StacOpsDemo/obj/Debug/net10.0/compressed/ibdrou6ilo-{0}-wecoe44nmz-wecoe44nmz.gz
         Processing compressed asset: /home/makani/honua-server/samples/Honua.StacOpsDemo/obj/Debug/net10.0/compressed/0b40gznxnc-{0}-8dz8w33dsz-8dz8w33dsz.gz
         Processing compressed asset: /home/makani/honua-server/samples/Honua.StacOpsDemo/obj/Debug/net10.0/compressed/1pzowrggl7-{0}-m05m0pm5oq-m05m0pm5oq.gz
         Processing compressed asset: /home/makani/honua-server/samples/Honua.StacOpsDemo/obj/Debug/net10.0/compressed/wqbstqhw68-{0}-79xb2e70lp-79xb2e70lp.gz
         Processing compressed asset: /home/makani/honua-server/samples/Honua.StacOpsDemo/obj/Debug/net10.0/compressed/oxie03b6q2-{0}-uyi2fb0103-uyi2fb0103.gz
         Processing compressed asset: /home/makani/honua-server/samples/Honua.StacOpsDemo/obj/Debug/net10.0/compressed/1f8jonzejp-{0}-69m00wu7n6-69m00wu7n6.gz
         Processing compressed asset: /home/makani/honua-server/samples/Honua.StacOpsDemo/obj/Debug/net10.0/compressed/abcr8y6h81-{0}-rv6iq87t46-rv6iq87t46.gz
         Processing compressed asset: /home/makani/honua-server/samples/Honua.StacOpsDemo/obj/Debug/net10.0/compressed/1lio3ko3a9-{0}-2pchagji9k-2pchagji9k.gz
         Processing compressed asset: /home/makani/honua-server/samples/Honua.StacOpsDemo/obj/Debug/net10.0/compressed/v7k40j93o9-{0}-tba5tu29wv-tba5tu29wv.gz
         Processing compressed asset: /home/makani/honua-server/samples/Honua.StacOpsDemo/obj/Debug/net10.0/compressed/fiaxe2d5hg-{0}-q19w88bn7l-q19w88bn7l.gz
         Processing compressed asset: /home/makani/honua-server/samples/Honua.StacOpsDemo/obj/Debug/net10.0/compressed/rfz6t1sz88-{0}-lmdq3p0hzc-lmdq3p0hzc.gz
         Processing compressed asset: /home/makani/honua-server/samples/Honua.StacOpsDemo/obj/Debug/net10.0/compressed/dmiag02m9t-{0}-irtnamfpwo-irtnamfpwo.gz
         Processing compressed asset: /home/makani/honua-server/samples/Honua.StacOpsDemo/obj/Debug/net10.0/compressed/5biepo1c2v-{0}-ctfxrq7l33-ctfxrq7l33.gz
         Processing compressed asset: /home/makani/honua-server/samples/Honua.StacOpsDemo/obj/Debug/net10.0/compressed/o8a7pjo347-{0}-wfl2haanmw-wfl2haanmw.gz
         Processing compressed asset: /home/makani/honua-server/samples/Honua.StacOpsDemo/obj/Debug/net10.0/compressed/ucd6b0ho7g-{0}-jk1euj9vu9-jk1euj9vu9.gz
         Processing compressed asset: /home/makani/honua-server/samples/Honua.StacOpsDemo/obj/Debug/net10.0/compressed/363m0e59b6-{0}-s9jclef89k-s9jclef89k.gz
         Processing compressed asset: /home/makani/honua-server/samples/Honua.StacOpsDemo/obj/Debug/net10.0/compressed/zdacgqktiy-{0}-s3g4fx319q-s3g4fx319q.gz
         Processing compressed asset: /home/makani/honua-server/samples/Honua.StacOpsDemo/obj/Debug/net10.0/compressed/hhvq3rjjid-{0}-5ic1w2xffg-5ic1w2xffg.gz
         Processing compressed asset: /home/makani/honua-server/samples/Honua.StacOpsDemo/obj/Debug/net10.0/compressed/zvthpu2rv9-{0}-akn0vk63vp-akn0vk63vp.gz
         Processing compressed asset: /home/makani/honua-server/samples/Honua.StacOpsDemo/obj/Debug/net10.0/compressed/6b4w5o22us-{0}-hy6omngq8z-hy6omngq8z.gz
         Processing compressed asset: /home/makani/honua-server/samples/Honua.StacOpsDemo/obj/Debug/net10.0/compressed/0v4jm0flgs-{0}-c7chznvmm3-c7chznvmm3.gz
         Processing compressed asset: /home/makani/honua-server/samples/Honua.StacOpsDemo/obj/Debug/net10.0/compressed/h6g92w3iif-{0}-mfsa3z03lw-mfsa3z03lw.gz
         Processing compressed asset: /home/makani/honua-server/samples/Honua.StacOpsDemo/obj/Debug/net10.0/compressed/omyfd9z1iu-{0}-apclussnua-apclussnua.gz
         Processing compressed asset: /home/makani/honua-server/samples/Honua.StacOpsDemo/obj/Debug/net10.0/compressed/j816dukew1-{0}-kny0la5npq-kny0la5npq.gz
         Processing compressed asset: /home/makani/honua-server/samples/Honua.StacOpsDemo/obj/Debug/net10.0/compressed/8jp2s21y9s-{0}-4bprmgilq2-4bprmgilq2.gz
         Processing compressed asset: /home/makani/honua-server/samples/Honua.StacOpsDemo/obj/Debug/net10.0/compressed/umoq2unpub-{0}-z4o1x288hz-z4o1x288hz.gz
         Processing compressed asset: /home/makani/honua-server/samples/Honua.StacOpsDemo/obj/Debug/net10.0/compressed/5w953iyxyd-{0}-ytv8luxawq-ytv8luxawq.gz
         Processing compressed asset: /home/makani/honua-server/samples/Honua.StacOpsDemo/obj/Debug/net10.0/compressed/6ksa9x2j9g-{0}-i57ntutovo-i57ntutovo.gz
         Processing compressed asset: /home/makani/honua-server/samples/Honua.StacOpsDemo/obj/Debug/net10.0/compressed/5x5ewz2eb8-{0}-vkhht9s4s0-vkhht9s4s0.gz
         Processing compressed asset: /home/makani/honua-server/samples/Honua.StacOpsDemo/obj/Debug/net10.0/compressed/0d2ncz0uol-{0}-ici4sc8c5d-ici4sc8c5d.gz
         Processing compressed asset: /home/makani/honua-server/samples/Honua.StacOpsDemo/obj/Debug/net10.0/compressed/5c7jbdk9bc-{0}-gbkwu8tis9-gbkwu8tis9.gz
         Processing compressed asset: /home/makani/honua-server/samples/Honua.StacOpsDemo/obj/Debug/net10.0/compressed/ee35dibsqi-{0}-5hsbzkigfv-5hsbzkigfv.gz
         Processing compressed asset: /home/makani/honua-server/samples/Honua.StacOpsDemo/obj/Debug/net10.0/compressed/tr6h8e8qfe-{0}-nc1yghpvaj-nc1yghpvaj.gz
         Processing compressed asset: /home/makani/honua-server/samples/Honua.StacOpsDemo/obj/Debug/net10.0/compressed/43t9vnh1fg-{0}-4n1o4dxc9j-4n1o4dxc9j.gz
         Processing compressed asset: /home/makani/honua-server/samples/Honua.StacOpsDemo/obj/Debug/net10.0/compressed/msvfnc4892-{0}-rx5istkt3h-rx5istkt3h.gz
         Processing compressed asset: /home/makani/honua-server/samples/Honua.StacOpsDemo/obj/Debug/net10.0/compressed/pkqie454cn-{0}-43ap29e3sq-43ap29e3sq.gz
         Processing compressed asset: /home/makani/honua-server/samples/Honua.StacOpsDemo/obj/Debug/net10.0/compressed/0vfyfqsqug-{0}-7gbfkrjizt-7gbfkrjizt.gz
         Processing compressed asset: /home/makani/honua-server/samples/Honua.StacOpsDemo/obj/Debug/net10.0/compressed/rszr2j1a4k-{0}-kkeuksfj0m-kkeuksfj0m.gz
         Processing compressed asset: /home/makani/honua-server/samples/Honua.StacOpsDemo/obj/Debug/net10.0/compressed/df2pqzcp0s-{0}-57sxvma12c-57sxvma12c.gz
         Processing compressed asset: /home/makani/honua-server/samples/Honua.StacOpsDemo/obj/Debug/net10.0/compressed/l8c11rfysz-{0}-kjba88uqo5-kjba88uqo5.gz
         Processing compressed asset: /home/makani/honua-server/samples/Honua.StacOpsDemo/obj/Debug/net10.0/compressed/jj58t233e2-{0}-yd5orfj1dk-yd5orfj1dk.gz
         Processing compressed asset: /home/makani/honua-server/samples/Honua.StacOpsDemo/obj/Debug/net10.0/compressed/j4ps4ft7qc-{0}-x5xctdxzrq-x5xctdxzrq.gz
         Processing compressed asset: /home/makani/honua-server/samples/Honua.StacOpsDemo/obj/Debug/net10.0/compressed/p4ve9pa9t8-{0}-1a72cmhu6i-1a72cmhu6i.gz
         Processing compressed asset: /home/makani/honua-server/samples/Honua.StacOpsDemo/obj/Debug/net10.0/compressed/f8jhkitt1y-{0}-ilju54fcp2-ilju54fcp2.gz
         Processing compressed asset: /home/makani/honua-server/samples/Honua.StacOpsDemo/obj/Debug/net10.0/compressed/7iw4fplrtp-{0}-gr5k60s0oe-gr5k60s0oe.gz
         Processing compressed asset: /home/makani/honua-server/samples/Honua.StacOpsDemo/obj/Debug/net10.0/compressed/mvjitgbd1j-{0}-plyvi1r5s9-plyvi1r5s9.gz
         Processing compressed asset: /home/makani/honua-server/samples/Honua.StacOpsDemo/obj/Debug/net10.0/compressed/gyvtozmpbe-{0}-pt2dqzuhaf-pt2dqzuhaf.gz
         Processing compressed asset: /home/makani/honua-server/samples/Honua.StacOpsDemo/obj/Debug/net10.0/compressed/4s44gx31lc-{0}-ygdmhmuqdp-ygdmhmuqdp.gz
         Processing compressed asset: /home/makani/honua-server/samples/Honua.StacOpsDemo/obj/Debug/net10.0/compressed/0up40zqgpr-{0}-olv3u76k95-olv3u76k95.gz
         Processing compressed asset: /home/makani/honua-server/samples/Honua.StacOpsDemo/obj/Debug/net10.0/compressed/z9jdqvwsoe-{0}-m5wc9z7e1k-m5wc9z7e1k.gz
         Processing compressed asset: /home/makani/honua-server/samples/Honua.StacOpsDemo/obj/Debug/net10.0/compressed/pv3kvcu4lf-{0}-dd748ds2m7-dd748ds2m7.gz
         Processing compressed asset: /home/makani/honua-server/samples/Honua.StacOpsDemo/obj/Debug/net10.0/compressed/v03ehf7lkw-{0}-4gwmhmdbax-4gwmhmdbax.gz
         Processing compressed asset: /home/makani/honua-server/samples/Honua.StacOpsDemo/obj/Debug/net10.0/compressed/h4k31nsp6j-{0}-v02wvgnobf-v02wvgnobf.gz
         Processing compressed asset: /home/makani/honua-server/samples/Honua.StacOpsDemo/obj/Debug/net10.0/compressed/qrh6mdnvb6-{0}-o33u56xp8u-o33u56xp8u.gz
         Processing compressed asset: /home/makani/honua-server/samples/Honua.StacOpsDemo/obj/Debug/net10.0/compressed/q6u1pf8oa7-{0}-gxdw562h4s-gxdw562h4s.gz
         Processing compressed asset: /home/makani/honua-server/samples/Honua.StacOpsDemo/obj/Debug/net10.0/compressed/m5m7loui1f-{0}-itp3e5i1h2-itp3e5i1h2.gz
         Processing compressed asset: /home/makani/honua-server/samples/Honua.StacOpsDemo/obj/Debug/net10.0/compressed/xsgkdwin7k-{0}-k0eqaq9do2-k0eqaq9do2.gz
         Processing compressed asset: /home/makani/honua-server/samples/Honua.StacOpsDemo/obj/Debug/net10.0/compressed/pa0zowdt62-{0}-xl4f7m8snf-xl4f7m8snf.gz
         Processing compressed asset: /home/makani/honua-server/samples/Honua.StacOpsDemo/obj/Debug/net10.0/compressed/wumiok2xvi-{0}-mwo4f5vsvi-mwo4f5vsvi.gz
         Processing compressed asset: /home/makani/honua-server/samples/Honua.StacOpsDemo/obj/Debug/net10.0/compressed/n8rcqdh6uc-{0}-5y9laxu2f8-5y9laxu2f8.gz
         Processing compressed asset: /home/makani/honua-server/samples/Honua.StacOpsDemo/obj/Debug/net10.0/compressed/mazqxrp54m-{0}-69poregybn-69poregybn.gz
         Processing compressed asset: /home/makani/honua-server/samples/Honua.StacOpsDemo/obj/Debug/net10.0/compressed/k0utltoeuv-{0}-2mv1pqdd2n-2mv1pqdd2n.gz
         Processing compressed asset: /home/makani/honua-server/samples/Honua.StacOpsDemo/obj/Debug/net10.0/compressed/d000g27rrt-{0}-q5rqv3xrhm-q5rqv3xrhm.gz
         Processing compressed asset: /home/makani/honua-server/samples/Honua.StacOpsDemo/obj/Debug/net10.0/compressed/q3pl4zf6a6-{0}-5kqprya74h-5kqprya74h.gz
         Processing compressed asset: /home/makani/honua-server/samples/Honua.StacOpsDemo/obj/Debug/net10.0/compressed/yhsfc1ql85-{0}-tjcz0u77k5-tjcz0u77k5.gz
         Processing compressed asset: /home/makani/honua-server/samples/Honua.StacOpsDemo/obj/Debug/net10.0/compressed/1cw6hqypmu-{0}-tptq2av103-tptq2av103.gz
         Processing compressed asset: /home/makani/honua-server/samples/Honua.StacOpsDemo/obj/Debug/net10.0/compressed/ybc8ws76mh-{0}-lfu7j35m59-lfu7j35m59.gz
         Processing compressed asset: /home/makani/honua-server/samples/Honua.StacOpsDemo/obj/Debug/net10.0/compressed/7nn74udwvn-{0}-9sdmuz89zv-9sdmuz89zv.gz
         Processing compressed asset: /home/makani/honua-server/samples/Honua.StacOpsDemo/obj/Debug/net10.0/compressed/tllvnd4mxi-{0}-y8h50soohf-y8h50soohf.gz
         Processing compressed asset: /home/makani/honua-server/samples/Honua.StacOpsDemo/obj/Debug/net10.0/compressed/me8xtynd05-{0}-1jh9xxslil-1jh9xxslil.gz
         Processing compressed asset: /home/makani/honua-server/samples/Honua.StacOpsDemo/obj/Debug/net10.0/compressed/joew91e9z1-{0}-9welhrvr9j-9welhrvr9j.gz
         Processing compressed asset: /home/makani/honua-server/src/Honua.Server/obj/Debug/net10.0/compressed/f32kn295nz-{0}-gcvjxldlff-gcvjxldlff.gz
         Processing compressed asset: /home/makani/honua-server/src/Honua.Server/obj/Debug/net10.0/compressed/f9o902iofb-{0}-99zm1jdh75-99zm1jdh75.gz
         Processing compressed asset: /home/makani/honua-server/src/Honua.Server/obj/Debug/net10.0/compressed/c4jm89ygef-{0}-l81wce7d7i-l81wce7d7i.gz
       _BuildCopyStaticWebAssetsPreserveNewest:
       Skipping target "_BuildCopyStaticWebAssetsPreserveNewest" because it has no outputs.
       _CopyOutOfDateSourceItemsToOutputDirectory:
       Skipping target "_CopyOutOfDateSourceItemsToOutputDirectory" because all output files are up-to-date with respect to the input files.
       GenerateBuildDependencyFile:
       Skipping target "GenerateBuildDependencyFile" because all output files are up-to-date with respect to the input files.
       GenerateBuildRuntimeConfigurationFiles:
       Skipping target "GenerateBuildRuntimeConfigurationFiles" because all output files are up-to-date with respect to the input files.
       CopyFilesToOutputDirectory:
         Honua.Server -> /home/makani/honua-server/src/Honua.Server/bin/Debug/net10.0/Honua.Server.dll
     2>Done Building Project "/home/makani/honua-server/src/Honua.Server/Honua.Server.csproj" (default targets).
     1>Project "/home/makani/honua-server/Honua.sln" (1) is building "/home/makani/honua-server/tests/Honua.TestKit/Honua.TestKit.csproj" (10) on node 12 (default targets).
    10>GenerateTargetFrameworkMonikerAttribute:
       Skipping target "GenerateTargetFrameworkMonikerAttribute" because all output files are up-to-date with respect to the input files.
     1>Project "/home/makani/honua-server/Honua.sln" (1) is building "/home/makani/honua-server/benchmarks/Honua.Benchmarks/Honua.Benchmarks.csproj" (7) on node 11 (default targets).
     7>GenerateTargetFrameworkMonikerAttribute:
       Skipping target "GenerateTargetFrameworkMonikerAttribute" because all output files are up-to-date with respect to the input files.
       CoreGenerateAssemblyInfo:
       Skipping target "CoreGenerateAssemblyInfo" because all output files are up-to-date with respect to the input files.
    10>CoreGenerateAssemblyInfo:
       Skipping target "CoreGenerateAssemblyInfo" because all output files are up-to-date with respect to the input files.
     7>_GenerateSourceLinkFile:
         Source Link file 'obj/Debug/net10.0/Honua.Benchmarks.sourcelink.json' is up-to-date.
       CoreCompile:
       Skipping target "CoreCompile" because all output files are up-to-date with respect to the input files.
       _CreateAppHost:
       Skipping target "_CreateAppHost" because all output files are up-to-date with respect to the input files.
    10>_GenerateSourceLinkFile:
         Source Link file 'obj/Debug/net10.0/Honua.TestKit.sourcelink.json' is up-to-date.
       CoreCompile:
       Skipping target "CoreCompile" because all output files are up-to-date with respect to the input files.
       _CopyOutOfDateSourceItemsToOutputDirectory:
       Building target "_CopyOutOfDateSourceItemsToOutputDirectory" partially, because some output files are out of date with respect to their input files.
         Copying file from "/home/makani/honua-server/tests/Honua.TestKit/obj/Debug/net10.0/MvcTestingAppManifest.json" to "/home/makani/honua-server/tests/Honua.TestKit/bin/Debug/net10.0/MvcTestingAppManifest.json".
     7>_CopyOutOfDateSourceItemsToOutputDirectory:
       Building target "_CopyOutOfDateSourceItemsToOutputDirectory" partially, because some output files are out of date with respect to their input files.
         Copying file from "/home/makani/honua-server/benchmarks/Honua.Benchmarks/obj/Debug/net10.0/MvcTestingAppManifest.json" to "/home/makani/honua-server/benchmarks/Honua.Benchmarks/bin/Debug/net10.0/MvcTestingAppManifest.json".
    10>GenerateBuildDependencyFile:
       Skipping target "GenerateBuildDependencyFile" because all output files are up-to-date with respect to the input files.
       GenerateBuildRuntimeConfigurationFiles:
       Skipping target "GenerateBuildRuntimeConfigurationFiles" because all output files are up-to-date with respect to the input files.
       CopyFilesToOutputDirectory:
         Honua.TestKit -> /home/makani/honua-server/tests/Honua.TestKit/bin/Debug/net10.0/Honua.TestKit.dll
     7>GenerateBuildDependencyFile:
       Skipping target "GenerateBuildDependencyFile" because all output files are up-to-date with respect to the input files.
       GenerateBuildRuntimeConfigurationFiles:
       Skipping target "GenerateBuildRuntimeConfigurationFiles" because all output files are up-to-date with respect to the input files.
       CopyFilesToOutputDirectory:
         Honua.Benchmarks -> /home/makani/honua-server/benchmarks/Honua.Benchmarks/bin/Debug/net10.0/Honua.Benchmarks.dll
    10>_MvcCopyDependencyFiles:
         Copying file from "/home/makani/honua-server/src/Honua.Core/bin/Debug/net10.0/Honua.Core.deps.json" to "/home/makani/honua-server/tests/Honua.TestKit/bin/Debug/net10.0/Honua.Core.deps.json".
         Copying file from "/home/makani/honua-server/src/Honua.DuckDB/bin/Debug/net10.0/Honua.DuckDB.deps.json" to "/home/makani/honua-server/tests/Honua.TestKit/bin/Debug/net10.0/Honua.DuckDB.deps.json".
         Copying file from "/home/makani/honua-server/src/Honua.Postgres/bin/Debug/net10.0/Honua.Postgres.deps.json" to "/home/makani/honua-server/tests/Honua.TestKit/bin/Debug/net10.0/Honua.Postgres.deps.json".
         Copying file from "/home/makani/honua-server/src/Honua.Server/bin/Debug/net10.0/Honua.Server.deps.json" to "/home/makani/honua-server/tests/Honua.TestKit/bin/Debug/net10.0/Honua.Server.deps.json".
         Copying file from "/home/makani/honua-server/src/Honua.ServiceDefaults/bin/Debug/net10.0/Honua.ServiceDefaults.deps.json" to "/home/makani/honua-server/tests/Honua.TestKit/bin/Debug/net10.0/Honua.ServiceDefaults.deps.json".
    10>Done Building Project "/home/makani/honua-server/tests/Honua.TestKit/Honua.TestKit.csproj" (default targets).
     7>_MvcCopyDependencyFiles:
         Copying file from "/home/makani/honua-server/src/Honua.Core/bin/Debug/net10.0/Honua.Core.deps.json" to "/home/makani/honua-server/benchmarks/Honua.Benchmarks/bin/Debug/net10.0/Honua.Core.deps.json".
         Copying file from "/home/makani/honua-server/src/Honua.DuckDB/bin/Debug/net10.0/Honua.DuckDB.deps.json" to "/home/makani/honua-server/benchmarks/Honua.Benchmarks/bin/Debug/net10.0/Honua.DuckDB.deps.json".
         Copying file from "/home/makani/honua-server/src/Honua.Postgres/bin/Debug/net10.0/Honua.Postgres.deps.json" to "/home/makani/honua-server/benchmarks/Honua.Benchmarks/bin/Debug/net10.0/Honua.Postgres.deps.json".
         Copying file from "/home/makani/honua-server/src/Honua.Server/bin/Debug/net10.0/Honua.Server.deps.json" to "/home/makani/honua-server/benchmarks/Honua.Benchmarks/bin/Debug/net10.0/Honua.Server.deps.json".
         Copying file from "/home/makani/honua-server/src/Honua.ServiceDefaults/bin/Debug/net10.0/Honua.ServiceDefaults.deps.json" to "/home/makani/honua-server/benchmarks/Honua.Benchmarks/bin/Debug/net10.0/Honua.ServiceDefaults.deps.json".
     7>Done Building Project "/home/makani/honua-server/benchmarks/Honua.Benchmarks/Honua.Benchmarks.csproj" (default targets).
     1>Project "/home/makani/honua-server/Honua.sln" (1) is building "/home/makani/honua-server/tests/Honua.Postgres.Tests/Honua.Postgres.Tests.csproj" (5) on node 8 (default targets).
     5>GenerateTargetFrameworkMonikerAttribute:
       Skipping target "GenerateTargetFrameworkMonikerAttribute" because all output files are up-to-date with respect to the input files.
     1>Project "/home/makani/honua-server/Honua.sln" (1) is building "/home/makani/honua-server/tests/Honua.Server.Tests/Honua.Server.Tests.csproj" (16) on node 16 (default targets).
    16>GenerateTargetFrameworkMonikerAttribute:
       Skipping target "GenerateTargetFrameworkMonikerAttribute" because all output files are up-to-date with respect to the input files.
     1>Project "/home/makani/honua-server/Honua.sln" (1) is building "/home/makani/honua-server/tests/Honua.LoadTests/Honua.LoadTests.csproj" (9) on node 5 (default targets).
     9>GenerateTargetFrameworkMonikerAttribute:
       Skipping target "GenerateTargetFrameworkMonikerAttribute" because all output files are up-to-date with respect to the input files.
     1>Project "/home/makani/honua-server/Honua.sln" (1) is building "/home/makani/honua-server/tests/Honua.Core.Tests/Honua.Core.Tests.csproj" (12) on node 13 (default targets).
    12>GenerateTargetFrameworkMonikerAttribute:
       Skipping target "GenerateTargetFrameworkMonikerAttribute" because all output files are up-to-date with respect to the input files.
     5>CoreGenerateAssemblyInfo:
       Skipping target "CoreGenerateAssemblyInfo" because all output files are up-to-date with respect to the input files.
    16>CoreGenerateAssemblyInfo:
       Skipping target "CoreGenerateAssemblyInfo" because all output files are up-to-date with respect to the input files.
    12>CoreGenerateAssemblyInfo:
       Skipping target "CoreGenerateAssemblyInfo" because all output files are up-to-date with respect to the input files.
     9>CoreGenerateAssemblyInfo:
       Skipping target "CoreGenerateAssemblyInfo" because all output files are up-to-date with respect to the input files.
       _GenerateSourceLinkFile:
         Source Link file 'obj/Debug/net10.0/Honua.LoadTests.sourcelink.json' is up-to-date.
       CoreCompile:
       Skipping target "CoreCompile" because all output files are up-to-date with respect to the input files.
       _CreateAppHost:
       Skipping target "_CreateAppHost" because all output files are up-to-date with respect to the input files.
    12>_GenerateSourceLinkFile:
         Source Link file 'obj/Debug/net10.0/Honua.Core.Tests.sourcelink.json' is up-to-date.
     5>_GenerateSourceLinkFile:
         Source Link file 'obj/Debug/net10.0/Honua.Postgres.Tests.sourcelink.json' is up-to-date.
    12>CoreCompile:
       Skipping target "CoreCompile" because all output files are up-to-date with respect to the input files.
     5>CoreCompile:
       Skipping target "CoreCompile" because all output files are up-to-date with respect to the input files.
     9>_CopyOutOfDateSourceItemsToOutputDirectory:
       Building target "_CopyOutOfDateSourceItemsToOutputDirectory" partially, because some output files are out of date with respect to their input files.
         Copying file from "/home/makani/honua-server/tests/Honua.LoadTests/obj/Debug/net10.0/MvcTestingAppManifest.json" to "/home/makani/honua-server/tests/Honua.LoadTests/bin/Debug/net10.0/MvcTestingAppManifest.json".
       GenerateBuildDependencyFile:
       Skipping target "GenerateBuildDependencyFile" because all output files are up-to-date with respect to the input files.
    12>_CopyOutOfDateSourceItemsToOutputDirectory:
       Building target "_CopyOutOfDateSourceItemsToOutputDirectory" partially, because some output files are out of date with respect to their input files.
    16>_GenerateSourceLinkFile:
         Source Link file 'obj/Debug/net10.0/Honua.Server.Tests.sourcelink.json' is up-to-date.
    12>_CopyOutOfDateSourceItemsToOutputDirectory:
         Copying file from "/home/makani/honua-server/tests/Honua.Core.Tests/obj/Debug/net10.0/MvcTestingAppManifest.json" to "/home/makani/honua-server/tests/Honua.Core.Tests/bin/Debug/net10.0/MvcTestingAppManifest.json".
     9>GenerateBuildRuntimeConfigurationFiles:
       Skipping target "GenerateBuildRuntimeConfigurationFiles" because all output files are up-to-date with respect to the input files.
     5>_CopyOutOfDateSourceItemsToOutputDirectory:
       Building target "_CopyOutOfDateSourceItemsToOutputDirectory" partially, because some output files are out of date with respect to their input files.
     9>CopyFilesToOutputDirectory:
         Honua.LoadTests -> /home/makani/honua-server/tests/Honua.LoadTests/bin/Debug/net10.0/Honua.LoadTests.dll
     5>_CopyOutOfDateSourceItemsToOutputDirectory:
         Copying file from "/home/makani/honua-server/tests/Honua.Postgres.Tests/obj/Debug/net10.0/MvcTestingAppManifest.json" to "/home/makani/honua-server/tests/Honua.Postgres.Tests/bin/Debug/net10.0/MvcTestingAppManifest.json".
    16>CoreCompile:
       Skipping target "CoreCompile" because all output files are up-to-date with respect to the input files.
    12>GenerateBuildDependencyFile:
       Skipping target "GenerateBuildDependencyFile" because all output files are up-to-date with respect to the input files.
       GenerateBuildRuntimeConfigurationFiles:
       Skipping target "GenerateBuildRuntimeConfigurationFiles" because all output files are up-to-date with respect to the input files.
       CopyFilesToOutputDirectory:
         Honua.Core.Tests -> /home/makani/honua-server/tests/Honua.Core.Tests/bin/Debug/net10.0/Honua.Core.Tests.dll
     5>GenerateBuildDependencyFile:
       Skipping target "GenerateBuildDependencyFile" because all output files are up-to-date with respect to the input files.
       GenerateBuildRuntimeConfigurationFiles:
       Skipping target "GenerateBuildRuntimeConfigurationFiles" because all output files are up-to-date with respect to the input files.
       CopyFilesToOutputDirectory:
         Honua.Postgres.Tests -> /home/makani/honua-server/tests/Honua.Postgres.Tests/bin/Debug/net10.0/Honua.Postgres.Tests.dll
    16>_CopyOutOfDateSourceItemsToOutputDirectory:
       Building target "_CopyOutOfDateSourceItemsToOutputDirectory" partially, because some output files are out of date with respect to their input files.
         Copying file from "/home/makani/honua-server/tests/Honua.Server.Tests/obj/Debug/net10.0/MvcTestingAppManifest.json" to "/home/makani/honua-server/tests/Honua.Server.Tests/bin/Debug/net10.0/MvcTestingAppManifest.json".
       GenerateBuildDependencyFile:
       Skipping target "GenerateBuildDependencyFile" because all output files are up-to-date with respect to the input files.
       GenerateBuildRuntimeConfigurationFiles:
       Skipping target "GenerateBuildRuntimeConfigurationFiles" because all output files are up-to-date with respect to the input files.
       CopyFilesToOutputDirectory:
         Honua.Server.Tests -> /home/makani/honua-server/tests/Honua.Server.Tests/bin/Debug/net10.0/Honua.Server.Tests.dll
     9>_MvcCopyDependencyFiles:
         Copying file from "/home/makani/honua-server/src/Honua.Core/bin/Debug/net10.0/Honua.Core.deps.json" to "/home/makani/honua-server/tests/Honua.LoadTests/bin/Debug/net10.0/Honua.Core.deps.json".
         Copying file from "/home/makani/honua-server/src/Honua.DuckDB/bin/Debug/net10.0/Honua.DuckDB.deps.json" to "/home/makani/honua-server/tests/Honua.LoadTests/bin/Debug/net10.0/Honua.DuckDB.deps.json".
         Copying file from "/home/makani/honua-server/src/Honua.Postgres/bin/Debug/net10.0/Honua.Postgres.deps.json" to "/home/makani/honua-server/tests/Honua.LoadTests/bin/Debug/net10.0/Honua.Postgres.deps.json".
         Copying file from "/home/makani/honua-server/src/Honua.Server/bin/Debug/net10.0/Honua.Server.deps.json" to "/home/makani/honua-server/tests/Honua.LoadTests/bin/Debug/net10.0/Honua.Server.deps.json".
         Copying file from "/home/makani/honua-server/src/Honua.ServiceDefaults/bin/Debug/net10.0/Honua.ServiceDefaults.deps.json" to "/home/makani/honua-server/tests/Honua.LoadTests/bin/Debug/net10.0/Honua.ServiceDefaults.deps.json".
         Copying file from "/home/makani/honua-server/tests/Honua.TestKit/bin/Debug/net10.0/Honua.TestKit.deps.json" to "/home/makani/honua-server/tests/Honua.LoadTests/bin/Debug/net10.0/Honua.TestKit.deps.json".
     9>Done Building Project "/home/makani/honua-server/tests/Honua.LoadTests/Honua.LoadTests.csproj" (default targets).
     5>_MvcCopyDependencyFiles:
         Copying file from "/home/makani/honua-server/src/Honua.Core/bin/Debug/net10.0/Honua.Core.deps.json" to "/home/makani/honua-server/tests/Honua.Postgres.Tests/bin/Debug/net10.0/Honua.Core.deps.json".
         Copying file from "/home/makani/honua-server/src/Honua.DuckDB/bin/Debug/net10.0/Honua.DuckDB.deps.json" to "/home/makani/honua-server/tests/Honua.Postgres.Tests/bin/Debug/net10.0/Honua.DuckDB.deps.json".
         Copying file from "/home/makani/honua-server/src/Honua.Postgres/bin/Debug/net10.0/Honua.Postgres.deps.json" to "/home/makani/honua-server/tests/Honua.Postgres.Tests/bin/Debug/net10.0/Honua.Postgres.deps.json".
         Copying file from "/home/makani/honua-server/src/Honua.Server/bin/Debug/net10.0/Honua.Server.deps.json" to "/home/makani/honua-server/tests/Honua.Postgres.Tests/bin/Debug/net10.0/Honua.Server.deps.json".
    12>_MvcCopyDependencyFiles:
         Copying file from "/home/makani/honua-server/src/Honua.Core/bin/Debug/net10.0/Honua.Core.deps.json" to "/home/makani/honua-server/tests/Honua.Core.Tests/bin/Debug/net10.0/Honua.Core.deps.json".
     5>_MvcCopyDependencyFiles:
         Copying file from "/home/makani/honua-server/src/Honua.ServiceDefaults/bin/Debug/net10.0/Honua.ServiceDefaults.deps.json" to "/home/makani/honua-server/tests/Honua.Postgres.Tests/bin/Debug/net10.0/Honua.ServiceDefaults.deps.json".
         Copying file from "/home/makani/honua-server/tests/Honua.TestKit/bin/Debug/net10.0/Honua.TestKit.deps.json" to "/home/makani/honua-server/tests/Honua.Postgres.Tests/bin/Debug/net10.0/Honua.TestKit.deps.json".
    12>_MvcCopyDependencyFiles:
         Copying file from "/home/makani/honua-server/src/Honua.DuckDB/bin/Debug/net10.0/Honua.DuckDB.deps.json" to "/home/makani/honua-server/tests/Honua.Core.Tests/bin/Debug/net10.0/Honua.DuckDB.deps.json".
         Copying file from "/home/makani/honua-server/src/Honua.Postgres/bin/Debug/net10.0/Honua.Postgres.deps.json" to "/home/makani/honua-server/tests/Honua.Core.Tests/bin/Debug/net10.0/Honua.Postgres.deps.json".
         Copying file from "/home/makani/honua-server/src/Honua.Server/bin/Debug/net10.0/Honua.Server.deps.json" to "/home/makani/honua-server/tests/Honua.Core.Tests/bin/Debug/net10.0/Honua.Server.deps.json".
         Copying file from "/home/makani/honua-server/src/Honua.ServiceDefaults/bin/Debug/net10.0/Honua.ServiceDefaults.deps.json" to "/home/makani/honua-server/tests/Honua.Core.Tests/bin/Debug/net10.0/Honua.ServiceDefaults.deps.json".
         Copying file from "/home/makani/honua-server/tests/Honua.TestKit/bin/Debug/net10.0/Honua.TestKit.deps.json" to "/home/makani/honua-server/tests/Honua.Core.Tests/bin/Debug/net10.0/Honua.TestKit.deps.json".
     5>Done Building Project "/home/makani/honua-server/tests/Honua.Postgres.Tests/Honua.Postgres.Tests.csproj" (default targets).
    12>Done Building Project "/home/makani/honua-server/tests/Honua.Core.Tests/Honua.Core.Tests.csproj" (default targets).
    16>_MvcCopyDependencyFiles:
         Copying file from "/home/makani/honua-server/src/Honua.Core/bin/Debug/net10.0/Honua.Core.deps.json" to "/home/makani/honua-server/tests/Honua.Server.Tests/bin/Debug/net10.0/Honua.Core.deps.json".
         Copying file from "/home/makani/honua-server/src/Honua.DuckDB/bin/Debug/net10.0/Honua.DuckDB.deps.json" to "/home/makani/honua-server/tests/Honua.Server.Tests/bin/Debug/net10.0/Honua.DuckDB.deps.json".
         Copying file from "/home/makani/honua-server/src/Honua.Postgres/bin/Debug/net10.0/Honua.Postgres.deps.json" to "/home/makani/honua-server/tests/Honua.Server.Tests/bin/Debug/net10.0/Honua.Postgres.deps.json".
         Copying file from "/home/makani/honua-server/src/Honua.Server/bin/Debug/net10.0/Honua.Server.deps.json" to "/home/makani/honua-server/tests/Honua.Server.Tests/bin/Debug/net10.0/Honua.Server.deps.json".
         Copying file from "/home/makani/honua-server/src/Honua.ServiceDefaults/bin/Debug/net10.0/Honua.ServiceDefaults.deps.json" to "/home/makani/honua-server/tests/Honua.Server.Tests/bin/Debug/net10.0/Honua.ServiceDefaults.deps.json".
         Copying file from "/home/makani/honua-server/tests/Honua.TestKit/bin/Debug/net10.0/Honua.TestKit.deps.json" to "/home/makani/honua-server/tests/Honua.Server.Tests/bin/Debug/net10.0/Honua.TestKit.deps.json".
    16>Done Building Project "/home/makani/honua-server/tests/Honua.Server.Tests/Honua.Server.Tests.csproj" (default targets).
     1>Project "/home/makani/honua-server/Honua.sln" (1) is building "/home/makani/honua-server/tests/Honua.Architecture.Tests/Honua.Architecture.Tests.csproj" (4) on node 10 (default targets).
     4>GenerateTargetFrameworkMonikerAttribute:
       Skipping target "GenerateTargetFrameworkMonikerAttribute" because all output files are up-to-date with respect to the input files.
       CoreGenerateAssemblyInfo:
       Skipping target "CoreGenerateAssemblyInfo" because all output files are up-to-date with respect to the input files.
       _GenerateSourceLinkFile:
         Source Link file 'obj/Debug/net10.0/Honua.Architecture.Tests.sourcelink.json' is up-to-date.
       CoreCompile:
       Skipping target "CoreCompile" because all output files are up-to-date with respect to the input files.
       _CopyOutOfDateSourceItemsToOutputDirectory:
       Building target "_CopyOutOfDateSourceItemsToOutputDirectory" partially, because some output files are out of date with respect to their input files.
         Copying file from "/home/makani/honua-server/tests/Honua.Architecture.Tests/obj/Debug/net10.0/MvcTestingAppManifest.json" to "/home/makani/honua-server/tests/Honua.Architecture.Tests/bin/Debug/net10.0/MvcTestingAppManifest.json".
       GenerateBuildDependencyFile:
       Skipping target "GenerateBuildDependencyFile" because all output files are up-to-date with respect to the input files.
       GenerateBuildRuntimeConfigurationFiles:
       Skipping target "GenerateBuildRuntimeConfigurationFiles" because all output files are up-to-date with respect to the input files.
       CopyFilesToOutputDirectory:
         Honua.Architecture.Tests -> /home/makani/honua-server/tests/Honua.Architecture.Tests/bin/Debug/net10.0/Honua.Architecture.Tests.dll
       _MvcCopyDependencyFiles:
         Copying file from "/home/makani/honua-server/src/Honua.Core/bin/Debug/net10.0/Honua.Core.deps.json" to "/home/makani/honua-server/tests/Honua.Architecture.Tests/bin/Debug/net10.0/Honua.Core.deps.json".
         Copying file from "/home/makani/honua-server/src/Honua.DuckDB/bin/Debug/net10.0/Honua.DuckDB.deps.json" to "/home/makani/honua-server/tests/Honua.Architecture.Tests/bin/Debug/net10.0/Honua.DuckDB.deps.json".
         Copying file from "/home/makani/honua-server/src/Honua.Postgres/bin/Debug/net10.0/Honua.Postgres.deps.json" to "/home/makani/honua-server/tests/Honua.Architecture.Tests/bin/Debug/net10.0/Honua.Postgres.deps.json".
         Copying file from "/home/makani/honua-server/src/Honua.Server/bin/Debug/net10.0/Honua.Server.deps.json" to "/home/makani/honua-server/tests/Honua.Architecture.Tests/bin/Debug/net10.0/Honua.Server.deps.json".
         Copying file from "/home/makani/honua-server/tests/Honua.Server.Tests/bin/Debug/net10.0/Honua.Server.Tests.deps.json" to "/home/makani/honua-server/tests/Honua.Architecture.Tests/bin/Debug/net10.0/Honua.Server.Tests.deps.json".
         Copying file from "/home/makani/honua-server/src/Honua.ServiceDefaults/bin/Debug/net10.0/Honua.ServiceDefaults.deps.json" to "/home/makani/honua-server/tests/Honua.Architecture.Tests/bin/Debug/net10.0/Honua.ServiceDefaults.deps.json".
         Copying file from "/home/makani/honua-server/tests/Honua.TestKit/bin/Debug/net10.0/Honua.TestKit.deps.json" to "/home/makani/honua-server/tests/Honua.Architecture.Tests/bin/Debug/net10.0/Honua.TestKit.deps.json".
     4>Done Building Project "/home/makani/honua-server/tests/Honua.Architecture.Tests/Honua.Architecture.Tests.csproj" (default targets).
     1>Done Building Project "/home/makani/honua-server/Honua.sln" (default targets).

Build succeeded.
    0 Warning(s)
    0 Error(s)

Time Elapsed 00:00:19.15
