{
 "checks": 24,
 "failed": [
  "full-admin token fs reads arcgis_compat_protected",
  "full-admin token ogc reads arcgis_compat_protected",
  "full-admin token fs reads arcgis_compat_scoped",
  "full-admin token ogc reads arcgis_compat_scoped"
 ],
 "requests": 58
}
{
 "cc-scoped-read": {
  "status": 200,
  "issued": true
 },
 "cc-admin-read": {
  "status": 200,
  "issued": true
 },
 "cc-ops-read": {
  "status": 200,
  "issued": true
 },
 "cc-unknown": {
  "status": 200,
  "issued": true
 }
}
PASS cc-scoped-read: token fs arcgis_compat_protected no broader than direct key {"direct": {"status": 200, "features": []}, "token": {"status": 200, "features": []}}
PASS cc-scoped-read: token ogc arcgis_compat_protected no broader than direct key {"direct": {"status": 403, "features": []}, "token": {"status": 403, "features": []}}
PASS cc-scoped-read: token fs arcgis_compat_scoped no broader than direct key {"direct": {"status": 200, "features": ["scoped-alpha"]}, "token": {"status": 200, "features": []}}
PASS cc-scoped-read: token ogc arcgis_compat_scoped no broader than direct key {"direct": {"status": 200, "features": ["scoped-alpha"]}, "token": {"status": 403, "features": []}}
PASS cc-admin-read: token fs arcgis_compat_protected no broader than direct key {"direct": {"status": 200, "features": []}, "token": {"status": 200, "features": []}}
PASS cc-admin-read: token ogc arcgis_compat_protected no broader than direct key {"direct": {"status": 403, "features": []}, "token": {"status": 403, "features": []}}
PASS cc-admin-read: token fs arcgis_compat_scoped no broader than direct key {"direct": {"status": 200, "features": []}, "token": {"status": 200, "features": []}}
PASS cc-admin-read: token ogc arcgis_compat_scoped no broader than direct key {"direct": {"status": 403, "features": []}, "token": {"status": 403, "features": []}}
PASS cc-ops-read: token fs arcgis_compat_protected no broader than direct key {"direct": {"status": 200, "features": []}, "token": {"status": 200, "features": []}}
PASS cc-ops-read: token ogc arcgis_compat_protected no broader than direct key {"direct": {"status": 403, "features": []}, "token": {"status": 403, "features": []}}
PASS cc-ops-read: token fs arcgis_compat_scoped no broader than direct key {"direct": {"status": 200, "features": ["scoped-alpha"]}, "token": {"status": 200, "features": []}}
PASS cc-ops-read: token ogc arcgis_compat_scoped no broader than direct key {"direct": {"status": 200, "features": ["scoped-alpha"]}, "token": {"status": 403, "features": []}}
PASS cc-unknown: token fs arcgis_compat_protected no broader than direct key {"direct": {"status": 200, "features": []}, "token": {"status": 200, "features": []}}
PASS cc-unknown: token ogc arcgis_compat_protected no broader than direct key {"direct": {"status": 403, "features": []}, "token": {"status": 403, "features": []}}
PASS cc-unknown: token fs arcgis_compat_scoped no broader than direct key {"direct": {"status": 200, "features": ["scoped-alpha"]}, "token": {"status": 200, "features": []}}
PASS cc-unknown: token ogc arcgis_compat_scoped no broader than direct key {"direct": {"status": 200, "features": ["scoped-alpha"]}, "token": {"status": 403, "features": []}}
PASS full-admin key: client_credentials issues a token {"status": 200}
FAIL full-admin token fs reads arcgis_compat_protected {"status": 200, "features": []}
FAIL full-admin token ogc reads arcgis_compat_protected {"status": 403, "features": []}
FAIL full-admin token fs reads arcgis_compat_scoped {"status": 200, "features": []}
FAIL full-admin token ogc reads arcgis_compat_scoped {"status": 403, "features": []}
PASS client_credentials rejects revoked secret {"status": 400}
PASS client_credentials rejects expired secret {"status": 400}
PASS client_credentials rejects invalid secret {"status": 400}
