{
 "checks": 12,
 "failed": [],
 "requests": 42
}
{
 "cc-scoped-read": {
  "status": 400,
  "issued": false
 },
 "cc-admin-read": {
  "status": 400,
  "issued": false
 },
 "cc-ops-read": {
  "status": 400,
  "issued": false
 },
 "cc-unknown": {
  "status": 400,
  "issued": false
 }
}
PASS cc-scoped-read: client_credentials issued no broader token (refused) {"status": 400}
PASS cc-admin-read: client_credentials issued no broader token (refused) {"status": 400}
PASS cc-ops-read: client_credentials issued no broader token (refused) {"status": 400}
PASS cc-unknown: client_credentials issued no broader token (refused) {"status": 400}
PASS full-admin key: client_credentials issues a token {"status": 200}
PASS full-admin token fs reads arcgis_compat_protected {"status": 200, "features": ["protected-alpha"]}
PASS full-admin token ogc reads arcgis_compat_protected {"status": 200, "features": ["protected-alpha"]}
PASS full-admin token fs reads arcgis_compat_scoped {"status": 200, "features": ["scoped-alpha"]}
PASS full-admin token ogc reads arcgis_compat_scoped {"status": 200, "features": ["scoped-alpha"]}
PASS client_credentials rejects revoked secret {"status": 400}
PASS client_credentials rejects expired secret {"status": 400}
PASS client_credentials rejects invalid secret {"status": 400}
