Listening for transport dt_socket at address: 8000
24-Dec-2025 05:04:52.313 INFO [main] org.apache.catalina.startup.VersionLoggerListener.log Server version name:   Apache Tomcat/10.1.31
24-Dec-2025 05:04:52.316 INFO [main] org.apache.catalina.startup.VersionLoggerListener.log Server built:          Oct 3 2024 19:02:38 UTC
24-Dec-2025 05:04:52.316 INFO [main] org.apache.catalina.startup.VersionLoggerListener.log Server version number: 10.1.31.0
24-Dec-2025 05:04:52.316 INFO [main] org.apache.catalina.startup.VersionLoggerListener.log OS Name:               Linux
24-Dec-2025 05:04:52.316 INFO [main] org.apache.catalina.startup.VersionLoggerListener.log OS Version:            5.15.167.4-microsoft-standard-WSL2
24-Dec-2025 05:04:52.316 INFO [main] org.apache.catalina.startup.VersionLoggerListener.log Architecture:          amd64
24-Dec-2025 05:04:52.316 INFO [main] org.apache.catalina.startup.VersionLoggerListener.log Java Home:             /opt/java/openjdk
24-Dec-2025 05:04:52.317 INFO [main] org.apache.catalina.startup.VersionLoggerListener.log JVM Version:           17.0.13+11
24-Dec-2025 05:04:52.317 INFO [main] org.apache.catalina.startup.VersionLoggerListener.log JVM Vendor:            Eclipse Adoptium
24-Dec-2025 05:04:52.317 INFO [main] org.apache.catalina.startup.VersionLoggerListener.log CATALINA_BASE:         /usr/local/tomcat
24-Dec-2025 05:04:52.317 INFO [main] org.apache.catalina.startup.VersionLoggerListener.log CATALINA_HOME:         /usr/local/tomcat
24-Dec-2025 05:04:52.329 INFO [main] org.apache.catalina.startup.VersionLoggerListener.log Command line argument: -Djava.util.logging.config.file=/usr/local/tomcat/conf/logging.properties
24-Dec-2025 05:04:52.330 INFO [main] org.apache.catalina.startup.VersionLoggerListener.log Command line argument: -Djava.util.logging.manager=org.apache.juli.ClassLoaderLogManager
24-Dec-2025 05:04:52.330 INFO [main] org.apache.catalina.startup.VersionLoggerListener.log Command line argument: -Xms1024m
24-Dec-2025 05:04:52.330 INFO [main] org.apache.catalina.startup.VersionLoggerListener.log Command line argument: -Xmx2048m
24-Dec-2025 05:04:52.330 INFO [main] org.apache.catalina.startup.VersionLoggerListener.log Command line argument: -DTE_BASE=/root/te_base
24-Dec-2025 05:04:52.330 INFO [main] org.apache.catalina.startup.VersionLoggerListener.log Command line argument: -Djdk.tls.ephemeralDHKeySize=2048
24-Dec-2025 05:04:52.330 INFO [main] org.apache.catalina.startup.VersionLoggerListener.log Command line argument: -Djava.protocol.handler.pkgs=org.apache.catalina.webresources
24-Dec-2025 05:04:52.330 INFO [main] org.apache.catalina.startup.VersionLoggerListener.log Command line argument: -Dorg.apache.catalina.security.SecurityListener.UMASK=0027
24-Dec-2025 05:04:52.330 INFO [main] org.apache.catalina.startup.VersionLoggerListener.log Command line argument: --add-opens=java.base/java.lang=ALL-UNNAMED
24-Dec-2025 05:04:52.330 INFO [main] org.apache.catalina.startup.VersionLoggerListener.log Command line argument: --add-opens=java.base/java.io=ALL-UNNAMED
24-Dec-2025 05:04:52.331 INFO [main] org.apache.catalina.startup.VersionLoggerListener.log Command line argument: --add-opens=java.base/java.util=ALL-UNNAMED
24-Dec-2025 05:04:52.331 INFO [main] org.apache.catalina.startup.VersionLoggerListener.log Command line argument: --add-opens=java.base/java.util.concurrent=ALL-UNNAMED
24-Dec-2025 05:04:52.331 INFO [main] org.apache.catalina.startup.VersionLoggerListener.log Command line argument: --add-opens=java.rmi/sun.rmi.transport=ALL-UNNAMED
24-Dec-2025 05:04:52.331 INFO [main] org.apache.catalina.startup.VersionLoggerListener.log Command line argument: -agentlib:jdwp=transport=dt_socket,address=localhost:8000,server=y,suspend=n
24-Dec-2025 05:04:52.331 INFO [main] org.apache.catalina.startup.VersionLoggerListener.log Command line argument: -Dcatalina.base=/usr/local/tomcat
24-Dec-2025 05:04:52.331 INFO [main] org.apache.catalina.startup.VersionLoggerListener.log Command line argument: -Dcatalina.home=/usr/local/tomcat
24-Dec-2025 05:04:52.331 INFO [main] org.apache.catalina.startup.VersionLoggerListener.log Command line argument: -Djava.io.tmpdir=/usr/local/tomcat/temp
24-Dec-2025 05:04:52.339 INFO [main] org.apache.catalina.core.AprLifecycleListener.lifecycleEvent Loaded Apache Tomcat Native library [2.0.8] using APR version [1.7.2].
24-Dec-2025 05:04:52.345 INFO [main] org.apache.catalina.core.AprLifecycleListener.initializeSSL OpenSSL successfully initialized [OpenSSL 3.0.13 30 Jan 2024]
24-Dec-2025 05:04:52.534 INFO [main] org.apache.coyote.AbstractProtocol.init Initializing ProtocolHandler ["http-nio-8080"]
24-Dec-2025 05:04:52.555 INFO [main] org.apache.catalina.startup.Catalina.load Server initialization in [435] milliseconds
24-Dec-2025 05:04:52.589 INFO [main] org.apache.catalina.core.StandardService.startInternal Starting service [Catalina]
24-Dec-2025 05:04:52.590 INFO [main] org.apache.catalina.core.StandardEngine.startInternal Starting Servlet engine: [Apache Tomcat/10.1.31]
24-Dec-2025 05:04:52.597 INFO [main] org.apache.catalina.startup.HostConfig.deployDirectory Deploying web application directory [/usr/local/tomcat/webapps/teamengine]
24-Dec-2025 05:04:55.661 INFO [main] org.apache.catalina.startup.HostConfig.deployDirectory Deployment of web application directory [/usr/local/tomcat/webapps/teamengine] has finished in [3,063] ms
24-Dec-2025 05:04:55.665 INFO [main] org.apache.coyote.AbstractProtocol.start Starting ProtocolHandler ["http-nio-8080"]
24-Dec-2025 05:04:55.672 INFO [main] org.apache.catalina.startup.Catalina.start Server startup in [3116] milliseconds
SLF4J: Failed to load class "org.slf4j.impl.StaticLoggerBinder".
SLF4J: Defaulting to no-operation (NOP) logger implementation
SLF4J: See http://www.slf4j.org/codes.html#StaticLoggerBinder for further details.
Request method:	GET
Request URI:	http://host.docker.internal:8080/ogc/features/
Proxy:			<none>
Request params:	<none>
Query params:	<none>
Form params:	<none>
Path params:	<none>
Headers:		Accept=application/json, application/javascript, text/javascript, text/json
Cookies:		<none>
Multiparts:		<none>
Body:			<none>
Request method:	GET
Request URI:	http://host.docker.internal:8080/ogc/features/
Proxy:			<none>
Request params:	<none>
Query params:	<none>
Form params:	<none>
Path params:	<none>
Headers:		Accept=*/*
Cookies:		<none>
Multiparts:		<none>
Body:			<none>
Request method:	GET
Request URI:	http://host.docker.internal:8080/ogc/features
Proxy:			<none>
Request params:	<none>
Query params:	<none>
Form params:	<none>
Path params:	<none>
Headers:		Accept=application/json, application/javascript, text/javascript, text/json
Cookies:		<none>
Multiparts:		<none>
Body:			<none>
Request method:	GET
Request URI:	http://host.docker.internal:8080/openapi.json
Proxy:			<none>
Request params:	<none>
Query params:	<none>
Form params:	<none>
Path params:	<none>
Headers:		Accept=application/vnd.oai.openapi+json;version=3.0
Cookies:		<none>
Multiparts:		<none>
Body:			<none>
